
== MOCHA — AUDITORIA DE ATUALIZAÇÕES OFICIAIS — SEM APLICAR ==
Saída: /media/mochafast/MochaArch/ativo/auditorias/20260529-212603-updates-oficiais-sem-aplicar
Data: 2026-05-29T21:26:03-03:00
Usuário real: hal

== Garantias ==
Não será executado pacman -Syu.
Não será executado pacman -S.
Não será executado yay, paru, pamac upgrade ou atualização AUR.
Não será removido pacote nenhum.
Não será editado arquivo nenhum de sistema.
Kernel, NVIDIA, Mesa/Vulkan, Plasma/login, bootloader e base crítica serão separados como sensíveis.

== Validando ferramentas ==

== Validando repositórios ativos ==
core
extra
multilib

== Registrando pacotes foreign/AUR/locais, sem atualizar ==

== Checando atualizações oficiais com checkupdates ==

== Classificando atualizações por risco ==

== Registrando estado atual sensível ==

== Gerando resumo ==
# Mocha Arch — auditoria de updates oficiais sem aplicar

Data: 2026-05-29T21:26:05-03:00

Pasta: /media/mochafast/MochaArch/ativo/auditorias/20260529-212603-updates-oficiais-sem-aplicar

## Resultado curto

Atualizações oficiais detectadas: 0
Atualizações sensíveis bloqueadas para revisão: 0
Atualizações candidatas de menor risco: 0
Pacotes foreign/AUR/locais fora da rotina de update: 2
Repositórios fora do Arch puro: nenhum
Repositórios AUR/binários suspeitos: nenhum

## Regra aplicada

AUR/Pamac/yay/paru não entram em atualização geral.
Kernel, NVIDIA, Mesa/Vulkan, Plasma/login, bootloader, systemd/base crítica, Steam/MangoHud/GameMode e áudio foram separados como sensíveis.
Nada foi atualizado.

## Arquivos importantes

11-atualizacoes-oficiais-todas.txt
12-atualizacoes-sensiveis-bloqueadas-para-revisao.txt
13-atualizacoes-candidatas-baixo-risco-revisar.txt
14-referencia-ignore-nao-executar.txt
15-estado-sensivel-atual.txt
03-pacotes-foreign-fora-da-rotina-de-update.txt

## Próxima decisão

Cole este RESUMO.md e as listas 12 e 13. A atualização só deve ser montada depois da revisão humana dessas listas.

== Prévia — sensíveis bloqueadas ==
Nenhuma atualização sensível detectada.

== Prévia — candidatas de menor risco ==
Nenhuma atualização candidata detectada.

== Concluído ==
Cole aqui estes arquivos:
/media/mochafast/MochaArch/ativo/auditorias/20260529-212603-updates-oficiais-sem-aplicar/RESUMO.md
/media/mochafast/MochaArch/ativo/auditorias/20260529-212603-updates-oficiais-sem-aplicar/12-atualizacoes-sensiveis-bloqueadas-para-revisao.txt
/media/mochafast/MochaArch/ativo/auditorias/20260529-212603-updates-oficiais-sem-aplicar/13-atualizacoes-candidatas-baixo-risco-revisar.txt
