Data: 2026-05-29T21:28:25-03:00
Usuário real: hal
Saída: /media/mochafast/MochaArch/ativo/auditorias/20260529-212825-atualizacoes-oficiais-seguras

== Garantias ==
Não será removido pacote nenhum.
Não será atualizado pacote nenhum.
Não será usado yay, paru, Pamac ou AUR.
Não será feita atualização parcial.
Não será tocada a pasta XU.
Kernel, NVIDIA, mesa/vulkan e boot serão classificados como sensíveis.

== Pré-checagens ==

== 1/8 — Estado sensível atual ==
### uname
Linux Mocha 7.0.10-zen1-1-zen #1 ZEN SMP PREEMPT_DYNAMIC Sat, 23 May 2026 14:45:01 +0000 x86_64 GNU/Linux

### kernel packages
linux 7.0.10.arch1-1
linux-headers 7.0.10.arch1-1
linux-zen 7.0.10.zen1-1
linux-zen-headers 7.0.10.zen1-1

### NVIDIA packages
nvidia-utils 595.71.05-2
nvidia-open-dkms 595.71.05-2
nvidia-open-dkms 595.71.05-2
lib32-nvidia-utils 595.71.05-1

### nvidia-smi
Fri May 29 21:28:25 2026       
+-----------------------------------------------------------------------------------------+
| NVIDIA-SMI 595.71.05              Driver Version: 595.71.05      CUDA Version: 13.2     |
+-----------------------------------------+------------------------+----------------------+
| GPU  Name                 Persistence-M | Bus-Id          Disp.A | Volatile Uncorr. ECC |
| Fan  Temp   Perf          Pwr:Usage/Cap |           Memory-Usage | GPU-Util  Compute M. |
|                                         |                        |               MIG M. |
|=========================================+========================+======================|
|   0  NVIDIA GeForce RTX 5060 Ti     Off |   00000000:01:00.0  On |                  N/A |
|  0%   35C    P8             11W /  180W |     720MiB /  16311MiB |      0%      Default |
|                                         |                        |                  N/A |
+-----------------------------------------+------------------------+----------------------+

+-----------------------------------------------------------------------------------------+
| Processes:                                                                              |
|  GPU   GI   CI              PID   Type   Process name                        GPU Memory |
|        ID   ID                                                               Usage      |
|=========================================================================================|
|    0   N/A  N/A             898      G   /usr/bin/ksecretd                         2MiB |
|    0   N/A  N/A             966      G   /usr/bin/kwin_wayland                    20MiB |
|    0   N/A  N/A            1048      G   /usr/bin/Xwayland                         8MiB |
|    0   N/A  N/A            1088      G   /usr/bin/ksmserver                        2MiB |
|    0   N/A  N/A            1090      G   /usr/bin/kded6                            2MiB |
|    0   N/A  N/A            1209      G   /usr/bin/kaccess                          2MiB |
|    0   N/A  N/A            1210      G   ...it-kde-authentication-agent-1          2MiB |
|    0   N/A  N/A            1306      G   /usr/bin/kdeconnectd                      2MiB |
|    0   N/A  N/A            1357      G   /usr/bin/akonadi_control                  2MiB |
|    0   N/A  N/A            1371      G   ...bin/akonadi_archivemail_agent          2MiB |
|    0   N/A  N/A            1374      G   ...konadi_followupreminder_agent          2MiB |
|    0   N/A  N/A            1378      G   .../akonadi_maildispatcher_agent          2MiB |
|    0   N/A  N/A            1379      G   .../bin/akonadi_mailfilter_agent          2MiB |
|    0   N/A  N/A            1380      G   /usr/bin/akonadi_mailmerge_agent          2MiB |
|    0   N/A  N/A            1381      G   /usr/bin/akonadi_migration_agent          2MiB |
|    0   N/A  N/A            1382      G   ...akonadi_newmailnotifier_agent          2MiB |
|    0   N/A  N/A            1383      G   /usr/bin/akonadi_sendlater_agent          2MiB |
|    0   N/A  N/A            1384      G   .../akonadi_unifiedmailbox_agent          2MiB |
|    0   N/A  N/A            1530      G   /usr/lib/DiscoverNotifier                 2MiB |
|    0   N/A  N/A            1531      G   /usr/bin/kalendarac                       2MiB |
|    0   N/A  N/A            1586      G   /usr/lib/xdg-desktop-portal-kde           2MiB |
|    0   N/A  N/A            1647      G   /usr/lib/firefox/firefox                191MiB |
|    0   N/A  N/A            2539      G   ...share/Steam/ubuntu12_32/steam          4MiB |
|    0   N/A  N/A            2746      G   ./steamwebhelper                         23MiB |
|    0   N/A  N/A            2775    C+G   ...am/ubuntu12_64/steamwebhelper          5MiB |
|    0   N/A  N/A            4067      G   /usr/bin/plasmashell                     60MiB |
|    0   N/A  N/A            4675      G   /usr/bin/konsole                          2MiB |
+-----------------------------------------------------------------------------------------+

### sessão
XDG_SESSION_TYPE=wayland
XDG_CURRENT_DESKTOP=KDE

### repos pacman
core
extra
multilib

### foreign/AUR/local — NÃO ATUALIZAR EM ROTINA
libpamac-aur
pamac-aur

== 2/8 — Buscando atualizações oficiais com checkupdates ==

== Resultado ==
Nenhuma atualização oficial pendente foi detectada por checkupdates.
# Mocha Arch — atualizações oficiais seguras

Data: 2026-05-29T21:28:26-03:00

Resultado: nenhuma atualização oficial pendente detectada.

Nenhuma alteração foi feita no sistema.
