== Log ==
/media/mochafast/MochaArch/relatorios/mocha-arch-zen-ultimo-20260529-000046.log

== Kernel atual ==
Linux hal-systemproductname 7.0.10-arch1-1 #1 SMP PREEMPT_DYNAMIC Sat, 23 May 2026 14:21:20 +0000 x86_64 GNU/Linux

== Pacotes de kernel/NVIDIA atualmente instalados ==
lib32-nvidia-utils 595.71.05-1
linux 7.0.10.arch1-1
linux-headers 7.0.10.arch1-1
nvidia-open 595.71.05-12
nvidia-utils 595.71.05-2

== Bootloader detectado ==
Bootloader não identificado com segurança. O kernel será instalado, mas a atualização automática do menu pode depender da sua instalação.

== Versões disponíveis no espelho local do pacman ==

== Sincronizando sistema e instalando Zen mais recente ==
Pacman vai pedir confirmação se houver atualização. Responda S/sim quando estiver correto.
:: Sincronizando a base de dados de pacotes...
 endeavouros sendo baixado...
 core sendo baixado...
 extra sendo baixado...
 multilib sendo baixado...
:: Iniciando atualização completa do sistema...
resolvendo dependências...
procurando pacotes conflitantes...

Pacote (2)               Versão nova      Diferença  Tamanho do download

extra/linux-zen          7.0.10.zen1-1   152,91 MiB           152,61 MiB
extra/linux-zen-headers  7.0.10.zen1-1   281,31 MiB            61,50 MiB

Tamanho total download:   214,12 MiB
Tamanho total instalado:  434,22 MiB

:: Continuar a instalação? [S/n] echo
