== 1/6 — Preflight ==
FAST: /media/mochafast
Saída: /media/mochafast/MochaArch/ativo/kde/busca-esquema-cores-20260529-175611

== 2/6 — Procurando candidatos por nome provável ==
Critérios:
- nomes contendo mocha, kde, plasma, color, colour, colors, cores, palette, paleta, scheme, esquema, tema, theme
- extensões típicas: .colors .conf .ini .css .scss .qss .txt .md .json .desktop .kvconfig .svg
- exclusões: XU, .git, cache, Steam, node_modules, lixo pesado

Candidatos por nome/extensão: 33498

== 3/6 — Top 80 candidatos mais recentes ==
2026-05-29 17:47       10370  /media/mochafast/MochaArch/ativo/auditorias/20260529-171302-fast-arquivos-com-cores-hex.md
2026-05-29 16:46         342  /media/mochafast/MochaArch/ativo/auditorias/20260529-164631-fast-procura-esquema-cores-tema-recente.md
2026-05-29 16:34        1269  /media/mochafast/MochaArch/ativo/documentacao/20260529-163403-wallpaper-kdePCan-aplicado.md
2026-05-29 16:34         393  /media/mochafast/MochaArch/ativo/auditorias/20260529-163403-aplicar-wallpaper-kdePCan.md
2026-05-29 16:28         215  /media/mochafast/MochaArch/ativo/auditorias/20260529-162826-fast-tema-kde-esquema-cores-wallpaper.md
2026-05-29 16:26       63738  /media/mochafast/MochaArch/ativo/auditorias/20260529-162618-auditoria-tema-kde-deuterocanonico-wallpaper.md
2026-05-29 15:43        1010  /media/mochafast/MochaArch/ativo/kde/barra-win11-aprovada/MANUAL-BARRA-WIN11-MOCHA-APROVADA.md
2026-05-29 15:43      189250  /media/mochafast/MochaArch/ativo/documentacao/20260529-154304-MANUAL-UNICO-VIVO-MONTAGEM-MOCHA-ARCH-KDE.md
2026-05-29 15:43      189250  /media/mochafast/MochaArch/ativo/MANUAL-UNICO-VIVO-MONTAGEM-MOCHA-ARCH-KDE.md
2026-05-29 15:29        1624  /media/mochafast/MochaArch/ativo/passos-canonicos/20260529-152907-passo-montagem-kde-desativar-blueman-kmix-autostart.md
2026-05-29 15:29        1624  /media/mochafast/MochaArch/ativo/documentacao/20260529-152907-passo-canonico-barra-kde-sem-blueman-kmix-duplicados.md
2026-05-29 15:24        4616  /media/mochafast/MochaArch/ativo/auditorias/20260529-152416-plasma-duplicidade-bluetooth-volume/plasma-applets-volume-bluetooth-systemtray.txt
2026-05-29 15:24        1070  /media/mochafast/MochaArch/ativo/documentacao/20260529-152416-baseline-superior-endeavour-steam-overlay-kde.md
2026-05-29 15:01        1754  /media/mochafast/MochaArch/ativo/documentacao/20260529-150104-login-plasma-manager-esquema-aprovado.md
2026-05-28 22:54         577  /media/mochafast/MochaArch/scripts/mocha-kde-barra-win11-aprovada-nota-20260528-225449.txt
2026-05-28 12:30      113711  /media/mochafast/MochaArch/auditorias/auditoria-sistema-endeavour-kde-20260528-123039/RELATORIO-AUDITORIA-SISTEMA-20260528-123039.md
2026-05-28 12:27        3285  /media/mochafast/MochaArch/ATIVO-TRABALHO/relatorios/guardar-barra-kde-win11-aprovada-20260528-122730.txt
2026-05-28 12:27        1631  /media/mochafast/MochaArch/ATIVO-TRABALHO/manifestos/MANIFESTO-barra-kde-win11-aprovada-20260528-122730.txt
2026-05-28 12:27         745  /media/mochafast/MochaArch/ATIVO-TRABALHO/relatorios/resumo-painel-kde-win11-aprovado-20260528-122730.txt
2026-05-28 12:24        4943  /media/mochafast/MochaArch/ATIVO-TRABALHO/snapshots-aprovados/kde/plasma-org.kde.plasma.desktop-appletsrc.barra-win11-funcionando-20260528-122730.conf
2026-05-28 06:52      211855  /media/mochafast/MochaRetornoNix/auditorias/auditoria-tema-kde-baseativa-corrigida-20260528-065005.txt
2026-05-28 06:52      305033  /media/mochafast/MochaRetornoNix/auditorias/resumo-tema-kde-baseativa-corrigida-20260528-065005.txt
2026-05-28 06:47       12231  /media/mochafast/MochaRetornoNix/auditorias/auditoria-kde-recente-cores-deut-20260528-064710.txt
2026-05-28 06:47        2455  /media/mochafast/MochaRetornoNix/auditorias/resumo-cores-kde-recente-20260528-064710.txt
2026-05-28 06:44         641  /media/mochafast/MochaRetornoNix/auditorias/auditoria-cores-deuterocanonico-20260528-064410.txt
2026-05-28 06:39       11192  /media/mochafast/MochaRetornoNix/auditorias/auditoria-tema-onlyoffice-workdir-20260528-063947.txt
2026-05-28 06:26        1000  /media/mochafast/MochaRetornoNix/mocha-retorno-nix-base-portatil-20260528-062622/00-manifestos/base-mocha-portatil-arquivos-20260528-062622.txt
2026-05-28 06:26         702  /media/mochafast/MochaRetornoNix/mocha-retorno-nix-base-portatil-20260528-062622/00-manifestos/sistema-atual-20260528-062622.txt
2026-05-28 05:07         247  /media/mochafast/MochaRetornoNix/mocha-retorno-nix-base-portatil-20260528-062622/02-base-mocha-portatil/home/.local/share/applications/mocha-steam-jogos.desktop
2026-05-28 05:07         476  /media/mochafast/MochaRetornoNix/mocha-retorno-nix-base-portatil-20260528-062622/02-base-mocha-portatil/home/.config/MangoHud/Mocha-MangoHud-FPS-Comparacao.conf
2026-05-25 11:28         107  /media/mochafast/MochaKDE-BaseAtiva-20260527-221154/KdeDeut/reports/finalizar-standalone-lfs-20260525-112835/kdedeut-remotes.txt
2026-05-24 21:24         530  /media/mochafast/MochaKDE-BaseAtiva-20260527-221154/kdedeutoflake/tema-kde-atual-salvo-20260524-212342/README-MOCHA-TEMA-KDE.txt
2026-05-24 21:23         203  /media/mochafast/MochaKDE-BaseAtiva-20260527-221154/kdedeutoflake/tema-kde-atual-salvo-20260524-212342/valores-kde-ativos.txt
2026-05-24 21:23         398  /media/mochafast/MochaKDE-BaseAtiva-20260527-221154/kdedeutoflake/tema-kde-atual-salvo-20260524-212342/contexto-sistema.txt
2026-05-24 20:15         714  /media/mochafast/MochaKDE-BaseAtiva-20260527-221154/kdedeutoflake/00-relatorios/LEIA-ME-KDEDEUTOFLAKE.txt
2026-05-24 20:15          92  /media/mochafast/MochaKDE-BaseAtiva-20260527-221154/kdedeutoflake/00-relatorios/cache-clonado-kdedeutoflake.txt
2026-05-24 18:38        5886  /media/mochafast/MochaKDE-BaseAtiva-20260527-221154/DEUTEROCANONICA/kde-flake-20260524-182215/reports/mocha-manifesto-cache-kernel-nvidia-20260524-182215.txt
2026-05-24 18:22      147233  /media/mochafast/MochaKDE-BaseAtiva-20260527-221154/DEUTEROCANONICA/kde-flake-20260524-182215/reports/mocha-current-system-closure-20260524-182215.txt
2026-05-24 18:22         374  /media/mochafast/MochaKDE-BaseAtiva-20260527-221154/DEUTEROCANONICA/kde-flake-20260524-182215/reports/mocha-cache-roots-20260524-182215.txt
2026-05-24 18:05        3746  /media/mochafast/MochaKDE-BaseAtiva-20260527-221154/kde/tema-atual-capturado/mocha-kde-tema-atual-exato-20260524-180536/reports/estado-ativo-kde.txt
2026-05-24 18:05        2683  /media/mochafast/MochaKDE-BaseAtiva-20260527-221154/kde/tema-atual-capturado/mocha-kde-tema-atual-exato-20260524-180536/reports/kde-temas-disponiveis.txt
2026-05-24 17:59        3531  /media/mochafast/MochaRetornoNix/pacotes-manjaro/mocha-kde-tema-manjaro-20260528-065914/home-config/.local/share/color-schemes/MochaSolidCanonico.colors
2026-05-24 17:59        3531  /media/mochafast/MochaRetornoNix/pacotes-manjaro/falhos-20260528-065914/mocha-kde-tema-manjaro-20260528-065745/home-config/.local/share/color-schemes/MochaSolidCanonico.colors
2026-05-24 17:59        3531  /media/mochafast/MochaKDE-BaseAtiva-20260527-221154/kdedeutoflake/tema-kde-atual-salvo-20260524-212342/home-config/.local/share/color-schemes/MochaSolidCanonico.colors
2026-05-24 17:59        3531  /media/mochafast/MochaKDE-BaseAtiva-20260527-221154/kdedeutoflake/10-estado-atual-congelado/home-kde-tema-atual/.local/share/color-schemes/MochaSolidCanonico.colors
2026-05-24 17:59        3531  /media/mochafast/MochaKDE-BaseAtiva-20260527-221154/kde/tema-atual-capturado/mocha-kde-tema-atual-exato-20260524-180536/local-share/.local/share/color-schemes/MochaSolidCanonico.colors
2026-05-24 17:54        4998  /media/mochafast/MochaKDE-BaseAtiva-20260527-221154/kdedeutoflake/10-estado-atual-congelado/home-kde-tema-atual/.config/gtk-4.0/colors.css
2026-05-24 17:54        4998  /media/mochafast/MochaKDE-BaseAtiva-20260527-221154/kdedeutoflake/10-estado-atual-congelado/home-kde-tema-atual/.config/gtk-3.0/colors.css
2026-05-24 17:53        3486  /media/mochafast/MochaRetornoNix/pacotes-manjaro/mocha-kde-tema-manjaro-20260528-065914/home-config/.local/share/color-schemes/MochaKDE.colors
2026-05-24 17:53        3486  /media/mochafast/MochaRetornoNix/pacotes-manjaro/falhos-20260528-065914/mocha-kde-tema-manjaro-20260528-065745/home-config/.local/share/color-schemes/MochaKDE.colors
2026-05-24 17:53        3486  /media/mochafast/MochaKDE-BaseAtiva-20260527-221154/kdedeutoflake/tema-kde-atual-salvo-20260524-212342/home-config/.local/share/color-schemes/MochaKDE.colors
2026-05-24 17:53        3486  /media/mochafast/MochaKDE-BaseAtiva-20260527-221154/kdedeutoflake/10-estado-atual-congelado/home-kde-tema-atual/.local/share/color-schemes/MochaKDE.colors
2026-05-24 17:53        3486  /media/mochafast/MochaKDE-BaseAtiva-20260527-221154/kde/tema-atual-capturado/mocha-kde-tema-atual-exato-20260524-180536/local-share/.local/share/color-schemes/MochaKDE.colors
2026-05-24 17:48        2899  /media/mochafast/MochaRetornoNix/pacotes-manjaro/mocha-kde-tema-manjaro-20260528-065914/home-config/.local/share/color-schemes/MochaDark.colors
2026-05-24 17:48        2899  /media/mochafast/MochaRetornoNix/pacotes-manjaro/falhos-20260528-065914/mocha-kde-tema-manjaro-20260528-065745/home-config/.local/share/color-schemes/MochaDark.colors
2026-05-24 17:48        2899  /media/mochafast/MochaKDE-BaseAtiva-20260527-221154/kdedeutoflake/tema-kde-atual-salvo-20260524-212342/home-config/.local/share/color-schemes/MochaDark.colors
2026-05-24 17:48        2899  /media/mochafast/MochaKDE-BaseAtiva-20260527-221154/kdedeutoflake/10-estado-atual-congelado/home-kde-tema-atual/.local/share/color-schemes/MochaDark.colors
2026-05-24 17:48        2899  /media/mochafast/MochaKDE-BaseAtiva-20260527-221154/kde/tema-atual-capturado/mocha-kde-tema-atual-exato-20260524-180536/local-share/.local/share/color-schemes/MochaDark.colors
2026-05-24 17:39         444  /media/mochafast/MochaKDE-BaseAtiva-20260527-221154/kde/tema-atual-capturado/mocha-kde-tema-atual-exato-20260524-180536/local-share/.config/MangoHud/Mocha-MangoHud-FPS-Comparacao.conf
2026-05-24 17:34        3497  /media/mochafast/MochaRetornoNix/pacotes-manjaro/mocha-kde-tema-manjaro-20260528-065914/home-config/.local/share/color-schemes/Mocha-Windows11.colors
2026-05-24 17:34        3497  /media/mochafast/MochaRetornoNix/pacotes-manjaro/falhos-20260528-065914/mocha-kde-tema-manjaro-20260528-065745/home-config/.local/share/color-schemes/Mocha-Windows11.colors
2026-05-24 17:34        3497  /media/mochafast/MochaKDE-BaseAtiva-20260527-221154/kdedeutoflake/tema-kde-atual-salvo-20260524-212342/home-config/.local/share/color-schemes/Mocha-Windows11.colors
2026-05-24 17:34        3497  /media/mochafast/MochaKDE-BaseAtiva-20260527-221154/kdedeutoflake/10-estado-atual-congelado/home-kde-tema-atual/.local/share/color-schemes/Mocha-Windows11.colors
2026-05-24 17:34        3497  /media/mochafast/MochaKDE-BaseAtiva-20260527-221154/kde/tema-atual-capturado/mocha-kde-tema-atual-exato-20260524-180536/local-share/.local/share/color-schemes/Mocha-Windows11.colors
2026-05-24 17:24         171  /media/mochafast/MochaKDE-BaseAtiva-20260527-221154/kde/tema-atual-capturado/mocha-kde-tema-atual-exato-20260524-180536/local-share/.config/MangoHud/Mocha-MangoHud.conf
2026-05-24 00:59        1351  /media/mochafast/Legacy/kdePCan/O-QUE-FAZER-AGORA-MOCHA-KDE-xu709.txt
2026-05-23 23:47           0  /media/mochafast/Legacy/_logs/mocha-kde-kernel-drv-proibido-20260523-234717.txt
2026-05-23 23:47           0  /media/mochafast/Legacy/_logs/mocha-kde-kernel-drv-todos-20260523-234717.txt
2026-05-23 23:47           0  /media/mochafast/Legacy/_logs/mocha-kde-corrige-lutris-nvtop-bootstrap-bloqueios-20260523-234717.txt
2026-05-23 20:57          57  /media/mochafast/Legacy/_logs/remote-head-main-KDEMochaCanon-after-20260523-205630.txt
2026-05-23 20:56           0  /media/mochafast/Legacy/_logs/remote-heads-KDEMochaCanon-20260523-205630.txt
2026-05-23 20:24           0  /media/mochafast/Legacy/_logs/arquivos-grandes-staged-sem-lfs-KDEMochaCanon-20260523-202356.txt
2026-05-23 20:23         859  /media/mochafast/Legacy/_logs/arquivos-grandes-lfs-validacao-KDEMochaCanon-20260523-202356.txt
2026-05-23 20:23           0  /media/mochafast/Legacy/_logs/arquivos-grandes-sem-atributo-lfs-KDEMochaCanon-20260523-202356.txt
2026-05-23 20:13         839  /media/mochafast/Legacy/_logs/arquivos-grandes-sem-lfs-KDEMochaCanon-20260523-200652.txt
2026-05-23 20:09         859  /media/mochafast/Legacy/_logs/arquivos-grandes-KDEMochaCanon-20260523-200652.txt
2026-05-23 20:09           0  /media/mochafast/Legacy/_logs/nomes-perigosos-KDEMochaCanon-20260523-200652.txt
2026-05-23 20:09         292  /media/mochafast/Legacy/_logs/falsos-positivos-genericos-patches-KDEMochaCanon-20260523-200652.txt
2026-05-23 20:06           0  /media/mochafast/Legacy/_logs/segredos-genericos-bloqueadores-KDEMochaCanon-20260523-200652.txt
2026-05-23 20:06           0  /media/mochafast/Legacy/_logs/segredos-bloqueadores-KDEMochaCanon-20260523-200652.txt

== 4/6 — Verificando quais candidatos contêm códigos HEX ==
