== 1/7 Estado antes ==

### Serviços de usuário relevantes antes
sys-devices-pci0000:00-0000:00:08.1-0000:09:00.4-usb5-5\x2d2-5\x2d2:1.0-bluetooth-hci0-hci0:1.device                    loaded active plugged   /sys/devices/pci0000:00/0000:00:08.1/0000:09:00.4/usb5/5-2/5-2:1.0/bluetooth/hci0/hci0:1
sys-devices-pci0000:00-0000:00:08.1-0000:09:00.4-usb5-5\x2d2-5\x2d2:1.0-bluetooth-hci0.device                           loaded active plugged   /sys/devices/pci0000:00/0000:00:08.1/0000:09:00.4/usb5/5-2/5-2:1.0/bluetooth/hci0
sys-subsystem-bluetooth-devices-hci0.device                                                                             loaded active plugged   /sys/subsystem/bluetooth/devices/hci0
sys-subsystem-bluetooth-devices-hci0:1.device                                                                           loaded active plugged   /sys/subsystem/bluetooth/devices/hci0:1
app-kmix_autostart@autostart.service                                                                                    loaded active running   KMix
app-org.kde.bluedevilwizard@2c6d514fa32d417ea2e56bae877bd717.service                                                    loaded failed failed    Adicionar dispositivo Bluetooth - Adicionar dispositivo Bluetooth
app-pulseaudio@autostart.service                                                                                        loaded failed failed    PulseAudio Sound System
pipewire.service                                                                                                        loaded active running   PipeWire Multimedia Service
pulseaudio.service                                                                                                      loaded active running   Sound Service
wireplumber.service                                                                                                     loaded active running   Multimedia Service Session Manager
pipewire.socket                                                                                                         loaded active running   PipeWire Multimedia System Sockets
pulseaudio.socket                                                                                                       loaded active running   Sound System
bluetooth.target                                                                                                        loaded active active    Bluetooth

### Processos relevantes antes
1014 /usr/bin/pipewire
1015 /usr/bin/wireplumber
1056 /usr/bin/pulseaudio --daemonize=no --log-target=journal
1114 /usr/bin/plasmashell --no-respawn
2060 /usr/bin/kmix --keepvisibility
8437 tee /media/mochafast/MochaArch/ativo/auditorias/20260529-152700-corrigir-kmix-volume-duplicado/execucao.log

== 2/7 Confirmando que o volume do Plasma existe no system tray ==
OK: org.kde.plasma.volume existe no Plasma. Podemos remover apenas o KMix redundante da sessão/autostart.

== 3/7 Localizando arquivo original de autostart do KMix ==
Fonte encontrada: /etc/xdg/autostart/kmix_autostart.desktop

== 4/7 Criando override local com Hidden=true para KMix ==
Override final:
2:Exec=kmix --keepvisibility
4:OnlyShowIn=KDE;
69:Name=KMix
128:Hidden=true

== 5/7 Parando KMix nesta sessão ==
KMix após stop:
OK: kmix não está mais rodando.

== 6/7 Estado depois ==

### Serviços de usuário relevantes depois
sys-devices-pci0000:00-0000:00:08.1-0000:09:00.4-usb5-5\x2d2-5\x2d2:1.0-bluetooth-hci0-hci0:1.device                    loaded active plugged   /sys/devices/pci0000:00/0000:00:08.1/0000:09:00.4/usb5/5-2/5-2:1.0/bluetooth/hci0/hci0:1
sys-devices-pci0000:00-0000:00:08.1-0000:09:00.4-usb5-5\x2d2-5\x2d2:1.0-bluetooth-hci0.device                           loaded active plugged   /sys/devices/pci0000:00/0000:00:08.1/0000:09:00.4/usb5/5-2/5-2:1.0/bluetooth/hci0
sys-subsystem-bluetooth-devices-hci0.device                                                                             loaded active plugged   /sys/subsystem/bluetooth/devices/hci0
sys-subsystem-bluetooth-devices-hci0:1.device                                                                           loaded active plugged   /sys/subsystem/bluetooth/devices/hci0:1
app-org.kde.bluedevilwizard@2c6d514fa32d417ea2e56bae877bd717.service                                                    loaded failed failed    Adicionar dispositivo Bluetooth - Adicionar dispositivo Bluetooth
app-pulseaudio@autostart.service                                                                                        loaded failed failed    PulseAudio Sound System
pipewire.service                                                                                                        loaded active running   PipeWire Multimedia Service
pulseaudio.service                                                                                                      loaded active running   Sound Service
wireplumber.service                                                                                                     loaded active running   Multimedia Service Session Manager
pipewire.socket                                                                                                         loaded active running   PipeWire Multimedia System Sockets
pulseaudio.socket                                                                                                       loaded active running   Sound System
bluetooth.target                                                                                                        loaded active active    Bluetooth

### Processos relevantes depois
1014 /usr/bin/pipewire
1015 /usr/bin/wireplumber
1056 /usr/bin/pulseaudio --daemonize=no --log-target=journal
1114 /usr/bin/plasmashell --no-respawn
8437 tee /media/mochafast/MochaArch/ativo/auditorias/20260529-152700-corrigir-kmix-volume-duplicado/execucao.log

### Áudio continua respondendo?
String do servidor: /run/user/1000/pulse/native
Versão do protocolo da biblioteca: 35
Versão do protocolo do servidor: 35
É local: sim
Índice do cliente: 44
Tamanho de fragmento: 65472
Nome do usuário: hal
Nome da máquina: Mocha
Nome do servidor: pulseaudio
Versão do servidor: 17.0-98-gb096
Especificação padrão de amostragem: s16le 2ch 44100Hz
Mapa de canais padrão: front-left,front-right
Destino padrão: bluez_sink.0C_ED_E7_FF_AB_9D.a2dp_sink
Fonte padrão: bluez_sink.0C_ED_E7_FF_AB_9D.a2dp_sink.monitor
Cookie: ed82:a34c

2	alsa_output.pci-0000_01_00.1.hdmi-stereo	module-alsa-card.c	s16le 2ch 44100Hz	SUSPENDED
3	bluez_sink.0C_ED_E7_FF_AB_9D.a2dp_sink	module-bluez5-device.c	s16le 2ch 44100Hz	SUSPENDED

### Bluetooth continua ativo?
active

== 7/7 Salvando documentação e script reutilizável ==
Documento criado:
/media/mochafast/MochaArch/ativo/documentacao/20260529-152700-volume-duplicado-corrigido-kmix-desativado.md

Script reutilizável criado:
/media/mochafast/MochaArch/ativo/scripts/20260529-152700-mocha-desativar-kmix-volume-duplicado.sh

Log salvo em:
/media/mochafast/MochaArch/ativo/auditorias/20260529-152700-corrigir-kmix-volume-duplicado/execucao.log
