== 1/6 — Preflight ==
FAST: /media/mochafast
Saída: /media/mochafast/MochaArch/ativo/auditorias/20260529-180130-auditoria-barra-plasma-cores

== 2/6 — Estado KDE atual ==
ColorScheme em kdeglobals: MochaSolidCanonico
Plasma desktop theme em plasmarc: default
LookAndFeelPackage: org.kde.breezedark.desktop

== 3/6 — Trechos relevantes dos arquivos reais ==

--- /home/hal/.config/kdeglobals ---
1:[ColorEffects:Disabled]
12:[ColorEffects:Inactive]
23:[Colors:Button]
24:BackgroundAlternate=51,41,31
25:BackgroundNormal=36,30,24
37:[Colors:Complementary]
38:BackgroundAlternate=51,41,31
39:BackgroundNormal=27,22,18
51:[Colors:Header]
52:BackgroundAlternate=51,41,31
53:BackgroundNormal=36,30,24
65:[Colors:Header][Inactive]
66:BackgroundAlternate=43,35,28
67:BackgroundNormal=29,24,20
79:[Colors:Selection]
80:BackgroundAlternate=197,123,61
81:BackgroundNormal=197,123,61
93:[Colors:Tooltip]
94:BackgroundAlternate=51,41,31
95:BackgroundNormal=36,30,24
107:[Colors:View]
108:BackgroundAlternate=31,25,20
109:BackgroundNormal=23,19,16
121:[Colors:Window]
122:BackgroundAlternate=51,41,31
123:BackgroundNormal=27,22,18
135:[General]
136:ColorScheme=MochaSolidCanonico
139:[KDE]
140:LookAndFeelPackage=org.kde.breezedark.desktop
144:[KFileDialog Settings]
161:[WM]
162:activeBackground=36,30,24
165:inactiveBackground=29,24,20

--- /home/hal/.config/plasmarc ---
1:[Wallpapers]

--- /home/hal/.config/plasma-org.kde.plasma.desktop-appletsrc ---
1:[ActionPlugins][0]
4:[ActionPlugins][1]
7:[Containments][2]
13:plugin=org.kde.panel
16:[Containments][2][Applets][21]
20:[Containments][2][Applets][21][Configuration]
24:[Containments][2][Applets][21][Configuration][Appearance]
27:[Containments][2][Applets][22]
31:[Containments][2][Applets][23]
33:plugin=org.kde.plasma.panelspacer
35:[Containments][2][Applets][23][Configuration][General]
38:[Containments][2][Applets][24]
40:plugin=org.kde.plasma.panelspacer
42:[Containments][2][Applets][24][Configuration][General]
45:[Containments][2][Applets][3]
47:plugin=org.kde.plasma.kickoff
49:[Containments][2][Applets][3][Configuration]
53:[Containments][2][Applets][3][Configuration][General]
56:[Containments][2][Applets][3][Configuration][Shortcuts]
59:[Containments][2][Applets][4]
63:[Containments][2][Applets][5]
65:plugin=org.kde.plasma.icontasks
67:[Containments][2][Applets][5][Configuration][General]
70:[Containments][2][Applets][6]
74:[Containments][2][Applets][7]
80:plugin=org.kde.plasma.systemtray
85:[Containments][2][Applets][7][Applets][10]
89:[Containments][2][Applets][7][Applets][11]
93:[Containments][2][Applets][7][Applets][11][Configuration][General]
96:[Containments][2][Applets][7][Applets][12]
100:[Containments][2][Applets][7][Applets][13]
104:[Containments][2][Applets][7][Applets][14]
108:[Containments][2][Applets][7][Applets][15]
112:[Containments][2][Applets][7][Applets][16]
116:[Containments][2][Applets][7][Applets][17]
120:[Containments][2][Applets][7][Applets][18]
124:[Containments][2][Applets][7][Applets][19]
128:[Containments][2][Applets][7][Applets][20]
132:[Containments][2][Applets][7][Applets][23]
136:[Containments][2][Applets][7][Applets][24]
140:[Containments][2][Applets][7][Applets][25]
144:[Containments][2][Applets][7][Applets][26]
148:[Containments][2][Applets][7][Applets][28]
152:[Containments][2][Applets][7][Applets][8]
156:[Containments][2][Applets][7][Applets][9]
160:[Containments][2][Applets][7][General]
164:[Containments][2][General]
167:[Containments][27]
178:[Containments][27][Wallpaper][org.kde.image][General]
182:[ScreenMapping]

== 4/6 — Localizando tema Plasma que controla a barra ==
Tema Plasma atual encontrado:
/usr/share/plasma/desktoptheme/default

Arquivos do tema relacionados ao painel/fundo:
2026-05-12 17:04  1004  /usr/share/plasma/desktoptheme/default/icons/vlc.svgz
2026-05-12 17:04  1010  /usr/share/plasma/desktoptheme/default/icons/applications.svgz
2026-05-12 17:04  1032  /usr/share/plasma/desktoptheme/default/icons/disk.svgz
2026-05-12 17:04  1059  /usr/share/plasma/desktoptheme/default/icons/yakuake.svgz
2026-05-12 17:04  1084  /usr/share/plasma/desktoptheme/default/widgets/plot-background.svgz
2026-05-12 17:04  1118  /usr/share/plasma/desktoptheme/default/widgets/calendar.svgz
2026-05-12 17:04  1120  /usr/share/plasma/desktoptheme/default/icons/notification.svgz
2026-05-12 17:04  1125  /usr/share/plasma/desktoptheme/default/icons/video-card.svgz
2026-05-12 17:04  1170  /usr/share/plasma/desktoptheme/default/icons/start.svgz
2026-05-12 17:04  1183  /usr/share/plasma/desktoptheme/default/icons/search.svgz
2026-05-12 17:04  1184  /usr/share/plasma/desktoptheme/default/icons/apport.svgz
2026-05-12 17:04  1264  /usr/share/plasma/desktoptheme/default/icons/mail.svgz
2026-05-12 17:04  1310  /usr/share/plasma/desktoptheme/default/icons/korgac.svgz
2026-05-12 17:04  1321  /usr/share/plasma/desktoptheme/default/icons/media.svgz
2026-05-12 17:04  1348  /usr/share/plasma/desktoptheme/default/widgets/arrows.svgz
2026-05-12 17:04  1375  /usr/share/plasma/desktoptheme/default/icons/user.svgz
2026-05-12 17:04  1382  /usr/share/plasma/desktoptheme/default/icons/touchpad.svgz
2026-05-12 17:04  1400  /usr/share/plasma/desktoptheme/default/icons/kget.svgz
2026-05-12 17:04  1402  /usr/share/plasma/desktoptheme/default/icons/kopete.svgz
2026-05-12 17:04  1409  /usr/share/plasma/desktoptheme/default/icons/konversation.svgz
2026-05-12 17:04  1418  /usr/share/plasma/desktoptheme/default/icons/keyboard.svgz
2026-05-12 17:04  1419  /usr/share/plasma/desktoptheme/default/icons/kteatime.svgz
2026-05-12 17:04  1429  /usr/share/plasma/desktoptheme/default/icons/quassel.svgz
2026-05-12 17:04  1432  /usr/share/plasma/desktoptheme/default/widgets/plasmoidheading.svgz
2026-05-12 17:04  1434  /usr/share/plasma/desktoptheme/default/icons/audio.svgz
2026-05-12 17:04  1446  /usr/share/plasma/desktoptheme/default/icons/wallet.svgz
2026-05-12 17:04  1458  /usr/share/plasma/desktoptheme/default/icons/printer.svgz
2026-05-12 17:04  1495  /usr/share/plasma/desktoptheme/default/icons/kmail.svgz
2026-05-12 17:04  14991  /usr/share/plasma/desktoptheme/default/widgets/clock.svgz
2026-05-12 17:04  1511  /usr/share/plasma/desktoptheme/default/icons/cantata.svgz
2026-05-12 17:04  1512  /usr/share/plasma/desktoptheme/default/icons/klipper.svgz
2026-05-12 17:04  1514  /usr/share/plasma/desktoptheme/default/icons/akonadi.svgz
2026-05-12 17:04  1515  /usr/share/plasma/desktoptheme/default/widgets/scrollwidget.svgz
2026-05-12 17:04  1526  /usr/share/plasma/desktoptheme/default/icons/kalarm.svgz
2026-05-12 17:04  15276  /usr/share/plasma/desktoptheme/default/icons/ime.svgz
2026-05-12 17:04  1530  /usr/share/plasma/desktoptheme/default/icons/preferences.svgz
2026-05-12 17:04  1610  /usr/share/plasma/desktoptheme/default/icons/document.svgz
2026-05-12 17:04  1620  /usr/share/plasma/desktoptheme/default/icons/computer.svgz
2026-05-12 17:04  1638  /usr/share/plasma/desktoptheme/default/widgets/branding.svgz
2026-05-12 17:04  16578  /usr/share/plasma/desktoptheme/default/icons/network.svgz
2026-05-12 17:04  1671  /usr/share/plasma/desktoptheme/default/widgets/actionbutton.svgz
2026-05-12 17:04  1676  /usr/share/plasma/desktoptheme/default/icons/device.svgz
2026-05-12 17:04  1676  /usr/share/plasma/desktoptheme/default/icons/kpackagekit.svgz
2026-05-12 17:04  1688  /usr/share/plasma/desktoptheme/default/widgets/radiobutton.svgz
2026-05-12 17:04  1750  /usr/share/plasma/desktoptheme/default/icons/konv_message.svgz
2026-05-12 17:04  1801  /usr/share/plasma/desktoptheme/default/icons/software.svgz
2026-05-12 17:04  1836  /usr/share/plasma/desktoptheme/default/widgets/bar_meter_vertical.svgz
2026-05-12 17:04  1839  /usr/share/plasma/desktoptheme/default/widgets/bar_meter_horizontal.svgz
2026-05-12 17:04  1908  /usr/share/plasma/desktoptheme/default/widgets/menubaritem.svgz
2026-05-12 17:04  1949  /usr/share/plasma/desktoptheme/default/icons/phone.svgz
2026-05-12 17:04  19502  /usr/share/plasma/desktoptheme/default/icons/fcitx.svgz
2026-05-12 17:04  1968  /usr/share/plasma/desktoptheme/default/icons/slc.svgz
2026-05-12 17:04  1978  /usr/share/plasma/desktoptheme/default/icons/zoom.svgz
2026-05-12 17:04  2130  /usr/share/plasma/desktoptheme/default/widgets/margins-highlight.svgz
2026-05-12 17:04  2161  /usr/share/plasma/desktoptheme/default/widgets/dragger.svgz
2026-05-12 17:04  2197  /usr/share/plasma/desktoptheme/default/opaque/widgets/tooltip.svgz
2026-05-12 17:04  2252  /usr/share/plasma/desktoptheme/default/opaque/dialogs/background.svgz
2026-05-12 17:04  2300  /usr/share/plasma/desktoptheme/default/opaque/widgets/panel-background.svgz
2026-05-12 17:04  2324  /usr/share/plasma/desktoptheme/default/widgets/switch.svgz
2026-05-12 17:04  2371  /usr/share/plasma/desktoptheme/default/widgets/tabbar.svgz
2026-05-12 17:04  2389  /usr/share/plasma/desktoptheme/default/widgets/action-overlays.svgz
2026-05-12 17:04  2522  /usr/share/plasma/desktoptheme/default/icons/kleopatra.svgz
2026-05-12 17:04  2651  /usr/share/plasma/desktoptheme/default/widgets/pager.svgz
2026-05-12 17:04  2681  /usr/share/plasma/desktoptheme/default/icons/video.svgz
2026-05-12 17:04  2693  /usr/share/plasma/desktoptheme/default/widgets/scrollbar.svgz
2026-05-12 17:04  2730  /usr/share/plasma/desktoptheme/default/icons/input.svgz
2026-05-12 17:04  2824  /usr/share/plasma/desktoptheme/default/widgets/slider.svgz
2026-05-12 17:04  2934  /usr/share/plasma/desktoptheme/default/solid/widgets/tooltip.svgz
2026-05-12 17:04  2968  /usr/share/plasma/desktoptheme/default/solid/dialogs/background.svgz
2026-05-12 17:04  2984  /usr/share/plasma/desktoptheme/default/widgets/containment-controls.svgz
2026-05-12 17:04  3021  /usr/share/plasma/desktoptheme/default/widgets/tooltip.svgz
2026-05-12 17:04  3035  /usr/share/plasma/desktoptheme/default/translucent/widgets/tooltip.svgz
2026-05-12 17:04  3063  /usr/share/plasma/desktoptheme/default/translucent/dialogs/background.svgz
2026-05-12 17:04  3068  /usr/share/plasma/desktoptheme/default/solid/widgets/background.svgz
2026-05-12 17:04  3084  /usr/share/plasma/desktoptheme/default/widgets/lineedit.svgz
2026-05-12 17:04  3086  /usr/share/plasma/desktoptheme/default/solid/widgets/panel-background.svgz
2026-05-12 17:04  3101  /usr/share/plasma/desktoptheme/default/dialogs/background.svgz
2026-05-12 17:04  3171  /usr/share/plasma/desktoptheme/default/widgets/panel-background.svgz
2026-05-12 17:04  3192  /usr/share/plasma/desktoptheme/default/translucent/widgets/panel-background.svgz
2026-05-12 17:04  3264  /usr/share/plasma/desktoptheme/default/widgets/busywidget.svgz
2026-05-12 17:04  3318  /usr/share/plasma/desktoptheme/default/widgets/translucentbackground.svgz
2026-05-12 17:04  3431  /usr/share/plasma/desktoptheme/default/widgets/frame.svgz
2026-05-12 17:04  3553  /usr/share/plasma/desktoptheme/default/widgets/listitem.svgz
2026-05-12 17:04  3577  /usr/share/plasma/desktoptheme/default/widgets/picker.svgz
2026-05-12 17:04  4116  /usr/share/plasma/desktoptheme/default/widgets/viewitem.svgz
2026-05-12 17:04  4139  /usr/share/plasma/desktoptheme/default/icons/amarok.svgz
2026-05-12 17:04  421  /usr/share/plasma/desktoptheme/default/icons/edit.svgz
2026-05-12 17:04  4274  /usr/share/plasma/desktoptheme/default/widgets/background.svgz
2026-05-12 17:04  4326  /usr/share/plasma/desktoptheme/default/widgets/media-delegate.svgz
2026-05-12 17:04  434  /usr/share/plasma/desktoptheme/default/icons/list.svgz
2026-05-12 17:04  452  /usr/share/plasma/desktoptheme/default/icons/kgpg.svgz
2026-05-12 17:04  471  /usr/share/plasma/desktoptheme/default/icons/distribute.svgz
2026-05-12 17:04  4723  /usr/share/plasma/desktoptheme/default/icons/battery.svgz
2026-05-12 17:04  508  /usr/share/plasma/desktoptheme/default/icons/plasmavault.svgz
2026-05-12 17:04  510  /usr/share/plasma/desktoptheme/default/icons/kup.svgz
2026-05-12 17:04  521  /usr/share/plasma/desktoptheme/default/icons/plasmavault_error.svgz
2026-05-12 17:04  5232  /usr/share/plasma/desktoptheme/default/translucent/widgets/background.svgz
2026-05-12 17:04  5259  /usr/share/plasma/desktoptheme/default/widgets/notes.svgz
2026-05-12 17:04  553  /usr/share/plasma/desktoptheme/default/icons/go.svgz
2026-05-12 17:04  5713  /usr/share/plasma/desktoptheme/default/icons/kdeconnect.svgz
2026-05-12 17:04  585  /usr/share/plasma/desktoptheme/default/icons/mobile.svgz
2026-05-12 17:04  616  /usr/share/plasma/desktoptheme/default/widgets/glowbar.svgz
2026-05-12 17:04  617  /usr/share/plasma/desktoptheme/default/icons/drive.svgz
2026-05-12 17:04  6199  /usr/share/plasma/desktoptheme/default/widgets/configuration-icons.svgz
2026-05-12 17:04  6499  /usr/share/plasma/desktoptheme/default/widgets/analog_meter.svgz
2026-05-12 17:04  6752  /usr/share/plasma/desktoptheme/default/widgets/tasks.svgz
2026-05-12 17:04  6861  /usr/share/plasma/desktoptheme/default/icons/system.svgz
2026-05-12 17:04  7174  /usr/share/plasma/desktoptheme/default/widgets/button.svgz
2026-05-12 17:04  721  /usr/share/plasma/desktoptheme/default/icons/akregator.svgz
2026-05-12 17:04  722  /usr/share/plasma/desktoptheme/default/widgets/toolbar.svgz
2026-05-12 17:04  760  /usr/share/plasma/desktoptheme/default/widgets/line.svgz
2026-05-12 17:04  766  /usr/share/plasma/desktoptheme/default/widgets/checkmarks.svgz
2026-05-12 17:04  809  /usr/share/plasma/desktoptheme/default/icons/ktorrent.svgz
2026-05-12 17:04  827  /usr/share/plasma/desktoptheme/default/icons/configure.svgz
2026-05-12 17:04  8583  /usr/share/plasma/desktoptheme/default/icons/osd.svgz
2026-05-12 17:04  864171  /usr/share/plasma/desktoptheme/default/widgets/monitor.svgz
2026-05-12 17:04  902  /usr/share/plasma/desktoptheme/default/icons/window.svgz
2026-05-12 17:04  903  /usr/share/plasma/desktoptheme/default/icons/kruler.svgz
2026-05-12 17:04  918  /usr/share/plasma/desktoptheme/default/icons/bookmarks.svgz
2026-05-12 17:04  922  /usr/share/plasma/desktoptheme/default/icons/view.svgz
2026-05-12 17:49  2164  /usr/share/plasma/desktoptheme/default/weather/wind-arrows.svgz
2026-05-12 17:49  8154  /usr/share/plasma/desktoptheme/default/widgets/timer.svgz

== 5/6 — Extraindo cores do SVG/SVGZ do painel, se houver ==

--- /usr/share/plasma/desktoptheme/default/dialogs/background.svgz ---
#000000
#00ff00
#111111
#232629
#d1d1d1
#eff0f1
#ff0000
#ff00ff
#ff6600
#ffff00
#ffffff
fill-opacity:0.00100002
fill-opacity:0.00392157
fill-opacity:1
opacity:.025
opacity:.05
opacity:.1
opacity:.2
opacity:0
opacity:0.00100002
opacity:0.5
opacity:0.85
opacity:1
opacity="0
opacity="0.0
opacity="1

--- /usr/share/plasma/desktoptheme/default/widgets/action-overlays.svgz ---
#27ae60
#31363b
#3daee9
#93cee9
#c90303
#da4453
#eff0f1
#fcfcfc
#ffffff
fill-opacity:1
opacity:0.5
opacity:0.6
opacity:1
opacity="0
opacity="1

--- /usr/share/plasma/desktoptheme/default/widgets/actionbutton.svgz ---
#000000
#232629
#3daee9
#93cee9
#d1d1d1
#eff0f1
#ffffff
opacity=".02
opacity=".3
opacity="0.0
opacity="0.25

--- /usr/share/plasma/desktoptheme/default/widgets/analog_meter.svgz ---
#000000
#0000ff
#232629
#31363b
#3daee9
#666666
#818b96
#98a1a9
#9c0000
#bd0000
#db0000
#e2e2e2
#eff0f1
#f00000
#f0f0f0
#f67400
#ff4747
#ffffff
fill-opacity:0.00392157
fill-opacity:0.05882353
fill-opacity:0.05882353000000000
fill-opacity:0.09803922
fill-opacity:0.2
fill-opacity:1
fill-opacity:1.0
opacity:0
opacity:0.00499998
opacity:0.005
opacity:0.05490196
opacity:0.13725491
opacity:0.15294118
opacity:0.15686275
opacity:0.33333334
opacity:0.40000001
opacity:1
opacity="0.01960784
opacity="0.03921569
opacity="0.21568627
opacity="1.0

--- /usr/share/plasma/desktoptheme/default/widgets/arrows.svgz ---
#31363b
#3daee9
#93cee9
#c90303
#eff0f1
#fcfcfc
#ffffff
fill-opacity:1
opacity:1
opacity="0
opacity="1

--- /usr/share/plasma/desktoptheme/default/widgets/background.svgz ---
#000000
#008000
#111314
#1E92FF
#1a1c1e
#232629
#3DAEE6
#666666
#7B7C7E
#919191
#EFF0F1
#FCFCFC
#ff00ff
fill-opacity:0.90196078
fill-opacity:1
opacity:0
opacity:0.098
opacity:0.09803922
opacity:0.239
opacity:0.23921569
opacity:0.875
opacity:0.97899996
opacity:1
opacity="1
opacity="1.0

--- /usr/share/plasma/desktoptheme/default/widgets/bar_meter_horizontal.svgz ---
#111111
#232629
#3daee9
#d1d1d1
#eff0f1
#ff2a2a
#ffffff
fill-opacity:1
opacity:0.09
opacity:0.50
opacity:0.525
opacity:1
opacity="0
opacity="0.0
opacity="1

--- /usr/share/plasma/desktoptheme/default/widgets/bar_meter_vertical.svgz ---
#111111
#232629
#3daee9
#d1d1d1
#eff0f1
#ff2a2a
#ffffff
fill-opacity:1
opacity:0.09
opacity:0.50
opacity:0.525
opacity:1
opacity="0
opacity="0.0
opacity="1

--- /usr/share/plasma/desktoptheme/default/widgets/branding.svgz ---
#666666
#ffffff
opacity="0.0
opacity="1.0

--- /usr/share/plasma/desktoptheme/default/widgets/busywidget.svgz ---
#0000ff
#31363b
#3daee9
#93cee9
#c90303
#da4453
#eff0f1
#fcfcfc
#ffffff
fill-opacity:1
opacity:0.9
opacity:1
opacity="0
opacity="1

--- /usr/share/plasma/desktoptheme/default/widgets/button.svgz ---
#000000
#111111
#232629
#3daee9
#7f7f7f
#d1d1d1
#e50000
#eff0f1
#ff00ff
#ffff00
#ffffff
fill-opacity:0.00392199
fill-opacity:0.33
fill-opacity:1
opacity:.027451
opacity:.03
opacity:.15
opacity:0
opacity:0.001
opacity:0.00100002
opacity:0.0470588235
opacity:0.05
opacity:0.0500000007
opacity:0.1000000015
opacity:0.200000003
opacity:0.25
opacity:0.33
opacity:1
opacity="0
opacity="0.0
opacity="0.101961
opacity="0.25098039
opacity="1

--- /usr/share/plasma/desktoptheme/default/widgets/calendar.svgz ---
#31363b
#3daee9
#93cee9
#b0dba0
#cc0000
#eff0f1
#fcfcfc
fill-opacity:1
opacity:1
opacity="0
opacity="1

--- /usr/share/plasma/desktoptheme/default/widgets/checkmarks.svgz ---
#232629
#3daee9
#666666
#ffffff
fill-opacity:0.33
fill-opacity:1
opacity:1
opacity="0.0
opacity="1.0

--- /usr/share/plasma/desktoptheme/default/widgets/clock.svgz ---
#000000
#0000ff
#008000
#1E92FF
#1c1c1c
#212121
#232629
#2a2a2a
#3DAEE6
#666666
#70767a
#717171
#7B7C7E
#9c0000
#EFF0F1
#FCFCFC
#b9c8e1
#bd0000
#d7d7d7
#db0000
#e2e2e2
#e3e3e3
#e7e7e7
#f0f0f0
#f3f3f3
#ff4747
#ffffff
fill-opacity:0.00392157
fill-opacity:0.36057691
fill-opacity:0.41346154
fill-opacity:0.44270833
fill-opacity:0.52403846
fill-opacity:0.60392157
fill-opacity:0.75
fill-opacity:1
opacity:0
opacity:0.001
opacity:0.00100002
opacity:0.00499998
opacity:0.01000001
opacity:0.03137255
opacity:0.1
opacity:0.10738255
opacity:0.14117648
opacity:0.49803922
opacity:0.52348995
opacity:0.6
opacity:0.67708333
opacity:0.99861372
opacity:1
opacity="0.03921569
opacity="0.07843137
opacity="1
opacity="1.0

--- /usr/share/plasma/desktoptheme/default/widgets/configuration-icons.svgz ---
#000000
#31363b
#3daee9
#93cee9
#c90303
#da4453
#eff0f1
#fcfcfc
#ffffff
fill-opacity:1
opacity:0.4
opacity:0.8
opacity:1
opacity="0
opacity="1

--- /usr/share/plasma/desktoptheme/default/widgets/containment-controls.svgz ---
#000000
#0000ff
#023812
#232323
#31363b
#3daee9
#666666
#888888
#b4b4b4
#dee0e2
#e2e2e2
#eff0f1
#fafafa
#fcfcfc
#ffffff
fill-opacity:0.00392157
fill-opacity:1
opacity:0.01000001
opacity:0.07843138
opacity:0.19607843
opacity:0.3137255
opacity:0.4
opacity:0.65
opacity:0.70588237
opacity:0.78431374
opacity:0.8
opacity:1
opacity="0.01960784
opacity="0.03921569
opacity="1
opacity="1.0

--- /usr/share/plasma/desktoptheme/default/widgets/dragger.svgz ---
#000000
#4e9a06
#666666
#7d7d7d
#ffffff
fill-opacity:1
opacity:0
opacity:0.12156863
opacity:0.2
opacity:0.24705882
opacity:0.35499998
opacity:0.49803922
opacity:0.5
opacity:0.65
opacity:0.8
opacity:1
opacity="1
opacity="1.0

--- /usr/share/plasma/desktoptheme/default/widgets/frame.svgz ---
#000000
#0000ff
#232629
#31363b
#3daee9
#4e9a06
#666666
#8b8b8b
#93cee9
#b9f3e8
#d1d1d1
#eff0f1
#fcfcfc
#ffffff
fill-opacity:0
fill-opacity:0.4
fill-opacity:1
opacity:0
opacity:0.2
opacity:0.6
opacity:1
opacity="0.0196078
opacity="0.03921569
opacity="1
opacity="1.0

--- /usr/share/plasma/desktoptheme/default/widgets/glowbar.svgz ---
#ddb323
#ff6600
fill-opacity:0.8745098
opacity:0
opacity:0.627451
opacity:0.87450981

--- /usr/share/plasma/desktoptheme/default/widgets/line.svgz ---
#000000
#31363b
#3daee9
#d1d1d1
#eff0f1
#fcfcfc
#ffffff
opacity="0.0
opacity="0.25

--- /usr/share/plasma/desktoptheme/default/widgets/lineedit.svgz ---
#232629
#3daee9
#4e9a06
#666666
#808080
#d1d1d1
#fcfcfc
fill-opacity:.0039215689
fill-opacity:1
opacity:.001
opacity:0.00100002
opacity:0.33
opacity:1
opacity="0.0
opacity="1.0

--- /usr/share/plasma/desktoptheme/default/widgets/listitem.svgz ---
#000000
#0000ff
#31363b
#3daee9
#4e9a06
#666666
#a5a5a5
#b5b5b5
#d1d1d1
#d7d7d7
#eff0f1
#fcfcfc
#ffffff
fill-opacity:1
opacity:0
opacity:0.01
opacity:0.19607843
opacity:0.2
opacity:0.24705882
opacity:0.28158844
opacity:0.4
opacity:0.43137255
opacity:0.49803922
opacity:0.70588237
opacity:0.84313726
opacity:1
opacity="0.0196078
opacity="0.03921569
opacity="1
opacity="1.0

--- /usr/share/plasma/desktoptheme/default/widgets/margins-highlight.svgz ---
#0000ff
#1E92FF
#1e92ff
#232323
#3DAEE6
#666666
#7B7C7E
#888888
#EFF0F1
#FCFCFC
#ededed
#efefef
#eff0f1
#ffffff
fill-opacity:1
opacity:0
opacity:0.3
opacity:0.93599999
opacity:1
opacity="0.01960784
opacity="0.03921569
opacity="1
opacity="1.0

--- /usr/share/plasma/desktoptheme/default/widgets/media-delegate.svgz ---
#000000
#4e9a06
#666666
#888888
#ffffff
fill-opacity:0
fill-opacity:0.31372549
fill-opacity:1
opacity:0
opacity:1
opacity="0.65490196
opacity="1.0

--- /usr/share/plasma/desktoptheme/default/widgets/menubaritem.svgz ---
#3daee9
#666666
#93cee9
#d1d1d1
#ed333b
#eff0f1
#ff00ff
#ffffff
opacity="0
opacity="1

--- /usr/share/plasma/desktoptheme/default/widgets/monitor.svgz ---
#000000
#0000ff
#005DA0
#0066a8
#0067BC
#006DA2
#007594
#008000
#0082b6
#00879A
#009351
#00f9f9
#0d9758
#101113
#128406
#13659B
#141518
#147BAE
#176CAB
#178be2
#1C8CA6
#1b34b2
#1d1e23
#212121
#24bfff
#26292e
#264C91
#284D92
#2873A4
#287FC6
#2c00a5
#33373c
#3383E6
#366EB5
#38570F
#3F99C9
#426917
#4288CF
#4289C1
#449311
#4791D9
#47B0C3
#495058
#4A1F8C
#4A8021
#4B6145
#4D6828
#4F1F8C
#4F5C26
#4F8428
#528454
#537734
#565c68
#59ACDA
#5B9157
#5B942B
#5C9BCE
#5f656d
#60299D
#61C7D4
#63B3E0
#64af2d
#666666
#66A2D3
#69298C
#6AAE37
#6BAB40
#6BCFDB
#6EAB5E
#6ECAF7
#6F7A4E
#6FAA2C
#70B83B
#737980
#738CB8
#73A4C4
#73ACDA
#75B561
#798974
#7ABAD2

--- /usr/share/plasma/desktoptheme/default/widgets/notes.svgz ---
#000000
#09090a
#1a82b2
#1c1f22
#209dd7
#212428
#26a75c
#2ecc71
#2fa4da
#3ed37d
#85878c
#b0dba0
#c7bc9a
#cc0000
#d3253b
#dd441b
#e1002b
#e8ebf0
#e96e4d
#e97656
#f1f2f5
#f2304b
#f54353
#f7eabf
#f9eecd
#ff4e70
#ff5d7c
#ffffff
fill-opacity:0.08627451
fill-opacity:1
opacity:0
opacity:0.08614232
opacity:0.08627451
opacity:1
opacity="0
opacity="1

--- /usr/share/plasma/desktoptheme/default/widgets/pager.svgz ---
#000000
#0000ff
#008000
#0c0c0c
#1E92FF
#222222
#3DAEE6
#666666
#7B7C7E
#EFF0F1
#FCFCFC
#eff0f1
#ffffff
fill-opacity:1
opacity:0
opacity:0.1
opacity:0.2
opacity:0.3137255
opacity:0.4
opacity:0.6
opacity:0.875
opacity:1
opacity="0.01960784
opacity="0.03921569
opacity="1
opacity="1.0

--- /usr/share/plasma/desktoptheme/default/widgets/panel-background.svgz ---
#000000
#00ff00
#111111
#232629
#800080
#d1d1d1
#eff0f1
#ff0000
#ff00ff
#ff6600
#ffff00
#ffffff
fill-opacity:0.00100002
fill-opacity:0.00392157
fill-opacity:1
opacity:.025
opacity:.05
opacity:.1
opacity:.2
opacity:0
opacity:0.00100002
opacity:0.5
opacity:0.85
opacity:1
opacity="0
opacity="0.0
opacity="1

--- /usr/share/plasma/desktoptheme/default/widgets/picker.svgz ---
#000000
#008000
#4e9a06
#666666
#7b7b80
#adadb5
#aeaeb4
#bebebe
#e1e5e9
#ffffff
fill-opacity:0
fill-opacity:0.11764706
fill-opacity:0.15686275
fill-opacity:0.35294118
fill-opacity:0.54901961
fill-opacity:0.60784314
fill-opacity:0.62745098
fill-opacity:0.8745098
fill-opacity:1
opacity:0
opacity:0.875
opacity:1
opacity="1
opacity="1.0

--- /usr/share/plasma/desktoptheme/default/widgets/plasmoidheading.svgz ---
#232629
#666666
#d1d1d1
#eff0f1
#ffffff
opacity=".6
opacity=".75
opacity="0.0
opacity="0.75
opacity="1.0

--- /usr/share/plasma/desktoptheme/default/widgets/plot-background.svgz ---
#666666
#949494
#ffffff
fill-opacity:1
opacity:0.2
opacity:1
opacity="0.0
opacity="1.0

--- /usr/share/plasma/desktoptheme/default/widgets/radiobutton.svgz ---
#000000
#0000ff
#111111
#232629
#3daee9
#d1d1d1
#eff0f1
#ff0000
#ffffff
fill-opacity:0.01
fill-opacity:0.33
fill-opacity:1
opacity:0
opacity:0.00100002
opacity:0.0509803922
opacity:0.1000000015
opacity:0.200000003
opacity:0.33
opacity:1
opacity="0
opacity="0.0
opacity="1

--- /usr/share/plasma/desktoptheme/default/widgets/scrollbar.svgz ---
#111111
#232629
#3daee9
#4e9a06
#d1d1d1
#eff0f1
#fcfcfc
#ff0000
#ffffff
fill-opacity:1
opacity:.15
opacity:.5
opacity:.50
opacity:0
opacity:0.1
opacity="0
opacity="0.0
opacity="1

--- /usr/share/plasma/desktoptheme/default/widgets/scrollwidget.svgz ---
#000000
#31363b
#3daee9
#666666
#8b8b8b
#989898
#d1d1d1
#eff0f1
#fcfcfc
#ffffff
fill-opacity:0
fill-opacity:1
opacity:0
opacity:0.59999999999999998
opacity:0.6
opacity:1
opacity="1
opacity="1.0

--- /usr/share/plasma/desktoptheme/default/widgets/slider.svgz ---
#000000
#111111
#232629
#3daee9
#4e9a06
#d1d1d1
#eff0f1
#ffffff
fill-opacity:.00392157
fill-opacity:0.00392157
fill-opacity:1
fill-opacity:1.0
opacity:.00100002
opacity:.05
opacity:.1
opacity:.2
opacity:.33
opacity:.50
opacity:0
opacity:0.00100002
opacity:0.09
opacity:0.525
opacity:1
opacity="0
opacity="0.0
opacity="1

--- /usr/share/plasma/desktoptheme/default/widgets/switch.svgz ---
#000000
#0000ff
#232629
#3daee9
#d1d1d1
#eff0f1
#ff2a2a
#ffffff
fill-opacity:0.00392157
fill-opacity:1
fill-opacity="0.09
opacity:.05
opacity:.1
opacity:.2
opacity:.50
opacity:0
opacity:0.00100002
opacity:0.33
opacity:1
opacity="0.0
opacity="0.02
opacity="0.25
opacity="0.50

--- /usr/share/plasma/desktoptheme/default/widgets/tabbar.svgz ---
#0000ff
#008000
#31363b
#3daee9
#4e9a06
#666666
#e4e6e8
#eff0f1
#fcfcfc
fill-opacity:1
opacity:0.01
opacity:0.01000001
opacity:0.875
opacity="0.0
opacity="0.01960784
opacity="0.03921569
opacity="1
opacity="1.0

--- /usr/share/plasma/desktoptheme/default/widgets/tasks.svgz ---
#232629
#27ae60
#3daee9
#93cee9
#f67400
opacity=".08
opacity=".15
opacity=".25
opacity=".31
opacity=".33
opacity=".33000004
opacity=".34
opacity=".35
opacity=".45
opacity=".61
opacity=".80
opacity=".90

--- /usr/share/plasma/desktoptheme/default/widgets/timer.svgz ---
#31363b
#3f3fff
#666666
#b40000
#d1d1d1
#dcdcdc
#e10000
#eb0000
#ebebeb
#eff0f1
#ffffff
fill-opacity:0
fill-opacity:1
opacity:0.0627451
opacity:1
opacity="0.0
opacity="0.12549
opacity="0.25098039
opacity="1.0

--- /usr/share/plasma/desktoptheme/default/widgets/toolbar.svgz ---
#31363b
#4e9a06
#666666
#eff0f1
#ffffff
opacity="0
opacity="1

--- /usr/share/plasma/desktoptheme/default/widgets/tooltip.svgz ---
#000000
#00ff00
#111111
#232629
#d1d1d1
#eff0f1
#ff0000
#ff00ff
#ff6600
#ffff00
#ffffff
fill-opacity:0.00100002
fill-opacity:0.00392157
fill-opacity:1
opacity:.025
opacity:.05
opacity:.1
opacity:.2
opacity:0
opacity:0.00100002
opacity:0.5
opacity:0.85
opacity:1
opacity="0
opacity="0.0
opacity="1

--- /usr/share/plasma/desktoptheme/default/widgets/translucentbackground.svgz ---
#000000
#00ff00
#31363b
#3daee9
#93cee9
#b0dba0
#cc0000
#eff0f1
#fcfcfc
#ff00ff
#ff6600
fill-opacity:1
opacity:0
opacity:0.6
opacity:0.9
opacity:1
opacity="0
opacity="1

--- /usr/share/plasma/desktoptheme/default/widgets/viewitem.svgz ---
#000000
#0000ff
#008000
#1E92FF
#232323
#3DAEE6
#666666
#7B7C7E
#888888
#EFF0F1
#FCFCFC
#d1d1d1
#ededed
#efefef
#eff0f1
#ffffff
fill-opacity:0
fill-opacity:0.0784314
fill-opacity:0.156863
fill-opacity:1
opacity:0
opacity:0.00100002
opacity:0.00499998
opacity:0.3
opacity:0.521
opacity:0.8
opacity:0.822727
opacity:0.852
opacity:0.875
opacity:0.93599999
opacity:1
opacity="0.0196078
opacity="0.03921569
opacity="1
opacity="1.0

== 6/6 — Relatório ==
Relatório:
/media/mochafast/MochaArch/ativo/auditorias/20260529-180130-auditoria-barra-plasma-cores/20260529-180130-resumo-barra-plasma-cores.md

Log:
/media/mochafast/MochaArch/ativo/auditorias/20260529-180130-auditoria-barra-plasma-cores/20260529-180130-auditoria-barra-plasma-cores.log

Cores extraídas:
/media/mochafast/MochaArch/ativo/auditorias/20260529-180130-auditoria-barra-plasma-cores/20260529-180130-cores-svg-painel.txt

== CONCLUÍDO ==
