== MOCHA ARCH / ENDEAVOUROS KDE — BASE LIMPA ==
Timestamp: 20260528-224819
Log: /home/hal/mocha-arch-base-limpa-20260528-224819.log
Modo: monta discos, instala base Mocha, aplica performance, wrapper e corrige default de boot funcional.
Não instala kernel Cachy. Não mexe no painel KDE. Não remove programas.


============================================================
== Pré-checagem real do sistema
============================================================
NAME="EndeavourOS"
PRETTY_NAME="EndeavourOS"
ID="endeavouros"
ID_LIKE="arch"
BUILD_ID=rolling
ANSI_COLOR="38;2;23;147;209"
HOME_URL="https://endeavouros.com"
DOCUMENTATION_URL="https://discovery.endeavouros.com"
SUPPORT_URL="https://forum.endeavouros.com"
BUG_REPORT_URL="https://forum.endeavouros.com/c/general-system/endeavouros-installation"
PRIVACY_POLICY_URL="https://endeavouros.com/privacy-policy-2"
LOGO="endeavouros"

Linux hal-systemproductname 7.0.10-arch1-1 #1 SMP PREEMPT_DYNAMIC Sat, 23 May 2026 14:21:20 +0000 x86_64 GNU/Linux

Sessão: XDG_SESSION_TYPE=wayland | XDG_CURRENT_DESKTOP=KDE


============================================================
== Conferir discos por UUID antes de editar fstab
============================================================
FAST: /dev/sda1 tipo=btrfs uuid=88e6aa16-110c-4b97-9ffb-85084c000198
VMSTORE: /dev/sdb1 tipo=xfs uuid=b81630a0-0756-45e4-9cb2-c7f16637a1c6

============================================================
== Checar pacman lock
============================================================

============================================================
== Atualizar base e instalar pacotes Mocha essenciais
============================================================
Sincronizando bancos do pacman...
+ /usr/bin/sudo pacman -Sy --noconfirm
:: Sincronizando a base de dados de pacotes...
 endeavouros sendo baixado...
 core sendo baixado...
 extra sendo baixado...
 multilib sendo baixado...
Pacotes válidos para instalar/garantir:
  archlinux-keyring
  endeavouros-keyring
  btrfs-progs
  xfsprogs
  flatpak
  discover
  packagekit
  packagekit-qt6
  steam
  gamemode
  lib32-gamemode
  mangohud
  lib32-mangohud
  vulkan-tools
  vulkan-icd-loader
  lib32-vulkan-icd-loader
  nvidia-settings
  nvidia-utils
  lib32-nvidia-utils
  opencl-nvidia
  zram-generator
  tuned
  git
  rsync
  curl
  wget
  jq
  nano
  btop
  nvtop
  fastfetch

+ /usr/bin/sudo pacman -Syu --needed --noconfirm archlinux-keyring endeavouros-keyring btrfs-progs xfsprogs flatpak discover packagekit packagekit-qt6 steam gamemode lib32-gamemode mangohud lib32-mangohud vulkan-tools vulkan-icd-loader lib32-vulkan-icd-loader nvidia-settings nvidia-utils lib32-nvidia-utils opencl-nvidia zram-generator tuned git rsync curl wget jq nano btop nvtop fastfetch
:: Sincronizando a base de dados de pacotes...
 endeavouros sendo baixado...
 core sendo baixado...
 extra sendo baixado...
 multilib sendo baixado...
atenção: archlinux-keyring-20260420-1 está atualizado -- ignorando
atenção: endeavouros-keyring-20231222-1 está atualizado -- ignorando
atenção: btrfs-progs-7.0-1 está atualizado -- ignorando
atenção: xfsprogs-7.0.1-1 está atualizado -- ignorando
atenção: vulkan-tools-1.4.350.0-1 está atualizado -- ignorando
atenção: vulkan-icd-loader-1.4.350.0-1 está atualizado -- ignorando
atenção: nvidia-settings-595.71.05-1 está atualizado -- ignorando
atenção: nvidia-utils-595.71.05-2 está atualizado -- ignorando
atenção: opencl-nvidia-595.71.05-2 está atualizado -- ignorando
atenção: git-2.54.0-1 está atualizado -- ignorando
atenção: rsync-3.4.3-1 está atualizado -- ignorando
atenção: curl-8.20.0-7 está atualizado -- ignorando
atenção: wget-1.25.0-5 está atualizado -- ignorando
atenção: nano-9.0-1 está atualizado -- ignorando
:: Iniciando atualização completa do sistema...
resolvendo dependências...
procurando pacotes conflitantes...

Pacote (132)                      Versão nova                   Diferença  Tamanho do download

extra/archlinux-appstream-data    20260421-1                    22,35 MiB            21,51 MiB
extra/composefs                   1.0.8-1                        0,15 MiB             0,06 MiB
extra/fmt                         12.1.0-2                       0,70 MiB             0,18 MiB
extra/glew                        2.3.1-1                        2,86 MiB             0,38 MiB
extra/glfw                        1:3.4-1                        3,41 MiB             0,40 MiB
multilib/lib32-alsa-lib           1.2.15.3-1                     1,03 MiB             0,37 MiB
multilib/lib32-alsa-plugins       1.2.12-1                       0,27 MiB             0,06 MiB
multilib/lib32-brotli             1.1.0-1                        0,86 MiB             0,33 MiB
multilib/lib32-bzip2              1.0.8-4                        0,07 MiB             0,03 MiB
multilib/lib32-curl               8.20.0-7                       0,94 MiB             0,41 MiB
multilib/lib32-dbus               1.16.2-1                       0,32 MiB             0,12 MiB
multilib/lib32-e2fsprogs          1.47.4-1                       0,52 MiB             0,22 MiB
multilib/lib32-expat              2.8.1-1                        0,19 MiB             0,07 MiB
multilib/lib32-fontconfig         2:2.17.1-1                     0,32 MiB             0,14 MiB
multilib/lib32-freetype2          2.14.3-1                       0,78 MiB             0,37 MiB
core/lib32-gcc-libs               16.1.1+r12+g301eb08fa2c5-1    44,97 MiB            10,82 MiB
multilib/lib32-glew               2.3.1-1                        0,67 MiB             0,16 MiB
multilib/lib32-glib2              2.88.1-1                       3,78 MiB             1,22 MiB
core/lib32-glibc                  2.43+r22+g8362e8ce10b2-2      18,82 MiB             3,58 MiB
multilib/lib32-glu                9.0.3-2                        0,33 MiB             0,14 MiB
multilib/lib32-gmp                6.3.0-2                        0,76 MiB             0,27 MiB
multilib/lib32-gnutls             3.8.13-3                       2,20 MiB             0,82 MiB
multilib/lib32-icu                78.3-1                        37,64 MiB            10,86 MiB
multilib/lib32-json-c             0.18-2                         0,08 MiB             0,03 MiB
multilib/lib32-keyutils           1.6.3-4                        0,02 MiB             0,01 MiB
multilib/lib32-krb5               1.22.2-1                       2,16 MiB             0,78 MiB
multilib/lib32-libdrm             2.4.133-1                      0,36 MiB             0,14 MiB
multilib/lib32-libelf             0.195-1                        0,81 MiB             0,31 MiB
multilib/lib32-libffi             3.5.2-1                        0,04 MiB             0,02 MiB
multilib/lib32-libgcrypt          1.12.2-1                       1,12 MiB             0,49 MiB
multilib/lib32-libglvnd           1.7.0-1                        1,33 MiB             0,20 MiB
multilib/lib32-libgpg-error       1.61-1                         0,16 MiB             0,07 MiB
multilib/lib32-libice             1.1.1-2                        0,09 MiB             0,04 MiB
multilib/lib32-libidn2            2.3.8-1                        0,12 MiB             0,05 MiB
multilib/lib32-libldap            2.6.13-1                       0,40 MiB             0,16 MiB
multilib/lib32-libnghttp2         1.69.0-1                       0,16 MiB             0,06 MiB
multilib/lib32-libnghttp3         1.15.0-1                       0,16 MiB             0,07 MiB
multilib/lib32-libngtcp2          1.22.1-1                       0,43 MiB             0,17 MiB
multilib/lib32-libnm              1.56.1-1                       1,41 MiB             0,45 MiB
multilib/lib32-libpciaccess       0.19-1                         0,04 MiB             0,02 MiB
multilib/lib32-libpipewire        1:1.6.6-1                      0,96 MiB             0,31 MiB
multilib/lib32-libpng             1.6.58-1                       0,28 MiB             0,13 MiB
multilib/lib32-libpsl             0.21.5-1                       0,07 MiB             0,05 MiB
multilib/lib32-libsm              1.2.6-1                        0,04 MiB             0,01 MiB
multilib/lib32-libssh2            1.11.1-1                       0,28 MiB             0,11 MiB
multilib/lib32-libtasn1           4.21.0-1                       0,08 MiB             0,04 MiB
multilib/lib32-libunistring       1.4.2-1                        1,86 MiB             0,55 MiB
multilib/lib32-libva              2.22.0-1                       0,27 MiB             0,08 MiB
multilib/lib32-libx11             1.8.13-1                       1,28 MiB             0,61 MiB
multilib/lib32-libxau             1.0.12-1                       0,01 MiB             0,01 MiB
multilib/lib32-libxcb             1.17.0-1                       1,03 MiB             0,19 MiB
multilib/lib32-libxcrypt          4.5.2-1                        0,17 MiB             0,07 MiB
multilib/lib32-libxcrypt-compat   4.5.2-1                        0,18 MiB             0,07 MiB
multilib/lib32-libxdmcp           1.1.5-1                        0,02 MiB             0,01 MiB
multilib/lib32-libxext            1.3.7-1                        0,07 MiB             0,03 MiB
multilib/lib32-libxfixes          6.0.1-2                        0,02 MiB             0,01 MiB
multilib/lib32-libxi              1.8.3-1                        0,07 MiB             0,03 MiB
multilib/lib32-libxinerama        1.1.6-1                        0,01 MiB             0,01 MiB
multilib/lib32-libxkbcommon       1.13.1-1                       0,40 MiB             0,16 MiB
multilib/lib32-libxml2            2.15.3-1                       1,16 MiB             0,48 MiB
multilib/lib32-libxmu             1.3.1-1                        0,11 MiB             0,05 MiB
multilib/lib32-libxshmfence       1.3.3-1                        0,01 MiB             0,01 MiB
multilib/lib32-libxss             1.2.5-1                        0,01 MiB             0,01 MiB
multilib/lib32-libxt              1.3.1-1                        0,37 MiB             0,15 MiB
multilib/lib32-libxxf86vm         1.1.5-2                        0,02 MiB             0,01 MiB
multilib/lib32-llvm-libs          1:22.1.5-1                   168,42 MiB            42,28 MiB
multilib/lib32-lm_sensors         1:3.6.2-2                      0,05 MiB             0,02 MiB
multilib/lib32-mesa               1:26.1.1-1                    53,08 MiB            13,11 MiB
multilib/lib32-ncurses            6.6-2                          0,57 MiB             0,22 MiB
multilib/lib32-nettle             4.0-2                          0,59 MiB             0,33 MiB
multilib/lib32-nspr               4.39-1                         0,27 MiB             0,11 MiB
multilib/lib32-nss                3.124-1                        3,15 MiB             1,14 MiB
multilib/lib32-openssl            1:3.6.2-1                      5,35 MiB             2,00 MiB
multilib/lib32-p11-kit            0.26.2-1                       3,10 MiB             0,43 MiB
multilib/lib32-pcre2              10.47-1                        1,83 MiB             0,50 MiB
multilib/lib32-pipewire           1:1.6.6-1                      5,61 MiB             1,44 MiB
multilib/lib32-spirv-tools        1:1.4.350.0-1                  6,41 MiB             1,69 MiB
multilib/lib32-sqlite             3.53.1-1                       1,56 MiB             0,76 MiB
multilib/lib32-systemd            260.2-1                        2,69 MiB             0,87 MiB
multilib/lib32-util-linux         2.42.1-1                       1,10 MiB             0,42 MiB
multilib/lib32-wayland            1.25.0-1                       0,17 MiB             0,05 MiB
multilib/lib32-xz                 5.8.3-1                        0,21 MiB             0,10 MiB
multilib/lib32-zlib               1.3.2-1                        0,09 MiB             0,05 MiB
multilib/lib32-zstd               1.5.7-2                        0,88 MiB             0,32 MiB
extra/libadwaita                  1:1.9.1-1                      5,16 MiB             0,79 MiB
extra/libimagequant               4.4.1-2                        0,60 MiB             0,26 MiB
extra/libmalcontent               0.14.0-4                       0,41 MiB             0,07 MiB
extra/libpackagekit-glib          1.3.5-1                        1,90 MiB             0,22 MiB
extra/libpfm                      4.13.0+r83+g91970fe-1          2,49 MiB             0,38 MiB
extra/libtraceevent               1:1.9.0-1                      0,42 MiB             0,17 MiB
core/libxcrypt-compat             4.5.2-1                        0,18 MiB             0,07 MiB
extra/llvm21-libs                 21.1.8-1                     149,92 MiB            38,45 MiB
extra/lsof                        4.99.6-1                       0,36 MiB             0,14 MiB
extra/numactl                     2.0.19-1                       0,24 MiB             0,08 MiB
extra/oniguruma                   6.9.10-1                       0,88 MiB             0,22 MiB
extra/ostree                      2025.7-3                       4,37 MiB             0,82 MiB
extra/perf                        7.0.10-1                      24,06 MiB             3,16 MiB
extra/python-configobj            5.0.9-6                        0,40 MiB             0,07 MiB
extra/python-contourpy            1.3.3-4                        0,99 MiB             0,26 MiB
extra/python-cycler               0.12.1-4                       0,07 MiB             0,02 MiB
extra/python-dateutil             2.9.0-8                        1,03 MiB             0,31 MiB
extra/python-fonttools            4.63.0-1                      21,17 MiB             2,97 MiB
extra/python-kiwisolver           1.5.0-1                        0,15 MiB             0,05 MiB
extra/python-linux-procfs         0.7.4-2                        0,14 MiB             0,03 MiB
extra/python-matplotlib           3.10.9-1                      29,57 MiB             6,21 MiB
extra/python-numpy                2.4.6-1                       47,97 MiB             7,87 MiB
extra/python-pillow               12.2.0-1                       4,84 MiB             0,92 MiB
extra/python-pyparsing            3.3.2-1                        1,55 MiB             0,25 MiB
extra/python-pyudev               0.24.4-1                       1,06 MiB             0,14 MiB
extra/python-six                  1.17.0-3                       0,12 MiB             0,03 MiB
extra/qhull                       2020.2-5                       6,94 MiB             1,21 MiB
extra/qt6-webview                 6.11.1-1                       0,41 MiB             0,07 MiB
multilib/steam-devices            1.0.0.85-7                     0,01 MiB             0,01 MiB
extra/yyjson                      0.12.0-1                       0,65 MiB             0,15 MiB
extra/zenity                      4.2.2-1                        5,03 MiB             2,65 MiB
extra/btop                        1.4.7-1                        1,70 MiB             0,58 MiB
extra/discover                    6.6.5-1                        7,17 MiB             1,54 MiB
extra/fastfetch                   2.63.1-1                       1,74 MiB             0,57 MiB
extra/flatpak                     1:1.16.6-1                     7,36 MiB             1,82 MiB
extra/gamemode                    1.8.2-2                        0,27 MiB             0,07 MiB
extra/jq                          1.8.1-3                        0,46 MiB             0,19 MiB
multilib/lib32-gamemode           1.8.2-1                        0,03 MiB             0,01 MiB
multilib/lib32-mangohud           0.8.3-1                        6,56 MiB             1,57 MiB
multilib/lib32-nvidia-utils       595.71.05-1                  517,93 MiB           109,95 MiB
multilib/lib32-vulkan-icd-loader  1.4.350.0-1                    0,61 MiB             0,15 MiB
extra/mangohud                    0.8.3-2                        9,65 MiB             1,93 MiB
extra/nvtop                       3.3.2-1                        0,20 MiB             0,08 MiB
extra/packagekit                  1.3.5-1                        3,12 MiB             0,59 MiB
extra/packagekit-qt6              1.1.4-2                        0,43 MiB             0,12 MiB
multilib/steam                    1.0.0.85-7                    19,45 MiB            19,35 MiB
extra/tuned                       2.27.0-1                       2,58 MiB             0,45 MiB
extra/zram-generator              1.2.1-1                        0,75 MiB             0,32 MiB

Tamanho total download:    331,99 MiB
Tamanho total instalado:  1309,82 MiB

:: Continuar a instalação? [S/n] 
:: Obtendo pacotes...
 lib32-nvidia-utils-595.71.05-1-x86_64 sendo baixado...
 lib32-llvm-libs-1:22.1.5-1-x86_64 sendo baixado...
 llvm21-libs-21.1.8-1-x86_64 sendo baixado...
 archlinux-appstream-data-20260421-1-any sendo baixado...
 steam-1.0.0.85-7-x86_64 sendo baixado...
 lib32-mesa-1:26.1.1-1-x86_64 sendo baixado...
 lib32-icu-78.3-1-x86_64 sendo baixado...
 lib32-gcc-libs-16.1.1+r12+g301eb08fa2c5-1-x86_64 sendo baixado...
 python-numpy-2.4.6-1-x86_64 sendo baixado...
 python-matplotlib-3.10.9-1-x86_64 sendo baixado...
 lib32-glibc-2.43+r22+g8362e8ce10b2-2-x86_64 sendo baixado...
 perf-7.0.10-1-x86_64 sendo baixado...
 python-fonttools-4.63.0-1-x86_64 sendo baixado...
 zenity-4.2.2-1-x86_64 sendo baixado...
 lib32-openssl-1:3.6.2-1-x86_64 sendo baixado...
 mangohud-0.8.3-2-x86_64 sendo baixado...
 flatpak-1:1.16.6-1-x86_64 sendo baixado...
 lib32-spirv-tools-1:1.4.350.0-1-x86_64 sendo baixado...
 lib32-mangohud-0.8.3-1-x86_64 sendo baixado...
 discover-6.6.5-1-x86_64 sendo baixado...
 lib32-pipewire-1:1.6.6-1-x86_64 sendo baixado...
 lib32-glib2-2.88.1-1-x86_64 sendo baixado...
 qhull-2020.2-5-x86_64 sendo baixado...
 lib32-nss-3.124-1-x86_64 sendo baixado...
 python-pillow-12.2.0-1-x86_64 sendo baixado...
 lib32-systemd-260.2-1-x86_64 sendo baixado...
 lib32-gnutls-3.8.13-3-x86_64 sendo baixado...
 ostree-2025.7-3-x86_64 sendo baixado...
 libadwaita-1:1.9.1-1-x86_64 sendo baixado...
 lib32-krb5-1.22.2-1-x86_64 sendo baixado...
 lib32-sqlite-3.53.1-1-x86_64 sendo baixado...
 lib32-libx11-1.8.13-1-x86_64 sendo baixado...
 packagekit-1.3.5-1-x86_64 sendo baixado...
 btop-1.4.7-1-x86_64 sendo baixado...
 fastfetch-2.63.1-1-x86_64 sendo baixado...
 lib32-libunistring-1.4.2-1-x86_64 sendo baixado...
 lib32-pcre2-10.47-1-x86_64 sendo baixado...
 lib32-libgcrypt-1.12.2-1-x86_64 sendo baixado...
 lib32-libxml2-2.15.3-1-x86_64 sendo baixado...
 lib32-libnm-1.56.1-1-x86_64 sendo baixado...
 tuned-2.27.0-1-any sendo baixado...
 lib32-p11-kit-0.26.2-1-x86_64 sendo baixado...
 lib32-util-linux-2.42.1-1-x86_64 sendo baixado...
 lib32-curl-8.20.0-7-x86_64 sendo baixado...
 glfw-1:3.4-1-x86_64 sendo baixado...
 glew-2.3.1-1-x86_64 sendo baixado...
 libpfm-4.13.0+r83+g91970fe-1-x86_64 sendo baixado...
 lib32-alsa-lib-1.2.15.3-1-x86_64 sendo baixado...
 lib32-freetype2-2.14.3-1-x86_64 sendo baixado...
 lib32-brotli-1.1.0-1-x86_64 sendo baixado...
 lib32-nettle-4.0-2-x86_64 sendo baixado...
 zram-generator-1.2.1-1-x86_64 sendo baixado...
 lib32-zstd-1.5.7-2-x86_64 sendo baixado...
 lib32-libpipewire-1:1.6.6-1-x86_64 sendo baixado...
 python-dateutil-2.9.0-8-any sendo baixado...
 lib32-libelf-0.195-1-x86_64 sendo baixado...
 lib32-gmp-6.3.0-2-x86_64 sendo baixado...
 python-contourpy-1.3.3-4-x86_64 sendo baixado...
 libimagequant-4.4.1-2-x86_64 sendo baixado...
 python-pyparsing-3.3.2-1-any sendo baixado...
 lib32-e2fsprogs-1.47.4-1-x86_64 sendo baixado...
 oniguruma-6.9.10-1-x86_64 sendo baixado...
 libpackagekit-glib-1.3.5-1-x86_64 sendo baixado...
 lib32-ncurses-6.6-2-x86_64 sendo baixado...
 lib32-libglvnd-1.7.0-1-x86_64 sendo baixado...
 jq-1.8.1-3-x86_64 sendo baixado...
 lib32-libxcb-1.17.0-1-x86_64 sendo baixado...
 fmt-12.1.0-2-x86_64 sendo baixado...
 lib32-libngtcp2-1.22.1-1-x86_64 sendo baixado...
 libtraceevent-1:1.9.0-1-x86_64 sendo baixado...
 lib32-glew-2.3.1-1-x86_64 sendo baixado...
 lib32-libxkbcommon-1.13.1-1-x86_64 sendo baixado...
 lib32-libldap-2.6.13-1-x86_64 sendo baixado...
 lib32-vulkan-icd-loader-1.4.350.0-1-x86_64 sendo baixado...
 lib32-libxt-1.3.1-1-x86_64 sendo baixado...
 yyjson-0.12.0-1-x86_64 sendo baixado...
 lsof-4.99.6-1-x86_64 sendo baixado...
 lib32-fontconfig-2:2.17.1-1-x86_64 sendo baixado...
 python-pyudev-0.24.4-1-any sendo baixado...
 lib32-libdrm-2.4.133-1-x86_64 sendo baixado...
 lib32-glu-9.0.3-2-x86_64 sendo baixado...
 lib32-libpng-1.6.58-1-x86_64 sendo baixado...
 lib32-dbus-1.16.2-1-x86_64 sendo baixado...
 packagekit-qt6-1.1.4-2-x86_64 sendo baixado...
 lib32-libssh2-1.11.1-1-x86_64 sendo baixado...
 lib32-nspr-4.39-1-x86_64 sendo baixado...
 lib32-xz-5.8.3-1-x86_64 sendo baixado...
 lib32-libva-2.22.0-1-x86_64 sendo baixado...
 nvtop-3.3.2-1-x86_64 sendo baixado...
 numactl-2.0.19-1-x86_64 sendo baixado...
 gamemode-1.8.2-2-x86_64 sendo baixado...
 lib32-libgpg-error-1.61-1-x86_64 sendo baixado...
 libxcrypt-compat-4.5.2-1-x86_64 sendo baixado...
 lib32-libxcrypt-compat-4.5.2-1-x86_64 sendo baixado...
 qt6-webview-6.11.1-1-x86_64 sendo baixado...
 lib32-expat-2.8.1-1-x86_64 sendo baixado...
 lib32-libxcrypt-4.5.2-1-x86_64 sendo baixado...
 python-configobj-5.0.9-6-any sendo baixado...
 libmalcontent-0.14.0-4-x86_64 sendo baixado...
 lib32-libnghttp3-1.15.0-1-x86_64 sendo baixado...
 lib32-libnghttp2-1.69.0-1-x86_64 sendo baixado...
 lib32-alsa-plugins-1.2.12-1-x86_64 sendo baixado...
 composefs-1.0.8-1-x86_64 sendo baixado...
 lib32-wayland-1.25.0-1-x86_64 sendo baixado...
 lib32-libpsl-0.21.5-1-x86_64 sendo baixado...
 python-kiwisolver-1.5.0-1-x86_64 sendo baixado...
 lib32-libidn2-2.3.8-1-x86_64 sendo baixado...
 lib32-zlib-1.3.2-1-x86_64 sendo baixado...
 lib32-libxmu-1.3.1-1-x86_64 sendo baixado...
 lib32-libice-1.1.1-2-x86_64 sendo baixado...
 lib32-libtasn1-4.21.0-1-x86_64 sendo baixado...
 lib32-json-c-0.18-2-x86_64 sendo baixado...
 lib32-bzip2-1.0.8-4-x86_64 sendo baixado...
 python-linux-procfs-0.7.4-2-any sendo baixado...
 lib32-libxi-1.8.3-1-x86_64 sendo baixado...
 python-six-1.17.0-3-any sendo baixado...
 lib32-libxext-1.3.7-1-x86_64 sendo baixado...
 lib32-lm_sensors-1:3.6.2-2-x86_64 sendo baixado...
 lib32-libffi-3.5.2-1-x86_64 sendo baixado...
 lib32-libpciaccess-0.19-1-x86_64 sendo baixado...
 python-cycler-0.12.1-4-any sendo baixado...
 lib32-libsm-1.2.6-1-x86_64 sendo baixado...
 lib32-libxdmcp-1.1.5-1-x86_64 sendo baixado...
 lib32-gamemode-1.8.2-1-x86_64 sendo baixado...
 lib32-libxfixes-6.0.1-2-x86_64 sendo baixado...
 lib32-libxxf86vm-1.1.5-2-x86_64 sendo baixado...
 lib32-keyutils-1.6.3-4-x86_64 sendo baixado...
 lib32-libxss-1.2.5-1-x86_64 sendo baixado...
 lib32-libxau-1.0.12-1-x86_64 sendo baixado...
 lib32-libxinerama-1.1.6-1-x86_64 sendo baixado...
 steam-devices-1.0.0.85-7-x86_64 sendo baixado...
 lib32-libxshmfence-1.3.3-1-x86_64 sendo baixado...
verificando chaveiro...
verificando integridade de pacotes...
carregando arquivos do pacote...
verificando conflitos de arquivos...
:: Processando alterações do pacote...
instalando libmalcontent...
instalando composefs...
instalando ostree...
instalando flatpak...
instalando archlinux-appstream-data...
instalando qt6-webview...
instalando discover...
Dependências opcionais para discover
    flatpak: Flatpak packages support [instalado]
    fwupd: firmware update support [instalado]
    packagekit-qt6: to manage packages from Arch Linux repositories (not recommended, use at your own risk) [pendente]
instalando libpackagekit-glib...
instalando packagekit...
Dependências opcionais para packagekit
    bash-completion: command completion in bash [instalado]
instalando packagekit-qt6...
instalando libxcrypt-compat...
instalando lsof...
instalando libadwaita...
instalando zenity...
instalando steam-devices...
instalando lib32-glibc...
instalando lib32-gcc-libs...
instalando lib32-alsa-lib...
instalando lib32-alsa-plugins...
Dependências opcionais para lib32-alsa-plugins
    lib32-dbus: for maemo plugin [pendente]
    lib32-jack: for pcm_jack plugin
    lib32-libavtp: for pcm_aaf plugin
    lib32-libsamplerate: for rate_samplerate plugin
    lib32-libpulse: for conf_pulse, ctl_pulse and pcm_pulse plugins
    lib32-speexdsp: for pcm_speex and rate_speexrate plugins
instalando lib32-expat...
instalando lib32-brotli...
instalando lib32-bzip2...
instalando lib32-zlib...
instalando lib32-libpng...
instalando lib32-freetype2...
Dependências opcionais para lib32-freetype2
    lib32-harfbuzz: Improved autohinting
instalando lib32-fontconfig...
Rebuilding 32-bit fontconfig cache...
instalando lib32-libxdmcp...
instalando lib32-libxau...
instalando lib32-libxcb...
instalando lib32-libx11...
instalando lib32-libxext...
instalando lib32-libpciaccess...
instalando lib32-libdrm...
instalando lib32-e2fsprogs...
instalando lib32-keyutils...
instalando lib32-openssl...
Dependências opcionais para lib32-openssl
    ca-certificates [instalado]
instalando lib32-libxcrypt...
instalando lib32-libldap...
instalando lib32-krb5...
instalando lib32-libunistring...
instalando lib32-libidn2...
instalando lib32-libnghttp2...
instalando lib32-libnghttp3...
instalando lib32-gmp...
instalando lib32-nettle...
instalando lib32-libffi...
instalando lib32-libtasn1...
instalando lib32-p11-kit...
instalando lib32-zstd...
instalando lib32-gnutls...
instalando lib32-libngtcp2...
instalando lib32-libpsl...
instalando lib32-libssh2...
instalando lib32-curl...
instalando lib32-json-c...
instalando lib32-xz...
instalando lib32-libelf...
instalando lib32-libxshmfence...
instalando lib32-libxxf86vm...
instalando lib32-ncurses...
instalando lib32-icu...
instalando lib32-libxml2...
instalando lib32-llvm-libs...
instalando lib32-lm_sensors...
instalando lib32-spirv-tools...
instalando lib32-wayland...
instalando lib32-mesa...
Dependências opcionais para lib32-mesa
    opengl-man-pages: for the OpenGL API man pages
instalando lib32-nvidia-utils...
Dependências opcionais para lib32-nvidia-utils
    lib32-opencl-nvidia
instalando lib32-libglvnd...
instalando lib32-libgpg-error...
instalando lib32-pcre2...
instalando lib32-util-linux...
instalando lib32-glib2...
instalando lib32-nspr...
instalando lib32-sqlite...
instalando lib32-nss...
instalando lib32-libgcrypt...
instalando lib32-systemd...
instalando lib32-libnm...
instalando lib32-libxfixes...
instalando lib32-libva...
Dependências opcionais para lib32-libva
    lib32-libva-intel-driver: backend for Intel GPUs (<= Haswell)
    lib32-libva-mesa-driver: backend for AMD and NVIDIA GPUs [instalado]
instalando lib32-libxcrypt-compat...
instalando lib32-libxinerama...
instalando lib32-libxss...
instalando lib32-libpipewire...
instalando lib32-dbus...
instalando lib32-pipewire...
Dependências opcionais para lib32-pipewire
    lib32-pipewire-jack: JACK support
    lib32-pipewire-v4l2: V4L2 interceptor
instalando lib32-vulkan-icd-loader...
Dependências opcionais para lib32-vulkan-icd-loader
    lib32-vulkan-driver: packaged vulkan driver [instalado]
instalando steam...
Dependências opcionais para steam
    polkit: to setup SteamVR without root access [instalado]
    xdg-desktop-portal-impl: file & folder picker [instalado]
    xorg-fonts-misc: for non-latin locales
instalando gamemode...
instalando lib32-gamemode...
instalando fmt...
instalando glfw...
instalando python-numpy...
Dependências opcionais para python-numpy
    blas-openblas: faster linear algebra
instalando python-contourpy...
Dependências opcionais para python-contourpy
    python-matplotlib: matplotlib renderer [pendente]
instalando python-cycler...
instalando python-six...
instalando python-dateutil...
instalando python-fonttools...
Dependências opcionais para python-fonttools
    python-brotli: to compress/decompress WOFF 2.0 web fonts
    python-fs: to read/write UFO source files
    python-lxml: faster backend for XML files reading/writing
    python-lz4: for graphite type tables in ttLib/tables
    python-matplotlib: for visualizing DesignSpaceDocument and resulting VariationModel [pendente]
    python-pyqt5: for drawing glyphs with Qt’s QPainterPath
    python-reportlab: to drawing glyphs as PNG images
    python-scipy: for finding wrong contour/component order between different masters
    python-sympy: for symbolic font statistics analysis
    python-uharfbuzz: to use the Harfbuzz Repacker for packing GSUB/GPOS tables
    python-unicodedata2: for displaying the Unicode character names when dumping the cmap table with ttx
    python-zopfli: faster backend fom WOFF 1.0 web fonts compression
instalando python-kiwisolver...
instalando libimagequant...
instalando python-pillow...
Dependências opcionais para python-pillow
    libwebp: for webp images [instalado]
    tk: for the ImageTK module
    python-olefile: OLE2 file support
    python-pyqt6: for the ImageQt module [instalado]
    python-defusedxml: for reading XMP tags [instalado]
instalando python-pyparsing...
Dependências opcionais para python-pyparsing
    python-railroad-diagrams: for generating Railroad Diagrams
    python-jinja: for generating Railroad Diagrams [instalado]
instalando qhull...
instalando python-matplotlib...
Dependências opcionais para python-matplotlib
    tk: Tk{Agg,Cairo} backends
    pyside6: alternative for Qt6{Agg,Cairo} backends
    python-pyqt6: Qt6{Agg,Cairo} backends [instalado]
    python-gobject: for GTK{3,4}{Agg,Cairo} backend [instalado]
    python-wxpython: WX{Agg,Cairo} backend
    python-cairo: {GTK{3,4},Qt{5,6},Tk,WX}Cairo backends [instalado]
    python-cairocffi: alternative for Cairo backends
    python-tornado: WebAgg backend
    ffmpeg: for saving movies [instalado]
    imagemagick: for saving animated gifs [instalado]
    ghostscript: usetex dependencies [instalado]
    texlive-binextra: usetex dependencies
    texlive-fontsrecommended: usetex dependencies
    texlive-latexrecommended: usetex usage with pdflatex
    python-certifi: https support
instalando mangohud...
Dependências opcionais para mangohud
    gamescope: Use MangoApp as an overlay within gamescope
    libxnvctrl: NVIDIA GPU stats by XNVCtrl [instalado]
instalando lib32-libice...
instalando lib32-libsm...
instalando lib32-libxt...
instalando lib32-libxmu...
instalando lib32-libxi...
instalando lib32-glu...
instalando glew...
instalando lib32-glew...
instalando lib32-libxkbcommon...
instalando lib32-mangohud...
instalando zram-generator...
instalando numactl...
instalando libtraceevent...
Dependências opcionais para libtraceevent
    libtraceevent-docs: for documentation
instalando llvm21-libs...
instalando libpfm...
instalando perf...
instalando python-configobj...
instalando python-linux-procfs...
instalando python-pyudev...
Dependências opcionais para python-pyudev
    python-wxpython: WX integration
instalando tuned...
Dependências opcionais para tuned
    virt-what: Virtual machine detection
    systemtap: Detailed system monitoring
    tuned-ppd: power-profiles-daemon api translation
    wireless_tools: Wireless device power management
    x86_energy_perf_policy: Energy Performance Bias (EPB) support
instalando oniguruma...
instalando jq...
instalando btop...
Dependências opcionais para btop
    rocm-smi-lib: AMD GPU support
instalando nvtop...
instalando yyjson...
instalando fastfetch...
Dependências opcionais para fastfetch
    chafa: Image output as ascii art
    dbus: Bluetooth, Player & Media detection [instalado]
    dconf: Needed for values that are only stored in DConf + Fallback for GSettings [instalado]
    ddcutil: Brightness detection of external displays [instalado]
    glib2: Output for values that are only stored in GSettings [instalado]
    hwdata: GPU output [instalado]
    imagemagick: Image output using sixel or kitty graphics protocol [instalado]
    libdrm: Displays detection [instalado]
    libelf: st term font detection and fast path of systemd version detection [instalado]
    libglvnd: OpenGL module [instalado]
    libpulse: Sound detection [instalado]
    libxrandr: Multi monitor support [instalado]
    ocl-icd: OpenCL module [instalado]
    python: Needed for zsh and fish completions [instalado]
    sqlite: Needed for Sqlite integration and Soar packages count [instalado]
    vulkan-icd-loader: Vulkan module & fallback for GPU output [instalado]
    zlib: Faster image output when using kitty graphics protocol [instalado]
:: Executando hooks pós-transação...
( 1/12) Creating system user accounts...
Creating group 'gamemode' with GID 956.
Creating group 'flatpak' with GID 955.
Creating user 'flatpak' (Flatpak system helper) with UID 955 and GID 955.
( 2/12) Creating temporary files...
( 3/12) Reloading system manager configuration...
( 4/12) Reloading user manager configuration...
( 5/12) Reloading device manager configuration...
( 6/12) Arming ConditionNeedsUpdate...
( 7/12) Running kernel-install...
Running kernel-install for 7.0.10-arch1-1
( 8/12) Refreshing PackageKit...
( 9/12) Updating the appstream cache...
✔ O cache de metadados foi atualizado com sucesso.
(10/12) Reloading system bus configuration...
(11/12) Updating icon theme caches...
(12/12) Updating the desktop file MIME type cache...

============================================================
== Montar FAST e VMSTORE via fstab de forma persistente
============================================================
+ /usr/bin/sudo install -d -m 0755 /media/mochafast /media/vmstore
+ /usr/bin/sudo cp -a /etc/fstab /etc/fstab.mocha-backup-20260528-224819
+ /usr/bin/sudo install -m 0644 /tmp/tmp.hg6noIEgpK /etc/fstab
Mantendo no máximo 2 backups de fstab...
Validando fstab com findmnt --verify...
+ /usr/bin/sudo findmnt --verify --verbose

0 erro de análise, 0 erro, 1 aviso
/efi
   [ ] alvo existe
   [ ] Opções de FS: fmask=0137,dmask=0027
   [ ] UUID=B7B3-A36E se traduziu para /dev/nvme0n1p1
   [ ] fonte /dev/nvme0n1p1 existe
   [ ] tipo de FS é vfat
/
   [ ] alvo existe
   [ ] Opções de VFS: noatime
   [ ] UUID=5ec311c3-1247-4a6c-bc89-cd2f254af528 se traduziu para /dev/nvme0n1p2
   [ ] fonte /dev/nvme0n1p2 existe
   [ ] tipo de FS é ext4
swap
   [ ] UUID=c55827ce-1ead-4561-84c9-435612a8862b se traduziu para /dev/nvme0n1p3
   [ ] fonte /dev/nvme0n1p3 existe
   [ ] tipo de FS é swap
/tmp
   [ ] alvo existe
   [ ] Opções de VFS: noatime
   [ ] Opções de FS: mode=1777
   [ ] não verifica a fonte tmpfs (pseudo/net)
   [ ] não verifica o tipo de FS tmpfs (pseudo/net)
/media/mochafast
   [ ] alvo existe
   [ ] Opções de VFS: noatime
   [ ] Opções de FS: compress=zstd:3,ssd,space_cache=v2,discard=async
   [ ] opções de espaço de usuário: nofail,x-systemd.device-timeout=10
   [ ] UUID=88e6aa16-110c-4b97-9ffb-85084c000198 se traduziu para /dev/sda1
   [ ] fonte /dev/sda1 existe
   [ ] tipo de FS é btrfs
/media/vmstore
   [ ] alvo existe
   [ ] Opções de VFS: noatime,nodiratime
   [ ] opções de espaço de usuário: nofail,x-systemd.device-timeout=10
   [ ] UUID=b81630a0-0756-45e4-9cb2-c7f16637a1c6 se traduziu para /dev/sdb1
   [ ] fonte /dev/sdb1 existe
   [ ] tipo de FS é xfs
   [W] seu fstab foi modificado, mas o systemd ainda usa a versão antiga;
       use "systemctl daemon-reload" para recarregar
Montando tudo...
+ /usr/bin/sudo mount -a
Montagens resultantes:
TARGET           SOURCE    FSTYPE OPTIONS
/media/mochafast /dev/sda1 btrfs  rw,noatime,compress=zstd:3,ssd,discard=async,space_cache=v2,subvolid=5,subvol=/
TARGET         SOURCE    FSTYPE OPTIONS
/media/vmstore /dev/sdb1 xfs    rw,noatime,nodiratime,inode64,logbufs=8,logbsize=32k,noquota

============================================================
== Criar pasta de trabalho MochaArch no FAST
============================================================
+ /usr/bin/sudo install -d -o hal -g hal -m 0755 /media/mochafast/MochaArch /media/mochafast/MochaArch/logs /media/mochafast/MochaArch/scripts /media/mochafast/MochaArch/reports /media/mochafast/MochaArch/ativo /media/mochafast/MochaArch/quarentena /media/mochafast/MochaArch/referencia

============================================================
== Flatpak e Flathub
============================================================
+ /usr/bin/sudo flatpak remote-add --if-not-exists flathub https://flathub.org/repo/flathub.flatpakrepo
flathub	system

============================================================
== Bluetooth
============================================================
+ /usr/bin/sudo systemctl enable --now bluetooth.service
Created symlink '/etc/systemd/system/dbus-org.bluez.service' → '/usr/lib/systemd/system/bluetooth.service'.
Created symlink '/etc/systemd/system/bluetooth.target.wants/bluetooth.service' → '/usr/lib/systemd/system/bluetooth.service'.

============================================================
== PackageKit / Discover
============================================================
+ /usr/bin/sudo systemctl enable --now packagekit.service
The unit files have no installation config (WantedBy=, RequiredBy=, UpheldBy=,
Also=, or Alias= settings in the [Install] section, and DefaultInstance= for
template units). This means they are not meant to be enabled or disabled using systemctl.
 
Possible reasons for having these kinds of units are:
• A unit may be statically enabled by being symlinked from another unit's
  .wants/, .requires/, or .upholds/ directory.
• A unit's purpose may be to act as a helper for some other unit which has
  a requirement dependency on it.
• A unit may be started when needed via activation (socket, path, timer,
  D-Bus, udev, scripted systemctl call, ...).
• In case of template units, the unit is meant to be enabled with some
  instance name specified.

============================================================
== Receita meio termo turbo canônica — sysctl
============================================================
+ /usr/bin/sudo sysctl --system
* Aplicando /usr/lib/sysctl.d/10-arch.conf ...
* Aplicando /usr/lib/sysctl.d/50-coredump.conf ...
* Aplicando /usr/lib/sysctl.d/50-default.conf ...
* Aplicando /usr/lib/sysctl.d/50-pid-max.conf ...
* Aplicando /etc/sysctl.d/99-mocha-meio-termo-turbo.conf ...
fs.inotify.max_user_instances = 1024
fs.inotify.max_user_watches = 524288
vm.max_map_count = 1048576
net.ipv4.tcp_keepalive_time = 120
kernel.core_pattern = |/usr/lib/systemd/systemd-coredump %P %u %g %s %t %c %h %d %F
kernel.core_pipe_limit = 16
fs.suid_dumpable = 2
kernel.sysrq = 16
kernel.core_uses_pid = 1
net.ipv4.conf.default.rp_filter = 2
net.ipv4.conf.enp4s0.rp_filter = 2
net.ipv4.conf.lo.rp_filter = 2
net.ipv4.conf.default.accept_source_route = 0
net.ipv4.conf.enp4s0.accept_source_route = 0
net.ipv4.conf.lo.accept_source_route = 0
net.ipv4.conf.default.promote_secondaries = 1
net.ipv4.conf.enp4s0.promote_secondaries = 1
net.ipv4.conf.lo.promote_secondaries = 1
net.ipv4.ping_group_range = 0 2147483647
net.core.default_qdisc = fq_codel
fs.protected_hardlinks = 1
fs.protected_symlinks = 1
fs.protected_regular = 1
fs.protected_fifos = 1
kernel.pid_max = 4194304
vm.swappiness = 80
vm.vfs_cache_pressure = 50
vm.page-cluster = 0
vm.dirty_background_bytes = 67108864
vm.dirty_bytes = 268435456
vm.max_map_count = 16777216
kernel.sched_autogroup_enabled = 0
kernel.nmi_watchdog = 0

============================================================
== THP madvise persistente
============================================================
+ /usr/bin/sudo systemctl daemon-reload
+ /usr/bin/sudo systemctl enable --now mocha-thp-madvise.service
Created symlink '/etc/systemd/system/multi-user.target.wants/mocha-thp-madvise.service' → '/etc/systemd/system/mocha-thp-madvise.service'.

============================================================
== ZRAM zstd 100% prioridade 32767
============================================================
+ /usr/bin/sudo systemctl daemon-reload
+ /usr/bin/sudo systemctl reset-failed systemd-zram-setup@zram0.service
+ /usr/bin/sudo systemctl restart systemd-zram-setup@zram0.service

============================================================
== TuneD latency-performance
============================================================
+ /usr/bin/sudo systemctl enable --now tuned.service
Created symlink '/etc/systemd/system/multi-user.target.wants/tuned.service' → '/usr/lib/systemd/system/tuned.service'.
+ /usr/bin/sudo tuned-adm profile latency-performance
Current active profile: latency-performance

============================================================
== MangoHud Mocha e wrapper Steam canônico
============================================================
+ install -d -m 0755 /home/hal/.config/MangoHud /home/hal/.local/bin

Launch Options canônica para Steam:
/home/hal/.local/bin/mocha-steam-game-run %command%

============================================================
== Corrigir default do systemd-boot para a entrada atual funcional
============================================================
Entrada atual:   9fb12cce3c9f4d0faa59ef1767d38042-7.0.10-arch1-1.conf
Entrada default: mocha-cachyos-bore-lto-v3-nvidia-turbo-20260528-220454.conf
Ajustando default para a entrada atual funcional, sem apagar entradas antigas.
+ /usr/bin/sudo bootctl set-default 9fb12cce3c9f4d0faa59ef1767d38042-7.0.10-arch1-1.conf

============================================================
== Relatório de validação
============================================================
Sistema:
NAME="EndeavourOS"
PRETTY_NAME="EndeavourOS"
ID="endeavouros"
ID_LIKE="arch"
Linux hal-systemproductname 7.0.10-arch1-1 #1 SMP PREEMPT_DYNAMIC Sat, 23 May 2026 14:21:20 +0000 x86_64 GNU/Linux

Sessão:
XDG_SESSION_TYPE=wayland
XDG_CURRENT_DESKTOP=KDE

NVIDIA:
Thu May 28 22:49:12 2026       
+-----------------------------------------------------------------------------------------+
| NVIDIA-SMI 595.71.05              Driver Version: 595.71.05      CUDA Version: 13.2     |
+-----------------------------------------+------------------------+----------------------+
| GPU  Name                 Persistence-M | Bus-Id          Disp.A | Volatile Uncorr. ECC |
| Fan  Temp   Perf          Pwr:Usage/Cap |           Memory-Usage | GPU-Util  Compute M. |
|                                         |                        |               MIG M. |
|=========================================+========================+======================|
|   0  NVIDIA GeForce RTX 5060 Ti     Off |   00000000:01:00.0  On |                  N/A |
|  0%   35C    P8             12W /  180W |     606MiB /  16311MiB |      1%      Default |
|                                         |                        |                  N/A |
+-----------------------------------------+------------------------+----------------------+

+-----------------------------------------------------------------------------------------+
| Processes:                                                                              |
|  GPU   GI   CI              PID   Type   Process name                        GPU Memory |
|        ID   ID                                                               Usage      |
|=========================================================================================|
|    0   N/A  N/A             977      G   /usr/bin/ksecretd                         2MiB |
|    0   N/A  N/A            1044      G   /usr/bin/kwin_wayland                    86MiB |
|    0   N/A  N/A            1124      G   /usr/bin/Xwayland                         6MiB |
|    0   N/A  N/A            1160      G   /usr/bin/ksmserver                        2MiB |
|    0   N/A  N/A            1162      G   /usr/bin/kded6                            2MiB |
|    0   N/A  N/A            1187      G   /usr/bin/plasmashell                     67MiB |
|    0   N/A  N/A            1234      G   /usr/bin/kaccess                          2MiB |
|    0   N/A  N/A            1235      G   ...it-kde-authentication-agent-1          2MiB |
|    0   N/A  N/A            1356      G   /usr/bin/kdeconnectd                      2MiB |
|    0   N/A  N/A            1458      G   /usr/bin/python                           2MiB |
|    0   N/A  N/A            1541      G   /usr/lib/xdg-desktop-portal-kde           2MiB |
|    0   N/A  N/A            4613      G   /usr/lib/firefox/firefox                180MiB |
|    0   N/A  N/A            6713      G   ...asma-browser-integration-host          2MiB |
|    0   N/A  N/A            6732      G   /usr/bin/konsole                          2MiB |
+-----------------------------------------------------------------------------------------+

Montagens:
TARGET           SOURCE    FSTYPE OPTIONS
/media/mochafast /dev/sda1 btrfs  rw,noatime,compress=zstd:3,ssd,discard=async,space_cache=v2,subvolid=5,subvol=/
TARGET         SOURCE    FSTYPE OPTIONS
/media/vmstore /dev/sdb1 xfs    rw,noatime,nodiratime,inode64,logbufs=8,logbsize=32k,noquota

Flatpak:
flathub	system

Pacotes jogo/base:
discover 6.6.5-1
flatpak 1:1.16.6-1
gamemode 1.8.2-2
lib32-gamemode 1.8.2-1
lib32-mangohud 0.8.3-1
lib32-nvidia-utils 595.71.05-1
mangohud 0.8.3-2
packagekit 1.3.5-1
packagekit-qt6 1.1.4-2
steam 1.0.0.85-7
steam-devices 1.0.0.85-7
tuned 2.27.0-1
vulkan-tools 1.4.350.0-1
zram-generator 1.2.1-1

Swap/ZRAM:
NAME           TYPE       SIZE USED  PRIO
/dev/nvme0n1p3 partition   17G   0B    -1
/dev/zram0     partition 15,4G   0B 32767
NAME       ALGORITHM DISKSIZE DATA COMPR TOTAL STREAMS MOUNTPOINT
/dev/zram0 zstd         15,4G   4K   64B   20K         [SWAP]

Sysctl Mocha:
vm.swappiness=80
vm.vfs_cache_pressure=50
vm.page-cluster=0
vm.dirty_background_bytes=67108864
vm.dirty_bytes=268435456
vm.max_map_count=16777216
kernel.sched_autogroup_enabled=0
kernel.nmi_watchdog=0

THP:
always [madvise] never
always defer defer+madvise [madvise] never

Boot:
       Product: systemd-boot 260.1-2-arch
 Current Entry: 9fb12cce3c9f4d0faa59ef1767d38042-7.0.10-arch1-1.conf
 Default Entry: 9fb12cce3c9f4d0faa59ef1767d38042-7.0.10-arch1-1.conf

Wrapper:
-rwxr-xr-x 1 hal hal 424 mai 28 22:49 /home/hal/.local/bin/mocha-steam-game-run
Launch Options: /home/hal/.local/bin/mocha-steam-game-run %command%


============================================================
== Copiar log para MochaArch
============================================================
