Log: /media/mochafast/MochaArch/reports/mocha-arch-zen-receita-wrapper-20260528-142427.log

== 1) Auditoria inicial ==
Kernel atual:
Linux hal-systemproductname 7.0.10-zen1-1-zen #1 ZEN SMP PREEMPT_DYNAMIC Sat, 23 May 2026 14:45:01 +0000 x86_64 GNU/Linux

Kernels em /boot:

Pacotes kernel instalados:
linux 7.0.10.arch1-1
linux-zen 7.0.10.zen1-1
linux-zen-headers 7.0.10.zen1-1

Atenção: nenhuma ação abaixo instala/remove/edita NVIDIA.

---- AUDITORIA: /etc/pacman.conf ----
     1	#
     2	# /etc/pacman.conf
     3	#
     4	# See the pacman.conf(5) manpage for option and repository directives
     5	
     6	#
     7	# GENERAL OPTIONS
     8	#
     9	[options]
    10	# The following paths are commented out with their default values listed.
    11	# If you wish to use different paths, uncomment and update the paths.
    12	#RootDir     = /
    13	#DBPath      = /var/lib/pacman/
    14	#CacheDir    = /var/cache/pacman/pkg/
    15	#LogFile     = /var/log/pacman.log
    16	#GPGDir      = /etc/pacman.d/gnupg/
    17	#HookDir     = /etc/pacman.d/hooks/
    18	HoldPkg     = pacman glibc dracut kernel-install-for-dracut eos-dracut
    19	#XferCommand = /usr/bin/curl -L -C - -f -o %o %u
    20	#XferCommand = /usr/bin/wget --passive-ftp -c -O %o %u
    21	#CleanMethod = KeepInstalled
    22	Architecture = auto
    23	
    24	# Pacman won't upgrade packages listed in IgnorePkg and members of IgnoreGroup
    25	#IgnorePkg   =
    26	#IgnoreGroup =
    27	
    28	#NoUpgrade   =
    29	#NoExtract   =
    30	
    31	# Misc options
    32	#UseSyslog
    33	Color
    34	ILoveCandy
    35	#NoProgressBar
    36	#CheckSpace
    37	VerbosePkgLists
    38	ParallelDownloads = 5
    39	DownloadUser = alpm
    40	#DisableSandbox
    41	
    42	# By default, pacman accepts packages signed by keys that its local keyring
    43	# trusts (see pacman-key and its man page), as well as unsigned packages.
    44	SigLevel    = Required DatabaseOptional
    45	LocalFileSigLevel = Optional
    46	#RemoteFileSigLevel = Required
    47	
    48	# NOTE: You must run `pacman-key --init` before first using pacman; the local
    49	# keyring can then be populated with the keys of all official Arch Linux
    50	# packagers with `pacman-key --populate archlinux`.
    51	
    52	#
    53	# REPOSITORIES
    54	#   - can be defined here or included from another file
    55	#   - pacman will search repositories in the order defined here
    56	#   - local/custom mirrors can be added here or in separate files
    57	#   - repositories listed first will take precedence when packages
    58	#     have identical names, regardless of version number
    59	#   - URLs will have $repo replaced by the name of the current repo
    60	#   - URLs will have $arch replaced by the name of the architecture
    61	#
    62	# Repository entries are of the format:
    63	#       [repo-name]
    64	#       Server = ServerName
    65	#       Include = IncludePath
    66	#
    67	# The header [repo-name] is crucial - it must be present and
    68	# uncommented to enable the repo.
    69	#
    70	
    71	# The testing repositories are disabled by default. To enable, uncomment the
    72	# repo name header and Include lines. You can add preferred servers immediately
    73	# after the header, and they will be used before the default mirrors.
    74	
    75	[endeavouros]
    76	SigLevel = PackageRequired
    77	Include = /etc/pacman.d/endeavouros-mirrorlist
    78	
    79	#[core-testing]
    80	#Include = /etc/pacman.d/mirrorlist
    81	
    82	[core]
    83	Include = /etc/pacman.d/mirrorlist
    84	
    85	#[extra-testing]
    86	#Include = /etc/pacman.d/mirrorlist
    87	
    88	[extra]
    89	Include = /etc/pacman.d/mirrorlist
    90	
    91	# If you want to run 32 bit applications on your x86_64 system,
    92	# enable the multilib repositories as required here.
    93	
    94	#[multilib-testing]
    95	#Include = /etc/pacman.d/mirrorlist
    96	
    97	[multilib]
    98	Include = /etc/pacman.d/mirrorlist
    99	
   100	# An example of a custom package repository.  See the pacman manpage for
   101	# tips on creating your own repositories.
   102	#[custom]
   103	#SigLevel = Optional TrustAll
   104	#Server = file:///home/custompkgs

---- AUDITORIA: /etc/default/grub ----
(arquivo ainda não existe)

---- AUDITORIA: /etc/sysctl.d/90-mocha-agressividade.conf ----
     1	# MOCHA ARCH/ENDEAVOUROS — agressividade meio termo turbo
     2	# Gerado em: 20260528-133547
     3	# Mantém o sistema responsivo para jogos sem remover kernel/programas existentes.
     4	
     5	vm.swappiness = 80
     6	vm.vfs_cache_pressure = 50
     7	vm.page-cluster = 0
     8	vm.dirty_background_bytes = 67108864
     9	vm.dirty_bytes = 268435456
    10	vm.max_map_count = 16777216
    11	kernel.sched_autogroup_enabled = 0

---- AUDITORIA: /etc/systemd/zram-generator.conf ----
     1	# MOCHA ARCH/ENDEAVOUROS — zram 100% RAM, zstd, prioridade alta
     2	# Gerado em: 20260528-133547
     3	
     4	[zram0]
     5	zram-size = ram
     6	compression-algorithm = zstd
     7	swap-priority = 32767
     8	fs-type = swap

---- AUDITORIA: /etc/tmpfiles.d/90-mocha-thp-madvise.conf ----
(arquivo ainda não existe)

== 2) Garantir multilib para lib32 de jogos, sem remover nada ==
multilib já está habilitado.

== 3) Instalar somente o necessário para teste de jogos e Zen; sem tocar NVIDIA ==
Pacotes alvo:
  linux-zen
  linux-zen-headers
  tuned
  gamemode
  mangohud
  zram-generator
  lib32-gamemode
  lib32-mangohud

atenção: linux-zen-7.0.10.zen1-1 está atualizado -- ignorando
atenção: linux-zen-headers-7.0.10.zen1-1 está atualizado -- ignorando
atenção: tuned-2.27.0-1 está atualizado -- ignorando
atenção: zram-generator-1.2.1-1 está atualizado -- ignorando
resolvendo dependências...
procurando pacotes conflitantes...

Pacote (27)                  Versão nova    Diferença  Tamanho do download

extra/fmt                    12.1.0-2        0,70 MiB             0,18 MiB
extra/glew                   2.3.1-1         2,86 MiB             0,38 MiB
extra/glfw                   1:3.4-1         3,41 MiB             0,40 MiB
multilib/lib32-glew          2.3.1-1         0,67 MiB             0,16 MiB
multilib/lib32-glu           9.0.3-2         0,33 MiB             0,14 MiB
multilib/lib32-libice        1.1.1-2         0,09 MiB             0,04 MiB
multilib/lib32-libsm         1.2.6-1         0,04 MiB             0,01 MiB
multilib/lib32-libxi         1.8.3-1         0,07 MiB             0,03 MiB
multilib/lib32-libxkbcommon  1.13.1-1        0,40 MiB             0,16 MiB
multilib/lib32-libxmu        1.3.1-1         0,11 MiB             0,05 MiB
multilib/lib32-libxt         1.3.1-1         0,37 MiB             0,15 MiB
extra/libimagequant          4.4.1-2         0,60 MiB             0,26 MiB
extra/python-contourpy       1.3.3-4         0,99 MiB             0,26 MiB
extra/python-cycler          0.12.1-4        0,07 MiB             0,02 MiB
extra/python-dateutil        2.9.0-8         1,03 MiB             0,31 MiB
extra/python-fonttools       4.63.0-1       21,17 MiB             2,97 MiB
extra/python-kiwisolver      1.5.0-1         0,15 MiB             0,05 MiB
extra/python-matplotlib      3.10.9-1       29,57 MiB             6,21 MiB
extra/python-numpy           2.4.6-1        47,97 MiB             7,87 MiB
extra/python-pillow          12.2.0-1        4,84 MiB             0,92 MiB
extra/python-pyparsing       3.3.2-1         1,55 MiB             0,25 MiB
extra/python-six             1.17.0-3        0,12 MiB             0,03 MiB
extra/qhull                  2020.2-5        6,94 MiB             1,21 MiB
extra/gamemode               1.8.2-2         0,27 MiB             0,07 MiB
multilib/lib32-gamemode      1.8.2-1         0,03 MiB             0,01 MiB
multilib/lib32-mangohud      0.8.3-1         6,56 MiB             1,57 MiB
extra/mangohud               0.8.3-2         9,65 MiB             1,93 MiB

Tamanho total download:    25,64 MiB
Tamanho total instalado:  140,56 MiB

:: Continuar a instalação? [S/n] 
:: Obtendo pacotes...
 python-numpy-2.4.6-1-x86_64 sendo baixado...
 python-matplotlib-3.10.9-1-x86_64 sendo baixado...
 python-fonttools-4.63.0-1-x86_64 sendo baixado...
 mangohud-0.8.3-2-x86_64 sendo baixado...
 lib32-mangohud-0.8.3-1-x86_64 sendo baixado...
 qhull-2020.2-5-x86_64 sendo baixado...
 python-pillow-12.2.0-1-x86_64 sendo baixado...
 glfw-1:3.4-1-x86_64 sendo baixado...
 glew-2.3.1-1-x86_64 sendo baixado...
 python-dateutil-2.9.0-8-any sendo baixado...
 python-contourpy-1.3.3-4-x86_64 sendo baixado...
 libimagequant-4.4.1-2-x86_64 sendo baixado...
 python-pyparsing-3.3.2-1-any sendo baixado...
 fmt-12.1.0-2-x86_64 sendo baixado...
 lib32-glew-2.3.1-1-x86_64 sendo baixado...
 lib32-libxkbcommon-1.13.1-1-x86_64 sendo baixado...
 lib32-libxt-1.3.1-1-x86_64 sendo baixado...
 lib32-glu-9.0.3-2-x86_64 sendo baixado...
 gamemode-1.8.2-2-x86_64 sendo baixado...
 python-kiwisolver-1.5.0-1-x86_64 sendo baixado...
 lib32-libxmu-1.3.1-1-x86_64 sendo baixado...
 lib32-libice-1.1.1-2-x86_64 sendo baixado...
 lib32-libxi-1.8.3-1-x86_64 sendo baixado...
 python-six-1.17.0-3-any sendo baixado...
 python-cycler-0.12.1-4-any sendo baixado...
 lib32-libsm-1.2.6-1-x86_64 sendo baixado...
 lib32-gamemode-1.8.2-1-x86_64 sendo baixado...
verificando chaveiro...
verificando integridade de pacotes...
carregando arquivos do pacote...
verificando conflitos de arquivos...
:: Processando alterações do pacote...
instalando gamemode...
instalando fmt...
instalando glfw...
instalando python-numpy...
Dependências opcionais para python-numpy
    blas-openblas: faster linear algebra
instalando python-contourpy...
Dependências opcionais para python-contourpy
    python-matplotlib: matplotlib renderer [pendente]
instalando python-cycler...
instalando python-six...
instalando python-dateutil...
instalando python-fonttools...
Dependências opcionais para python-fonttools
    python-brotli: to compress/decompress WOFF 2.0 web fonts
    python-fs: to read/write UFO source files
    python-lxml: faster backend for XML files reading/writing [instalado]
    python-lz4: for graphite type tables in ttLib/tables
    python-matplotlib: for visualizing DesignSpaceDocument and resulting VariationModel [pendente]
    python-pyqt5: for drawing glyphs with Qt’s QPainterPath
    python-reportlab: to drawing glyphs as PNG images
    python-scipy: for finding wrong contour/component order between different masters
    python-sympy: for symbolic font statistics analysis
    python-uharfbuzz: to use the Harfbuzz Repacker for packing GSUB/GPOS tables
    python-unicodedata2: for displaying the Unicode character names when dumping the cmap table with ttx
    python-zopfli: faster backend fom WOFF 1.0 web fonts compression
instalando python-kiwisolver...
instalando libimagequant...
instalando python-pillow...
Dependências opcionais para python-pillow
    libwebp: for webp images [instalado]
    tk: for the ImageTK module
    python-olefile: OLE2 file support
    python-pyqt6: for the ImageQt module [instalado]
    python-defusedxml: for reading XMP tags [instalado]
instalando python-pyparsing...
Dependências opcionais para python-pyparsing
    python-railroad-diagrams: for generating Railroad Diagrams
    python-jinja: for generating Railroad Diagrams [instalado]
instalando qhull...
instalando python-matplotlib...
Dependências opcionais para python-matplotlib
    tk: Tk{Agg,Cairo} backends
    pyside6: alternative for Qt6{Agg,Cairo} backends
    python-pyqt6: Qt6{Agg,Cairo} backends [instalado]
    python-gobject: for GTK{3,4}{Agg,Cairo} backend [instalado]
    python-wxpython: WX{Agg,Cairo} backend
    python-cairo: {GTK{3,4},Qt{5,6},Tk,WX}Cairo backends [instalado]
    python-cairocffi: alternative for Cairo backends
    python-tornado: WebAgg backend
    ffmpeg: for saving movies [instalado]
    imagemagick: for saving animated gifs [instalado]
    ghostscript: usetex dependencies [instalado]
    texlive-binextra: usetex dependencies
    texlive-fontsrecommended: usetex dependencies
    texlive-latexrecommended: usetex usage with pdflatex
    python-certifi: https support
instalando mangohud...
Dependências opcionais para mangohud
    gamescope: Use MangoApp as an overlay within gamescope
    libxnvctrl: NVIDIA GPU stats by XNVCtrl [instalado]
instalando lib32-gamemode...
instalando lib32-libice...
instalando lib32-libsm...
instalando lib32-libxt...
instalando lib32-libxmu...
instalando lib32-libxi...
instalando lib32-glu...
instalando glew...
instalando lib32-glew...
instalando lib32-libxkbcommon...
instalando lib32-mangohud...
:: Executando hooks pós-transação...
(1/5) Creating system user accounts...
Creating group 'gamemode' with GID 955.
(2/5) Reloading user manager configuration...
(3/5) Arming ConditionNeedsUpdate...
(4/5) Refreshing PackageKit...
(5/5) Updating icon theme caches...

== 4) Aplicar receita de agressividade Mocha ==
Backup criado: /etc/sysctl.d/90-mocha-agressividade.conf.bak.20260528-142427
Arquivo gravado limpo: /etc/sysctl.d/90-mocha-agressividade.conf
Arquivo gravado limpo: /etc/tmpfiles.d/90-mocha-thp-madvise.conf
Backup criado: /etc/systemd/zram-generator.conf.bak.20260528-142427
Arquivo gravado limpo: /etc/systemd/zram-generator.conf

Aplicando sysctl agora:
* Aplicando /usr/lib/sysctl.d/10-arch.conf ...
* Aplicando /usr/lib/sysctl.d/50-coredump.conf ...
* Aplicando /usr/lib/sysctl.d/50-default.conf ...
* Aplicando /usr/lib/sysctl.d/50-pid-max.conf ...
* Aplicando /etc/sysctl.d/90-mocha-agressividade.conf ...
fs.inotify.max_user_instances = 1024
fs.inotify.max_user_watches = 524288
vm.max_map_count = 1048576
net.ipv4.tcp_keepalive_time = 120
kernel.core_pattern = |/usr/lib/systemd/systemd-coredump %P %u %g %s %t %c %h %d %F
kernel.core_pipe_limit = 16
fs.suid_dumpable = 2
kernel.sysrq = 16
kernel.core_uses_pid = 1
net.ipv4.conf.default.rp_filter = 2
net.ipv4.conf.enp4s0.rp_filter = 2
net.ipv4.conf.lo.rp_filter = 2
net.ipv4.conf.default.accept_source_route = 0
net.ipv4.conf.enp4s0.accept_source_route = 0
net.ipv4.conf.lo.accept_source_route = 0
net.ipv4.conf.default.promote_secondaries = 1
net.ipv4.conf.enp4s0.promote_secondaries = 1
net.ipv4.conf.lo.promote_secondaries = 1
net.ipv4.ping_group_range = 0 2147483647
net.core.default_qdisc = fq_codel
fs.protected_hardlinks = 1
fs.protected_symlinks = 1
fs.protected_regular = 1
fs.protected_fifos = 1
kernel.pid_max = 4194304
vm.swappiness = 80
vm.vfs_cache_pressure = 50
vm.page-cluster = 0
vm.dirty_background_bytes = 67108864
vm.dirty_bytes = 268435456
vm.max_map_count = 16777216
kernel.sched_autogroup_enabled = 0

Aplicando THP madvise agora:
always [madvise] never

Recarregando systemd e zram-generator:
zram0 está em uso (1250697216 bytes). Não vou forçar swapoff; a configuração nova entra no próximo boot.

Swap/zram atual:
NAME           TYPE       SIZE USED  PRIO
/dev/zram0     partition 15,4G 1,2G 32767
/dev/nvme0n1p3 partition   17G   0B    -1

== 5) Ativar TuneD latency-performance ==
Perfil TuneD ativo:
Current active profile: latency-performance

== 6) Criar MangoHud Mocha e wrapper de jogo ==
Arquivo gravado limpo: /etc/mocha/mangohud/MangoHud.conf
MangoHud do usuário gravado: /home/hal/.config/MangoHud/Mocha-MangoHud-FPS-Comparacao.conf
Arquivo gravado limpo: /home/hal/.local/bin/mocha-steam-game-run

LaunchOptions canônica para testar no jogo da Steam:
/home/hal/.local/bin/mocha-steam-game-run %command%

== 7) Colocar linux-zen como entrada principal do GRUB ==
ERRO: /boot/vmlinuz-linux-zen não existe mesmo após instalação. Abortando antes de mexer no GRUB.
