Log: /media/mochafast/MochaArch/reports/mocha-arch-zen-agressivo-20260528-133547.log

== 1) AUDITORIA ANTES DE EDITAR ==
-- Sistema --
Linux hal-systemproductname 7.0.10-arch1-1 #1 SMP PREEMPT_DYNAMIC Sat, 23 May 2026 14:21:20 +0000 x86_64 GNU/Linux
NAME="EndeavourOS"
PRETTY_NAME="EndeavourOS"
ID="endeavouros"
ID_LIKE="arch"
BUILD_ID=rolling
ANSI_COLOR="38;2;23;147;209"
HOME_URL="https://endeavouros.com"
DOCUMENTATION_URL="https://discovery.endeavouros.com"
SUPPORT_URL="https://forum.endeavouros.com"
BUG_REPORT_URL="https://forum.endeavouros.com/c/general-system/endeavouros-installation"
PRIVACY_POLICY_URL="https://endeavouros.com/privacy-policy-2"
LOGO="endeavouros"

-- Kernels instalados --
linux 7.0.10.arch1-1
linux-firmware 20260519-1

-- Bootloader detectado --
System:
      Firmware: UEFI 2.70 (American Megatrends 5.17)
 Firmware Arch: x64
   Secure Boot: disabled
  TPM2 Support: yes
  Measured UKI: no
  Boot into FW: supported

Current Boot Loader:
       Product: systemd-boot 260.1-2-arch
     Features: ✓ Boot counting
               ✓ Menu timeout control
               ✓ One-shot menu timeout control
               ✓ Default entry control
               ✓ One-shot entry control
               ✓ Support for XBOOTLDR partition
               ✓ Support for passing random seed to OS
               ✓ Load drop-in drivers
               ✓ Support Type #1 sort-key field
               ✓ Support @saved pseudo-entry
               ✓ Support Type #1 devicetree field
               ✓ Enroll SecureBoot keys
               ✓ Retain SHIM protocols
               ✓ Menu can be disabled
               ✓ Multi-Profile UKIs are supported
               ✓ Loader reports network boot URL
               ✓ Support Type #1 uki field
               ✓ Support Type #1 uki-url field
               ✓ Loader reports active TPM2 PCR banks
     Partition: /dev/disk/by-partuuid/e99e8f54-c53f-41ef-bec0-51f63189d155
        Loader: └─/efi//EFI/SYSTEMD/SYSTEMD-BOOTX64.EFI
 Current Entry: 09a044e993f7415a92dd2833d9afb1d2-7.0.10-arch1-1.conf

Random Seed:
 System Token: set
       Exists: Can't access /efi/loader/random-seed (Permissão negada)

Available Boot Loaders on ESP:
          ESP: /efi (/dev/disk/by-partuuid/e99e8f54-c53f-41ef-bec0-51f63189d155)
         File: (can't access /efi: Permissão negada)

Boot Loaders Listed in EFI Variables:
        Title: Linux Boot Manager
           ID: 0x0000
       Status: active, boot-order
    Partition: /dev/disk/by-partuuid/e99e8f54-c53f-41ef-bec0-51f63189d155
         File: └─/efi//EFI/SYSTEMD/SYSTEMD-BOOTX64.EFI

        Title: UEFI OS
           ID: 0x0014
       Status: active, boot-order
    Partition: /dev/disk/by-partuuid/e99e8f54-c53f-41ef-bec0-51f63189d155
         File: └─/efi//EFI/BOOT/BOOTX64.EFI


-- Arquivos de configuração existentes --

### /etc/sysctl.d/90-mocha-agressividade.conf
AUSENTE

### /etc/systemd/zram-generator.conf
AUSENTE

### /etc/modules-load.d/mocha-zram.conf
AUSENTE

### /etc/tmpfiles.d/90-mocha-thp.conf
AUSENTE

== 2) INSTALAR KERNEL ZEN E COMPONENTES ==
Será usado pacman -Syu para evitar atualização parcial.
O pacman pode pedir confirmação; responda conforme a tela.

:: Sincronizando a base de dados de pacotes...
 endeavouros sendo baixado...
 core sendo baixado...
 extra sendo baixado...
 multilib sendo baixado...
:: Iniciando atualização completa do sistema...
resolvendo dependências...
procurando pacotes conflitantes...

Pacote (13)                Versão antiga  Versão nova              Diferença  Tamanho do download

extra/kwin                 6.6.5-2        6.6.5-3                   0,00 MiB            10,33 MiB
extra/libpfm                              4.13.0+r83+g91970fe-1     2,49 MiB             0,38 MiB
extra/libtraceevent                       1:1.9.0-1                 0,42 MiB             0,17 MiB
extra/llvm21-libs                         21.1.8-1                149,92 MiB            38,45 MiB
extra/numactl                             2.0.19-1                  0,24 MiB             0,08 MiB
extra/perf                                7.0.10-1                 24,06 MiB             3,16 MiB
extra/python-configobj                    5.0.9-6                   0,40 MiB             0,07 MiB
extra/python-linux-procfs                 0.7.4-2                   0,14 MiB             0,03 MiB
extra/python-pyudev                       0.24.4-1                  1,06 MiB             0,14 MiB
extra/linux-zen                           7.0.10.zen1-1           152,91 MiB           152,61 MiB
extra/linux-zen-headers                   7.0.10.zen1-1           281,31 MiB            61,50 MiB
extra/tuned                               2.27.0-1                  2,58 MiB             0,45 MiB
extra/zram-generator                      1.2.1-1                   0,75 MiB             0,32 MiB

Tamanho total download:   267,71 MiB
Tamanho total instalado:  647,19 MiB
Alteração no tamanho:     616,28 MiB

:: Continuar a instalação? [S/n] :: Obtendo pacotes...
 linux-zen-7.0.10.zen1-1-x86_64 sendo baixado...
 linux-zen-headers-7.0.10.zen1-1-x86_64 sendo baixado...
 llvm21-libs-21.1.8-1-x86_64 sendo baixado...
 kwin-6.6.5-3-x86_64 sendo baixado...
 perf-7.0.10-1-x86_64 sendo baixado...
 tuned-2.27.0-1-any sendo baixado...
 libpfm-4.13.0+r83+g91970fe-1-x86_64 sendo baixado...
 zram-generator-1.2.1-1-x86_64 sendo baixado...
 libtraceevent-1:1.9.0-1-x86_64 sendo baixado...
 python-pyudev-0.24.4-1-any sendo baixado...
 numactl-2.0.19-1-x86_64 sendo baixado...
 python-configobj-5.0.9-6-any sendo baixado...
 python-linux-procfs-0.7.4-2-any sendo baixado...
verificando chaveiro...
verificando integridade de pacotes...
carregando arquivos do pacote...
verificando conflitos de arquivos...
:: Processando alterações do pacote...
instalando linux-zen...
Dependências opcionais para linux-zen
    linux-zen-headers: headers and scripts for building modules [pendente]
    linux-firmware: firmware images needed for some devices [instalado]
    scx-scheds: to use sched-ext schedulers
    wireless-regdb: to set the correct wireless channels of your country [instalado]
instalando linux-zen-headers...
instalando numactl...
instalando libtraceevent...
Dependências opcionais para libtraceevent
    libtraceevent-docs: for documentation
instalando llvm21-libs...
instalando libpfm...
instalando perf...
instalando python-configobj...
instalando python-linux-procfs...
instalando python-pyudev...
Dependências opcionais para python-pyudev
    python-wxpython: WX integration
instalando tuned...
Dependências opcionais para tuned
    virt-what: Virtual machine detection
    systemtap: Detailed system monitoring
    tuned-ppd: power-profiles-daemon api translation
    wireless_tools: Wireless device power management
    x86_energy_perf_policy: Energy Performance Bias (EPB) support
instalando zram-generator...
atualizando kwin...
:: Executando hooks pós-transação...
( 1/11) Creating temporary files...
( 2/11) Reloading system manager configuration...
( 3/11) Reloading user manager configuration...
( 4/11) Arming ConditionNeedsUpdate...
( 5/11) Updating module dependencies...
( 6/11) Running kernel-install...
:: kernel-install installing kernel 7.0.10-zen1-1-zen
dracut-install: Failed to find module 'nvidia'
dracut[E]: FAILED:  /usr/lib/dracut/dracut-install -D /var/tmp/dracut.dtd1vPI/initramfs --kerneldir /usr/lib/modules/7.0.10-zen1-1-zen -m nvidia nvidia_modeset nvidia_uvm nvidia_drm
dracut-install: Failed to find module 'nvidia'
dracut[E]: FAILED:  /usr/lib/dracut/dracut-install -D /var/tmp/dracut.dGZxuM1/initramfs --kerneldir /usr/lib/modules/7.0.10-zen1-1-zen -m nvidia nvidia_modeset nvidia_uvm nvidia_drm
( 7/11) Refreshing PackageKit...
( 8/11) Reloading system bus configuration...
( 9/11) Updating icon theme caches...
(10/11) Checking which packages need to be rebuilt
(11/11) Updating the desktop file MIME type cache...

== 3) APLICAR RECEITA AGRESSIVA MOCHA ==
Receita: swappiness=80, vfs_cache_pressure=50, page-cluster=0, dirty 64/256 MiB, max_map_count=16777216, sched_autogroup=0, zram zstd 100%, THP=madvise, TuneD latency-performance.

Sem arquivo anterior: /etc/sysctl.d/90-mocha-agressividade.conf
Sem arquivo anterior: /etc/systemd/zram-generator.conf
Sem arquivo anterior: /etc/modules-load.d/mocha-zram.conf
Sem arquivo anterior: /etc/tmpfiles.d/90-mocha-thp.conf

== 4) ATIVAR CONFIGURAÇÕES NO SISTEMA ATUAL QUANDO POSSÍVEL ==
* Aplicando /usr/lib/sysctl.d/10-arch.conf ...
* Aplicando /usr/lib/sysctl.d/50-coredump.conf ...
* Aplicando /usr/lib/sysctl.d/50-default.conf ...
* Aplicando /usr/lib/sysctl.d/50-pid-max.conf ...
* Aplicando /etc/sysctl.d/90-mocha-agressividade.conf ...
fs.inotify.max_user_instances = 1024
fs.inotify.max_user_watches = 524288
vm.max_map_count = 1048576
net.ipv4.tcp_keepalive_time = 120
kernel.core_pattern = |/usr/lib/systemd/systemd-coredump %P %u %g %s %t %c %h %d %F
kernel.core_pipe_limit = 16
fs.suid_dumpable = 2
kernel.sysrq = 16
kernel.core_uses_pid = 1
net.ipv4.conf.default.rp_filter = 2
net.ipv4.conf.enp4s0.rp_filter = 2
net.ipv4.conf.lo.rp_filter = 2
net.ipv4.conf.default.accept_source_route = 0
net.ipv4.conf.enp4s0.accept_source_route = 0
net.ipv4.conf.lo.accept_source_route = 0
net.ipv4.conf.default.promote_secondaries = 1
net.ipv4.conf.enp4s0.promote_secondaries = 1
net.ipv4.conf.lo.promote_secondaries = 1
net.ipv4.ping_group_range = 0 2147483647
net.core.default_qdisc = fq_codel
fs.protected_hardlinks = 1
fs.protected_symlinks = 1
fs.protected_regular = 1
fs.protected_fifos = 1
kernel.pid_max = 4194304
vm.swappiness = 80
vm.vfs_cache_pressure = 50
vm.page-cluster = 0
vm.dirty_background_bytes = 67108864
vm.dirty_bytes = 268435456
vm.max_map_count = 16777216
kernel.sched_autogroup_enabled = 0
Created symlink '/etc/systemd/system/multi-user.target.wants/tuned.service' → '/usr/lib/systemd/system/tuned.service'.

== 5) ATUALIZAR BOOTLOADER QUANDO RECONHECIDO ==
-- GRUB não detectado ou grub-mkconfig ausente.
-- systemd-boot não detectado como instalado.

== 6) VALIDAÇÃO FINAL ==
-- Pacotes relevantes --
linux-zen 7.0.10.zen1-1
linux-zen-headers 7.0.10.zen1-1
tuned 2.27.0-1
zram-generator 1.2.1-1

-- Kernel atual, só muda após reboot --
7.0.10-arch1-1

-- Arquivos do Zen em /boot --

-- Sysctl Mocha ativo --
vm.swappiness = 80
vm.vfs_cache_pressure = 50
vm.page-cluster = 0
vm.dirty_background_bytes = 67108864
vm.dirty_bytes = 268435456
vm.max_map_count = 16777216
kernel.sched_autogroup_enabled = 0

-- zram/swap --
NAME           TYPE       SIZE USED  PRIO
/dev/nvme0n1p3 partition   17G 1,8G    -1
/dev/zram0     partition 15,4G   0B 32767

-- THP --
always [madvise] never

-- TuneD --
● tuned.service - Dynamic System Tuning Daemon
     Loaded: loaded (/usr/lib/systemd/system/tuned.service; enabled; preset: disabled)
     Active: active (running) since Thu 2026-05-28 13:41:16 -03; 1s ago
 Invocation: 3c119606a68d437eb49878c3933e941b
       Docs: man:tuned(8)
             man:tuned.conf(5)
             man:tuned-adm(8)
   Main PID: 63009 (tuned)
      Tasks: 4 (limit: 18792)
     Memory: 23.8M (peak: 24.7M)
        CPU: 173ms
     CGroup: /system.slice/tuned.service
             └─63009 /usr/bin/python3 -Es /usr/bin/tuned -l -P

mai 28 13:41:16 hal-systemproductname systemd[1]: Starting Dynamic System Tuning Daemon...
mai 28 13:41:16 hal-systemproductname systemd[1]: Started Dynamic System Tuning Daemon.
Current active profile: latency-performance

== CONCLUÍDO ==
Reinicie quando quiser testar. No boot, escolha Linux Zen / Mocha EndeavourOS Linux Zen.
Depois do reboot, valide com: uname -r
Log salvo em: /media/mochafast/MochaArch/reports/mocha-arch-zen-agressivo-20260528-133547.log
