Log: /media/mochafast/MochaArch/reports/mocha-arch-corrigir-boot-zen-default-20260528-142724.log

Kernel atual: 7.0.10-zen1-1-zen

== 1) Auditoria do boot real ==

-- findmnt /boot /efi /boot/efi --

-- pacotes de kernel instalados --
linux 7.0.10.arch1-1
linux-zen 7.0.10.zen1-1
linux-zen-headers 7.0.10.zen1-1

-- arquivos de entrada encontrados em /boot, /efi e /boot/efi --

### /boot

### /efi
2026-05-28 14:04 /efi/09a044e993f7415a92dd2833d9afb1d2/7.0.10-zen1-1-zen
2026-05-28 14:04 /efi/loader/entries/09a044e993f7415a92dd2833d9afb1d2-7.0.10-arch1-1.conf
2026-05-28 14:04 /efi/loader/entries/09a044e993f7415a92dd2833d9afb1d2-7.0.10-arch1-1-fallback.conf
2026-05-28 14:04 /efi/loader/entries/09a044e993f7415a92dd2833d9afb1d2-7.0.10-zen1-1-zen.conf
2026-05-28 14:04 /efi/loader/entries/09a044e993f7415a92dd2833d9afb1d2-7.0.10-zen1-1-zen-fallback.conf

-- /etc/default/grub --
(não existe; portanto não vou tentar configurar GRUB por /etc/default/grub)

== 2) Tentar systemd-boot/bootctl primeiro ==

-- bootctl status --
System:
      Firmware: UEFI 2.70 (American Megatrends 5.17)
 Firmware Arch: x64
   Secure Boot: disabled
  TPM2 Support: yes
  Measured UKI: no
  Boot into FW: supported

Current Boot Loader:
       Product: systemd-boot 260.1-2-arch
     Features: ✓ Boot counting
               ✓ Menu timeout control
               ✓ One-shot menu timeout control
               ✓ Default entry control
               ✓ One-shot entry control
               ✓ Support for XBOOTLDR partition
               ✓ Support for passing random seed to OS
               ✓ Load drop-in drivers
               ✓ Support Type #1 sort-key field
               ✓ Support @saved pseudo-entry
               ✓ Support Type #1 devicetree field
               ✓ Enroll SecureBoot keys
               ✓ Retain SHIM protocols
               ✓ Menu can be disabled
               ✓ Multi-Profile UKIs are supported
               ✓ Loader reports network boot URL
               ✓ Support Type #1 uki field
               ✓ Support Type #1 uki-url field
               ✓ Loader reports active TPM2 PCR banks
     Partition: /dev/disk/by-partuuid/e99e8f54-c53f-41ef-bec0-51f63189d155
        Loader: └─/efi//EFI/SYSTEMD/SYSTEMD-BOOTX64.EFI
 Current Entry: 09a044e993f7415a92dd2833d9afb1d2-7.0.10-zen1-1-zen.conf

Random Seed:
 System Token: set
       Exists: yes

Available Boot Loaders on ESP:
          ESP: /efi (/dev/disk/by-partuuid/e99e8f54-c53f-41ef-bec0-51f63189d155)
         File: ├─/efi//EFI/systemd/systemd-bootx64.efi (systemd-boot 260.1-2-arch)
               └─/efi//EFI/BOOT/BOOTX64.EFI (systemd-boot 260.1-2-arch)

Boot Loaders Listed in EFI Variables:
        Title: Linux Boot Manager
           ID: 0x0000
       Status: active, boot-order
    Partition: /dev/disk/by-partuuid/e99e8f54-c53f-41ef-bec0-51f63189d155
         File: └─/efi//EFI/SYSTEMD/SYSTEMD-BOOTX64.EFI

        Title: UEFI OS
           ID: 0x0014
       Status: active, boot-order
    Partition: /dev/disk/by-partuuid/e99e8f54-c53f-41ef-bec0-51f63189d155
         File: └─/efi//EFI/BOOT/BOOTX64.EFI

Boot Loader Entry Locations:
          ESP: /efi (/dev/disk/by-partuuid/e99e8f54-c53f-41ef-bec0-51f63189d155, $BOOT)
       config: /efi//loader/loader.conf
        token: endeavouros

Default Boot Loader Entry:
         type: Boot Loader Specification Type #1 (.conf)
        title: EndeavourOS (7.0.10-arch1-1)
           id: 09a044e993f7415a92dd2833d9afb1d2-7.0.10-arch1-1.conf
       source: /efi//loader/entries/09a044e993f7415a92dd2833d9afb1d2-7.0.10-arch1-1.conf (on the EFI System Partition)
     sort-key: endeavouros-7.0.10-arch1-1
      version: 7.0.10-arch1-1
   machine-id: 09a044e993f7415a92dd2833d9afb1d2
        linux: /efi//09a044e993f7415a92dd2833d9afb1d2/7.0.10-arch1-1/linux
       initrd: /efi//09a044e993f7415a92dd2833d9afb1d2/7.0.10-arch1-1/initrd
      options: nvme_load=YES nowatchdog rw rootflags=subvol=/@ root=UUID=eaa807e8-e03e-4502-bca6-f7a49c93a6f3 nvidia_drm.modeset=1 modprobe.blacklist=nouveau nouveau.modeset=0 systemd.machine_id=09a044e993f7415a92dd2833d9afb1d2

-- bootctl list --
         type: Boot Loader Specification Type #1 (.conf)
        title: EndeavourOS (7.0.10-arch1-1) (default)
           id: 09a044e993f7415a92dd2833d9afb1d2-7.0.10-arch1-1.conf
       source: /efi//loader/entries/09a044e993f7415a92dd2833d9afb1d2-7.0.10-arch1-1.conf (on the EFI System Partition)
     sort-key: endeavouros-7.0.10-arch1-1
      version: 7.0.10-arch1-1
   machine-id: 09a044e993f7415a92dd2833d9afb1d2
        linux: /efi//09a044e993f7415a92dd2833d9afb1d2/7.0.10-arch1-1/linux
       initrd: /efi//09a044e993f7415a92dd2833d9afb1d2/7.0.10-arch1-1/initrd
      options: nvme_load=YES nowatchdog rw rootflags=subvol=/@ root=UUID=eaa807e8-e03e-4502-bca6-f7a49c93a6f3 nvidia_drm.modeset=1 modprobe.blacklist=nouveau nouveau.modeset=0 systemd.machine_id=09a044e993f7415a92dd2833d9afb1d2

         type: Boot Loader Specification Type #1 (.conf)
        title: EndeavourOS (7.0.10-arch1-1-fallback)
           id: 09a044e993f7415a92dd2833d9afb1d2-7.0.10-arch1-1-fallback.conf
       source: /efi//loader/entries/09a044e993f7415a92dd2833d9afb1d2-7.0.10-arch1-1-fallback.conf (on the EFI System Partition)
     sort-key: endeavouros-7.0.10-arch1-1-fallback
      version: 7.0.10-arch1-1-fallback
   machine-id: 09a044e993f7415a92dd2833d9afb1d2
        linux: /efi//09a044e993f7415a92dd2833d9afb1d2/7.0.10-arch1-1/linux
       initrd: /efi//09a044e993f7415a92dd2833d9afb1d2/7.0.10-arch1-1/initrd-fallback
      options: nvme_load=YES nowatchdog rw rootflags=subvol=/@ root=UUID=eaa807e8-e03e-4502-bca6-f7a49c93a6f3 nvidia_drm.modeset=1 modprobe.blacklist=nouveau nouveau.modeset=0 systemd.machine_id=09a044e993f7415a92dd2833d9afb1d2

         type: Boot Loader Specification Type #1 (.conf)
        title: EndeavourOS (7.0.10-zen1-1-zen) (selected)
           id: 09a044e993f7415a92dd2833d9afb1d2-7.0.10-zen1-1-zen.conf
       source: /efi//loader/entries/09a044e993f7415a92dd2833d9afb1d2-7.0.10-zen1-1-zen.conf (on the EFI System Partition)
     sort-key: endeavouros-7.0.10-zen1-1-zen
      version: 7.0.10-zen1-1-zen
   machine-id: 09a044e993f7415a92dd2833d9afb1d2
        linux: /efi//09a044e993f7415a92dd2833d9afb1d2/7.0.10-zen1-1-zen/linux
       initrd: /efi//09a044e993f7415a92dd2833d9afb1d2/7.0.10-zen1-1-zen/initrd
      options: nvme_load=YES nowatchdog rw rootflags=subvol=/@ root=UUID=eaa807e8-e03e-4502-bca6-f7a49c93a6f3 nvidia_drm.modeset=1 modprobe.blacklist=nouveau nouveau.modeset=0 systemd.machine_id=09a044e993f7415a92dd2833d9afb1d2

         type: Boot Loader Specification Type #1 (.conf)
        title: EndeavourOS (7.0.10-zen1-1-zen-fallback)
           id: 09a044e993f7415a92dd2833d9afb1d2-7.0.10-zen1-1-zen-fallback.conf
       source: /efi//loader/entries/09a044e993f7415a92dd2833d9afb1d2-7.0.10-zen1-1-zen-fallback.conf (on the EFI System Partition)
     sort-key: endeavouros-7.0.10-zen1-1-zen-fallback
      version: 7.0.10-zen1-1-zen-fallback
   machine-id: 09a044e993f7415a92dd2833d9afb1d2
        linux: /efi//09a044e993f7415a92dd2833d9afb1d2/7.0.10-zen1-1-zen/linux
       initrd: /efi//09a044e993f7415a92dd2833d9afb1d2/7.0.10-zen1-1-zen/initrd-fallback
      options: nvme_load=YES nowatchdog rw rootflags=subvol=/@ root=UUID=eaa807e8-e03e-4502-bca6-f7a49c93a6f3 nvidia_drm.modeset=1 modprobe.blacklist=nouveau nouveau.modeset=0 systemd.machine_id=09a044e993f7415a92dd2833d9afb1d2

         type: Automatic
        title: Reboot Into Firmware Interface
           id: auto-reboot-to-firmware-setup
       source: /sys/firmware/efi/efivars/LoaderEntries-4a67b082-0a4c-41cf-b6c7-440b29bb8c4f (on the EFI System Partition)

Definindo entrada padrão via bootctl: 09a044e993f7415a92dd2833d9afb1d2-7.0.10-zen1-1-zen.conf

-- bootctl list após ajuste --
         type: Boot Loader Specification Type #1 (.conf)
        title: EndeavourOS (7.0.10-arch1-1)
           id: 09a044e993f7415a92dd2833d9afb1d2-7.0.10-arch1-1.conf
       source: /efi//loader/entries/09a044e993f7415a92dd2833d9afb1d2-7.0.10-arch1-1.conf (on the EFI System Partition)
     sort-key: endeavouros-7.0.10-arch1-1
      version: 7.0.10-arch1-1
   machine-id: 09a044e993f7415a92dd2833d9afb1d2
        linux: /efi//09a044e993f7415a92dd2833d9afb1d2/7.0.10-arch1-1/linux
       initrd: /efi//09a044e993f7415a92dd2833d9afb1d2/7.0.10-arch1-1/initrd
      options: nvme_load=YES nowatchdog rw rootflags=subvol=/@ root=UUID=eaa807e8-e03e-4502-bca6-f7a49c93a6f3 nvidia_drm.modeset=1 modprobe.blacklist=nouveau nouveau.modeset=0 systemd.machine_id=09a044e993f7415a92dd2833d9afb1d2

         type: Boot Loader Specification Type #1 (.conf)
        title: EndeavourOS (7.0.10-arch1-1-fallback)
           id: 09a044e993f7415a92dd2833d9afb1d2-7.0.10-arch1-1-fallback.conf
       source: /efi//loader/entries/09a044e993f7415a92dd2833d9afb1d2-7.0.10-arch1-1-fallback.conf (on the EFI System Partition)
     sort-key: endeavouros-7.0.10-arch1-1-fallback
      version: 7.0.10-arch1-1-fallback
   machine-id: 09a044e993f7415a92dd2833d9afb1d2
        linux: /efi//09a044e993f7415a92dd2833d9afb1d2/7.0.10-arch1-1/linux
       initrd: /efi//09a044e993f7415a92dd2833d9afb1d2/7.0.10-arch1-1/initrd-fallback
      options: nvme_load=YES nowatchdog rw rootflags=subvol=/@ root=UUID=eaa807e8-e03e-4502-bca6-f7a49c93a6f3 nvidia_drm.modeset=1 modprobe.blacklist=nouveau nouveau.modeset=0 systemd.machine_id=09a044e993f7415a92dd2833d9afb1d2

         type: Boot Loader Specification Type #1 (.conf)
        title: EndeavourOS (7.0.10-zen1-1-zen) (default) (selected)
           id: 09a044e993f7415a92dd2833d9afb1d2-7.0.10-zen1-1-zen.conf
       source: /efi//loader/entries/09a044e993f7415a92dd2833d9afb1d2-7.0.10-zen1-1-zen.conf (on the EFI System Partition)
     sort-key: endeavouros-7.0.10-zen1-1-zen
      version: 7.0.10-zen1-1-zen
   machine-id: 09a044e993f7415a92dd2833d9afb1d2
        linux: /efi//09a044e993f7415a92dd2833d9afb1d2/7.0.10-zen1-1-zen/linux
       initrd: /efi//09a044e993f7415a92dd2833d9afb1d2/7.0.10-zen1-1-zen/initrd
      options: nvme_load=YES nowatchdog rw rootflags=subvol=/@ root=UUID=eaa807e8-e03e-4502-bca6-f7a49c93a6f3 nvidia_drm.modeset=1 modprobe.blacklist=nouveau nouveau.modeset=0 systemd.machine_id=09a044e993f7415a92dd2833d9afb1d2

         type: Boot Loader Specification Type #1 (.conf)
        title: EndeavourOS (7.0.10-zen1-1-zen-fallback)
           id: 09a044e993f7415a92dd2833d9afb1d2-7.0.10-zen1-1-zen-fallback.conf
       source: /efi//loader/entries/09a044e993f7415a92dd2833d9afb1d2-7.0.10-zen1-1-zen-fallback.conf (on the EFI System Partition)
     sort-key: endeavouros-7.0.10-zen1-1-zen-fallback
      version: 7.0.10-zen1-1-zen-fallback
   machine-id: 09a044e993f7415a92dd2833d9afb1d2
        linux: /efi//09a044e993f7415a92dd2833d9afb1d2/7.0.10-zen1-1-zen/linux
       initrd: /efi//09a044e993f7415a92dd2833d9afb1d2/7.0.10-zen1-1-zen/initrd-fallback
      options: nvme_load=YES nowatchdog rw rootflags=subvol=/@ root=UUID=eaa807e8-e03e-4502-bca6-f7a49c93a6f3 nvidia_drm.modeset=1 modprobe.blacklist=nouveau nouveau.modeset=0 systemd.machine_id=09a044e993f7415a92dd2833d9afb1d2

         type: Automatic
        title: Reboot Into Firmware Interface
           id: auto-reboot-to-firmware-setup
       source: /sys/firmware/efi/efivars/LoaderEntries-4a67b082-0a4c-41cf-b6c7-440b29bb8c4f (on the EFI System Partition)

== 3) Garantir ordem UEFI colocando a entrada atual no topo ==
-- efibootmgr antes --
BootCurrent: 0000
Timeout: 1 seconds
BootOrder: 0000,0013,0014,0001,0002,0003
Boot0000* Linux Boot Manager	HD(4,GPT,e99e8f54-c53f-41ef-bec0-51f63189d155,0x800,0x400000)/\EFI\SYSTEMD\SYSTEMD-BOOTX64.EFI
      dp: 04 01 2a 00 04 00 00 00 00 08 00 00 00 00 00 00 00 00 40 00 00 00 00 00 54 8f 9e e9 3f c5 ef 41 be c0 51 f6 31 89 d1 55 02 02 / 04 04 46 00 5c 00 45 00 46 00 49 00 5c 00 53 00 59 00 53 00 54 00 45 00 4d 00 44 00 5c 00 53 00 59 00 53 00 54 00 45 00 4d 00 44 00 2d 00 42 00 4f 00 4f 00 54 00 58 00 36 00 34 00 2e 00 45 00 46 00 49 00 00 00 / 7f ff 04 00
Boot0001* UEFI:CD/DVD Drive	BBS(129,,0x0)
      dp: 05 01 09 00 81 00 00 00 00 / 7f ff 04 00
Boot0002* UEFI:Removable Device	BBS(130,,0x0)
      dp: 05 01 09 00 82 00 00 00 00 / 7f ff 04 00
Boot0003* UEFI:Network Device	BBS(131,,0x0)
      dp: 05 01 09 00 83 00 00 00 00 / 7f ff 04 00
Boot0009  USB Entry for Windows To Go	UsbClass(ffff,ffff,255,255){0df5afdc-4026-47e4-818a-f34380953615}
      dp: 03 0f 0b 00 ff ff ff ff ff ff ff / 7f ff 04 00
    data: dc af f5 0d 26 40 e4 47 81 8a f3 43 80 95 36 15
Boot0013* UEFI OS	HD(2,MBR,0xdbf5b2d1,0x6fbcf30,0x10000)/\EFI\BOOT\BOOTX64.EFI0000424f
      dp: 04 01 2a 00 02 00 00 00 30 cf fb 06 00 00 00 00 00 00 01 00 00 00 00 00 d1 b2 f5 db 00 00 00 00 00 00 00 00 00 00 00 00 01 01 / 04 04 30 00 5c 00 45 00 46 00 49 00 5c 00 42 00 4f 00 4f 00 54 00 5c 00 42 00 4f 00 4f 00 54 00 58 00 36 00 34 00 2e 00 45 00 46 00 49 00 00 00 / 7f ff 04 00
    data: 00 00 42 4f
Boot0014* UEFI OS	HD(4,GPT,e99e8f54-c53f-41ef-bec0-51f63189d155,0x800,0x400000)/\EFI\BOOT\BOOTX64.EFI0000424f
      dp: 04 01 2a 00 04 00 00 00 00 08 00 00 00 00 00 00 00 00 40 00 00 00 00 00 54 8f 9e e9 3f c5 ef 41 be c0 51 f6 31 89 d1 55 02 02 / 04 04 30 00 5c 00 45 00 46 00 49 00 5c 00 42 00 4f 00 4f 00 54 00 5c 00 42 00 4f 00 4f 00 54 00 58 00 36 00 34 00 2e 00 45 00 46 00 49 00 00 00 / 7f ff 04 00
    data: 00 00 42 4f

BootCurrent já está no topo da BootOrder.

-- efibootmgr depois --
BootCurrent: 0000
Timeout: 1 seconds
BootOrder: 0000,0013,0014,0001,0002,0003
Boot0000* Linux Boot Manager	HD(4,GPT,e99e8f54-c53f-41ef-bec0-51f63189d155,0x800,0x400000)/\EFI\SYSTEMD\SYSTEMD-BOOTX64.EFI
      dp: 04 01 2a 00 04 00 00 00 00 08 00 00 00 00 00 00 00 00 40 00 00 00 00 00 54 8f 9e e9 3f c5 ef 41 be c0 51 f6 31 89 d1 55 02 02 / 04 04 46 00 5c 00 45 00 46 00 49 00 5c 00 53 00 59 00 53 00 54 00 45 00 4d 00 44 00 5c 00 53 00 59 00 53 00 54 00 45 00 4d 00 44 00 2d 00 42 00 4f 00 4f 00 54 00 58 00 36 00 34 00 2e 00 45 00 46 00 49 00 00 00 / 7f ff 04 00
Boot0001* UEFI:CD/DVD Drive	BBS(129,,0x0)
      dp: 05 01 09 00 81 00 00 00 00 / 7f ff 04 00
Boot0002* UEFI:Removable Device	BBS(130,,0x0)
      dp: 05 01 09 00 82 00 00 00 00 / 7f ff 04 00
Boot0003* UEFI:Network Device	BBS(131,,0x0)
      dp: 05 01 09 00 83 00 00 00 00 / 7f ff 04 00
Boot0009  USB Entry for Windows To Go	UsbClass(ffff,ffff,255,255){0df5afdc-4026-47e4-818a-f34380953615}
      dp: 03 0f 0b 00 ff ff ff ff ff ff ff / 7f ff 04 00
    data: dc af f5 0d 26 40 e4 47 81 8a f3 43 80 95 36 15
Boot0013* UEFI OS	HD(2,MBR,0xdbf5b2d1,0x6fbcf30,0x10000)/\EFI\BOOT\BOOTX64.EFI0000424f
      dp: 04 01 2a 00 02 00 00 00 30 cf fb 06 00 00 00 00 00 00 01 00 00 00 00 00 d1 b2 f5 db 00 00 00 00 00 00 00 00 00 00 00 00 01 01 / 04 04 30 00 5c 00 45 00 46 00 49 00 5c 00 42 00 4f 00 4f 00 54 00 5c 00 42 00 4f 00 4f 00 54 00 58 00 36 00 34 00 2e 00 45 00 46 00 49 00 00 00 / 7f ff 04 00
    data: 00 00 42 4f
Boot0014* UEFI OS	HD(4,GPT,e99e8f54-c53f-41ef-bec0-51f63189d155,0x800,0x400000)/\EFI\BOOT\BOOTX64.EFI0000424f
      dp: 04 01 2a 00 04 00 00 00 00 08 00 00 00 00 00 00 00 00 40 00 00 00 00 00 54 8f 9e e9 3f c5 ef 41 be c0 51 f6 31 89 d1 55 02 02 / 04 04 30 00 5c 00 45 00 46 00 49 00 5c 00 42 00 4f 00 4f 00 54 00 5c 00 42 00 4f 00 4f 00 54 00 58 00 36 00 34 00 2e 00 45 00 46 00 49 00 00 00 / 7f ff 04 00
    data: 00 00 42 4f

== 4) Validação final ==
Kernel atual:
7.0.10-zen1-1-zen

TuneD:
Current active profile: latency-performance

Sysctl Mocha:
vm.swappiness = 80
vm.vfs_cache_pressure = 50
vm.page-cluster = 0
vm.dirty_background_bytes = 67108864
vm.dirty_bytes = 268435456
vm.max_map_count = 16777216
kernel.sched_autogroup_enabled = 0

THP:
always [madvise] never

Wrapper Steam:
-rwxr-xr-x 1 hal hal 637 mai 28 14:24 /home/hal/.local/bin/mocha-steam-game-run
LaunchOptions:
/home/hal/.local/bin/mocha-steam-game-run %command%

Resumo:
  bootctl ajustado: 1
  UEFI BootOrder ajustada/conferida: 1
  log: /media/mochafast/MochaArch/reports/mocha-arch-corrigir-boot-zen-default-20260528-142724.log

Pronto. No próximo reboot, a máquina deve voltar direto para a entrada Zen atual.
