== MOCHA KDE — BARRA ESTILO WINDOWS 11 APROVADA ==
Timestamp: 20260528-225449
Arquivo: /home/hal/.config/plasma-org.kde.plasma.desktop-appletsrc
Log: /home/hal/mocha-kde-barra-win11-aprovada-20260528-225449.log
Modo: audita, organiza a barra e reinicia somente o plasmashell.
Não instala pacote. Não mexe em kernel. Não mexe em NVIDIA. Não mexe em boot.


============================================================
== Pré-checagem KDE Wayland
============================================================
XDG_SESSION_TYPE=wayland
XDG_CURRENT_DESKTOP=KDE
plasmashell 6.6.5
kwin 6.6.5

============================================================
== Procurar comando salvo no FAST, se existir
============================================================
FAST montado. Procurando scripts de barra já salvos:
2026-05-28 12:24  /media/mochafast/MochaArch/ATIVO-TRABALHO/snapshots-aprovados/kde/plasma-org.kde.plasma.desktop-appletsrc.barra-win11-funcionando-20260528-122730.conf
2026-05-28 12:27  /media/mochafast/MochaArch/ATIVO-TRABALHO/manifestos/MANIFESTO-barra-kde-win11-aprovada-20260528-122730.txt
2026-05-28 12:27  /media/mochafast/MochaArch/ATIVO-TRABALHO/relatorios/guardar-barra-kde-win11-aprovada-20260528-122730.txt
2026-05-28 12:27  /media/mochafast/MochaArch/ATIVO-TRABALHO/relatorios/resumo-painel-kde-win11-aprovado-20260528-122730.txt
2026-05-28 12:27  /media/mochafast/MochaArch/ATIVO-TRABALHO/scripts-aprovados/kde/mocha-kde-barra-win11-limpa-aprovada-20260528-122730.sh

============================================================
== Auditoria do painel antes da alteração
============================================================
Painéis detectados: 2
Painel 2 AppletOrder atual: 3;4;5;6;7;21;22
  3: org.kde.plasma.kickoff
  4: org.kde.plasma.pager
  5: org.kde.plasma.icontasks
  6: org.kde.plasma.marginsseparator
  7: org.kde.plasma.systemtray
  21: org.kde.plasma.digitalclock
  22: org.kde.plasma.showdesktop

============================================================
== Backup antes de editar
============================================================
Backup criado: /home/hal/.config/plasma-org.kde.plasma.desktop-appletsrc.mocha-backup-20260528-225449

============================================================
== Aplicar organização aprovada
============================================================
Painel ajustado: 2
Ordem nova:
  4: org.kde.plasma.pager
  6: org.kde.plasma.marginsseparator
  23: org.kde.plasma.panelspacer
  3: org.kde.plasma.kickoff
  5: org.kde.plasma.icontasks
  24: org.kde.plasma.panelspacer
  7: org.kde.plasma.systemtray
  21: org.kde.plasma.digitalclock
  22: org.kde.plasma.showdesktop

============================================================
== Auditoria depois da alteração
============================================================
Painel 2 AppletOrder novo: 4;6;23;3;5;24;7;21;22
  4: org.kde.plasma.pager
  6: org.kde.plasma.marginsseparator
  23: org.kde.plasma.panelspacer
  3: org.kde.plasma.kickoff
  5: org.kde.plasma.icontasks
  24: org.kde.plasma.panelspacer
  7: org.kde.plasma.systemtray
  21: org.kde.plasma.digitalclock
  22: org.kde.plasma.showdesktop

============================================================
== Manter no máximo 2 backups do arquivo da barra
============================================================
Sem backups excedentes.

============================================================
== Salvar script/log na pasta MochaArch se FAST estiver disponível
============================================================
