== 1/7 — Preflight ==
Origem:  /media/mochafast/MochaKDE-BaseAtiva-20260527-221154/kdedeutoflake/tema-kde-atual-salvo-20260524-212342/home-config/.local/share/color-schemes
Destino: /media/mochafast/MochaArch/ativo/kde/esquemas-cores-aprovados
Usuário: /home/hal/.local/share/color-schemes

== 2/7 — Copiando esquemas KDE reais ==
OK copiado: MochaSolidCanonico.colors
OK copiado: MochaKDE.colors
OK copiado: MochaDark.colors
OK copiado: Mocha-Windows11.colors

== 3/7 — Conferindo nomes internos sem abortar por ausência de HEX ==

--- MochaSolidCanonico.colors ---
ColorScheme=MochaSolidCanonico
Name=Mocha Solid Canonico
HEX únicos: 0
Entradas RGB KDE: 104

--- MochaKDE.colors ---
ColorScheme=MochaKDE
Name=MochaKDE
HEX únicos: 0
Entradas RGB KDE: 104

--- MochaDark.colors ---
Name=Mocha Dark
ColorScheme=MochaDark
HEX únicos: 0
Entradas RGB KDE: 83

--- Mocha-Windows11.colors ---
ColorScheme=Mocha-Windows11
Name=Mocha Windows 11
HEX únicos: 0
Entradas RGB KDE: 104

== 4/7 — Aplicando MochaSolidCanonico ==
Detected locale "C" with character encoding "ANSI_X3.4-1968", which is not UTF-8.
Qt depends on a UTF-8 locale, and has switched to "C.UTF-8" instead.
If this causes problems, reconfigure your locale. See the locale(1) manual
for more information.
Successfully applied the color scheme MochaSolidCanonico to your current Plasma session
plasma-apply-colorscheme aplicou: MochaSolidCanonico
Detected locale "C" with character encoding "ANSI_X3.4-1968", which is not UTF-8.
Qt depends on a UTF-8 locale, and has switched to "C.UTF-8" instead.
If this causes problems, reconfigure your locale. See the locale(1) manual
for more information.
Detected locale "C" with character encoding "ANSI_X3.4-1968", which is not UTF-8.
Qt depends on a UTF-8 locale, and has switched to "C.UTF-8" instead.
If this causes problems, reconfigure your locale. See the locale(1) manual
for more information.
kdeglobals agora aponta para: MochaSolidCanonico

== 5/7 — Recarregando KWin/Plasma sem encerrar sessão ==
plasmashell reiniciado. Log temporário: /tmp/mocha-plasmashell-restart-20260529-175841.log

== 6/7 — Registrando passo no manual vivo, se existir ==
Manual vivo atualizado: /media/mochafast/MochaArch/ativo/MANUAL-UNICO-VIVO-MONTAGEM-MOCHA-ARCH-KDE.md

== 7/7 — Criando documento do passo ==
Documento:
/media/mochafast/MochaArch/ativo/documentacao/20260529-175841-esquema-cores-kde-mocha-solid-canonico-aplicado.md

Log:
/media/mochafast/MochaArch/ativo/auditorias/20260529-175841-aplicar-esquema-cores-kde-corrigido.log

== CONCLUÍDO ==
