== 1/6 Estado antes ==

### Serviços de usuário relevantes antes
sys-devices-pci0000:00-0000:00:08.1-0000:09:00.4-usb5-5\x2d2-5\x2d2:1.0-bluetooth-hci0-hci0:1.device                    loaded active plugged   /sys/devices/pci0000:00/0000:00:08.1/0000:09:00.4/usb5/5-2/5-2:1.0/bluetooth/hci0/hci0:1
sys-devices-pci0000:00-0000:00:08.1-0000:09:00.4-usb5-5\x2d2-5\x2d2:1.0-bluetooth-hci0.device                           loaded active plugged   /sys/devices/pci0000:00/0000:00:08.1/0000:09:00.4/usb5/5-2/5-2:1.0/bluetooth/hci0
sys-subsystem-bluetooth-devices-hci0.device                                                                             loaded active plugged   /sys/subsystem/bluetooth/devices/hci0
sys-subsystem-bluetooth-devices-hci0:1.device                                                                           loaded active plugged   /sys/subsystem/bluetooth/devices/hci0:1
app-blueman@autostart.service                                                                                           loaded active running   Blueman Applet
app-kmix_autostart@autostart.service                                                                                    loaded active running   KMix
app-org.kde.bluedevilwizard@2c6d514fa32d417ea2e56bae877bd717.service                                                    loaded failed failed    Adicionar dispositivo Bluetooth - Adicionar dispositivo Bluetooth
app-pulseaudio@autostart.service                                                                                        loaded failed failed    PulseAudio Sound System
pipewire.service                                                                                                        loaded active running   PipeWire Multimedia Service
pulseaudio.service                                                                                                      loaded active running   Sound Service
wireplumber.service                                                                                                     loaded active running   Multimedia Service Session Manager
pipewire.socket                                                                                                         loaded active running   PipeWire Multimedia System Sockets
pulseaudio.socket                                                                                                       loaded active running   Sound System
bluetooth.target                                                                                                        loaded active active    Bluetooth

### Processos relevantes antes
1014 /usr/bin/pipewire
1015 /usr/bin/wireplumber
1056 /usr/bin/pulseaudio --daemonize=no --log-target=journal
1114 /usr/bin/plasmashell --no-respawn
1994 /usr/bin/python /usr/bin/blueman-applet
2060 /usr/bin/kmix --keepvisibility

== 2/6 Criando override local para impedir autostart do Blueman ==
Criado override local a partir de: /etc/xdg/autostart/blueman.desktop
Override final:
38:Name=Blueman Applet
78:Exec=blueman-applet
83:Hidden=true

== 3/6 Parando Blueman Applet nesta sessão ==
Blueman após stop:
blueman-applet não está mais rodando.

== 4/6 Mantendo Bluetooth do KDE e serviço do sistema ==
bluetooth.service:
active

bluetoothctl show:

== 5/6 Auditoria específica do volume duplicado ==

### Autostarts relacionados a áudio/volume
--- /home/hal/.config/autostart ---
