== Saída ==
/media/mochafast/MochaArch/auditorias/iso-calam-rootfs-20260529-131644

== Verificando ferramenta unsquashfs ==
unsquashfs ausente. Instalando pacote oficial necessário: squashfs-tools
Comando: sudo pacman -S --needed squashfs-tools
resolvendo dependências...
procurando pacotes conflitantes...

Pacote (1)            Versão nova    Diferença  Tamanho do download

extra/squashfs-tools  4.7.5-1         0,92 MiB             0,26 MiB

Tamanho total download:   0,26 MiB
Tamanho total instalado:  0,92 MiB

:: Continuar a instalação? [S/n] :: Obtendo pacotes...
 squashfs-tools-4.7.5-1-x86_64 sendo baixado...
verificando chaveiro...
verificando integridade de pacotes...
carregando arquivos do pacote...
verificando conflitos de arquivos...
:: Processando alterações do pacote...
instalando squashfs-tools...
:: Executando hooks pós-transação...
(1/2) Arming ConditionNeedsUpdate...
(2/2) Refreshing PackageKit...
bash: linha 160: encontrado EOF inesperado enquanto procurava por `"' correspondente
