
== MOCHA — atualização controlada dos Flatpaks e desativação dos repos Cachy ==
Data: 2026-05-30T14:14:53-03:00
Log: /media/mochafast/MochaArch/ativo/relatorios/20260530-141453-flatpak-update-cachy-desativado-nvidia-travado.log

== Validando comandos essenciais ==

== Pedindo sudo uma vez e mantendo sessão ativa ==

== Estado antes — Flatpak runtimes relevantes ==
org.freedesktop.Platform	25.08	flathub	system	org.freedesktop.Platform/x86_64/25.08
org.freedesktop.Platform.GL.default	25.08	flathub	system	org.freedesktop.Platform.GL.default/x86_64/25.08
org.freedesktop.Platform.GL.default	25.08-extra	flathub	system	org.freedesktop.Platform.GL.default/x86_64/25.08-extra
org.freedesktop.Platform.codecs-extra	25.08-extra	flathub	system	org.freedesktop.Platform.codecs-extra/x86_64/25.08-extra
org.gnome.Platform	50	flathub	system	org.gnome.Platform/x86_64/50

== Atualizando metadados Flatpak ==
Atualizando dados de appstream para remoto flathub

== Atualizando somente os runtimes Flatpak mostrados no Discover ==
Refs alvo:
  org.freedesktop.Platform/x86_64/25.08
  org.gnome.Platform/x86_64/50
Instalando runtime/org.freedesktop.Platform.GL.nvidia-610-43-02/x86_64/1.4
Instalando runtime/org.freedesktop.Platform.VAAPI.nvidia/x86_64/25.08

== Backup controlado do pacman.conf ==
Backup criado: /etc/pacman.conf.bak-20260530-141453

== Mantendo no máximo 2 backups recentes do pacman.conf ==
Nenhum backup excedente.

== Comentando bloco CachyOS em /etc/pacman.conf ==

== Garantindo IgnorePkg para kernel/NVIDIA críticos ==

== Validando sintaxe básica do pacman.conf editado ==

== Instalando pacman.conf ajustado ==

== Atualizando bancos do pacman sem atualizar pacotes ==
:: Sincronizando a base de dados de pacotes...
 mocha-stable sendo baixado...
 core sendo baixado...
 extra sendo baixado...
 multilib sendo baixado...

== Estado depois — repositórios Cachy no pacman.conf ==
10:IgnorePkg = linux-cachyos-bore-lto linux-cachyos-bore-lto-nvidia-open nvidia-utils lib32-nvidia-utils
111:# BEGIN MOCHA TESTE CACHYOS V3 BORE LTO NVIDIA 20260530-132409
113:# Usar pacotes CachyOS somente com repo explícito: cachyos-v3/pacote.
114:# [cachyos-v3]
115:# Include = /etc/pacman.d/cachyos-v3-mirrorlist
116:# [cachyos-core-v3]
117:# Include = /etc/pacman.d/cachyos-v3-mirrorlist
118:# [cachyos-extra-v3]
119:# Include = /etc/pacman.d/cachyos-v3-mirrorlist
120:# END MOCHA TESTE CACHYOS V3 BORE LTO NVIDIA 20260530-132409

== Estado depois — IgnorePkg ==
10:IgnorePkg = linux-cachyos-bore-lto linux-cachyos-bore-lto-nvidia-open nvidia-utils lib32-nvidia-utils

== Estado depois — kernel/NVIDIA continuam casados ==
7.0.10-2-cachyos-bore-lto
linux-cachyos-bore-lto 7.0.10-2
linux-cachyos-bore-lto-nvidia-open 7.0.10-2
nvidia-utils 610.43.02-2
lib32-nvidia-utils 610.43.02-1
610.43.02, NVIDIA GeForce RTX 5060 Ti
filename:       /lib/modules/7.0.10-2-cachyos-bore-lto/extramodules/nvidia.ko.zst
version:        610.43.02

== Documentando ação aprovada ==

== Concluído ==
Log: /media/mochafast/MochaArch/ativo/relatorios/20260530-141453-flatpak-update-cachy-desativado-nvidia-travado.log
Documento: /media/mochafast/MochaArch/ativo/documentacao/20260530-141453-flatpak-update-cachy-desativado-nvidia-travado.md
