== MOCHAARCH — corrigir resume/hibernação ==
Timestamp: 20260531-205931
Log: /media/mochafast/MochaArch/ativo/relatorios/20260531-205931-corrigir-resume-hibernacao.log

== Sudo ==

== Auditoria atual ==
-- Kernel:
Linux Mocha 7.0.10-zen1-1-zen #1 ZEN SMP PREEMPT_DYNAMIC Sat, 23 May 2026 14:45:01 +0000 x86_64 GNU/Linux

-- Linha de boot atual:
BOOT_IMAGE=/boot/vmlinuz-linux-zen root=UUID=2a8beb39-04e6-4520-a873-9134a2f73f53 rw quiet splash loglevel=3 nvidia_drm.modeset=1 nvidia_drm.fbdev=1 modprobe.blacklist=nouveau nouveau.modeset=0 resume=UUID=c55827ce-1ead-4561-84c9-435612a8862b

-- Swap ativa:
NAME           TYPE       SIZE USED  PRIO
/dev/zram0     partition 15,4G   0B 32767
/dev/nvme0n1p3 partition   17G   0B    -1

-- Blocos relevantes:
NAME        TYPE FSTYPE   SIZE UUID                                 PARTUUID                             MOUNTPOINTS
sda         disk        447,1G                                                                           
└─sda1      part btrfs  447,1G 88e6aa16-110c-4b97-9ffb-85084c000198 0106e9e4-b1ed-4cc2-bc33-ebe3c9830b71 /media/mochafast
sdb         disk          1,8T                                                                           
└─sdb1      part xfs      1,8T b81630a0-0756-45e4-9cb2-c7f16637a1c6 e77c2f51-01                          /media/vmstore
sdc         disk         55,9G                                                                           
├─sdc1      part exfat   55,9G 5D8D-2429                            dbf5b2d1-01                          
└─sdc2      part vfat      32M EA6C-95B2                            dbf5b2d1-02                          
zram0       disk swap    15,4G 3e695969-004b-4044-9b0d-ca0c91ea3c13                                      [SWAP]
nvme0n1     disk        931,5G                                                                           
├─nvme0n1p1 part vfat       2G CF08-8F54                            63e923ae-be1f-4e03-a19c-65219f94c339 /boot/efi
├─nvme0n1p2 part xfs    912,6G 2a8beb39-04e6-4520-a873-9134a2f73f53 3edff059-5f2c-4b1d-abb6-2a65602f5fa1 /
└─nvme0n1p3 part swap      17G c55827ce-1ead-4561-84c9-435612a8862b 7bda8111-d03e-41ab-a0b4-e084b7ad9e94 [SWAP]

-- /sys/power atual:
/sys/power/resume: 259:3
/sys/power/resume_offset: 0

-- Mensagens recentes de resume/hibernate:

== Escolhendo swap física para hibernação ==
Swap escolhida: /dev/nvme0n1p3
Tipo: partition
ERRO: não consegui obter UUID da swap: /dev/nvme0n1p3
