== MOCHAARCH — rollback da hibernação / remoção de resume ==
Timestamp: 20260531-214733
Log: /media/mochafast/MochaArch/ativo/relatorios/20260531-214733-rollback-hibernacao-remover-resume.log

Estado antes:
-- /proc/cmdline
BOOT_IMAGE=/boot/vmlinuz-linux-zen root=UUID=2a8beb39-04e6-4520-a873-9134a2f73f53 rw quiet splash loglevel=3 nvidia_drm.modeset=1 nvidia_drm.fbdev=1 modprobe.blacklist=nouveau nouveau.modeset=0 resume=UUID=c55827ce-1ead-4561-84c9-435612a8862b

-- HOOKS mkinitcpio
/etc/mkinitcpio.conf:55:HOOKS=(base udev autodetect microcode modconf block keyboard keymap consolefont resume filesystems)


-- Movendo drop-ins de hibernação/resume para quarentena
Movido: /etc/systemd/sleep.conf.d/90-mocha-hibernate.conf -> /etc/mocha-rollback-hibernacao-desativados-20260531-214733/etc/systemd/sleep.conf.d/90-mocha-hibernate.conf.disabled
Quarentena: /etc/mocha-rollback-hibernacao-desativados-20260531-214733

-- Criando trava explícita para não tentar hibernar
Criado: /etc/systemd/sleep.conf.d/99-mocha-desabilitar-hibernacao-rollback.conf

-- Limpando possível HibernateLocation EFI stale

-- Auditando GRUB: /etc/default/grub
Backup criado: /etc/default/grub.mocha-rollback-hibernacao-20260531-214733.bak
Atualizado: /etc/default/grub

-- Auditando mkinitcpio: /etc/mkinitcpio.conf
Backup criado: /etc/mkinitcpio.conf.mocha-rollback-hibernacao-20260531-214733.bak
Atualizado: /etc/mkinitcpio.conf

-- Regenerando initramfs do kernel de boot atual
Preset detectado pelo boot atual: linux-zen
==> Building image from preset: /etc/mkinitcpio.d/linux-zen.preset: 'default'
==> Using default configuration file: '/etc/mkinitcpio.conf'
  -> -k /boot/vmlinuz-linux-zen -g /boot/initramfs-linux-zen.img
==> Starting build: '7.0.10-zen1-1-zen'
  -> Running build hook: [base]
  -> Running build hook: [udev]
  -> Running build hook: [autodetect]
  -> Running build hook: [microcode]
  -> Running build hook: [modconf]
  -> Running build hook: [block]
  -> Running build hook: [keyboard]
  -> Running build hook: [keymap]
  -> Running build hook: [consolefont]
==> WARNING: consolefont: no font found in configuration
  -> Running build hook: [filesystems]
==> Generating module dependencies
==> Creating zstd-compressed initcpio image: '/boot/initramfs-linux-zen.img'
  -> Early uncompressed CPIO image generation successful
==> Initcpio image generation successful

-- Regenerando GRUB
Gerando o arquivo de configuração do grub...
Imagem Linux encontrada: /boot/vmlinuz-linux-cachyos-bore-lto
Imagem initrd encontrada: /boot/intel-ucode.img /boot/amd-ucode.img /boot/initramfs-linux-cachyos-bore-lto.img
Imagem Linux encontrada: /boot/vmlinuz-linux-zen
Imagem initrd encontrada: /boot/intel-ucode.img /boot/amd-ucode.img /boot/initramfs-linux-zen.img
Imagem Linux encontrada: /boot/vmlinuz-linux
Imagem initrd encontrada: /boot/intel-ucode.img /boot/amd-ucode.img /boot/initramfs-linux.img
Aviso: os-prober não será executado para detectar outras partições de arranque.
Os sistemas nelas presentes não serão adicionados à configuração de arranque do GRUB.\Veja a documentação de GRUB_DISABLE_OS_PROBER.
A adicionar entrada de menu para UEFI Firmware Settings ...
concluído

== Verificação pós-rollback ==

Kernel cmdline do boot atual, antes de reiniciar:
BOOT_IMAGE=/boot/vmlinuz-linux-zen root=UUID=2a8beb39-04e6-4520-a873-9134a2f73f53 rw quiet splash loglevel=3 nvidia_drm.modeset=1 nvidia_drm.fbdev=1 modprobe.blacklist=nouveau nouveau.modeset=0 resume=UUID=c55827ce-1ead-4561-84c9-435612a8862b

OK: nenhum resume=/resume_offset=/resumeflags= encontrado em arquivos ativos checados.
OK: hook resume removido dos arquivos mkinitcpio checados.

Sleep config ativa relacionada:
/etc/systemd/sleep.conf:20:#AllowSuspend=yes
/etc/systemd/sleep.conf:21:#AllowHibernation=yes
/etc/systemd/sleep.conf:22:#AllowSuspendThenHibernate=yes
/etc/systemd/sleep.conf:23:#AllowHybridSleep=yes
/etc/systemd/sleep.conf.d/99-mocha-desabilitar-hibernacao-rollback.conf:4:AllowSuspend=yes
/etc/systemd/sleep.conf.d/99-mocha-desabilitar-hibernacao-rollback.conf:5:AllowHibernation=no
/etc/systemd/sleep.conf.d/99-mocha-desabilitar-hibernacao-rollback.conf:6:AllowSuspendThenHibernate=no
/etc/systemd/sleep.conf.d/99-mocha-desabilitar-hibernacao-rollback.conf:7:AllowHybridSleep=no

Rollback concluído.
Reinicie para o novo GRUB/initramfs entrarem em uso.
Log: /media/mochafast/MochaArch/ativo/relatorios/20260531-214733-rollback-hibernacao-remover-resume.log
