== MOCHAARCH — CORREÇÃO DE PENDÊNCIAS — NVIDIA / ZRAM / TEMA / WALLPAPER / MANUAL ==
Timestamp: 20260602-105738
Log: /media/mochafast/MochaArch/ativo/relatorios/20260602-105738-corrigir-pendencias-nvidia-zram-tema-wallpaper-manual.log
Documento: /media/mochafast/MochaArch/ativo/documentacao/20260602-105738-correcao-pendencias-nvidia-zram-tema-wallpaper.md

[1/12] sudo inicial e keepalive
  [OK] sudo validado

[2/12] auditoria inicial sem alteração
  [INFO] Kernel em uso: 7.0.10-2-cachyos
  [INFO] Sessão: XDG_SESSION_TYPE=wayland
  [INFO] Hostname: Mocha

-- Montagens --
  [OK] /media/mochafast montado
/dev/sda1 btrfs rw,noatime,ssd,discard=async,space_cache=v2,subvolid=5,subvol=/ /media/mochafast
  [OK] /media/vmstore montado
/dev/sdb1 xfs rw,noatime,inode64,logbufs=8,logbsize=32k,noquota /media/vmstore

-- /etc/default/grub atual --
GRUB_DEFAULT='Advanced options for Arch Linux>Arch Linux, with Linux linux-cachyos'
GRUB_CMDLINE_LINUX_DEFAULT='quiet splash loglevel=3'
GRUB_SAVEDEFAULT=false

-- NVIDIA atual --
NVIDIA GeForce RTX 5060 Ti, 610.43.02, P0, [Requested functionality has been deprecated], 180.00 W
nvidia_drm 176128 140 - Live 0x0000000000000000 (O)
nvidia_modeset 1847296 59 nvidia_drm, Live 0x0000000000000000 (O)
nvidia_uvm 2359296 0 - Live 0x0000000000000000 (O)
nvidia 17174528 1200 nvidia_modeset,nvidia_uvm, Live 0x0000000000000000 (O)

[3/12] corrigir parâmetros NVIDIA no GRUB preservando kernel Cachy como padrão
  [OK] backup criado: /etc/default/grub.bak-20260602-105738
  [OK] GRUB_DEFAULT ajustado para: Opções avançadas para Arch Linux>Arch Linux, with Linux linux-cachyos
Gerando o arquivo de configuração do grub...
Imagem Linux encontrada: /boot/vmlinuz-linux-cachyos
Imagem initrd encontrada: /boot/intel-ucode.img /boot/amd-ucode.img /boot/initramfs-linux-cachyos.img
Imagem Linux encontrada: /boot/vmlinuz-linux
Imagem initrd encontrada: /boot/intel-ucode.img /boot/amd-ucode.img /boot/initramfs-linux.img
Aviso: os-prober não será executado para detectar outras partições de arranque.
Os sistemas nelas presentes não serão adicionados à configuração de arranque do GRUB.\Veja a documentação de GRUB_DISABLE_OS_PROBER.
A adicionar entrada de menu para UEFI Firmware Settings ...
concluído
  [OK] grub.cfg regenerado

[4/12] validar/ajustar NVIDIA em runtime sem remover nada
Tue Jun  2 10:57:42 2026       
+-----------------------------------------------------------------------------------------+
| NVIDIA-SMI 610.43.02              KMD Version: 610.43.02     CUDA UMD Version: 13.3     |
+-----------------------------------------+------------------------+----------------------+
| GPU  Name                 Persistence-M | Bus-Id          Disp.A | Volatile Uncorr. ECC |
| Fan  Temp   Perf          Pwr:Usage/Cap |           Memory-Usage | GPU-Util  Compute M. |
|                                         |                        |               MIG M. |
|=========================================+========================+======================|
|   0  NVIDIA GeForce RTX 5060 Ti     On  |   00000000:01:00.0  On |                  N/A |
|  0%   55C    P0             32W /  180W |     742MiB /  16311MiB |      1%      Default |
|                                         |                        |                  N/A |
+-----------------------------------------+------------------------+----------------------+

+-----------------------------------------------------------------------------------------+
| Processes:                                                                              |
|  GPU   GI   CI              PID   Type   Process name                        GPU Memory |
|        ID   ID                                                               Usage      |
|=========================================================================================|
|    0   N/A  N/A             997      G   /usr/bin/ksecretd                         2MiB |
|    0   N/A  N/A            1033      G   /usr/bin/kwin_wayland                    20MiB |
|    0   N/A  N/A            1124      G   /usr/bin/Xwayland                         2MiB |
|    0   N/A  N/A            1164      G   /usr/bin/ksmserver                        2MiB |
|    0   N/A  N/A            1166      G   /usr/bin/kded6                            2MiB |
|    0   N/A  N/A            1209      G   /usr/bin/plasmashell                     59MiB |
|    0   N/A  N/A            1290      G   /usr/bin/kaccess                          2MiB |
|    0   N/A  N/A            1291      G   ...it-kde-authentication-agent-1          2MiB |
|    0   N/A  N/A            1379      G   /usr/bin/kdeconnectd                      2MiB |
|    0   N/A  N/A            1410      G   /usr/bin/akonadi_control                  2MiB |
|    0   N/A  N/A            1424      G   ...bin/akonadi_archivemail_agent          2MiB |
|    0   N/A  N/A            1427      G   ...konadi_followupreminder_agent          2MiB |
|    0   N/A  N/A            1431      G   .../akonadi_maildispatcher_agent          2MiB |
|    0   N/A  N/A            1432      G   .../bin/akonadi_mailfilter_agent          2MiB |
|    0   N/A  N/A            1433      G   /usr/bin/akonadi_mailmerge_agent          2MiB |
|    0   N/A  N/A            1434      G   /usr/bin/akonadi_migration_agent          2MiB |
|    0   N/A  N/A            1435      G   ...akonadi_newmailnotifier_agent          2MiB |
|    0   N/A  N/A            1436      G   /usr/bin/akonadi_sendlater_agent          2MiB |
|    0   N/A  N/A            1437      G   .../akonadi_unifiedmailbox_agent          2MiB |
|    0   N/A  N/A            1520      G   /usr/lib/firefox/firefox                208MiB |
|    0   N/A  N/A            2188      G   /usr/lib/DiscoverNotifier                 2MiB |
|    0   N/A  N/A            2189      G   /usr/bin/kalendarac                       2MiB |
|    0   N/A  N/A            2229      G   /usr/lib/xdg-desktop-portal-kde           2MiB |
|    0   N/A  N/A            2844      G   ...share/Steam/ubuntu12_32/steam          4MiB |
|    0   N/A  N/A            3050      G   ./steamwebhelper                         22MiB |
|    0   N/A  N/A            3080    C+G   ...am/ubuntu12_64/steamwebhelper          5MiB |
|    0   N/A  N/A            6789      G   /usr/bin/dolphin                          2MiB |
|    0   N/A  N/A            6846      G   /usr/bin/konsole                          2MiB |
+-----------------------------------------------------------------------------------------+
  [OK] NVIDIA persistence mode ativado
  [OK] Power limit NVIDIA fixado no máximo reportado: 180.00 W
nvidia_drm 176128 140 - Live 0x0000000000000000 (O)
nvidia_modeset 1847296 59 nvidia_drm, Live 0x0000000000000000 (O)
nvidia_uvm 2359296 0 - Live 0x0000000000000000 (O)
nvidia 17174528 1200 nvidia_modeset,nvidia_uvm, Live 0x0000000000000000 (O)

[5/12] ativar zram padrão Mocha mantendo swap física
  [INFO] zram-generator não instalado; instalando via repositórios oficiais atuais
resolvendo dependências...
procurando pacotes conflitantes...

Pacotes (1) zram-generator-1.2.1-1

Tamanho total download:   0,32 MiB
Tamanho total instalado:  0,75 MiB

:: Continuar a instalação? [S/n] 
:: Obtendo pacotes...
 zram-generator-1.2.1-1-x86_64 sendo baixado...
verificando chaveiro...
verificando integridade de pacotes...
carregando arquivos do pacote...
verificando conflitos de arquivos...
verificando espaço em disco disponível...
:: Processando alterações do pacote...
instalando zram-generator...
:: Executando hooks pós-transação...
(1/3) Reloading system manager configuration...
(2/3) Arming ConditionNeedsUpdate...
(3/3) Refreshing PackageKit...
  [OK] zram-generator instalado
  [OK] systemd-zram-setup@zram0 reiniciado
NAME       ALGORITHM DISKSIZE DATA COMPR TOTAL STREAMS MOUNTPOINT
/dev/zram0 zstd         15,4G   4K   64B   20K         
NAME           TYPE      SIZE USED PRIO
/dev/nvme0n1p3 partition  17G   0B   -1

[6/12] fixar CPU/performance pelo padrão Mocha sem inventar perfil novo
  [OK] tuned ativo
Current active profile: latency-performance
Setting cpu: 0
Setting cpu: 1
Setting cpu: 2
Setting cpu: 3
Setting cpu: 4
Setting cpu: 5
Setting cpu: 6
Setting cpu: 7
Setting cpu: 8
Setting cpu: 9
Setting cpu: 10
Setting cpu: 11
Setting cpu: 12
Setting cpu: 13
Setting cpu: 14
Setting cpu: 15
  driver: amd-pstate-epp
  current CPU frequency: Unable to call hardware
  current CPU frequency: 4.38 GHz (asserted by call to kernel)
  boost state support:

[7/12] reaplicar esquema de cores MochaSolidCanonico se o arquivo aprovado existir
  [OK] esquema de cores instalado no usuário: /media/mochafast/MochaArch/ativo/kde/esquemas-cores-aprovados/MochaSolidCanonico.colors
O tema solicitado "MochaSolidCanonico" já está definido como o tema da sessão atual do Plasma.
  [OK] ColorScheme=MochaSolidCanonico gravado em kdeglobals

[8/12] reaplicar Plasma Style MochaPanelSolidCanonico se existir
  [OK] Plasma Style copiado para: /home/hal/.local/share/plasma/desktoptheme/MochaPanelSolidCanonico
O tema solicitado "MochaPanelSolidCanonico" já está definido como o tema da sessão atual do Plasma.
  [OK] plasmarc Theme=MochaPanelSolidCanonico gravado

[9/12] reaplicar barra Win11/Mocha aprovada se o arquivo aprovado existir
  [OK] backup da barra atual criado: /home/hal/.config/plasma-org.kde.plasma.desktop-appletsrc.bak-20260602-105738
  [OK] barra aprovada reaplicada

[10/12] localizar e aplicar wallpaper Mocha aprovado/canônico se existir

  [OK] wallpaper aplicado: /media/mochafast/MochaArch/ativo/assets/branding/wallpaper/mocha-wallpaper-kdePCan-20260529-1634032.png

[11/12] registrar correção em documentação MochaArch
  [OK] documento criado: /media/mochafast/MochaArch/ativo/documentacao/20260602-105738-correcao-pendencias-nvidia-zram-tema-wallpaper.md
  [OK] manual vivo atualizado: /media/mochafast/MochaArch/ativo/MANUAL-UNICO-VIVO-MONTAGEM-MOCHA-ARCH-KDE.md

[12/12] validação final

-- GRUB final --
GRUB_DEFAULT='Opções avançadas para Arch Linux>Arch Linux, with Linux linux-cachyos'
GRUB_CMDLINE_LINUX_DEFAULT='quiet splash loglevel=3 nvidia_drm.modeset=1 nvidia_drm.fbdev=1 modprobe.blacklist=nouveau nouveau.modeset=0'
GRUB_SAVEDEFAULT='false'

-- Kernel atual --
7.0.10-2-cachyos

-- NVIDIA final --
NVIDIA GeForce RTX 5060 Ti, 610.43.02, P0, [Requested functionality has been deprecated], 180.00 W
nvidia_drm 176128 133 - Live 0x0000000000000000 (O)
nvidia_modeset 1847296 59 nvidia_drm, Live 0x0000000000000000 (O)
nvidia_uvm 2359296 0 - Live 0x0000000000000000 (O)
nvidia 17174528 1198 nvidia_modeset,nvidia_uvm, Live 0x0000000000000000 (O)

-- zram/swap final --
NAME       ALGORITHM DISKSIZE DATA COMPR TOTAL STREAMS MOUNTPOINT
/dev/zram0 zstd         15,4G   4K   64B   20K         [SWAP]
NAME           TYPE       SIZE USED  PRIO
/dev/nvme0n1p3 partition   17G   0B    -1
/dev/zram0     partition 15,4G   0B 32767

-- KDE final --
LookAndFeelPackage=org.kde.breezedark.desktop
1:[Theme]
2-name=MochaPanelSolidCanonico

== CONCLUÍDO ==
Log salvo em: /media/mochafast/MochaArch/ativo/relatorios/20260602-105738-corrigir-pendencias-nvidia-zram-tema-wallpaper-manual.log
Documento salvo em: /media/mochafast/MochaArch/ativo/documentacao/20260602-105738-correcao-pendencias-nvidia-zram-tema-wallpaper.md
Observação: reinicie depois para validar os parâmetros NVIDIA do GRUB no próximo boot.
