== MOCHAARCH — correção do daemon input-remapper ==
Timestamp: 20260531-205511
Log: /media/mochafast/MochaArch/ativo/relatorios/20260531-205511-corrigir-input-remapper-daemon.log
Documento: /media/mochafast/MochaArch/ativo/documentacao/20260531-205511-input-remapper-daemon-corrigido.md


================================================================
[1/7] Confirmando sudo uma vez
================================================================

================================================================
[2/7] Pré-checagem
================================================================

+ uname -a
Linux Mocha 7.0.10-zen1-1-zen #1 ZEN SMP PREEMPT_DYNAMIC Sat, 23 May 2026 14:45:01 +0000 x86_64 GNU/Linux

+ pacman -Q input-remapper python python-pydbus python-evdev python-setuptools
input-remapper 2.2.0-1
python 3.14.5-1
python-pydbus 0.6.0-13
python-evdev 1.9.3-1
python-setuptools 1:82.0.1-1

+ command -v input-remapper-control
/usr/bin/input-remapper-control

+ command -v input-remapper-service
/usr/bin/input-remapper-service

+ systemctl list-unit-files --no-pager input-remapper.service
UNIT FILE              STATE    PRESET
input-remapper.service disabled disabled

1 unit files listed.

+ systemctl status input-remapper.service --no-pager --full
○ input-remapper.service - Service to inject keycodes without the GUI application
     Loaded: loaded (/usr/lib/systemd/system/input-remapper.service; disabled; preset: disabled)
     Active: inactive (dead)

================================================================
[3/7] Habilitando e iniciando input-remapper.service
================================================================
Created symlink '/etc/systemd/system/default.target.wants/input-remapper.service' → '/usr/lib/systemd/system/input-remapper.service'.

================================================================
[4/7] Validando serviço e DBus
================================================================

+ systemctl is-enabled input-remapper.service
enabled

+ systemctl is-active input-remapper.service
active

+ systemctl status input-remapper.service --no-pager --full
● input-remapper.service - Service to inject keycodes without the GUI application
     Loaded: loaded (/usr/lib/systemd/system/input-remapper.service; enabled; preset: disabled)
     Active: active (running) since Sun 2026-05-31 20:55:14 -03; 12ms ago
 Invocation: 82e6f793341e4b0da8cd877f92fe4297
   Main PID: 3131 (python3)
      Tasks: 5 (limit: 18887)
     Memory: 38M (peak: 38.2M)
        CPU: 249ms
     CGroup: /system.slice/input-remapper.service
             ├─3131 python3 /usr/bin/input-remapper-service
             └─3132 python3 /usr/bin/input-remapper-service

mai 31 20:55:14 Mocha systemd[1]: Starting Service to inject keycodes without the GUI application...
mai 31 20:55:14 Mocha input-remapper-service[3131]: /usr/lib/python3.14/site-packages/inputremapper/logging/logger.py:157: UserWarning: pkg_resources is deprecated as an API. See https://setuptools.pypa.io/en/latest/pkg_resources.html. The pkg_resources package is slated for removal as early as 2025-11-30. Refrain from using this package or pin to Setuptools<81.
mai 31 20:55:14 Mocha input-remapper-service[3131]:   import pkg_resources
mai 31 20:55:14 Mocha input-remapper-service[3131]: input-remapper-service 2.2.0 7e09326d72d7611f68799fea167bbe804ba0c460 https://github.com/sezanzeb/input-remapper
mai 31 20:55:14 Mocha input-remapper-service[3131]: python-evdev 1.9.3
mai 31 20:55:14 Mocha systemd[1]: Started Service to inject keycodes without the GUI application.

+ busctl --system list | grep inputremapper
inputremapper.Control                    3131 python3         root             :1.156        input-remapper.service    -       -

================================================================
[5/7] Teste controlado do comando de controle
================================================================

+ input-remapper-control --command hello
/usr/lib/python3.14/site-packages/inputremapper/logging/logger.py:157: UserWarning: pkg_resources is deprecated as an API. See https://setuptools.pypa.io/en/latest/pkg_resources.html. The pkg_resources package is slated for removal as early as 2025-11-30. Refrain from using this package or pin to Setuptools<81.
  import pkg_resources
Connected to the service
Daemon answered with "hello"
Done

+ input-remapper-control --list-devices
/usr/lib/python3.14/site-packages/inputremapper/logging/logger.py:157: UserWarning: pkg_resources is deprecated as an API. See https://setuptools.pypa.io/en/latest/pkg_resources.html. The pkg_resources package is slated for removal as early as 2025-11-30. Refrain from using this package or pin to Setuptools<81.
  import pkg_resources
[38;5;9mERROR[0m: Did not find any input device

================================================================
[6/7] Limpando estado falhado da unidade gerada no usuário
================================================================

+ systemctl --user list-units --all --no-pager app-input\x2dremapper\x2dautoload@autostart.service
  UNIT                                                LOAD   ACTIVE   SUB  DESCRIPTION
  app-input\x2dremapper\x2dautoload@autostart.service loaded inactive dead input-remapper-autoload

Legend: LOAD   → Reflects whether the unit definition was properly loaded.
        ACTIVE → The high-level unit activation state, i.e. generalization of SUB.
        SUB    → The low-level unit activation state, values depend on unit type.

1 loaded units listed.
To show all installed unit files use 'systemctl list-unit-files'.

+ systemctl --user status app-input\x2dremapper\x2dautoload@autostart.service --no-pager --full
○ app-input\x2dremapper\x2dautoload@autostart.service - input-remapper-autoload
     Loaded: loaded (/etc/xdg/autostart/input-remapper-autoload.desktop; generated)
     Active: inactive (dead) since Sun 2026-05-31 20:49:39 -03; 5min ago
   Duration: 311ms
 Invocation: d648f172ab934b60be55f9c01d36a8f5
       Docs: man:systemd-xdg-autostart-generator(8)
    Process: 1949 ExecStart=/usr/bin/bash -c input-remapper-control --command stop-all && input-remapper-control --command autoload (code=exited, status=5)
   Main PID: 1949 (code=exited, status=5)
   Mem peak: 33.1M
        CPU: 322ms

mai 31 20:49:39 Mocha systemd[1035]: Starting input-remapper-autoload...
mai 31 20:49:39 Mocha systemd[1035]: Started input-remapper-autoload.
mai 31 20:49:39 Mocha bash[1960]: /usr/lib/python3.14/site-packages/inputremapper/logging/logger.py:157: UserWarning: pkg_resources is deprecated as an API. See https://setuptools.pypa.io/en/latest/pkg_resources.html. The pkg_resources package is slated for removal as early as 2025-11-30. Refrain from using this package or pin to Setuptools<81.
mai 31 20:49:39 Mocha bash[1960]:   import pkg_resources
mai 31 20:49:39 Mocha bash[1960]: ERROR: Service not running? g-dbus-error-quark: GDBus.Error:org.freedesktop.DBus.Error.ServiceUnknown: The name is not activatable (2)
mai 31 20:49:39 Mocha bash[1960]: ERROR: Daemon missing
mai 31 20:49:39 Mocha systemd[1035]: app-input\x2dremapper\x2dautoload@autostart.service: Main process exited, code=exited, status=5/NOTINSTALLED
mai 31 20:49:39 Mocha systemd[1035]: app-input\x2dremapper\x2dautoload@autostart.service: Failed with result 'exit-code'.

================================================================
[7/7] Checagem final dos logs atuais
================================================================

-- Serviço input-remapper no boot atual:
mai 31 20:55:14.518661 Mocha systemd[1]: Starting Service to inject keycodes without the GUI application...
mai 31 20:55:14.609711 Mocha input-remapper-service[3131]: /usr/lib/python3.14/site-packages/inputremapper/logging/logger.py:157: UserWarning: pkg_resources is deprecated as an API. See https://setuptools.pypa.io/en/latest/pkg_resources.html. The pkg_resources package is slated for removal as early as 2025-11-30. Refrain from using this package or pin to Setuptools<81.
mai 31 20:55:14.609711 Mocha input-remapper-service[3131]:   import pkg_resources
mai 31 20:55:14.765378 Mocha input-remapper-service[3131]: input-remapper-service 2.2.0 7e09326d72d7611f68799fea167bbe804ba0c460 https://github.com/sezanzeb/input-remapper
mai 31 20:55:14.765440 Mocha input-remapper-service[3131]: python-evdev 1.9.3
mai 31 20:55:14.773101 Mocha systemd[1]: Started Service to inject keycodes without the GUI application.
mai 31 20:55:15.042936 Mocha input-remapper-service[3131]: Loaded config from "/home/hal/.config/input-remapper-2/config.json"
mai 31 20:55:15.043312 Mocha input-remapper-service[3131]: Loaded config from "/home/hal/.config/input-remapper-2/config.json"
mai 31 20:55:15.043734 Mocha input-remapper-service[3131]: Received "hello" from client

-- Falhas recentes relacionadas após correção:
2026-05-31T20:54:06-03:00 Mocha sudo[2923]:      hal : TTY=pts/1 ; PWD=/home/hal ; USER=root ; COMMAND=/usr/bin/journalctl -b 0 --no-pager --output=short-precise -u input-remapper.service
2026-05-31T20:55:14-03:00 Mocha sudo[3035]:      hal : TTY=pts/2 ; PWD=/home/hal ; USER=root ; COMMAND=/usr/bin/systemctl enable --now input-remapper.service
2026-05-31T20:55:14-03:00 Mocha input-remapper-service[3131]: /usr/lib/python3.14/site-packages/inputremapper/logging/logger.py:157: UserWarning: pkg_resources is deprecated as an API. See https://setuptools.pypa.io/en/latest/pkg_resources.html. The pkg_resources package is slated for removal as early as 2025-11-30. Refrain from using this package or pin to Setuptools<81.
2026-05-31T20:55:14-03:00 Mocha input-remapper-service[3131]:   import pkg_resources
2026-05-31T20:55:14-03:00 Mocha input-remapper-service[3131]: input-remapper-service 2.2.0 7e09326d72d7611f68799fea167bbe804ba0c460 https://github.com/sezanzeb/input-remapper
2026-05-31T20:55:14-03:00 Mocha input-remapper-service[3131]: python-evdev 1.9.3
2026-05-31T20:55:15-03:00 Mocha input-remapper-service[3131]: Loaded config from "/home/hal/.config/input-remapper-2/config.json"
2026-05-31T20:55:15-03:00 Mocha input-remapper-service[3131]: Loaded config from "/home/hal/.config/input-remapper-2/config.json"
2026-05-31T20:55:15-03:00 Mocha input-remapper-service[3131]: Received "hello" from client
2026-05-31T20:55:15-03:00 Mocha sudo[3152]:      hal : TTY=pts/2 ; PWD=/home/hal ; USER=root ; COMMAND=/usr/bin/journalctl -b 0 --no-pager --output=short-precise -u input-remapper.service

================================================================
Documentando correção
================================================================
# MochaArch — correção input-remapper daemon

Timestamp: 20260531-205511

## Problema

O boot apresentava várias falhas de `input-remapper-control --command autoload`.

A auditoria confirmou que:

- o pacote `input-remapper` estava instalado;
- `/etc/xdg/autostart/input-remapper-autoload.desktop` chamava o autoload;
- `/usr/lib/udev/rules.d/99-input-remapper.rules` chamava o autoload em eventos de input;
- `input-remapper.service` existia, mas estava desativado e inativo;
- não havia perfis/configurações do usuário em `~/.config/input-remapper`.

## Correção aplicada

Foi habilitado e iniciado o daemon:

```bash
sudo systemctl enable --now input-remapper.service
```

Também foi limpo o estado falhado da unidade de autostart gerada pelo systemd do usuário, sem remover autostart, pacote ou regra udev.

## Resultado esperado

No próximo boot, as chamadas automáticas de autoload devem encontrar o daemon ativo e parar de gerar:

- `ERROR: Service not running?`
- `ERROR: Daemon missing`
- `app-input-remapper-autoload@autostart.service: Failed with result 'exit-code'`

## Arquivo de log

`/media/mochafast/MochaArch/ativo/relatorios/20260531-205511-corrigir-input-remapper-daemon.log`

================================================================
Resumo final
================================================================
Serviço:
enabled
active

Relatório salvo em:
/media/mochafast/MochaArch/ativo/relatorios/20260531-205511-corrigir-input-remapper-daemon.log

Documento salvo em:
/media/mochafast/MochaArch/ativo/documentacao/20260531-205511-input-remapper-daemon-corrigido.md

== FIM DA CORREÇÃO ==
