== MOCHAARCH — revisão segura: Arch update primeiro, Cachy v3 temporário, kernel normal, NVIDIA, GRUB default ==
Timestamp: 20260602-083028
Log: /media/mochafast/MochaArch/ativo/relatorios/20260602-083028-mocha-cachy-v3-kernel-normal-revisado.log

== 0) sudo inicial e keepalive ==

== 1) Auditoria inicial somente leitura ==
-- Kernel em uso agora:
Linux Mocha 7.0.9-1-cachyos #1 SMP PREEMPT_DYNAMIC Tue, 19 May 2026 11:47:15 +0000 x86_64 GNU/Linux

-- Pacotes relevantes instalados:
dkms 3.4.1-1
grub 2:2.14-1
linux 7.0.10.arch1-1
linux-cachyos 7.0.9-1
mkinitcpio 41-4

-- Repositórios persistentes atuais:
78:[cachyos-v3]
80:[cachyos-core-v3]
82:[cachyos-extra-v3]
86:[core]
92:[extra]
101:[multilib]

-- Architecture persistente atual:
22:Architecture = auto

== 2) Backup controlado de pacman.conf e GRUB ==

+ sudo mkdir -p /etc/mocha-backups

+ sudo cp -a /etc/pacman.conf /etc/mocha-backups/pacman.conf.20260602-083028.raw-before-cachy-v3-fix.bak

+ sudo cp -a /etc/default/grub /etc/mocha-backups/grub.20260602-083028.before-cachy-v3-fix.bak

+ sudo bash -c ls -1t /etc/mocha-backups/pacman.conf.*.bak 2>/dev/null | tail -n +3 | xargs -r rm -f

+ sudo bash -c ls -1t /etc/mocha-backups/grub.*.bak 2>/dev/null | tail -n +3 | xargs -r rm -f

== 3) Remover qualquer bloco Cachy temporário que tenha ficado no pacman.conf persistente ==

+ sudo install -m 0644 /tmp/pacman.clean-arch-only.20260602-083028.conf /etc/pacman.conf

+ sudo cp -a /etc/pacman.conf /etc/mocha-backups/pacman.conf.20260602-083028.clean-arch-only.bak
OK: /etc/pacman.conf persistente está sem repositório Cachy.

== 4) Atualização geral primeiro, usando somente repositórios Arch persistentes ==

+ sudo pacman -Syyu --noconfirm
:: Synchronizing package databases...
 core downloading...
 extra downloading...
 multilib downloading...
:: Starting full system upgrade...
warning: lib32-mesa: local (2:26.1.1-1) is newer than multilib (1:26.1.1-1)
resolving dependencies...
looking for conflicting packages...
error: failed to prepare transaction (could not satisfy dependencies)
:: installing nvidia-utils (610.43.02-2) breaks dependency 'nvidia-utils=595.71.05' required by linux-cachyos-nvidia-open
