== MOCHAARCH — auditoria wrapper Steam vs gamemoderun ==
Timestamp: 20260602-103924
Wrapper: /home/hal/.local/bin/mocha-steam-game-run
Relatório: /media/mochafast/MochaArch/ativo/relatorios/20260602-103924-auditoria-wrapper-steam-vs-gamemoderun.log


== 1. Baseline de comandos disponíveis ==
OK: gamemoderun    -> /usr/bin/gamemoderun
OK: mangohud       -> /usr/bin/mangohud
OK: bash           -> /usr/bin/bash
OK: grep           -> /usr/bin/grep
OK: sed            -> /usr/bin/sed
OK: awk            -> /usr/bin/awk
OK: realpath       -> /usr/bin/realpath

== 2. Existência, tipo e permissões do wrapper ==
-rwxr-xr-x 1 hal hal 404 jun  2 10:06 /home/hal/.local/bin/mocha-steam-game-run
OK: wrapper é arquivo regular
OK: wrapper está executável
OK: wrapper não é symlink

== 3. Conteúdo real do wrapper ==
--- início do wrapper ---
     1	#!/usr/bin/env bash
     2	set -Eeuo pipefail
     3	export MANGOHUD=1
     4	export MANGOHUD_CONFIGFILE="${MANGOHUD_CONFIGFILE:-$HOME/.config/MangoHud/Mocha-MangoHud-FPS-Comparacao.conf}"
     5	export __GLX_VENDOR_LIBRARY_NAME=nvidia
     6	export __VK_LAYER_NV_optimus=NVIDIA_only
     7	export DXVK_LOG_LEVEL=none
     8	unset MANGOHUD_DLSYM
     9	unset ENABLE_VKBASALT
    10	if command -v gamemoderun >/dev/null 2>&1; then
    11	  exec gamemoderun "$@"
    12	fi
    13	exec "$@"
--- fim do wrapper ---

== 4. Validação de sintaxe Bash ==
OK: bash -n aprovou a sintaxe do wrapper

== 5. Checagem de itens proibidos ou perigosos ==
8:unset MANGOHUD_DLSYM
ERRO: wrapper contém MANGOHUD_DLSYM, que já foi identificado como problemático
9:unset ENABLE_VKBASALT
ERRO: wrapper contém vkbasalt ou variável relacionada
OK: wrapper não contém gamescope
10:if command -v gamemoderun >/dev/null 2>&1; then
11:  exec gamemoderun "$@"
OK: wrapper chama gamemoderun
3:export MANGOHUD=1
4:export MANGOHUD_CONFIGFILE="${MANGOHUD_CONFIGFILE:-$HOME/.config/MangoHud/Mocha-MangoHud-FPS-Comparacao.conf}"
OK: wrapper parece integrar MangoHud
5:export __GLX_VENDOR_LIBRARY_NAME=nvidia
6:export __VK_LAYER_NV_optimus=NVIDIA_only
OK: wrapper contém variável/caminho relacionado a NVIDIA

== 6. Checagem de arquivos MangoHud Mocha ==
OK: encontrado config MangoHud: /home/hal/.config/MangoHud/Mocha-MangoHud-FPS-Comparacao.conf
-rw-r--r-- 1 hal hal 209 jun  2 10:06 /home/hal/.config/MangoHud/Mocha-MangoHud-FPS-Comparacao.conf
--- primeiras linhas de /home/hal/.config/MangoHud/Mocha-MangoHud-FPS-Comparacao.conf ---
legacy_layout=false
horizontal
background_alpha=0.35
font_size=22
position=top-left
fps
frametime=0
gpu_stats
gpu_temp
gpu_power
cpu_stats
cpu_temp
ram
vram
wine
gamemode
engine_version
time
time_format=%H:%M
--- fim do trecho ---
OK: encontrado config MangoHud: /etc/mocha/mangohud/MangoHud.conf
-rw-r--r-- 1 root root 209 jun  2 10:06 /etc/mocha/mangohud/MangoHud.conf
--- primeiras linhas de /etc/mocha/mangohud/MangoHud.conf ---
legacy_layout=false
horizontal
background_alpha=0.35
font_size=22
position=top-left
fps
frametime=0
gpu_stats
gpu_temp
gpu_power
cpu_stats
cpu_temp
ram
vram
wine
gamemode
engine_version
time
time_format=%H:%M
--- fim do trecho ---

== 7. Teste seco de execução do wrapper ==
Executando wrapper com comando-prova local:
/home/hal/.local/bin/mocha-steam-game-run /tmp/20260602-103924-mocha-wrapper-probe-command.sh

gamemodeauto: 
MOCHA_PROBE_EXECUTED=1
ARGV=
MANGOHUD=1
MANGOHUD_CONFIGFILE=/home/hal/.config/MangoHud/Mocha-MangoHud-FPS-Comparacao.conf
MANGOHUD_DLSYM=
ENABLE_VKBASALT=
__GLX_VENDOR_LIBRARY_NAME=nvidia
__NV_PRIME_RENDER_OFFLOAD=
__VK_LAYER_NV_optimus=NVIDIA_only

Código de saída do teste seco: 0
OK: wrapper conseguiu executar um comando local simples

== 8. Estado do GameMode ==
gamemoded encontrado em: /usr/bin/gamemoded

Serviço gamemoded do usuário:
● gamemoded.service - gamemoded
     Loaded: loaded (/usr/lib/systemd/user/gamemoded.service; disabled; preset: enabled)
     Active: active (running) since Tue 2026-06-02 10:39:24 -03; 50ms ago
 Invocation: 4cfaca2c290549b7afebc10ab5f70995
   Main PID: 3652 (gamemoded)
     Status: "[1;36mGameMode is currently deactivated.[0m"
      Tasks: 2 (limit: 18765)
     Memory: 2.6M (peak: 4.8M)
        CPU: 23ms
     CGroup: /user.slice/user-1000.slice/user@1000.service/app.slice/gamemoded.service
             └─3652 /usr/bin/gamemoded

jun 02 10:39:24 Mocha gamemoded[3652]: ERROR: Skipping ioprio on client [3651,3651]: ioprio was (0) but we expected (4)
jun 02 10:39:24 Mocha gamemoded[3652]: ERROR: Addition requested for already known client 3651 [/usr/bin/env].
jun 02 10:39:24 Mocha gamemoded[3652]:     -- This may happen due to using exec or shell wrappers. You may want to
jun 02 10:39:24 Mocha gamemoded[3652]:     -- blacklist this client so GameMode can see its final name here.
jun 02 10:39:24 Mocha pkexec[3662]: hal: Error executing command as another user: Not authorized [USER=root] [TTY=unknown] [CWD=/home/hal] [COMMAND=/usr/lib/gamemode/procsysctl split_lock_mitigate 0]
jun 02 10:39:24 Mocha gamemoded[3662]: Error executing command as another user: Not authorized
jun 02 10:39:24 Mocha gamemoded[3662]: This incident has been reported.
jun 02 10:39:24 Mocha gamemoded[3652]: ERROR: External process failed with exit code 127
jun 02 10:39:24 Mocha gamemoded[3652]: ERROR: Output was:
jun 02 10:39:24 Mocha gamemoded[3652]: ERROR: Failed to update split_lock_mitigate

Serviço gamemoded do sistema:

== 9. Linhas candidatas para teste real na Steam ==
Teste A — baseline aprovado anteriormente:
Launch Options vazia

Teste B — GameMode puro:
gamemoderun %command%

Teste C — wrapper Mocha:
 /home/hal/.local/bin/mocha-steam-game-run %command%

== 10. Recomendação preliminar ==
Resultado: NÃO usar o wrapper como padrão ainda.

Motivo:
- foram encontrados 2 erro(s) objetivo(s);
- use temporariamente: gamemoderun %command%
- depois corrija o wrapper e repita esta auditoria.

Linha provisória recomendada:
gamemoderun %command%

== 11. Resumo ==
Erros: 2
Avisos: 0
Relatório salvo em: /media/mochafast/MochaArch/ativo/relatorios/20260602-103924-auditoria-wrapper-steam-vs-gamemoderun.log
