== MOCHAARCH — corrigir hibernação com swap física sem mexer no zram ==
Timestamp: 20260531-214202
Log: /media/mochafast/MochaArch/ativo/relatorios/20260531-214202-corrigir-hibernacao-swap-fisica-sem-mexer-zram.log

== sudo uma vez ==

== estado inicial ==
Linux Mocha 7.0.10-zen1-1-zen #1 ZEN SMP PREEMPT_DYNAMIC Sat, 23 May 2026 14:45:01 +0000 x86_64 GNU/Linux

BOOT_IMAGE=/boot/vmlinuz-linux-zen root=UUID=2a8beb39-04e6-4520-a873-9134a2f73f53 rw quiet splash loglevel=3 nvidia_drm.modeset=1 nvidia_drm.fbdev=1 modprobe.blacklist=nouveau nouveau.modeset=0 resume=UUID=c55827ce-1ead-4561-84c9-435612a8862b

== swaps ativas ==
NAME           TYPE       SIZE USED  PRIO
/dev/zram0     partition 15,4G   0B 32767
/dev/nvme0n1p3 partition   17G   0B    -1

== selecionar swap física para resume ==
Swap física escolhida: /dev/nvme0n1p3
UUID para resume: c55827ce-1ead-4561-84c9-435612a8862b

== confirmar prioridade do zram, sem alterar ==
NAME           TYPE       SIZE USED  PRIO
/dev/zram0     partition 15,4G   0B 32767
/dev/nvme0n1p3 partition   17G   0B    -1
Prioridade atual do zram: 32767
A prioridade do zram será preservada.

== backup controlado de /etc/default/grub e /etc/mkinitcpio.conf ==
Backups criados:
  /etc/default/grub.bak-20260531-214202
  /etc/mkinitcpio.conf.bak-20260531-214202

== corrigir GRUB: remover noresume/resume antigo e aplicar resume=UUID da swap física ==
6:GRUB_CMDLINE_LINUX_DEFAULT="quiet splash loglevel=3 nvidia_drm.modeset=1 nvidia_drm.fbdev=1 modprobe.blacklist=nouveau nouveau.modeset=0 resume=UUID=c55827ce-1ead-4561-84c9-435612a8862b"
7:GRUB_CMDLINE_LINUX=""

== corrigir mkinitcpio: garantir hook resume antes de filesystems ==
7:MODULES=()
14:BINARIES=()
19:FILES=()
55:HOOKS=(base udev autodetect microcode modconf block keyboard keymap consolefont resume filesystems)

== habilitar hibernação no systemd sem alterar zram ==
Arquivo systemd criado/atualizado: /etc/systemd/sleep.conf.d/90-mocha-hibernate.conf
[Sleep]
AllowHibernation=yes
AllowSuspendThenHibernate=yes
HibernateState=disk
HibernateMode=platform shutdown

== suporte NVIDIA para hibernação, se o módulo expõe os parâmetros ==
Arquivo NVIDIA criado/atualizado: /etc/modprobe.d/99-mocha-nvidia-hibernate.conf
options nvidia NVreg_PreserveVideoMemoryAllocations=1 NVreg_TemporaryFilePath=/var/tmp
Created symlink '/etc/systemd/system/systemd-suspend.service.wants/nvidia-suspend.service' → '/usr/lib/systemd/system/nvidia-suspend.service'.
Habilitado: nvidia-suspend.service
Created symlink '/etc/systemd/system/systemd-hibernate.service.wants/nvidia-hibernate.service' → '/usr/lib/systemd/system/nvidia-hibernate.service'.
Habilitado: nvidia-hibernate.service
Created symlink '/etc/systemd/system/systemd-suspend.service.wants/nvidia-resume.service' → '/usr/lib/systemd/system/nvidia-resume.service'.
Created symlink '/etc/systemd/system/systemd-hibernate.service.wants/nvidia-resume.service' → '/usr/lib/systemd/system/nvidia-resume.service'.
Created symlink '/etc/systemd/system/systemd-suspend-then-hibernate.service.wants/nvidia-resume.service' → '/usr/lib/systemd/system/nvidia-resume.service'.
Habilitado: nvidia-resume.service

== regenerar initramfs somente do kernel atual quando possível ==
Preset mkinitcpio usado: linux-zen
==> Building image from preset: /etc/mkinitcpio.d/linux-zen.preset: 'default'
==> Using default configuration file: '/etc/mkinitcpio.conf'
  -> -k /boot/vmlinuz-linux-zen -g /boot/initramfs-linux-zen.img
==> Starting build: '7.0.10-zen1-1-zen'
  -> Running build hook: [base]
  -> Running build hook: [udev]
  -> Running build hook: [autodetect]
  -> Running build hook: [microcode]
  -> Running build hook: [modconf]
  -> Running build hook: [block]
  -> Running build hook: [keyboard]
  -> Running build hook: [keymap]
  -> Running build hook: [consolefont]
==> WARNING: consolefont: no font found in configuration
  -> Running build hook: [resume]
  -> Running build hook: [filesystems]
==> Generating module dependencies
==> Creating zstd-compressed initcpio image: '/boot/initramfs-linux-zen.img'
  -> Early uncompressed CPIO image generation successful
==> Initcpio image generation successful

== regenerar GRUB ==
Gerando o arquivo de configuração do grub...
Imagem Linux encontrada: /boot/vmlinuz-linux-cachyos-bore-lto
Imagem initrd encontrada: /boot/intel-ucode.img /boot/amd-ucode.img /boot/initramfs-linux-cachyos-bore-lto.img
Imagem Linux encontrada: /boot/vmlinuz-linux-zen
Imagem initrd encontrada: /boot/intel-ucode.img /boot/amd-ucode.img /boot/initramfs-linux-zen.img
Imagem Linux encontrada: /boot/vmlinuz-linux
Imagem initrd encontrada: /boot/intel-ucode.img /boot/amd-ucode.img /boot/initramfs-linux.img
Aviso: os-prober não será executado para detectar outras partições de arranque.
Os sistemas nelas presentes não serão adicionados à configuração de arranque do GRUB.\Veja a documentação de GRUB_DISABLE_OS_PROBER.
A adicionar entrada de menu para UEFI Firmware Settings ...
concluído

== recarregar systemd ==

== validação final ==
-- GRUB:
6:GRUB_CMDLINE_LINUX_DEFAULT="quiet splash loglevel=3 nvidia_drm.modeset=1 nvidia_drm.fbdev=1 modprobe.blacklist=nouveau nouveau.modeset=0 resume=UUID=c55827ce-1ead-4561-84c9-435612a8862b"
7:GRUB_CMDLINE_LINUX=""

-- mkinitcpio:
7:MODULES=()
14:BINARIES=()
19:FILES=()
55:HOOKS=(base udev autodetect microcode modconf block keyboard keymap consolefont resume filesystems)

-- swap:
NAME           TYPE       SIZE USED  PRIO
/dev/zram0     partition 15,4G   0B 32767
/dev/nvme0n1p3 partition   17G   0B    -1

-- suporte systemd para hibernação:
○ systemd-hibernate.service - System Hibernate
     Loaded: loaded (/usr/lib/systemd/system/systemd-hibernate.service; static)
    Drop-In: /usr/lib/systemd/system/systemd-hibernate.service.d
             └─10-nvidia-no-freeze-session.conf
     Active: inactive (dead)
       Docs: man:systemd-hibernate.service(8)

○ systemd-hibernate-resume.service - Resume from hibernation
     Loaded: loaded (/usr/lib/systemd/system/systemd-hibernate-resume.service; static)
     Active: inactive (dead)
       Docs: man:systemd-hibernate-resume.service(8)

-- checagem de /sys/power:
state: freeze mem disk
disk: [platform] shutdown reboot suspend test_resume

== conclusão ==
Correção aplicada.
Reinicie a máquina antes do teste real.
Depois do reboot, teste com:
  systemctl hibernate

Log: /media/mochafast/MochaArch/ativo/relatorios/20260531-214202-corrigir-hibernacao-swap-fisica-sem-mexer-zram.log
Documento: /media/mochafast/MochaArch/ativo/documentacao/20260531-214202-hibernacao-swap-fisica-zram-prioridade-alta.md
