== MOCHAARCH — auditoria somente leitura da hibernação ==
Timestamp: 20260531-212459
Log: /media/mochafast/MochaArch/ativo/relatorios/20260531-212459-auditoria-hibernacao-sem-alterar.log

[1/8] Kernel e cmdline atual
Linux Mocha 7.0.10-zen1-1-zen #1 ZEN SMP PREEMPT_DYNAMIC Sat, 23 May 2026 14:45:01 +0000 x86_64 GNU/Linux

BOOT_IMAGE=/boot/vmlinuz-linux-zen root=UUID=2a8beb39-04e6-4520-a873-9134a2f73f53 rw quiet splash loglevel=3 nvidia_drm.modeset=1 nvidia_drm.fbdev=1 modprobe.blacklist=nouveau nouveau.modeset=0

[2/8] Swap ativo
NAME           TYPE       SIZE USED  PRIO UUID LABEL
/dev/zram0     partition 15,4G   0B 32767      
/dev/nvme0n1p3 partition   17G   0B    -1      

[3/8] Blkid das partições relevantes
NAME        KNAME     TYPE FSTYPE   SIZE UUID                                 LABEL     MOUNTPOINTS
sda         sda       disk        447,1G                                                
└─sda1      sda1      part btrfs  447,1G 88e6aa16-110c-4b97-9ffb-85084c000198 MOCHAFAST /media/mochafast
sdb         sdb       disk          1,8T                                                
└─sdb1      sdb1      part xfs      1,8T b81630a0-0756-45e4-9cb2-c7f16637a1c6 vmstore   /media/vmstore
sdc         sdc       disk         55,9G                                                
├─sdc1      sdc1      part exfat   55,9G 5D8D-2429                            Ventoy    
└─sdc2      sdc2      part vfat      32M EA6C-95B2                            VTOYEFI   
zram0       zram0     disk swap    15,4G 807bf340-da89-4079-ab7e-69d11ca6efc1 zram0     [SWAP]
nvme0n1     nvme0n1   disk        931,5G                                                
├─nvme0n1p1 nvme0n1p1 part vfat       2G CF08-8F54                                      /boot/efi
├─nvme0n1p2 nvme0n1p2 part xfs    912,6G 2a8beb39-04e6-4520-a873-9134a2f73f53 Mocha     /
└─nvme0n1p3 nvme0n1p3 part swap      17G c55827ce-1ead-4561-84c9-435612a8862b swap      [SWAP]


[4/8] Memória e capacidade de hibernação
               total       usada       livre    compart.  buff/cache  disponível
Mem.:           15Gi       3,2Gi        11Gi        97Mi       1,4Gi        12Gi
Swap:           32Gi          0B        32Gi

freeze mem disk

[platform] shutdown reboot suspend test_resume

[5/8] systemd sleep config efetiva
# /etc/systemd/sleep.conf
#  This file is part of systemd.
#
#  systemd is free software; you can redistribute it and/or modify it under the
#  terms of the GNU Lesser General Public License as published by the Free
#  Software Foundation; either version 2.1 of the License, or (at your option)
#  any later version.
#
# Entries in this file show the compile time defaults. Local configuration
# should be created by either modifying this file (or a copy of it placed in
# /etc/ if the original file is shipped in /usr/), or by creating "drop-ins" in
# the /etc/systemd/sleep.conf.d/ directory. The latter is generally
# recommended. Defaults can be restored by simply deleting the main
# configuration file and all drop-ins located in /etc/.
#
# Use 'systemd-analyze cat-config systemd/sleep.conf' to display the full config.
#
# See systemd-sleep.conf(5) for details.

[Sleep]
#AllowSuspend=yes
#AllowHibernation=yes
#AllowSuspendThenHibernate=yes
#AllowHybridSleep=yes
#SuspendState=mem standby freeze
#HibernateMode=platform shutdown
#MemorySleepMode=
#HibernateDelaySec=
#HibernateOnACPower=yes
#SuspendEstimationSec=60min

[6/8] Verificações logind/sleep
Remote=no
Type=wayland
Active=yes
State=active

○ systemd-hibernate.service - System Hibernate
     Loaded: loaded (/usr/lib/systemd/system/systemd-hibernate.service; static)
    Drop-In: /usr/lib/systemd/system/systemd-hibernate.service.d
             └─10-nvidia-no-freeze-session.conf
     Active: inactive (dead)
       Docs: man:systemd-hibernate.service(8)

[7/8] Ocorrências de hibernação/resume em configs
/etc/systemd/logind.conf:34:#HandleHibernateKey=hibernate
/etc/systemd/logind.conf:35:#HandleHibernateKeyLongPress=ignore
/etc/systemd/logind.conf:36:#HandleLidSwitch=suspend
/etc/systemd/logind.conf:37:#HandleLidSwitchExternalPower=suspend
/etc/systemd/logind.conf:38:#HandleLidSwitchDocked=ignore
/etc/systemd/sleep.conf:21:#AllowHibernation=yes
/etc/systemd/sleep.conf:25:#HibernateMode=platform shutdown

[8/8] Logs recentes relacionados
mai 31 21:23:18 Mocha kernel: nvidia: loading out-of-tree module taints kernel.
mai 31 21:23:18 Mocha kernel: NVRM: loading NVIDIA UNIX Open Kernel Module for x86_64  610.43.02  Release Build  (root@Mocha)  
mai 31 21:23:19 Mocha kernel: asus_wmi: failed to register LPS0 sleep handler in asus-wmi

mai 31 21:23:17 Mocha kernel: Command line: BOOT_IMAGE=/boot/vmlinuz-linux-zen root=UUID=2a8beb39-04e6-4520-a873-9134a2f73f53 rw quiet splash loglevel=3 nvidia_drm.modeset=1 nvidia_drm.fbdev=1 modprobe.blacklist=nouveau nouveau.modeset=0
mai 31 21:23:17 Mocha kernel: PM: hibernation: Registered nosave memory: [mem 0x00000000-0x00000fff]
mai 31 21:23:17 Mocha kernel: PM: hibernation: Registered nosave memory: [mem 0x000a0000-0x000fffff]
mai 31 21:23:17 Mocha kernel: PM: hibernation: Registered nosave memory: [mem 0x09d1f000-0x09ffffff]
mai 31 21:23:17 Mocha kernel: PM: hibernation: Registered nosave memory: [mem 0x0a200000-0x0a20cfff]
mai 31 21:23:17 Mocha kernel: PM: hibernation: Registered nosave memory: [mem 0x0b000000-0x0b01ffff]
mai 31 21:23:17 Mocha kernel: PM: hibernation: Registered nosave memory: [mem 0xbe482000-0xbe482fff]
mai 31 21:23:17 Mocha kernel: PM: hibernation: Registered nosave memory: [mem 0xbf454000-0xbf547fff]
mai 31 21:23:17 Mocha kernel: PM: hibernation: Registered nosave memory: [mem 0xc2a45000-0xc2a45fff]
mai 31 21:23:17 Mocha kernel: PM: hibernation: Registered nosave memory: [mem 0xc3f4a000-0xc6bfefff]
mai 31 21:23:17 Mocha kernel: PM: hibernation: Registered nosave memory: [mem 0xc8000000-0xffffffff]
mai 31 21:23:17 Mocha kernel: Kernel command line: BOOT_IMAGE=/boot/vmlinuz-linux-zen root=UUID=2a8beb39-04e6-4520-a873-9134a2f73f53 rw quiet splash loglevel=3 nvidia_drm.modeset=1 nvidia_drm.fbdev=1 modprobe.blacklist=nouveau nouveau.modeset=0
mai 31 21:23:17 Mocha kernel: Trying to unpack rootfs image as initramfs...
mai 31 21:23:17 Mocha kernel: Freeing unused kernel image (initmem) memory: 4972K
mai 31 21:23:17 Mocha kernel: Freeing unused kernel image (text/rodata gap) memory: 1560K
mai 31 21:23:17 Mocha kernel: Freeing unused kernel image (rodata/data gap) memory: 1856K
mai 31 21:23:18 Mocha systemd[1]: Reached target Image Downloads.
mai 31 21:23:18 Mocha systemd[1]: Clear Stale Hibernate Storage Info skipped, unmet condition check ConditionPathExists=/sys/firmware/efi/efivars/HibernateLocation-8cf2644b-4b0b-428f-9387-6d876050dc67
mai 31 21:23:19 Mocha systemd[1]: Listening on Disk Image Download Service Socket.
mai 31 21:23:21 Mocha systemd[1]: Clear Stale Hibernate Storage Info skipped, unmet condition check ConditionPathExists=/sys/firmware/efi/efivars/HibernateLocation-8cf2644b-4b0b-428f-9387-6d876050dc67
mai 31 21:23:21 Mocha systemd[1]: Listening on System Extension Image Management.
mai 31 21:23:22 Mocha systemd[878]: Listening on Disk Image Download Service Socket.
mai 31 21:23:28 Mocha systemd[1029]: Listening on Disk Image Download Service Socket.
mai 31 21:23:37 Mocha vivaldi-stable[1619]: [1611:1611:0531/212337.855004:ERROR:chromium/ui/ozone/platform/wayland/host/wayland_wp_color_manager.cc:277] Unable to set image transfer function.
mai 31 21:23:37 Mocha vivaldi-stable[1619]: [1611:1611:0531/212337.855017:ERROR:chromium/ui/ozone/platform/wayland/host/wayland_wp_color_manager.cc:195] Failed to populate image description for color space {primaries:BT709, transfer:SRGB, matrix:RGB, range:FULL}
mai 31 21:23:43 Mocha systemd[878]: Closed Disk Image Download Service Socket.

AUDITORIA CONCLUÍDA.
Nada foi alterado.
Log: /media/mochafast/MochaArch/ativo/relatorios/20260531-212459-auditoria-hibernacao-sem-alterar.log
