
== Ambiente ==
Timestamp: 20260530-060042
Usuário real: hal
Home: /home/hal
Kernel: 7.0.10-zen1-1-zen
Log: /media/mochafast/MochaArch/ativo/relatorios/20260530-060042-fixar-mangohud-padrao-mocha-e-manual.log

== Validando pacotes fundamentais ==
mangohud 0.8.4-1
gamemode 1.8.2-2
MangoHud versão:
v0.8.4

== Busca controlada por configurações MangoHud existentes ==
Procurando em: /home/hal/.config/MangoHud
Procurando em: /media/mochafast/MochaArch/ativo
Procurando em: /media/vmstore/MochaArch

== Candidatos encontrados ==
/home/hal/.config/MangoHud/Mocha-MangoHud-FPS-Comparacao.conf

== Selecionando configuração Mocha preferencial ==
Configuração selecionada:
/home/hal/.config/MangoHud/Mocha-MangoHud-FPS-Comparacao.conf

== Preparando diretório local do MangoHud ==

== Backups controlados das configurações atuais ==

== Fixando configuração Mocha do usuário ==

== Instalando cópia canônica em /etc/mocha/mangohud ==

== Validando arquivos fixados ==
Arquivo Mocha do usuário: /home/hal/.config/MangoHud/Mocha-MangoHud.conf
Arquivo padrão do MangoHud: /home/hal/.config/MangoHud/MangoHud.conf
Arquivo canônico do sistema: /etc/mocha/mangohud/MangoHud.conf

== Criando Launch Option oficial MangoHud + GameMode + padrão Mocha ==
Launch Option oficial:
MANGOHUD_CONFIGFILE=/home/hal/.config/MangoHud/Mocha-MangoHud.conf mangohud gamemoderun %command%

== Localizando manual ativo ==
Manual que será atualizado:
/media/mochafast/MochaArch/ativo/documentacao/20260529-211221-tema-mocha-aprovado-validado-e-manual-corrigido.md

== Criando seção correta para o manual ==

== Atualizando manual sem duplicar seção ==

== Gerando documentação específica desta correção ==

== Salvando script reutilizável ==

== Resumo final ==
Configuração origem: /home/hal/.config/MangoHud/Mocha-MangoHud-FPS-Comparacao.conf
Configuração Mocha usuário: /home/hal/.config/MangoHud/Mocha-MangoHud.conf
Configuração padrão MangoHud: /home/hal/.config/MangoHud/MangoHud.conf
Configuração sistema: /etc/mocha/mangohud/MangoHud.conf
Launch Option oficial:
MANGOHUD_CONFIGFILE=/home/hal/.config/MangoHud/Mocha-MangoHud.conf mangohud gamemoderun %command%
Manual atualizado: /media/mochafast/MochaArch/ativo/documentacao/20260529-211221-tema-mocha-aprovado-validado-e-manual-corrigido.md
Documentação: /media/mochafast/MochaArch/ativo/documentacao/20260530-060042-mangohud-padrao-mocha-fixado.md
Log: /media/mochafast/MochaArch/ativo/relatorios/20260530-060042-fixar-mangohud-padrao-mocha-e-manual.log
Script: /media/mochafast/MochaArch/ativo/scripts/20260530-060042-mocha-fixar-mangohud-padrao-mocha-e-manual.sh

== Concluído ==
