== MOCHAARCH — corrigir GRUB default para Linux Zen ==
Timestamp: 20260531-211502
Log: /media/mochafast/MochaArch/ativo/relatorios/20260531-211502-fixar-grub-default-linux-zen.log

[1/8] Obtendo sudo uma vez...

[2/8] Auditoria do estado atual...
Kernel em uso:
7.0.10-2-cachyos-bore-lto

Pacotes de kernel instalados:
linux-zen 7.0.10.zen1-1
linux-zen-headers 7.0.10.zen1-1
linux-cachyos-bore-lto 7.0.10-2

Arquivos de boot relevantes:
-rw------- 1 root root 5,8K mai 31 21:12 /boot/grub/grub.cfg
-rw------- 1 root root  14M mai 31 21:10 /boot/initramfs-linux-zen.img
-rw-r--r-- 1 root root  18M mai 29 20:31 /boot/vmlinuz-linux-zen

[3/8] Criando backups com timestamp...

[4/8] Mantendo no máximo 2 backups por arquivo...
Removendo backup excedente: /etc/default/grub.bak-20260530-142741

[5/8] Ajustando /etc/default/grub para default persistente salvo...

Linhas relevantes agora em /etc/default/grub:
GRUB_DEFAULT=saved
GRUB_SAVEDEFAULT=false

[6/8] Regenerando grub.cfg...
Gerando o arquivo de configuração do grub...
Imagem Linux encontrada: /boot/vmlinuz-linux-cachyos-bore-lto
Imagem initrd encontrada: /boot/intel-ucode.img /boot/amd-ucode.img /boot/initramfs-linux-cachyos-bore-lto.img
Imagem Linux encontrada: /boot/vmlinuz-linux-zen
Imagem initrd encontrada: /boot/intel-ucode.img /boot/amd-ucode.img /boot/initramfs-linux-zen.img
Aviso: Por favor, não use o título antigo 'Arch Linux, with Linux linux-zen' para o GRUB_DEFAULT, use 'Advanced options for Arch Linux>Arch Linux, with Linux linux-zen' (para versões antes da 2.00) ou 'gnulinux-advanced-2a8beb39-04e6-4520-a873-9134a2f73f53>gnulinux-linux-zen-advanced-2a8beb39-04e6-4520-a873-9134a2f73f53' (para a 2.00 ou posterior)
Imagem Linux encontrada: /boot/vmlinuz-linux
Imagem initrd encontrada: /boot/intel-ucode.img /boot/amd-ucode.img /boot/initramfs-linux.img
Aviso: os-prober não será executado para detectar outras partições de arranque.
Os sistemas nelas presentes não serão adicionados à configuração de arranque do GRUB.\Veja a documentação de GRUB_DISABLE_OS_PROBER.
A adicionar entrada de menu para UEFI Firmware Settings ...
concluído

[7/8] Localizando a entrada real do Linux Zen no GRUB...
awk: fatal: não foi possível abrir arquivo "/boot/grub/grub.cfg" para leitura: Permissão negada
