
== Revisão interna 1/3 - travas contra repetição do erro ==

== Pedindo sudo uma vez e mantendo sessão ativa ==

== Auditoria antes de mexer ==
Kernel atual: 7.0.10-zen1-1-zen

linux-cachyos-bore-lto 7.0.10-2
linux-cachyos-bore-lto-headers 7.0.10-2
linux-cachyos-bore-lto-nvidia-open 7.0.10-2
nvidia-utils 610.43.02-2
lib32-nvidia-utils 610.43.02-1

NVIDIA-SMI has failed because it couldn't communicate with the NVIDIA driver. Make sure that the latest NVIDIA driver is installed and running.

Nota: falha do nvidia-smi é esperada se o boot atual ainda estiver no Zen sem módulo NVIDIA compatível.

== Conferindo pacotes no repositório ativo ==

== Instalando/garantindo conjunto CachyOS Bore LTO + NVIDIA correspondente ==
atenção: linux-cachyos-bore-lto-7.0.10-2 está atualizado -- ignorando
atenção: linux-cachyos-bore-lto-headers-7.0.10-2 está atualizado -- ignorando
atenção: linux-cachyos-bore-lto-nvidia-open-7.0.10-2 está atualizado -- ignorando
atenção: nvidia-utils-610.43.02-2 está atualizado -- ignorando
atenção: lib32-nvidia-utils-610.43.02-1 está atualizado -- ignorando
nada para fazer

== Localizando diretório real do kernel CachyOS Bore LTO ==
Kernel alvo: 7.0.10-2-cachyos-bore-lto
Diretório alvo: /usr/lib/modules/7.0.10-2-cachyos-bore-lto

== Revisão interna 2/3 - validando casamento módulo NVIDIA x utils ==
Módulo NVIDIA: /usr/lib/modules/7.0.10-2-cachyos-bore-lto/extramodules/nvidia.ko.zst
Versão do módulo: 610.43.02
nvidia-utils: 610.43.02
lib32-nvidia-utils: 610.43.02

== Removendo NVIDIA do mkinitcpio global para não quebrar Zen/linux ==

== Criando mkinitcpio exclusivo para CachyOS Bore LTO com NVIDIA ==

== Ajustando preset CachyOS Bore LTO para usar a config própria ==

== Gravando NVIDIA Wayland/KMS ==

== Revisão interna 3/3 - bloqueio contra mkinitcpio global ==
Será executado somente: sudo mkinitcpio -p linux-cachyos-bore-lto
Não será executado: mkinitcpio -P
==> Building image from preset: /etc/mkinitcpio.d/linux-cachyos-bore-lto.preset: 'default'
==> Using configuration file: '/etc/mkinitcpio-cachyos-bore-lto.conf'
  -> -k /boot/vmlinuz-linux-cachyos-bore-lto -c /etc/mkinitcpio-cachyos-bore-lto.conf -g /boot/initramfs-linux-cachyos-bore-lto.img
==> Starting build: '7.0.10-2-cachyos-bore-lto'
  -> Running build hook: [base]
  -> Running build hook: [udev]
  -> Running build hook: [autodetect]
  -> Running build hook: [microcode]
  -> Running build hook: [modconf]
  -> Running build hook: [block]
  -> Running build hook: [keyboard]
  -> Running build hook: [keymap]
  -> Running build hook: [consolefont]
==> WARNING: consolefont: no font found in configuration
  -> Running build hook: [filesystems]
==> Generating module dependencies
==> Creating zstd-compressed initcpio image: '/boot/initramfs-linux-cachyos-bore-lto.img'
  -> Early uncompressed CPIO image generation successful
==> Initcpio image generation successful

== Configurando GRUB para iniciar pelo CachyOS Bore LTO ==
Gerando o arquivo de configuração do grub...
Imagem Linux encontrada: /boot/vmlinuz-linux-cachyos-bore-lto
Imagem initrd encontrada: /boot/intel-ucode.img /boot/amd-ucode.img /boot/initramfs-linux-cachyos-bore-lto.img
Imagem Linux encontrada: /boot/vmlinuz-linux-zen
Imagem initrd encontrada: /boot/intel-ucode.img /boot/amd-ucode.img /boot/initramfs-linux-zen.img
Imagem Linux encontrada: /boot/vmlinuz-linux
Imagem initrd encontrada: /boot/intel-ucode.img /boot/amd-ucode.img /boot/initramfs-linux.img
Aviso: os-prober não será executado para detectar outras partições de arranque.
Os sistemas nelas presentes não serão adicionados à configuração de arranque do GRUB.\Veja a documentação de GRUB_DISABLE_OS_PROBER.
A adicionar entrada de menu para UEFI Firmware Settings ...
concluído
grep: /boot/grub/grub.cfg: Permissão negada
grep: /boot/grub/grub.cfg: Permissão negada

ERRO: GRUB gerado, mas não encontrei menuentry CachyOS Bore LTO. Não reinicie antes de revisar.
Log: /media/mochafast/MochaArch/ativo/relatorios/20260530-140200-reparar-cachyos-bore-lto-nvidia.log
