== MOCHAARCH — finalizar rollback do resume e regenerar GRUB ==
Timestamp: 20260531-212237
Log: /media/mochafast/MochaArch/ativo/relatorios/20260531-212237-finalizar-rollback-resume-grub-zen.log

[1/7] Estado atual
Kernel atual: 7.0.10-zen1-1-zen
Cmdline atual ainda pode mostrar resume até reiniciar:
BOOT_IMAGE=/boot/vmlinuz-linux-zen root=UUID=2a8beb39-04e6-4520-a873-9134a2f73f53 rw quiet splash loglevel=3 nvidia_drm.modeset=1 nvidia_drm.fbdev=1 modprobe.blacklist=nouveau nouveau.modeset=0 resume=UUID=c55827ce-1ead-4561-84c9-435612a8862b

Swap atual:
NAME           TYPE       SIZE USED  PRIO UUID LABEL
/dev/zram0     partition 15,4G   0B 32767      
/dev/nvme0n1p3 partition   17G   0B    -1      

[2/7] Garantindo remoção de resume/noresume das fontes do GRUB

[3/7] Garantindo remoção do hook resume do mkinitcpio principal
Hook resume não está presente em /etc/mkinitcpio.conf.

[4/7] Validação antes de regenerar
OK: fontes limpas.

[5/7] Regenerando somente initramfs do kernel Zen
==> Building image from preset: /etc/mkinitcpio.d/linux-zen.preset: 'default'
==> Using default configuration file: '/etc/mkinitcpio.conf'
  -> -k /boot/vmlinuz-linux-zen -g /boot/initramfs-linux-zen.img
==> Starting build: '7.0.10-zen1-1-zen'
  -> Running build hook: [base]
  -> Running build hook: [udev]
  -> Running build hook: [autodetect]
  -> Running build hook: [microcode]
  -> Running build hook: [modconf]
  -> Running build hook: [block]
  -> Running build hook: [keyboard]
  -> Running build hook: [keymap]
  -> Running build hook: [consolefont]
==> WARNING: consolefont: no font found in configuration
  -> Running build hook: [filesystems]
==> Generating module dependencies
==> Creating zstd-compressed initcpio image: '/boot/initramfs-linux-zen.img'
  -> Early uncompressed CPIO image generation successful
==> Initcpio image generation successful

[6/7] Regenerando GRUB
Backup criado: /boot/grub/grub.cfg.mocha-bak-20260531-212237
Gerando o arquivo de configuração do grub...
Imagem Linux encontrada: /boot/vmlinuz-linux-cachyos-bore-lto
Imagem initrd encontrada: /boot/intel-ucode.img /boot/amd-ucode.img /boot/initramfs-linux-cachyos-bore-lto.img
Imagem Linux encontrada: /boot/vmlinuz-linux-zen
Imagem initrd encontrada: /boot/intel-ucode.img /boot/amd-ucode.img /boot/initramfs-linux-zen.img
Imagem Linux encontrada: /boot/vmlinuz-linux
Imagem initrd encontrada: /boot/intel-ucode.img /boot/amd-ucode.img /boot/initramfs-linux.img
Aviso: os-prober não será executado para detectar outras partições de arranque.
Os sistemas nelas presentes não serão adicionados à configuração de arranque do GRUB.\Veja a documentação de GRUB_DISABLE_OS_PROBER.
A adicionar entrada de menu para UEFI Firmware Settings ...
concluído

[7/7] Verificação final do grub.cfg gerado
grep: /boot/grub/grub.cfg: Permissão negada
OK: grub.cfg sem resume/noresume.

Resumo das linhas GRUB_CMDLINE atuais:
--- /etc/default/grub
6:GRUB_CMDLINE_LINUX_DEFAULT="quiet splash loglevel=3 nvidia_drm.modeset=1 nvidia_drm.fbdev=1 modprobe.blacklist=nouveau nouveau.modeset=0"
7:GRUB_CMDLINE_LINUX=""

Entradas Zen encontradas no grub.cfg:
grep: /boot/grub/grub.cfg: Permissão negada

CONCLUÍDO.
Agora reinicie normalmente.
Depois do reboot, o /proc/cmdline não deve mais ter resume=.
Não tente hibernar ainda; primeiro confirme que o boot normal voltou limpo.
Log: /media/mochafast/MochaArch/ativo/relatorios/20260531-212237-finalizar-rollback-resume-grub-zen.log
