
== Mocha Arch — corrigindo boot do CachyOS BORE LTO v3 sem reinstalar ==
Sat May 30 13:41:19 -03 2026
Linux Mocha 7.0.10-zen1-1-zen #1 ZEN SMP PREEMPT_DYNAMIC Sat, 23 May 2026 14:45:01 +0000 x86_64 GNU/Linux
Log: /media/mochafast/MochaArch/ativo/relatorios/20260530-134116-corrigir-boot-cachyos-bore-lto-v3-sem-reinstalar.log
Documento: /media/mochafast/MochaArch/ativo/documentacao/20260530-134116-corrigir-boot-cachyos-bore-lto-v3-sem-reinstalar.md
Script salvo: /media/mochafast/MochaArch/ativo/scripts/20260530-134116-mocha-corrigir-boot-cachyos-bore-lto-v3-sem-reinstalar.sh

== Escopo seguro ==
Este script NÃO roda pacman -Syu.
Este script NÃO reinstala kernel nem driver.
Este script NÃO remove pacotes.
Este script gera initramfs somente para linux-cachyos-bore-lto.
Este script define o GRUB para iniciar pelo CachyOS BORE LTO.
Este script NÃO reinicia automaticamente.

== Auditando pacotes instalados ==
linux 7.0.10.arch1-1
linux-headers 7.0.10.arch1-1
linux-zen 7.0.10.zen1-1
linux-zen-headers 7.0.10.zen1-1
linux-cachyos-bore-lto 7.0.10-2
linux-cachyos-bore-lto-headers 7.0.10-2
linux-cachyos-bore-lto-nvidia-open 7.0.10-2
nvidia-utils 610.43.02-3
lib32-nvidia-utils 610.43.02-1

== Validando presença do kernel e driver CachyOS ==
linux-cachyos-bore-lto: 7.0.10-2
linux-cachyos-bore-lto-nvidia-open: 7.0.10-2
nvidia-utils: 610.43.02-3
lib32-nvidia-utils: 610.43.02-1

== Validando arquivos de boot do CachyOS ==

== Conferindo módulos NVIDIA do kernel CachyOS ==

== Gerando initramfs somente do CachyOS BORE LTO ==
==> Building image from preset: /etc/mkinitcpio.d/linux-cachyos-bore-lto.preset: 'default'
==> Using default configuration file: '/etc/mkinitcpio.conf'
  -> -k /boot/vmlinuz-linux-cachyos-bore-lto -g /boot/initramfs-linux-cachyos-bore-lto.img
==> Starting build: '7.0.10-2-cachyos-bore-lto'
  -> Running build hook: [base]
  -> Running build hook: [udev]
  -> Running build hook: [autodetect]
  -> Running build hook: [microcode]
  -> Running build hook: [modconf]
  -> Running build hook: [block]
  -> Running build hook: [keyboard]
  -> Running build hook: [keymap]
  -> Running build hook: [consolefont]
==> WARNING: consolefont: no font found in configuration
  -> Running build hook: [filesystems]
==> Generating module dependencies
==> Creating zstd-compressed initcpio image: '/boot/initramfs-linux-cachyos-bore-lto.img'
  -> Early uncompressed CPIO image generation successful
==> Initcpio image generation successful

== Validando initramfs gerado ==
Aviso: fallback initramfs do CachyOS não encontrado; seguindo com o normal.
-rw------- 1 root root 107M May 30 13:41 /boot/initramfs-linux-cachyos-bore-lto.img
-rw-r--r-- 1 root root  16M May 30 13:38 /boot/vmlinuz-linux-cachyos-bore-lto

== Validando GRUB ==

== Fazendo backup controlado do GRUB ==

== Configurando GRUB_DEFAULT=saved ==

== Regenerando grub.cfg ==
Generating grub configuration file ...
Found linux image: /boot/vmlinuz-linux-zen
Found initrd image: /boot/intel-ucode.img /boot/amd-ucode.img /boot/initramfs-linux-zen.img
Found linux image: /boot/vmlinuz-linux-cachyos-bore-lto
Found initrd image: /boot/intel-ucode.img /boot/amd-ucode.img /boot/initramfs-linux-cachyos-bore-lto.img
Found linux image: /boot/vmlinuz-linux
Found initrd image: /boot/intel-ucode.img /boot/amd-ucode.img /boot/initramfs-linux.img
Warning: os-prober will not be executed to detect other bootable partitions.
Systems on them will not be added to the GRUB boot configuration.
Check GRUB_DISABLE_OS_PROBER documentation entry.
Adding boot menu entry for UEFI Firmware Settings ...
done

== Localizando entrada do CachyOS BORE LTO no GRUB ==
Entradas relacionadas a CachyOS/BORE/LTO:
grep: /boot/grub/grub.cfg: Permission denied
grep: /boot/grub/grub.cfg: Permission denied
Todas as menuentries encontradas:
grep: /boot/grub/grub.cfg: Permission denied

ERRO: Não encontrei uma menuentry segura para linux-cachyos-bore-lto.
