== MOCHAARCH — instalar firewall ativo + Cloudflare DNS-over-TLS + atalhos ==
Timestamp: 20260601-174300
Log: /media/mochafast/MochaArch/ativo/relatorios/20260601-174300-instalar-firewall-cloudflare-dot-atalhos.log
Documento: /media/mochafast/MochaArch/ativo/documentacao/20260601-174300-firewall-firewalld-cloudflare-dot-atalhos.md

[1/14] Validando sudo uma vez no começo...

[2/14] Estado inicial resumido...
Kernel:
7.0.10-2-cachyos

Serviços de firewall antes:
firewalld.service active=inactive
firewalld.service enabled=not-found
nftables.service active=inactive
nftables.service enabled=disabled
iptables.service active=inactive
iptables.service enabled=disabled
ip6tables.service active=inactive
ip6tables.service enabled=disabled
ufw.service active=inactive
ufw.service enabled=not-found

[3/14] Instalando somente pacotes necessários, sem atualização geral do sistema...
Já instalado: plasma-firewall 6.6.5-1
Pacotes a instalar: firewalld
resolvendo dependências...
procurando pacotes conflitantes...

Pacotes (3) python-capng-0.9.3-1  python-firewall-2.4.1-1  firewalld-2.4.1-1

Tamanho total download:   0,88 MiB
Tamanho total instalado:  6,33 MiB

:: Continuar a instalação? [S/n] 
:: Obtendo pacotes...
 python-firewall-2.4.1-1-any sendo baixado...
 firewalld-2.4.1-1-any sendo baixado...
 python-capng-0.9.3-1-x86_64 sendo baixado...
verificando chaveiro...
verificando integridade de pacotes...
carregando arquivos do pacote...
verificando conflitos de arquivos...
verificando espaço em disco disponível...
:: Processando alterações do pacote...
instalando python-firewall...
instalando python-capng...
instalando firewalld...

:: The firewallD components & utilities have now been split into different packages:

   - firewalld: Firewall daemon with D-Bus interface 
   - python-firewall: Python bindings for firewallD
   - firewall-config: Graphical user interface for firewallD
   - firewall-applet: Systray applet for firewallD
   - firewalld-test: FirewallD test suite

   Make sure to install the ones you may want / need.

Dependências opcionais para firewalld
    bash-completion: bash completion [instalado]
    networkmanager: NetworkManager support [instalado]
    polkit: privileged actions [instalado]
    firewall-config: Graphical user interface for firewallD configuration
    firewall-applet: Systray applet for firewallD
    firewalld-test: firewallD test suite
:: Executando hooks pós-transação...
(1/3) Reloading system manager configuration...
(2/3) Arming ConditionNeedsUpdate...
(3/3) Reloading system bus configuration...

[4/14] Criando serviços nomeados do firewalld para Mocha...

[5/14] Ativando firewalld...
Created symlink '/etc/systemd/system/dbus-org.fedoraproject.FirewallD1.service' → '/usr/lib/systemd/system/firewalld.service'.
Created symlink '/etc/systemd/system/multi-user.target.wants/firewalld.service' → '/usr/lib/systemd/system/firewalld.service'.

[6/14] Criando zona Mocha fechada por padrão...
FirewallD is not running
