== MOCHAARCH — correção real do erro de resume no boot normal ==
Timestamp: 20260531-213618
Log: /media/mochafast/MochaArch/ativo/relatorios/20260531-213618-corrigir-resume-boot-normal-sem-chute.log

== Auditoria antes de mexer ==
Kernel atual: 7.0.10-zen1-1-zen
Cmdline atual: BOOT_IMAGE=/boot/vmlinuz-linux-zen root=UUID=2a8beb39-04e6-4520-a873-9134a2f73f53 rw quiet splash loglevel=3 nvidia_drm.modeset=1 nvidia_drm.fbdev=1 modprobe.blacklist=nouveau nouveau.modeset=0 resume=UUID=c55827ce-1ead-4561-84c9-435612a8862b

-- swapon --show --
NAME           TYPE       SIZE USED  PRIO
/dev/zram0     partition 15,4G   0B 32767
/dev/nvme0n1p3 partition   17G   0B    -1

-- HOOKS atuais --
HOOKS=(base udev autodetect microcode modconf block keyboard keymap consolefont resume filesystems)

-- GRUB_CMDLINE atual --
GRUB_CMDLINE_LINUX_DEFAULT="quiet splash loglevel=3 nvidia_drm.modeset=1 nvidia_drm.fbdev=1 modprobe.blacklist=nouveau nouveau.modeset=0 resume=UUID=c55827ce-1ead-4561-84c9-435612a8862b"
GRUB_CMDLINE_LINUX=""

-- versões --
systemd 260 (260.2-2-arch)
mkinitcpio "41"

Modo escolhido: classic_explicit_resume
UEFI=1 | HOOKS_tem_systemd=0 | systemd_major=260 | mkinitcpio_major=0

Backup criado: /etc/default/grub.mocha-bak-20260531-213618
Removendo backup excedente antigo: /etc/default/grub.mocha-bak-20260531-212111
Backup criado: /etc/mkinitcpio.conf.mocha-bak-20260531-213618
Removendo backup excedente antigo: /etc/mkinitcpio.conf.mocha-bak-20260531-212111
== Aplicando correção: resume explícito clássico ==

ERRO: não consegui obter UUID da swap ativa: /dev/nvme0n1p3
Log: /media/mochafast/MochaArch/ativo/relatorios/20260531-213618-corrigir-resume-boot-normal-sem-chute.log
