
== Auditoria sem instalação ==
sáb 30 mai 2026 13:27:45 -03
Linux Mocha 7.0.10-zen1-1-zen #1 ZEN SMP PREEMPT_DYNAMIC Sat, 23 May 2026 14:45:01 +0000 x86_64 GNU/Linux
Log: /media/mochafast/MochaArch/ativo/relatorios/20260530-132742-auditoria-cachyos-bore-lto-nvidia-sem-instalar.log
Documento: /media/mochafast/MochaArch/ativo/documentacao/20260530-132742-auditoria-cachyos-bore-lto-nvidia-sem-instalar.md
Script salvo: /media/mochafast/MochaArch/ativo/scripts/20260530-132742-mocha-auditar-cachyos-bore-lto-nvidia-sem-instalar.sh
NÃO instala pacotes.
NÃO remove pacotes.
NÃO muda bootloader.
NÃO reinicia.

== Architecture efetiva do pacman ==
x86_64
x86_64_v3

== Blocos CachyOS presentes no pacman.conf ==
110:# BEGIN MOCHA TESTE CACHYOS V3 BORE LTO NVIDIA 20260530-132409
113:[cachyos-v3]
115:[cachyos-core-v3]
117:[cachyos-extra-v3]
119:# END MOCHA TESTE CACHYOS V3 BORE LTO NVIDIA 20260530-132409

== Estado instalado atual dos pacotes relevantes ==
linux 7.0.10.arch1-1
linux-headers 7.0.10.arch1-1
linux-zen 7.0.10.zen1-1
linux-zen-headers 7.0.10.zen1-1
nvidia-utils 595.71.05-2
lib32-nvidia-utils 595.71.05-1
nvidia-open-dkms 595.71.05-2
vulkan-icd-loader 1.4.350.0-1
lib32-vulkan-icd-loader 1.4.350.0-1
libglvnd 1.7.0-3
lib32-libglvnd 1.7.0-1

== Estado DKMS atual ==
broadcom-wl/6.30.223.271, 7.0.10-arch1-1, x86_64: installed
broadcom-wl/6.30.223.271, 7.0.10-zen1-1-zen, x86_64: installed
nvidia/595.71.05, 7.0.10-arch1-1, x86_64: installed
nvidia/595.71.05, 7.0.10-zen1-1-zen, x86_64: installed

== Kernel e módulos NVIDIA carregados agora ==
7.0.10-zen1-1-zen
nvidia_drm            159744  96
nvidia_uvm           2564096  0
nvidia_modeset       2203648  54 nvidia_drm
nvidia              16584704  1023 nvidia_uvm,nvidia_modeset

== Pacotes CachyOS candidatos no repositório ==

cachyos-v3/linux-cachyos-bore-lto
  Version: NAO_ENCONTRADO
  Conflicts: None
  Depends: None

cachyos-v3/linux-cachyos-bore-lto-headers
  Version: NAO_ENCONTRADO
  Conflicts: None
  Depends: None

cachyos-v3/linux-cachyos-bore-lto-nvidia-open
  Version: NAO_ENCONTRADO
  Conflicts: None
  Depends: None

cachyos-v3/nvidia-utils
  Version: NAO_ENCONTRADO
  Conflicts: None
  Depends: None

cachyos-v3/lib32-nvidia-utils
  Version: NAO_ENCONTRADO
  Conflicts: None
  Depends: None

cachyos-v3/nvidia-open-dkms
  Version: NAO_ENCONTRADO
  Conflicts: None
  Depends: None

== Validação de versões NVIDIA ==

ERRO: Não encontrei cachyos-v3/nvidia-utils.
