
== Revisão 1/3 - pré-checagem sem reinstalar nada ==

== Pedindo sudo uma vez e mantendo sessão ativa ==

== Estado atual antes de finalizar GRUB ==
Kernel atual: 7.0.10-zen1-1-zen

linux-cachyos-bore-lto 7.0.10-2
linux-cachyos-bore-lto-nvidia-open 7.0.10-2
nvidia-utils 610.43.02-2
lib32-nvidia-utils 610.43.02-1

Preset CachyOS Bore LTO:
ALL_kver="/boot/vmlinuz-linux-cachyos-bore-lto"
PRESETS=('default')
default_image="/boot/initramfs-linux-cachyos-bore-lto.img"
ALL_config="/etc/mkinitcpio-cachyos-bore-lto.conf"

Imagem em /boot:
-rw------- 1 root root 107M mai 30 14:02 /boot/initramfs-linux-cachyos-bore-lto.img
-rw-r--r-- 1 root root  16M mai 30 13:38 /boot/vmlinuz-linux-cachyos-bore-lto

== Revisão 2/3 - ajustando somente GRUB para preferir CachyOS Bore LTO ==

== Regenerando grub.cfg ==
Gerando o arquivo de configuração do grub...
Imagem Linux encontrada: /boot/vmlinuz-linux-cachyos-bore-lto
Imagem initrd encontrada: /boot/intel-ucode.img /boot/amd-ucode.img /boot/initramfs-linux-cachyos-bore-lto.img
Imagem Linux encontrada: /boot/vmlinuz-linux-zen
Imagem initrd encontrada: /boot/intel-ucode.img /boot/amd-ucode.img /boot/initramfs-linux-zen.img
Imagem Linux encontrada: /boot/vmlinuz-linux
Imagem initrd encontrada: /boot/intel-ucode.img /boot/amd-ucode.img /boot/initramfs-linux.img
Aviso: os-prober não será executado para detectar outras partições de arranque.
Os sistemas nelas presentes não serão adicionados à configuração de arranque do GRUB.\Veja a documentação de GRUB_DISABLE_OS_PROBER.
A adicionar entrada de menu para UEFI Firmware Settings ...
concluído

== Revisão 3/3 - lendo grub.cfg com sudo e encontrando entrada CachyOS ==
Entrada encontrada:
menuentry 'Arch Linux, with Linux linux-cachyos-bore-lto' --class arch --class gnu-linux --class gnu --class os $menuentry_id_option 'gnulinux-linux-cachyos-bore-lto-advanced-2a8beb39-04e6-4520-a873-9134a2f73f53' {

Índice encontrado: 0
Título encontrado: Arch Linux, with Linux linux-cachyos-bore-lto
GRUB default definido pelo título.

== Validação final ==
grub-editenv:
saved_entry=Arch Linux, with Linux linux-cachyos-bore-lto

Primeiras entradas Linux no grub.cfg:
116:menuentry 'Arch Linux, with Linux linux-cachyos-bore-lto' --class arch --class gnu-linux --class gnu --class os $menuentry_id_option 'gnulinux-linux-cachyos-bore-lto-advanced-2a8beb39-04e6-4520-a873-9134a2f73f53' {
124:	linux	/boot/vmlinuz-linux-cachyos-bore-lto root=UUID=2a8beb39-04e6-4520-a873-9134a2f73f53 rw  quiet splash loglevel=3 nvidia_drm.modeset=1 nvidia_drm.fbdev=1 modprobe.blacklist=nouveau nouveau.modeset=0
128:menuentry 'Arch Linux, with Linux linux-zen' --class arch --class gnu-linux --class gnu --class os $menuentry_id_option 'gnulinux-linux-zen-advanced-2a8beb39-04e6-4520-a873-9134a2f73f53' {
136:	linux	/boot/vmlinuz-linux-zen root=UUID=2a8beb39-04e6-4520-a873-9134a2f73f53 rw  quiet splash loglevel=3 nvidia_drm.modeset=1 nvidia_drm.fbdev=1 modprobe.blacklist=nouveau nouveau.modeset=0
140:menuentry 'Arch Linux, with Linux linux' --class arch --class gnu-linux --class gnu --class os $menuentry_id_option 'gnulinux-linux-advanced-2a8beb39-04e6-4520-a873-9134a2f73f53' {
174:		menuentry 'UEFI Firmware Settings' $menuentry_id_option 'uefi-firmware' {

Pacotes:
linux-cachyos-bore-lto 7.0.10-2
linux-cachyos-bore-lto-nvidia-open 7.0.10-2
nvidia-utils 610.43.02-2
lib32-nvidia-utils 610.43.02-1

Arquivos CachyOS em /boot:
-rw------- 1 root root 107M mai 30 14:02 /boot/initramfs-linux-cachyos-bore-lto.img
-rw-r--r-- 1 root root  16M mai 30 13:38 /boot/vmlinuz-linux-cachyos-bore-lto

== Documentando ==

== Resumo ==
Finalização concluída.
Log: /media/mochafast/MochaArch/ativo/relatorios/20260530-140409-finalizar-grub-cachyos-bore-lto.log
Documento: /media/mochafast/MochaArch/ativo/documentacao/20260530-140409-finalizar-grub-cachyos-bore-lto.md
Script salvo: /media/mochafast/MochaArch/ativo/scripts/20260530-140409-mocha-finalizar-grub-cachyos-bore-lto.sh

Reinicie manualmente. Depois rode:
  uname -r
  nvidia-smi
  pacman -Q linux-cachyos-bore-lto linux-cachyos-bore-lto-nvidia-open nvidia-utils lib32-nvidia-utils
