
== Pré-validação ==

== Estado antes ==
Kernel atual:
7.0.10-2-cachyos-bore-lto

Pacotes relevantes instalados:
linux-zen 7.0.10.zen1-1
linux-zen-headers 7.0.10.zen1-1
linux-cachyos-bore-lto 7.0.10-2
linux-cachyos-bore-lto-nvidia-open 7.0.10-2
nvidia-utils 610.43.02-2
lib32-nvidia-utils 610.43.02-1
nvidia-settings 595.71.05-1

== Validando disponibilidade dos pacotes oficiais Arch ==
Verificando extra/linux-zen ... OK
Verificando extra/linux-zen-headers ... OK
Verificando extra/dkms ... OK
Verificando extra/nvidia-open-dkms ... OK
Verificando extra/nvidia-utils ... OK
Verificando multilib/lib32-nvidia-utils ... OK
Verificando extra/nvidia-settings ... OK

== Removendo somente módulos NVIDIA conflitantes ==
Serão removidos apenas pacotes de módulo NVIDIA conflitantes:
linux-cachyos-bore-lto-nvidia-open
verificando dependências...

Pacotes (1) linux-cachyos-bore-lto-nvidia-open-7.0.10-2

Tamanho total removido:  9,04 MiB

:: Deseja remover estes pacotes? [S/n] 
:: Processando alterações do pacote...
removendo linux-cachyos-bore-lto-nvidia-open...
:: Executando hooks pós-transação...
(1/3) Arming ConditionNeedsUpdate...
(2/3) Updating module dependencies...
(3/3) Updating linux initcpios...
==> Building image from preset: /etc/mkinitcpio.d/linux-cachyos-bore-lto.preset: 'default'
==> Using configuration file: '/etc/mkinitcpio-cachyos-bore-lto.conf'
  -> -k /boot/vmlinuz-linux-cachyos-bore-lto -c /etc/mkinitcpio-cachyos-bore-lto.conf -g /boot/initramfs-linux-cachyos-bore-lto.img
==> Starting build: '7.0.10-2-cachyos-bore-lto'
  -> Running build hook: [base]
  -> Running build hook: [udev]
  -> Running build hook: [autodetect]
  -> Running build hook: [microcode]
  -> Running build hook: [modconf]
  -> Running build hook: [block]
  -> Running build hook: [keyboard]
  -> Running build hook: [keymap]
  -> Running build hook: [consolefont]
==> WARNING: consolefont: no font found in configuration
  -> Running build hook: [filesystems]
==> ERROR: module not found: 'nvidia'
==> ERROR: module not found: 'nvidia_modeset'
==> ERROR: module not found: 'nvidia_uvm'
==> ERROR: module not found: 'nvidia_drm'
==> Generating module dependencies
==> Creating zstd-compressed initcpio image: '/boot/initramfs-linux-cachyos-bore-lto.img'
==> WARNING: errors were encountered during the build. The image may not be complete.
erro: comando não executado corretamente

== Instalando/restaurando Zen + NVIDIA oficial Arch DKMS ==
atenção: linux-zen-7.0.10.zen1-1 está atualizado -- ignorando
atenção: linux-zen-headers-7.0.10.zen1-1 está atualizado -- ignorando
atenção: dkms-3.4.1-1 está atualizado -- ignorando
:: nvidia-utils está no IgnorePkg/IgnoreGroup. Instalar mesmo assim? [S/n] atenção: nvidia-utils-610.43.02-2 está atualizado -- ignorando

:: lib32-nvidia-utils está no IgnorePkg/IgnoreGroup. Instalar mesmo assim? [S/n] atenção: lib32-nvidia-utils-610.43.02-1 está atualizado -- ignorando

resolvendo dependências...
procurando pacotes conflitantes...

Pacotes (2) nvidia-open-dkms-610.43.02-2  nvidia-settings-610.43.02-1

Tamanho total download:    15,42 MiB
Tamanho total instalado:  133,54 MiB
Alteração no tamanho:     132,01 MiB

:: Continuar a instalação? [S/n] 
:: Obtendo pacotes...
 nvidia-open-dkms-610.43.02-2-x86_64 sendo baixado...
 nvidia-settings-610.43.02-1-x86_64 sendo baixado...
verificando chaveiro...
verificando integridade de pacotes...
carregando arquivos do pacote...
verificando conflitos de arquivos...
verificando espaço em disco disponível...
:: Processando alterações do pacote...
instalando nvidia-open-dkms...
atualizando nvidia-settings...
:: Executando hooks pós-transação...
(1/4) Arming ConditionNeedsUpdate...
(2/4) Install DKMS modules
==> dkms install --no-depmod nvidia/610.43.02 -k 7.0.10-zen1-1-zen
==> dkms install --no-depmod nvidia/610.43.02 -k 7.0.10-2-cachyos-bore-lto

Error! Bad return status for module build on kernel: 7.0.10-2-cachyos-bore-lto (x86_64)
Consult /var/lib/dkms/nvidia/610.43.02/build/make.log for more information.
==> WARNING: `dkms install --no-depmod nvidia/610.43.02 -k 7.0.10-2-cachyos-bore-lto' exited 10
==> dkms install --no-depmod nvidia/610.43.02 -k 7.0.10-arch1-1
==> depmod 7.0.10-zen1-1-zen
==> depmod 7.0.10-arch1-1
(3/4) Updating linux initcpios...
==> Building image from preset: /etc/mkinitcpio.d/linux-cachyos-bore-lto.preset: 'default'
==> Using configuration file: '/etc/mkinitcpio-cachyos-bore-lto.conf'
  -> -k /boot/vmlinuz-linux-cachyos-bore-lto -c /etc/mkinitcpio-cachyos-bore-lto.conf -g /boot/initramfs-linux-cachyos-bore-lto.img
==> Starting build: '7.0.10-2-cachyos-bore-lto'
  -> Running build hook: [base]
  -> Running build hook: [udev]
  -> Running build hook: [autodetect]
  -> Running build hook: [microcode]
  -> Running build hook: [modconf]
  -> Running build hook: [block]
  -> Running build hook: [keyboard]
  -> Running build hook: [keymap]
  -> Running build hook: [consolefont]
==> WARNING: consolefont: no font found in configuration
  -> Running build hook: [filesystems]
==> ERROR: module not found: 'nvidia'
==> ERROR: module not found: 'nvidia_modeset'
==> ERROR: module not found: 'nvidia_uvm'
==> ERROR: module not found: 'nvidia_drm'
==> Generating module dependencies
==> Creating zstd-compressed initcpio image: '/boot/initramfs-linux-cachyos-bore-lto.img'
==> WARNING: errors were encountered during the build. The image may not be complete.
==> Building image from preset: /etc/mkinitcpio.d/linux.preset: 'default'
==> Using default configuration file: '/etc/mkinitcpio.conf'
  -> -k /boot/vmlinuz-linux -g /boot/initramfs-linux.img
==> Starting build: '7.0.10-arch1-1'
  -> Running build hook: [base]
  -> Running build hook: [udev]
  -> Running build hook: [autodetect]
  -> Running build hook: [microcode]
  -> Running build hook: [modconf]
  -> Running build hook: [block]
  -> Running build hook: [keyboard]
  -> Running build hook: [keymap]
  -> Running build hook: [consolefont]
==> WARNING: consolefont: no font found in configuration
  -> Running build hook: [filesystems]
==> Generating module dependencies
==> Creating zstd-compressed initcpio image: '/boot/initramfs-linux.img'
  -> Early uncompressed CPIO image generation successful
==> Initcpio image generation successful
==> Building image from preset: /etc/mkinitcpio.d/linux-zen.preset: 'default'
==> Using default configuration file: '/etc/mkinitcpio.conf'
  -> -k /boot/vmlinuz-linux-zen -g /boot/initramfs-linux-zen.img
==> Starting build: '7.0.10-zen1-1-zen'
  -> Running build hook: [base]
  -> Running build hook: [udev]
  -> Running build hook: [autodetect]
  -> Running build hook: [microcode]
  -> Running build hook: [modconf]
  -> Running build hook: [block]
  -> Running build hook: [keyboard]
  -> Running build hook: [keymap]
  -> Running build hook: [consolefont]
==> WARNING: consolefont: no font found in configuration
  -> Running build hook: [filesystems]
==> Generating module dependencies
==> Creating zstd-compressed initcpio image: '/boot/initramfs-linux-zen.img'
  -> Early uncompressed CPIO image generation successful
==> Initcpio image generation successful
erro: comando não executado corretamente
(4/4) Updating the desktop file MIME type cache...

== Detectando kernel Zen instalado ==
Kernel Zen detectado: 7.0.10-zen1-1-zen

== Garantindo DKMS NVIDIA para o Zen ==

DKMS status:
broadcom-wl/6.30.223.271, 7.0.10-arch1-1, x86_64: installed
broadcom-wl/6.30.223.271, 7.0.10-zen1-1-zen, x86_64: installed
nvidia/610.43.02, 7.0.10-arch1-1, x86_64: installed
nvidia/610.43.02, 7.0.10-zen1-1-zen, x86_64: installed

== Regenerando initramfs apenas do linux-zen ==
==> Building image from preset: /etc/mkinitcpio.d/linux-zen.preset: 'default'
==> Using default configuration file: '/etc/mkinitcpio.conf'
  -> -k /boot/vmlinuz-linux-zen -g /boot/initramfs-linux-zen.img
==> Starting build: '7.0.10-zen1-1-zen'
  -> Running build hook: [base]
  -> Running build hook: [udev]
  -> Running build hook: [autodetect]
  -> Running build hook: [microcode]
  -> Running build hook: [modconf]
  -> Running build hook: [block]
  -> Running build hook: [keyboard]
  -> Running build hook: [keymap]
  -> Running build hook: [consolefont]
==> WARNING: consolefont: no font found in configuration
  -> Running build hook: [filesystems]
==> Generating module dependencies
==> Creating zstd-compressed initcpio image: '/boot/initramfs-linux-zen.img'
  -> Early uncompressed CPIO image generation successful
==> Initcpio image generation successful

== Configurando GRUB para usar Zen como padrão ==
Gerando o arquivo de configuração do grub...
Imagem Linux encontrada: /boot/vmlinuz-linux-cachyos-bore-lto
Imagem initrd encontrada: /boot/intel-ucode.img /boot/amd-ucode.img /boot/initramfs-linux-cachyos-bore-lto.img
Aviso: Por favor, não use o título antigo 'Arch Linux, with Linux linux-cachyos-bore-lto' para o GRUB_DEFAULT, use 'Advanced options for Arch Linux>Arch Linux, with Linux linux-cachyos-bore-lto' (para versões antes da 2.00) ou 'gnulinux-advanced-2a8beb39-04e6-4520-a873-9134a2f73f53>gnulinux-linux-cachyos-bore-lto-advanced-2a8beb39-04e6-4520-a873-9134a2f73f53' (para a 2.00 ou posterior)
Imagem Linux encontrada: /boot/vmlinuz-linux-zen
Imagem initrd encontrada: /boot/intel-ucode.img /boot/amd-ucode.img /boot/initramfs-linux-zen.img
Imagem Linux encontrada: /boot/vmlinuz-linux
Imagem initrd encontrada: /boot/intel-ucode.img /boot/amd-ucode.img /boot/initramfs-linux.img
Aviso: os-prober não será executado para detectar outras partições de arranque.
Os sistemas nelas presentes não serão adicionados à configuração de arranque do GRUB.\Veja a documentação de GRUB_DISABLE_OS_PROBER.
A adicionar entrada de menu para UEFI Firmware Settings ...
concluído
awk: fatal: não foi possível abrir arquivo "/boot/grub/grub.cfg" para leitura: Permissão negada
