
==> Validando ferramenta única necessária

==> Limpando somente arquivos de tema Vivaldi gerados pelas tentativas anteriores
/media/mochafast/MochaArch/ativo/vivaldi/temas/20260530-175039-Mocha-KDE-Vivaldi-theme.json
/media/mochafast/MochaArch/ativo/vivaldi/temas/20260530-175039-Mocha-KDE-Vivaldi.zip

==> Lendo esquema KDE ativo
Esquema KDE ativo: não identificado

==> Localizando arquivo .colors do Mocha/KDE
Arquivo de cores usado:
/home/hal/.local/share/color-schemes/MochaSolidCanonico.colors

==> Gerando tema Vivaldi canônico, sem usar Downloads e sem editar Preferences
Tema gerado:
  Nome       : Mocha KDE Canonico 20260530-190617
  Fundo      : #1b1612
  Texto      : #f2e6d8
  Destaque   : #c57b3d
  Acento     : #c57b3d
  ZIP        : /media/mochafast/MochaArch/ativo/vivaldi/temas/20260530-190617-Mocha-KDE-Canonico.zip
  SHA256     : 2483f2755d11708d48f50f605c5dd6da233aeaeb38c72e0c8f87148e4b6ac2b8

==> Validando ZIP final com Python
Conteúdo do ZIP:
  settings.json  574 bytes
ZIP válido para importação.

==> Copiando caminho canônico para a área de transferência, se possível
Sem wl-copy/xclip; copie o caminho manualmente.

==> Documentando

==> Abrindo pasta canônica do tema e tela de temas do Vivaldi

PRONTO.
Importe este ZIP no Vivaldi:
/media/mochafast/MochaArch/ativo/vivaldi/temas/20260530-190617-Mocha-KDE-Canonico.zip

No Vivaldi: Settings > Themes > Library > Open Theme > selecione o ZIP > Install.
Log: /media/mochafast/MochaArch/ativo/relatorios/20260530-190617-vivaldi-tema-importavel-canonico.log
Documento: /media/mochafast/MochaArch/ativo/documentacao/20260530-190617-vivaldi-tema-importavel-canonico.md
