
== MOCHAARCH — remover Cachy BORE e fixar Cachy como padrão ==
Timestamp: 20260601-115133
Log: /media/mochafast/MochaArch/ativo/relatorios/20260601-115133-remover-cachy-bore-fixar-cachy-padrao.log
Documento: /media/mochafast/MochaArch/ativo/documentacao/20260601-115133-remover-cachy-bore-fixar-cachy-padrao.md
Kernel em execução agora: 7.0.10-arch1-1

== Pré-checagens ==
GRUB mkconfig: grub-mkconfig
GRUB set-default: grub-set-default
Kernels em /boot: 4

== Solicitando sudo uma vez ==

== Auditoria dos kernels instalados ==
linux
linux-api-headers
linux-atm
linux-cachyos
linux-cachyos-bore-lto
linux-cachyos-bore-lto-headers
linux-cachyos-headers
linux-firmware
linux-firmware-amdgpu
linux-firmware-atheros
linux-firmware-broadcom
linux-firmware-cirrus
linux-firmware-intel
linux-firmware-mediatek
linux-firmware-nvidia
linux-firmware-other
linux-firmware-radeon
linux-firmware-realtek
linux-firmware-whence
linux-headers
linux-zen
linux-zen-headers

Arquivos vmlinuz em /boot:
  vmlinuz-linux
  vmlinuz-linux-cachyos
  vmlinuz-linux-cachyos-bore-lto
  vmlinuz-linux-zen

== Escolhendo Cachy não-BORE para virar padrão ==
Candidatos Cachy não-BORE:
  linux-cachyos
Alvo escolhido: linux-cachyos

== Localizando pacotes Cachy BORE para remover ==
  linux-cachyos-bore-lto
  linux-cachyos-bore-lto-headers

== Removendo somente Cachy BORE ==
verificando dependências...

Pacotes (2) linux-cachyos-bore-lto-7.0.10-2  linux-cachyos-bore-lto-headers-7.0.10-2

Tamanho total removido:  304,84 MiB

:: Deseja remover estes pacotes? [S/n] 
:: Executando hooks pré-transação...
(1/2) Removing linux initcpios...
(2/2) Remove DKMS modules
:: Processando alterações do pacote...
removendo linux-cachyos-bore-lto-headers...
removendo linux-cachyos-bore-lto...
:: Executando hooks pós-transação...
(1/2) Arming ConditionNeedsUpdate...
(2/2) Updating module dependencies...

== Reconstruindo initramfs dos kernels restantes ==
==> Building image from preset: /etc/mkinitcpio.d/linux-cachyos.preset: 'default'
==> Using default configuration file: '/etc/mkinitcpio.conf'
  -> -k /boot/vmlinuz-linux-cachyos -g /boot/initramfs-linux-cachyos.img
==> Starting build: '7.0.10-2-cachyos'
  -> Running build hook: [base]
  -> Running build hook: [udev]
  -> Running build hook: [autodetect]
  -> Running build hook: [microcode]
  -> Running build hook: [modconf]
  -> Running build hook: [block]
  -> Running build hook: [keyboard]
  -> Running build hook: [keymap]
  -> Running build hook: [consolefont]
==> WARNING: consolefont: no font found in configuration
  -> Running build hook: [filesystems]
==> Generating module dependencies
==> Creating zstd-compressed initcpio image: '/boot/initramfs-linux-cachyos.img'
  -> Early uncompressed CPIO image generation successful
==> Initcpio image generation successful
==> Building image from preset: /etc/mkinitcpio.d/linux.preset: 'default'
==> Using default configuration file: '/etc/mkinitcpio.conf'
  -> -k /boot/vmlinuz-linux -g /boot/initramfs-linux.img
==> Starting build: '7.0.10-arch1-1'
  -> Running build hook: [base]
  -> Running build hook: [udev]
  -> Running build hook: [autodetect]
  -> Running build hook: [microcode]
  -> Running build hook: [modconf]
  -> Running build hook: [block]
  -> Running build hook: [keyboard]
  -> Running build hook: [keymap]
  -> Running build hook: [consolefont]
==> WARNING: consolefont: no font found in configuration
  -> Running build hook: [filesystems]
==> Generating module dependencies
==> Creating zstd-compressed initcpio image: '/boot/initramfs-linux.img'
  -> Early uncompressed CPIO image generation successful
==> Initcpio image generation successful
==> Building image from preset: /etc/mkinitcpio.d/linux-zen.preset: 'default'
==> Using default configuration file: '/etc/mkinitcpio.conf'
  -> -k /boot/vmlinuz-linux-zen -g /boot/initramfs-linux-zen.img
==> Starting build: '7.0.10-zen1-1-zen'
  -> Running build hook: [base]
  -> Running build hook: [udev]
  -> Running build hook: [autodetect]
  -> Running build hook: [microcode]
  -> Running build hook: [modconf]
  -> Running build hook: [block]
  -> Running build hook: [keyboard]
  -> Running build hook: [keymap]
  -> Running build hook: [consolefont]
==> WARNING: consolefont: no font found in configuration
  -> Running build hook: [filesystems]
==> Generating module dependencies
==> Creating zstd-compressed initcpio image: '/boot/initramfs-linux-zen.img'
  -> Early uncompressed CPIO image generation successful
==> Initcpio image generation successful

== Ajustando /etc/default/grub para padrão salvo fixo ==
Backup criado: /etc/default/grub.bak-20260601-115133-mocha-cachy-default
Limite de backups OK.

== Regenerando GRUB ==
Gerando o arquivo de configuração do grub...
Imagem Linux encontrada: /boot/vmlinuz-linux-zen
Imagem initrd encontrada: /boot/intel-ucode.img /boot/amd-ucode.img /boot/initramfs-linux-zen.img
Imagem Linux encontrada: /boot/vmlinuz-linux-cachyos
Imagem initrd encontrada: /boot/intel-ucode.img /boot/amd-ucode.img /boot/initramfs-linux-cachyos.img
Imagem Linux encontrada: /boot/vmlinuz-linux
Imagem initrd encontrada: /boot/intel-ucode.img /boot/amd-ucode.img /boot/initramfs-linux.img
Aviso: os-prober não será executado para detectar outras partições de arranque.
Os sistemas nelas presentes não serão adicionados à configuração de arranque do GRUB.\Veja a documentação de GRUB_DISABLE_OS_PROBER.
A adicionar entrada de menu para UEFI Firmware Settings ...
concluído

== Fixando entrada padrão do GRUB no Cachy escolhido ==
awk: fatal: não foi possível abrir arquivo "/boot/grub/grub.cfg" para leitura: Permissão negada
Entradas disponíveis no GRUB:
awk: fatal: não foi possível abrir arquivo "/boot/grub/grub.cfg" para leitura: Permissão negada
