
== Ambiente ==
Timestamp: 20260530-055006
Usuário: hal
Kernel: 7.0.10-zen1-1-zen
Pacman: .--.                  Pacman v7.1.0 - libalpm v16.0.1
Repositório Mocha stable: /media/vmstore/MochaArch/repos/mocha-stable/os/x86_64
Log: /media/mochafast/MochaArch/ativo/relatorios/20260530-055006-continuar-repo-stable-ativar-pacman-conf.log

== Estado atual do repositório mocha-stable ==
/media/vmstore/MochaArch/repos/mocha-stable/os/x86_64/mocha-stable.db
/media/vmstore/MochaArch/repos/mocha-stable/os/x86_64/mocha-stable.db.tar.zst
/media/vmstore/MochaArch/repos/mocha-stable/os/x86_64/mocha-stable.files
/media/vmstore/MochaArch/repos/mocha-stable/os/x86_64/mocha-stable.files.tar.zst

== Garantindo links esperados pelo pacman ==

== Ajustando permissões de leitura do repositório local ==

== Lendo seções ativas atuais do pacman.conf ==
options
core
extra
multilib

== Validando banco local com pacman em ambiente temporário usando sudo ==
:: Sincronizando a base de dados de pacotes...
 mocha-stable sendo baixado...

== Banco local validado em dbpath temporário ==

== Removendo blocos ativos antigos de mocha-stable/mocha-testing do novo arquivo ==

== Inserindo mocha-stable antes de core/extra/multilib ==

== Validação estática do novo pacman.conf ==
80:[mocha-stable]
82:Server = file:///media/vmstore/MochaArch/repos/mocha-stable/os/x86_64

== Diferença Mocha que será aplicada ==
+# Origem local: /media/vmstore/MochaArch/repos/mocha-stable/os/x86_64
+[mocha-stable]
+SigLevel = Optional TrustAll
+Server = file:///media/vmstore/MochaArch/repos/mocha-stable/os/x86_64
+
 [core]
 Include = /etc/pacman.d/mirrorlist
 

== Criando backup controlado do pacman.conf ==
Backup criado: /etc/pacman.conf.mocha-backup-20260530-055006

== Limitando backups do pacman.conf a no máximo 2 ==
Nenhum backup excedente.

== Aplicando novo pacman.conf ==

== Checagem final do pacman.conf real ==
80:[mocha-stable]
82:Server = file:///media/vmstore/MochaArch/repos/mocha-stable/os/x86_64

== Seções ativas finais ==
options
mocha-stable
core
extra
multilib

== Sincronizando bancos sem atualizar pacotes ==
Será executado apenas pacman -Sy. Não será executado pacman -Syu.
:: Sincronizando a base de dados de pacotes...
 mocha-stable sendo baixado...
 core sendo baixado...
 extra sendo baixado...
 multilib sendo baixado...

== Listagem inicial do mocha-stable ==

== Gerando documentação ==

== Salvando script reutilizável ==

== Concluído ==
Documentação: /media/mochafast/MochaArch/ativo/documentacao/20260530-055006-repo-stable-validado-e-pacman-conf-ativado.md
Log: /media/mochafast/MochaArch/ativo/relatorios/20260530-055006-continuar-repo-stable-ativar-pacman-conf.log
Script: /media/mochafast/MochaArch/ativo/scripts/20260530-055006-mocha-continuar-repo-stable-ativar-pacman-conf.sh
rm: não foi possível remover '/tmp/mocha-repo-stable-test-20260530-055006.boaNlw/db/sync/mocha-stable.db': Permissão negada
rm: não foi possível remover '/tmp/mocha-repo-stable-test-20260530-055006.boaNlw/db/local/ALPM_DB_VERSION': Permissão negada
