== MOCHAARCH — corrigir resume apontando para swap real ==
Timestamp: 20260531-210834
Log: /media/mochafast/MochaArch/ativo/relatorios/20260531-210834-corrigir-resume-swap-nvme0n1p3.log

[1/10] Auditoria inicial
Kernel atual: 7.0.10-zen1-1-zen
Cmdline atual:
BOOT_IMAGE=/boot/vmlinuz-linux-zen root=UUID=2a8beb39-04e6-4520-a873-9134a2f73f53 rw quiet splash loglevel=3 nvidia_drm.modeset=1 nvidia_drm.fbdev=1 modprobe.blacklist=nouveau nouveau.modeset=0 resume=UUID=c55827ce-1ead-4561-84c9-435612a8862b

Swaps ativos:
Filename				Type		Size		Used		Priority
/dev/zram0                              partition	16153596	0		32767
/dev/nvme0n1p3                          partition	17774484	0		-1

lsblk relevante:
NAME        FSTYPE UUID                                 PARTUUID                               SIZE TYPE MOUNTPOINTS
zram0       swap   a3091416-1b77-4dbe-804a-3084c02df5d0                                       15,4G disk [SWAP]
└─nvme0n1p3 swap   c55827ce-1ead-4561-84c9-435612a8862b 7bda8111-d03e-41ab-a0b4-e084b7ad9e94    17G part [SWAP]

fstab atual:
4:# be used with UUID= as a more robust way to name devices that works even if
8:UUID=CF08-8F54                            /boot/efi      vfat    defaults,umask=0077 0 2
9:UUID=2a8beb39-04e6-4520-a873-9134a2f73f53 /              xfs     defaults,noatime 0 1
13:UUID=b81630a0-0756-45e4-9cb2-c7f16637a1c6	/media/vmstore	xfs	rw,noatime,nofail,x-systemd.device-timeout=10,x-gvfs-show,x-gvfs-name=VMSTORE,relatime,x-systemd.device-timeout=10s	0	0
14:UUID=88e6aa16-110c-4b97-9ffb-85084c000198 /media/mochafast btrfs rw,noatime,compress=zstd:3,nofail,x-systemd.automount,x-systemd.device-timeout=10,x-gvfs-show,x-gvfs-name=MochaFAST 0 0

[2/10] Swap de disco selecionado
Dispositivo: /dev/nvme0n1p3
UUID atual: c55827ce-1ead-4561-84c9-435612a8862b
Origem: /proc/swaps


[3/10] Swap já tem UUID; não vou recriar assinatura
UUID final do swap: c55827ce-1ead-4561-84c9-435612a8862b

Resume atual no boot: UUID

[4/10] Backups controlados
Backup: /etc/default/grub.mocha-backup-20260531-210834
Backup: /etc/mkinitcpio.conf.mocha-backup-20260531-210834
Backup: /etc/fstab.mocha-backup-20260531-210834

[5/10] Corrigindo /etc/fstab para o swap de disco
fstab depois:
4:# be used with UUID= as a more robust way to name devices that works even if
8:UUID=CF08-8F54                            /boot/efi      vfat    defaults,umask=0077 0 2
9:UUID=2a8beb39-04e6-4520-a873-9134a2f73f53 /              xfs     defaults,noatime 0 1
13:UUID=b81630a0-0756-45e4-9cb2-c7f16637a1c6	/media/vmstore	xfs	rw,noatime,nofail,x-systemd.device-timeout=10,x-gvfs-show,x-gvfs-name=VMSTORE,relatime,x-systemd.device-timeout=10s	0	0
14:UUID=88e6aa16-110c-4b97-9ffb-85084c000198 /media/mochafast btrfs rw,noatime,compress=zstd:3,nofail,x-systemd.automount,x-systemd.device-timeout=10,x-gvfs-show,x-gvfs-name=MochaFAST 0 0
15:UUID=c55827ce-1ead-4561-84c9-435612a8862b	none	swap	defaults	0	0

[6/10] Corrigindo parâmetros do GRUB
6:GRUB_CMDLINE_LINUX_DEFAULT="quiet splash loglevel=3 nvidia_drm.modeset=1 nvidia_drm.fbdev=1 modprobe.blacklist=nouveau nouveau.modeset=0 resume=UUID=c55827ce-1ead-4561-84c9-435612a8862b"
7:GRUB_CMDLINE_LINUX=""

[7/10] Garantindo hook resume no mkinitcpio
55:HOOKS=(base udev resume autodetect microcode modconf block keyboard keymap consolefont filesystems)

[8/10] Regenerando initramfs
==> Building image from preset: /etc/mkinitcpio.d/linux-cachyos-bore-lto.preset: 'default'
==> Using configuration file: '/etc/mkinitcpio-cachyos-bore-lto.conf'
  -> -k /boot/vmlinuz-linux-cachyos-bore-lto -c /etc/mkinitcpio-cachyos-bore-lto.conf -g /boot/initramfs-linux-cachyos-bore-lto.img
==> Starting build: '7.0.10-2-cachyos-bore-lto'
  -> Running build hook: [base]
  -> Running build hook: [udev]
  -> Running build hook: [autodetect]
  -> Running build hook: [microcode]
  -> Running build hook: [modconf]
  -> Running build hook: [block]
  -> Running build hook: [keyboard]
  -> Running build hook: [keymap]
  -> Running build hook: [consolefont]
==> WARNING: consolefont: no font found in configuration
  -> Running build hook: [filesystems]
==> ERROR: module not found: 'nvidia'
==> ERROR: module not found: 'nvidia_modeset'
==> ERROR: module not found: 'nvidia_uvm'
==> ERROR: module not found: 'nvidia_drm'
==> Generating module dependencies
==> Creating zstd-compressed initcpio image: '/boot/initramfs-linux-cachyos-bore-lto.img'
==> WARNING: errors were encountered during the build. The image may not be complete.
==> Building image from preset: /etc/mkinitcpio.d/linux.preset: 'default'
==> Using default configuration file: '/etc/mkinitcpio.conf'
  -> -k /boot/vmlinuz-linux -g /boot/initramfs-linux.img
==> Starting build: '7.0.10-arch1-1'
  -> Running build hook: [base]
  -> Running build hook: [udev]
  -> Running build hook: [resume]
  -> Running build hook: [autodetect]
  -> Running build hook: [microcode]
  -> Running build hook: [modconf]
  -> Running build hook: [block]
  -> Running build hook: [keyboard]
  -> Running build hook: [keymap]
  -> Running build hook: [consolefont]
==> WARNING: consolefont: no font found in configuration
  -> Running build hook: [filesystems]
==> Generating module dependencies
==> Creating zstd-compressed initcpio image: '/boot/initramfs-linux.img'
  -> Early uncompressed CPIO image generation successful
==> Initcpio image generation successful
==> Building image from preset: /etc/mkinitcpio.d/linux-zen.preset: 'default'
==> Using default configuration file: '/etc/mkinitcpio.conf'
  -> -k /boot/vmlinuz-linux-zen -g /boot/initramfs-linux-zen.img
==> Starting build: '7.0.10-zen1-1-zen'
  -> Running build hook: [base]
  -> Running build hook: [udev]
  -> Running build hook: [resume]
  -> Running build hook: [autodetect]
  -> Running build hook: [microcode]
  -> Running build hook: [modconf]
  -> Running build hook: [block]
  -> Running build hook: [keyboard]
  -> Running build hook: [keymap]
  -> Running build hook: [consolefont]
==> WARNING: consolefont: no font found in configuration
  -> Running build hook: [filesystems]
==> Generating module dependencies
==> Creating zstd-compressed initcpio image: '/boot/initramfs-linux-zen.img'
  -> Early uncompressed CPIO image generation successful
==> Initcpio image generation successful
