== MOCHAARCH — reparar firewalld + Cloudflare DNS-over-TLS + atalho GUI ==
Timestamp: 20260601-174608
Log: /media/mochafast/MochaArch/ativo/relatorios/20260601-174608-reparar-firewall-dot-e-atalho-gui.log
Documento: /media/mochafast/MochaArch/ativo/documentacao/20260601-174608-firewall-dot-atalho-gui-reparado.md

[1/15] Validando sudo uma vez no começo...

[2/15] Estado inicial real...
Kernel:
7.0.10-2-cachyos

Pacotes relevantes:
INSTALADO: firewalld 2.4.1-1
INSTALADO: plasma-firewall 6.6.5-1
AUSENTE: firewall-config
INSTALADO: nftables 1:1.1.6-3
INSTALADO: iptables 1:1.8.13-1

Serviços antes do reparo:
firewalld.service active=active
firewalld.service enabled=enabled
nftables.service active=inactive
nftables.service enabled=disabled
iptables.service active=inactive
iptables.service enabled=disabled
ip6tables.service active=inactive
ip6tables.service enabled=disabled
systemd-resolved.service active=inactive
systemd-resolved.service enabled=disabled
NetworkManager.service active=active
NetworkManager.service enabled=enabled

[3/15] Validando nomes atuais dos pacotes no pacman local...
Já instalado: firewalld 2.4.1-1
Já instalado: plasma-firewall 6.6.5-1
Disponível para instalar: firewall-config

[4/15] Instalando pacotes faltantes, sem atualização geral...
Pacotes: firewall-config
resolvendo dependências...
procurando pacotes conflitantes...

Pacotes (1) firewall-config-2.4.1-1

Tamanho total download:   0,08 MiB
Tamanho total instalado:  1,03 MiB

:: Continuar a instalação? [S/n] 
:: Obtendo pacotes...
 firewall-config-2.4.1-1-any sendo baixado...
verificando chaveiro...
verificando integridade de pacotes...
carregando arquivos do pacote...
verificando conflitos de arquivos...
verificando espaço em disco disponível...
:: Processando alterações do pacote...
instalando firewall-config...
:: Executando hooks pós-transação...
(1/4) Arming ConditionNeedsUpdate...
(2/4) Compiling GSettings XML schema files...
(3/4) Updating icon theme caches...
(4/4) Updating the desktop file MIME type cache...

[5/15] Criando/atualizando serviços nomeados do firewalld...

[6/15] Iniciando firewalld de forma validada...
Aguardando firewalld ficar ativo... tentativa 1/20
Aguardando firewalld ficar ativo... tentativa 2/20
firewalld ativo e respondendo.

[7/15] Criando zona mocha-home fechada por padrão...
success
Criando zona permanente mocha-home...
success
success
Error: INVALID_ZONE: mocha-home
