
== Ambiente ==
Timestamp: 20260530-055358
Usuário: hal
Kernel: 7.0.10-zen1-1-zen
Pacman: .--.                  Pacman v7.1.0 - libalpm v16.0.1
Log: /media/mochafast/MochaArch/ativo/relatorios/20260530-055358-atualizacao-controlada-apenas-mangohud.log

== Confirmando repositórios ativos ==
options
mocha-stable
core
extra
multilib

== Listando atualizações antes da alteração ==
mangohud 0.8.3-2 -> 0.8.4-1
Total de atualizações antes: 1

== Bloqueio de segurança contra atualização crítica ==
Nenhum pacote crítico apareceu em pacman -Qu.

== Validando que MangoHud está instalado e tem atualização ==
mangohud 0.8.3-2
MangoHud é a única atualização pendente.

== Consultando versão disponível no repositório ==
Repositório          : extra
Nome                 : mangohud
Versão               : 0.8.4-1
Descrição            : A Vulkan overlay layer for monitoring FPS, temperatures, CPU/GPU load and more.
Arquitetura          : x86_64
URL                  : https://github.com/flightlessmango/MangoHud
Licenças             : MIT
Grupos               : Nenhum
Provê                : Nenhum
Depende de           : dbus  fmt  glfw  hicolor-icon-theme  libglvnd  libx11  libxkbcommon  python  python-matplotlib  python-numpy  vulkan-icd-loader  wayland
Depend. opcionais    : gamescope: Use MangoApp as an overlay within gamescope
                       libxnvctrl: NVIDIA GPU stats by XNVCtrl
Conflita com         : mangohud-common  mangohud-common-wayland  mangohud-common-x11  mangoapp  mangohud-x11  mangohud-wayland
Substitui            : mangohud-common  mangohud-common-wayland  mangohud-common-x11  mangoapp  mangohud-x11  mangohud-wayland
Tamanho do download  : 2037,83 KiB
Tamanho instalado    : 10127,08 KiB
Empacotador          : Leonidas Spyropoulos <artafinde@archlinux.org>
Data da compilação   : qui 28 mai 2026 08:23:51
Validado por         : Soma SHA-256  Assinatura


== Verificando pacote antigo em cache para eventual rollback ==
/var/cache/pacman/pkg/mangohud-0.8.3-2-x86_64.pkg.tar.zst.sig
/var/cache/pacman/pkg/mangohud-0.8.3-2-x86_64.pkg.tar.zst

== Atualizando somente mangohud ==
Comando: sudo pacman -S --needed --noconfirm mangohud
Não será executado pacman -Syu.
resolvendo dependências...
procurando pacotes conflitantes...

Pacotes (1) mangohud-0.8.4-1

Tamanho total download:   1,99 MiB
Tamanho total instalado:  9,89 MiB
Alteração no tamanho:     0,24 MiB

:: Continuar a instalação? [S/n] 
:: Obtendo pacotes...
 mangohud-0.8.4-1-x86_64 sendo baixado...
verificando chaveiro...
verificando integridade de pacotes...
carregando arquivos do pacote...
verificando conflitos de arquivos...
verificando espaço em disco disponível...
:: Processando alterações do pacote...
atualizando mangohud...
:: Executando hooks pós-transação...
(1/2) Arming ConditionNeedsUpdate...
(2/2) Updating icon theme caches...

== Validando MangoHud após atualização ==
mangohud 0.8.4-1
v0.8.4

== Listando atualizações restantes ==

== Auditando pacotes foreign/AUR/locais sem atualizar ==
libpamac-aur 11.7.4-2
pamac-aur 11.7.4-3

== Gerando documentação ==

== Salvando script reutilizável ==

== Concluído ==
Documentação: /media/mochafast/MochaArch/ativo/documentacao/20260530-055358-atualizacao-controlada-apenas-mangohud.md
Log: /media/mochafast/MochaArch/ativo/relatorios/20260530-055358-atualizacao-controlada-apenas-mangohud.log
Script: /media/mochafast/MochaArch/ativo/scripts/20260530-055358-mocha-atualizar-apenas-mangohud-controlado.sh
