== MOCHAARCH — reabilitar hibernação Zen, versão corrigida ==
Timestamp: 20260531-212916
Log: /media/mochafast/MochaArch/ativo/relatorios/20260531-212916-reabilitar-hibernacao-zen-corrigido.log

[1/9] Estado atual
Kernel atual: 7.0.10-zen1-1-zen

Cmdline atual:
BOOT_IMAGE=/boot/vmlinuz-linux-zen root=UUID=2a8beb39-04e6-4520-a873-9134a2f73f53 rw quiet splash loglevel=3 nvidia_drm.modeset=1 nvidia_drm.fbdev=1 modprobe.blacklist=nouveau nouveau.modeset=0

Swap ativo:
Filename				Type		Size		Used		Priority
/dev/zram0                              partition	16153596	0		32767
/dev/nvme0n1p3                          partition	17774484	0		-1

NAME           TYPE       SIZE USED  PRIO UUID LABEL
/dev/zram0     partition 15,4G   0B 32767      
/dev/nvme0n1p3 partition   17G   0B    -1      

[2/9] Detectando swap físico ativo, excluindo zram
Swap físico escolhido: /dev/nvme0n1p3
UUID: c55827ce-1ead-4561-84c9-435612a8862b
Swap bytes: 18201078784
RAM bytes: 16542232576

[3/9] Validando suporte do kernel
OK: /sys/power/state contém disk.
Modos /sys/power/disk:
[platform] shutdown reboot suspend test_resume

[4/9] Backups
Backup criado: /etc/default/grub.mocha-bak-20260531-212916
Backup criado: /etc/mkinitcpio.conf.mocha-bak-20260531-212916
Backup criado: /boot/grub/grub.cfg.mocha-bak-20260531-212916

[5/9] Editando /etc/default/grub e /etc/mkinitcpio.conf

[6/9] Validação das fontes
--- GRUB_CMDLINE:
6:GRUB_CMDLINE_LINUX_DEFAULT="quiet splash loglevel=3 nvidia_drm.modeset=1 nvidia_drm.fbdev=1 modprobe.blacklist=nouveau nouveau.modeset=0 resume=UUID=c55827ce-1ead-4561-84c9-435612a8862b"
7:GRUB_CMDLINE_LINUX=""

--- HOOKS:
55:HOOKS=(base udev autodetect microcode modconf block keyboard keymap consolefont resume filesystems)
OK: hooks válidos: block < resume < filesystems.

[7/9] Regenerando somente initramfs do Zen
==> Building image from preset: /etc/mkinitcpio.d/linux-zen.preset: 'default'
==> Using default configuration file: '/etc/mkinitcpio.conf'
  -> -k /boot/vmlinuz-linux-zen -g /boot/initramfs-linux-zen.img
==> Starting build: '7.0.10-zen1-1-zen'
  -> Running build hook: [base]
  -> Running build hook: [udev]
  -> Running build hook: [autodetect]
  -> Running build hook: [microcode]
  -> Running build hook: [modconf]
  -> Running build hook: [block]
  -> Running build hook: [keyboard]
  -> Running build hook: [keymap]
  -> Running build hook: [consolefont]
==> WARNING: consolefont: no font found in configuration
  -> Running build hook: [resume]
  -> Running build hook: [filesystems]
==> Generating module dependencies
==> Creating zstd-compressed initcpio image: '/boot/initramfs-linux-zen.img'
  -> Early uncompressed CPIO image generation successful
==> Initcpio image generation successful

[8/9] Regenerando GRUB
Gerando o arquivo de configuração do grub...
Imagem Linux encontrada: /boot/vmlinuz-linux-cachyos-bore-lto
Imagem initrd encontrada: /boot/intel-ucode.img /boot/amd-ucode.img /boot/initramfs-linux-cachyos-bore-lto.img
Imagem Linux encontrada: /boot/vmlinuz-linux-zen
Imagem initrd encontrada: /boot/intel-ucode.img /boot/amd-ucode.img /boot/initramfs-linux-zen.img
Imagem Linux encontrada: /boot/vmlinuz-linux
Imagem initrd encontrada: /boot/intel-ucode.img /boot/amd-ucode.img /boot/initramfs-linux.img
Aviso: os-prober não será executado para detectar outras partições de arranque.
Os sistemas nelas presentes não serão adicionados à configuração de arranque do GRUB.\Veja a documentação de GRUB_DISABLE_OS_PROBER.
A adicionar entrada de menu para UEFI Firmware Settings ...
concluído

[9/9] Validação final do grub.cfg
grep: /boot/grub/grub.cfg: Permissão negada
ERRO: não encontrei linha linux do Zen em /boot/grub/grub.cfg.
