== MOCHAARCH — forçar VMSTORE real e auditar pedido de senha ==
Timestamp: 20260531-154848
Mountpoint: /media/vmstore
Mount unit: media-vmstore.mount
Automount unit: media-vmstore.automount
Log: /media/mochafast/MochaArch/ativo/relatorios/20260531-154848-forcar-vmstore-xfs-e-auditar-dolphin.log

== 1) Sessão sudo única ==

== 2) Linha ativa do /etc/fstab para VMSTORE ==
UUID=b81630a0-0756-45e4-9cb2-c7f16637a1c6 /media/vmstore xfs rw,noatime,nofail,x-systemd.automount,x-systemd.device-timeout=10,x-gvfs-show,x-gvfs-name=VMSTORE 0 0

== 3) Estado antes de forçar ==
TARGET         SOURCE    FSTYPE OPTIONS
/media/vmstore systemd-1 autofs rw,relatime,fd=71,pgrp=1,timeout=0,minproto=5,maxproto=5,direct,pipe_ino=12465

TARGET         SOURCE    FSTYPE OPTIONS
/media/vmstore systemd-1 autofs rw,relatime,fd=71,pgrp=1,timeout=0,minproto=5,maxproto=5,direct,pipe_ino=12465

== 4) Recarregar systemd e iniciar montagem real ==
Tentando iniciar unidade real: media-vmstore.mount

== 5) Disparar automount acessando o diretório ==

== 6) Estado depois de forçar ==
TARGET           SOURCE    FSTYPE OPTIONS
/media/vmstore   systemd-1 autofs rw,relatime,fd=71,pgrp=1,timeout=0,minproto=5,maxproto=5,direct,pipe_ino=12465
└─/media/vmstore /dev/sdb1 xfs    rw,noatime,inode64,logbufs=8,logbsize=32k,noquota

TARGET         SOURCE    FSTYPE OPTIONS
/media/vmstore systemd-1 autofs rw,relatime,fd=71,pgrp=1,timeout=0,minproto=5,maxproto=5,direct,pipe_ino=12465
/media/vmstore /dev/sdb1 xfs    rw,noatime,inode64,logbufs=8,logbsize=32k,noquota

== 7) Resultado ==
FSTYPE detectado: xfs
SOURCE detectado: /dev/sdb1

OK: VMSTORE está montado de verdade como XFS.
Se o Dolphin ainda pedir senha, você provavelmente está clicando no dispositivo da lateral, não abrindo o caminho fixo /media/vmstore.
Use o caminho /media/vmstore ou adicione essa pasta aos Lugares do Dolphin.

== 8) Conteúdo inicial do VMSTORE ==
total 4,0K
drwxr-xr-x  4 hal   100   41 mai 31 06:54 .
drwxr-xr-x  4 root root   38 mai 29 20:37 ..
drwxr-xr-x  4 hal  hal    32 mai 30 14:16 MochaArch
drwxr-xr-x 17 hal  hal  4,0K mai 29 23:47 MochaRepos

== FIM ==
Log salvo em: /media/mochafast/MochaArch/ativo/relatorios/20260531-154848-forcar-vmstore-xfs-e-auditar-dolphin.log
