== MOCHAARCH — finalizar correção de resume apenas para kernel Zen ==
Timestamp: 20260531-211006
Log: /media/mochafast/MochaArch/ativo/relatorios/20260531-211006-finalizar-resume-zen-sem-cachy.log

[1/6] Auditoria do estado atual
Kernel atual: 7.0.10-zen1-1-zen
Cmdline atual:
BOOT_IMAGE=/boot/vmlinuz-linux-zen root=UUID=2a8beb39-04e6-4520-a873-9134a2f73f53 rw quiet splash loglevel=3 nvidia_drm.modeset=1 nvidia_drm.fbdev=1 modprobe.blacklist=nouveau nouveau.modeset=0 resume=UUID=c55827ce-1ead-4561-84c9-435612a8862b

Swaps ativos:
Filename				Type		Size		Used		Priority
/dev/zram0                              partition	16153596	0		32767
/dev/nvme0n1p3                          partition	17774484	0		-1

Swap de resume: /dev/nvme0n1p3
UUID: c55827ce-1ead-4561-84c9-435612a8862b
Esperado no boot: resume=UUID=c55827ce-1ead-4561-84c9-435612a8862b

[2/6] Conferindo se /etc/default/grub já está correto
6:GRUB_CMDLINE_LINUX_DEFAULT="quiet splash loglevel=3 nvidia_drm.modeset=1 nvidia_drm.fbdev=1 modprobe.blacklist=nouveau nouveau.modeset=0 resume=UUID=c55827ce-1ead-4561-84c9-435612a8862b"
7:GRUB_CMDLINE_LINUX=""

[3/6] Conferindo hook resume no mkinitcpio principal
55:HOOKS=(base udev resume autodetect microcode modconf block keyboard keymap consolefont filesystems)

[4/6] Regenerando initramfs somente do linux-zen
==> Building image from preset: /etc/mkinitcpio.d/linux-zen.preset: 'default'
==> Using default configuration file: '/etc/mkinitcpio.conf'
  -> -k /boot/vmlinuz-linux-zen -g /boot/initramfs-linux-zen.img
==> Starting build: '7.0.10-zen1-1-zen'
  -> Running build hook: [base]
  -> Running build hook: [udev]
  -> Running build hook: [resume]
  -> Running build hook: [autodetect]
  -> Running build hook: [microcode]
  -> Running build hook: [modconf]
  -> Running build hook: [block]
  -> Running build hook: [keyboard]
  -> Running build hook: [keymap]
  -> Running build hook: [consolefont]
==> WARNING: consolefont: no font found in configuration
  -> Running build hook: [filesystems]
==> Generating module dependencies
==> Creating zstd-compressed initcpio image: '/boot/initramfs-linux-zen.img'
  -> Early uncompressed CPIO image generation successful
==> Initcpio image generation successful

[5/6] Regenerando GRUB
Gerando o arquivo de configuração do grub...
Imagem Linux encontrada: /boot/vmlinuz-linux-cachyos-bore-lto
Imagem initrd encontrada: /boot/intel-ucode.img /boot/amd-ucode.img /boot/initramfs-linux-cachyos-bore-lto.img
Imagem Linux encontrada: /boot/vmlinuz-linux-zen
Imagem initrd encontrada: /boot/intel-ucode.img /boot/amd-ucode.img /boot/initramfs-linux-zen.img
Aviso: Por favor, não use o título antigo 'Arch Linux, with Linux linux-zen' para o GRUB_DEFAULT, use 'Advanced options for Arch Linux>Arch Linux, with Linux linux-zen' (para versões antes da 2.00) ou 'gnulinux-advanced-2a8beb39-04e6-4520-a873-9134a2f73f53>gnulinux-linux-zen-advanced-2a8beb39-04e6-4520-a873-9134a2f73f53' (para a 2.00 ou posterior)
Imagem Linux encontrada: /boot/vmlinuz-linux
Imagem initrd encontrada: /boot/intel-ucode.img /boot/amd-ucode.img /boot/initramfs-linux.img
Aviso: os-prober não será executado para detectar outras partições de arranque.
Os sistemas nelas presentes não serão adicionados à configuração de arranque do GRUB.\Veja a documentação de GRUB_DISABLE_OS_PROBER.
A adicionar entrada de menu para UEFI Firmware Settings ...
concluído

[6/6] Validação final
Entradas resume no grub.cfg:
resume=UUID=c55827ce-1ead-4561-84c9-435612a8862b

Correção finalizada para o kernel Zen.
Observação: o preset CachyOS continua com erro de módulos NVIDIA e deve ser tratado depois, separado.
Agora reinicie para testar se o aviso de resume sumiu no boot normal.
Log salvo em: /media/mochafast/MochaArch/ativo/relatorios/20260531-211006-finalizar-resume-zen-sem-cachy.log
