
==> Validando ferramenta necessária

==> Removendo temas Mocha/Vivaldi ruins anteriores somente da pasta canônica
Removendo: /media/mochafast/MochaArch/ativo/vivaldi/temas/20260530-191138-Mocha-Firefox-Vivaldi-settings.json
Removendo: /media/mochafast/MochaArch/ativo/vivaldi/temas/20260530-191138-Mocha-Firefox-Vivaldi.zip

==> Removendo somente cópias erradas antigas em Downloads/Transferências, se existirem

==> Gerando tema no mesmo formato que abriu a prévia do Vivaldi
Tema criado:
  Nome             : Mocha Vivaldi Firefox Certo 20260530-191416
  colorWindowBg    : #171512
  colorBg          : #1b1815
  colorAccentBg    : #211e1a
  colorFg          : #e8dfd4
  colorHighlightBg : #5a4a3e
  ZIP              : /media/mochafast/MochaArch/ativo/vivaldi/temas/20260530-191416-Mocha-Vivaldi-Firefox-Certo.zip
  SHA256           : 8a8898e71c52fb2e6b14e0435b8a91ff4e7ec46f3f2152defdab51dfdf79b9d1

==> Validando ZIP importável
Conteúdo do ZIP:
  settings.json  621 bytes
ZIP validado.

==> Copiando caminho canônico para a área de transferência
Sem wl-copy/xclip; copie o caminho manualmente.

==> Documentando

==> Abrindo pasta canônica e tela de temas

PRONTO.
Importe este ZIP:
/media/mochafast/MochaArch/ativo/vivaldi/temas/20260530-191416-Mocha-Vivaldi-Firefox-Certo.zip

Log: /media/mochafast/MochaArch/ativo/relatorios/20260530-191416-vivaldi-tema-firefox-certo.log
Documento: /media/mochafast/MochaArch/ativo/documentacao/20260530-191416-vivaldi-tema-firefox-certo.md
