== MOCHAARCH — correção v2 da hibernação: resume no GRUB + hook no mkinitcpio ==
Timestamp: 20260531-204704
Log: /media/mochafast/MochaArch/ativo/relatorios/20260531-204704-corrigir-hibernacao-resume-grub-mkinitcpio-v2.log
Swap de hibernação: UUID=c55827ce-1ead-4561-84c9-435612a8862b
Parâmetro de boot: resume=UUID=c55827ce-1ead-4561-84c9-435612a8862b


## Pré-checagens
Dispositivo de resume resolvido: /dev/nvme0n1p3

## Estado antes da correção
Linha de boot atual:
BOOT_IMAGE=/boot/vmlinuz-linux-zen root=UUID=2a8beb39-04e6-4520-a873-9134a2f73f53 rw quiet splash loglevel=3 nvidia_drm.modeset=1 nvidia_drm.fbdev=1 modprobe.blacklist=nouveau nouveau.modeset=0

GRUB atual:
6:GRUB_CMDLINE_LINUX_DEFAULT="quiet splash loglevel=3 nvidia_drm.modeset=1 nvidia_drm.fbdev=1 modprobe.blacklist=nouveau nouveau.modeset=0"
7:GRUB_CMDLINE_LINUX=""

HOOKS atual:
55:HOOKS=(base udev autodetect microcode modconf block keyboard keymap consolefont filesystems)

Swap ativa:
NAME           TYPE       SIZE USED  PRIO
/dev/zram0     partition 15,4G   0B 32767
/dev/nvme0n1p3 partition   17G   0B    -1

## Backups controlados
Backup GRUB: /etc/default/grub.mocha-hibernacao-20260531-204704.bak
Backup mkinitcpio: /etc/mkinitcpio.conf.mocha-hibernacao-20260531-204704.bak
Mantendo no máximo 2 backups deste tipo por arquivo.

## Editando /etc/default/grub sem remover parâmetros existentes

## Editando /etc/mkinitcpio.conf: adicionando hook resume antes de filesystems

## Estado editado
6:GRUB_CMDLINE_LINUX_DEFAULT="quiet splash loglevel=3 nvidia_drm.modeset=1 nvidia_drm.fbdev=1 modprobe.blacklist=nouveau nouveau.modeset=0 resume=UUID=c55827ce-1ead-4561-84c9-435612a8862b"
7:GRUB_CMDLINE_LINUX=""

55:HOOKS=(base udev autodetect microcode modconf block keyboard keymap consolefont resume filesystems)

## Regenerando initramfs com progresso

Comando: sudo mkinitcpio -p linux-zen
==> Building image from preset: /etc/mkinitcpio.d/linux-zen.preset: 'default'
==> Using default configuration file: '/etc/mkinitcpio.conf'
  -> -k /boot/vmlinuz-linux-zen -g /boot/initramfs-linux-zen.img
==> Starting build: '7.0.10-zen1-1-zen'
  -> Running build hook: [base]
  -> Running build hook: [udev]
  -> Running build hook: [autodetect]
  -> Running build hook: [microcode]
  -> Running build hook: [modconf]
  -> Running build hook: [block]
  -> Running build hook: [keyboard]
  -> Running build hook: [keymap]
  -> Running build hook: [consolefont]
==> WARNING: consolefont: no font found in configuration
  -> Running build hook: [resume]
  -> Running build hook: [filesystems]
==> Generating module dependencies
==> Creating zstd-compressed initcpio image: '/boot/initramfs-linux-zen.img'
  -> Early uncompressed CPIO image generation successful
==> Initcpio image generation successful

Comando: sudo mkinitcpio -p linux
==> Building image from preset: /etc/mkinitcpio.d/linux.preset: 'default'
==> Using default configuration file: '/etc/mkinitcpio.conf'
  -> -k /boot/vmlinuz-linux -g /boot/initramfs-linux.img
==> Starting build: '7.0.10-arch1-1'
  -> Running build hook: [base]
  -> Running build hook: [udev]
  -> Running build hook: [autodetect]
  -> Running build hook: [microcode]
  -> Running build hook: [modconf]
  -> Running build hook: [block]
  -> Running build hook: [keyboard]
  -> Running build hook: [keymap]
  -> Running build hook: [consolefont]
==> WARNING: consolefont: no font found in configuration
  -> Running build hook: [resume]
  -> Running build hook: [filesystems]
==> Generating module dependencies
==> Creating zstd-compressed initcpio image: '/boot/initramfs-linux.img'
  -> Early uncompressed CPIO image generation successful
==> Initcpio image generation successful

## Validando presença de resume nos initramfs gerados
Imagem: /boot/initramfs-linux.img
AVISO: listagem não mostrou resume nesta imagem.

Imagem: /boot/initramfs-linux-zen.img
AVISO: listagem não mostrou resume nesta imagem.


## Regenerando GRUB com progresso
Comando: sudo grub-mkconfig -o /boot/grub/grub.cfg
Gerando o arquivo de configuração do grub...
Imagem Linux encontrada: /boot/vmlinuz-linux-cachyos-bore-lto
Imagem initrd encontrada: /boot/intel-ucode.img /boot/amd-ucode.img /boot/initramfs-linux-cachyos-bore-lto.img
Imagem Linux encontrada: /boot/vmlinuz-linux-zen
Imagem initrd encontrada: /boot/intel-ucode.img /boot/amd-ucode.img /boot/initramfs-linux-zen.img
Aviso: Por favor, não use o título antigo 'Arch Linux, with Linux linux-zen' para o GRUB_DEFAULT, use 'Advanced options for Arch Linux>Arch Linux, with Linux linux-zen' (para versões antes da 2.00) ou 'gnulinux-advanced-2a8beb39-04e6-4520-a873-9134a2f73f53>gnulinux-linux-zen-advanced-2a8beb39-04e6-4520-a873-9134a2f73f53' (para a 2.00 ou posterior)
Imagem Linux encontrada: /boot/vmlinuz-linux
Imagem initrd encontrada: /boot/intel-ucode.img /boot/amd-ucode.img /boot/initramfs-linux.img
Aviso: os-prober não será executado para detectar outras partições de arranque.
Os sistemas nelas presentes não serão adicionados à configuração de arranque do GRUB.\Veja a documentação de GRUB_DISABLE_OS_PROBER.
A adicionar entrada de menu para UEFI Firmware Settings ...
concluído

## Validando grub.cfg
grep: /boot/grub/grub.cfg: Permissão negada
ERRO: grub.cfg não contém resume=UUID=c55827ce-1ead-4561-84c9-435612a8862b. Não reinicie antes de corrigir.
