Log: /media/mochafast/MochaArch/ativo/relatorios/20260531-092419-documentar-site-cloudflare-ultrahd.log

== Auditoria somente leitura dos manuais existentes ==
Manuais encontrados:
 - /media/mochafast/MochaArch/ativo/documentacao/20260529-154304-MANUAL-UNICO-VIVO-MONTAGEM-MOCHA-ARCH-KDE.md
 - /media/mochafast/MochaArch/ativo/documentacao/MANUAL-INSTALACAO-MOCHA-ARCH-ORDEM.md
 - /media/mochafast/MochaArch/ativo/documentacao/20260530-105437-manual-instalacao-mocha-arch-receita-agressividade-corrigida.md
 - /media/mochafast/MochaArch/ativo/documentacao/20260530-105437-backup-MANUAL-INSTALACAO-MOCHA-ARCH-ORDEM.md
 - /media/mochafast/MochaArch/ativo/documentacao/20260530-104417-manual-instalacao-mocha-arch-em-ordem.md
 - /media/mochafast/MochaArch/ativo/documentacao/20260529-211221-tema-mocha-aprovado-validado-e-manual-corrigido.md
 - /media/mochafast/MochaArch/ativo/documentacao/20260529-211221-tema-mocha-aprovado-validado-e-manual-corrigido.md.backup-20260530-064832.md
 - /media/mochafast/MochaArch/ativo/documentacao/manual-montagem-mochaarch.md

Manual escolhido por atualização mais recente:
/media/mochafast/MochaArch/ativo/documentacao/20260529-154304-MANUAL-UNICO-VIVO-MONTAGEM-MOCHA-ARCH-KDE.md

== Prévia do final do manual antes da alteração ==

## Script salvo

Script reutilizável:

`/media/mochafast/MochaArch/ativo/scripts/20260529-150104-mocha-aplicar-login-plasma-manager.sh`

Atalho estável atualizado:

`/media/mochafast/MochaArch/ativo/scripts/mocha-aplicar-login-plasma-manager.sh`
```


---

## Índice de arquivos gerados nesta consolidação

Data: 20260529-154304



<!-- MOCHA-ENTRY:vivaldi-tema-importavel-aprovado -->
## Vivaldi — tema importável padrão Mocha aprovado

### Registro aprovado em 20260530-192447

- O tema importável do Vivaldi com as cores padrão atuais do Mocha foi testado e funcionou.
- O tema deve ser mantido fora da pasta Downloads; a pasta canônica para temas do Vivaldi é:
  - `/media/mochafast/MochaArch/ativo/vivaldi/temas`
- O tema deve usar as cores compatíveis com o Firefox/tema Mocha atual, para manter consistência visual com KDE/Plasma, barra, painel e navegador.
- O arquivo importável deve ser preservado como artefato reutilizável, para que o tema possa ser importado novamente no Vivaldi sem recriação manual.
- Fluxo correto:
  1. Gerar ou copiar o arquivo do tema importável para `/media/mochafast/MochaArch/ativo/vivaldi/temas`.
  2. Abrir o Vivaldi.
  3. Ir em Configurações > Temas.
  4. Usar Importar tema.
  5. Selecionar o arquivo do tema Mocha salvo na pasta canônica.
  6. Confirmar visualmente que as cores seguem o padrão Mocha atual.
- Não recriar o tema em Downloads como solução definitiva.
- Se uma tentativa de tema não importar ou ficar visualmente errada, apagar a tentativa falha ou mover para quarentena; não deixar arquivo quebrado no ativo.


<!-- MOCHA-ENTRY:programas-padrao-vivaldi-bitwarden-desktop -->
## Programas padrão — Vivaldi e Bitwarden Desktop

### Registro aprovado em 20260530-192624

- Incluir na lista de programas a serem instalados por padrão no Mocha Arch:
  - `vivaldi`
  - `vivaldi-ffmpeg-codecs`
  - `bitwarden`
- `vivaldi` é o navegador nativo do Mocha. Não usar a versão Flatpak como padrão, para evitar confusão entre instalações e problemas de integração nativa com KDE/Plasma.
- `vivaldi-ffmpeg-codecs` deve acompanhar o Vivaldi para suporte adicional de codecs.
- `bitwarden` é o pacote oficial do cliente Bitwarden Desktop no Arch; não confundir com extensão de navegador, Bitwarden CLI ou pacote AUR.
- A montagem padrão deve instalar estes pacotes via pacman/repositório oficial, não via AUR.
- Antes de gerar script definitivo de instalação, validar dinamicamente os nomes com:
  - `pacman -Si vivaldi vivaldi-ffmpeg-codecs bitwarden`
- Comando base para instalação, quando esta etapa for executada:
  - `sudo pacman -S --needed vivaldi vivaldi-ffmpeg-codecs bitwarden`


== Controle de backups: manter no máximo 2 backups do manual ==
Backup criado: /media/mochafast/MochaArch/ativo/documentacao/20260529-154304-MANUAL-UNICO-VIVO-MONTAGEM-MOCHA-ARCH-KDE.md.20260531-092419.bak
Quantidade de backups dentro do limite.

== Verificando se a entrada já existe ==
Entrada ainda não existe. Inserindo registro aprovado.
Entrada inserida no manual.

== Prévia do final do manual depois da alteração ==
---

## Índice de arquivos gerados nesta consolidação

Data: 20260529-154304



<!-- MOCHA-ENTRY:vivaldi-tema-importavel-aprovado -->
## Vivaldi — tema importável padrão Mocha aprovado

### Registro aprovado em 20260530-192447

- O tema importável do Vivaldi com as cores padrão atuais do Mocha foi testado e funcionou.
- O tema deve ser mantido fora da pasta Downloads; a pasta canônica para temas do Vivaldi é:
  - `/media/mochafast/MochaArch/ativo/vivaldi/temas`
- O tema deve usar as cores compatíveis com o Firefox/tema Mocha atual, para manter consistência visual com KDE/Plasma, barra, painel e navegador.
- O arquivo importável deve ser preservado como artefato reutilizável, para que o tema possa ser importado novamente no Vivaldi sem recriação manual.
- Fluxo correto:
  1. Gerar ou copiar o arquivo do tema importável para `/media/mochafast/MochaArch/ativo/vivaldi/temas`.
  2. Abrir o Vivaldi.
  3. Ir em Configurações > Temas.
  4. Usar Importar tema.
  5. Selecionar o arquivo do tema Mocha salvo na pasta canônica.
  6. Confirmar visualmente que as cores seguem o padrão Mocha atual.
- Não recriar o tema em Downloads como solução definitiva.
- Se uma tentativa de tema não importar ou ficar visualmente errada, apagar a tentativa falha ou mover para quarentena; não deixar arquivo quebrado no ativo.


<!-- MOCHA-ENTRY:programas-padrao-vivaldi-bitwarden-desktop -->
## Programas padrão — Vivaldi e Bitwarden Desktop

### Registro aprovado em 20260530-192624

- Incluir na lista de programas a serem instalados por padrão no Mocha Arch:
  - `vivaldi`
  - `vivaldi-ffmpeg-codecs`
  - `bitwarden`
- `vivaldi` é o navegador nativo do Mocha. Não usar a versão Flatpak como padrão, para evitar confusão entre instalações e problemas de integração nativa com KDE/Plasma.
- `vivaldi-ffmpeg-codecs` deve acompanhar o Vivaldi para suporte adicional de codecs.
- `bitwarden` é o pacote oficial do cliente Bitwarden Desktop no Arch; não confundir com extensão de navegador, Bitwarden CLI ou pacote AUR.
- A montagem padrão deve instalar estes pacotes via pacman/repositório oficial, não via AUR.
- Antes de gerar script definitivo de instalação, validar dinamicamente os nomes com:
  - `pacman -Si vivaldi vivaldi-ffmpeg-codecs bitwarden`
- Comando base para instalação, quando esta etapa for executada:
  - `sudo pacman -S --needed vivaldi vivaldi-ffmpeg-codecs bitwarden`


---

## 2026-05-31 — Site público Diesel OS Lab / Mocha Arch Edition aprovado para Cloudflare Pages

### Marco aprovado

Foi concluída e aprovada a versão publicável do site do **Diesel OS Lab — Mocha Arch Edition** para **Cloudflare Pages**.

O resultado aprovado segue fielmente o modelo visual definido para o projeto: tema escuro, acabamento bronze/cobre, identidade premium gamer, logo Diesel OS Lab no topo, navegação horizontal, botão de apoio via PayPal, hero principal “Diesel OS Lab — Mocha Arch Edition”, cartões de proposta, seção “Sobre o Projeto”, tecnologia, prévias visuais da experiência Mocha, status do projeto, frente social/T21 e rodapé institucional.

### Artefato aprovado

Pacote publicável aprovado:

- `dieseloslab-cloudflare-ultrahd-20260531.zip`

Conteúdo esperado do pacote:

- `index.html`
- `styles.css`
- `script.js`
- `assets/`
- `_headers`
- `404.html`
- `README-CLOUDFLARE.md`

### Requisitos canônicos preservados

- Manter fidelidade ao modelo aprovado.
- Não reinventar layout.
- Usar textos reais em HTML/CSS sempre que possível, evitando imagem de texto quando puder virar texto editável.
- Manter aparência em alta definição / Ultra HD.
- Manter seletor multilíngue em português, inglês, francês e espanhol.
- Manter todos os botões de apoio/doação apontando para o PayPal oficial do projeto.

### Link PayPal canônico

- `https://www.paypal.com/donate/?business=RE5E2EWMKAFBW&no_recurring=0&currency_code=USD`

### Observação operacional

Esta versão foi aprovada após correção de rumo: o site deve seguir exatamente o modelo visual aprovado pelo usuário, sem alterações criativas indevidas, mantendo o visual bronze/cobre escuro e a identidade Diesel OS Lab / Mocha Arch Edition.

== Concluído ==
Manual: /media/mochafast/MochaArch/ativo/documentacao/20260529-154304-MANUAL-UNICO-VIVO-MONTAGEM-MOCHA-ARCH-KDE.md
Backup: /media/mochafast/MochaArch/ativo/documentacao/20260529-154304-MANUAL-UNICO-VIVO-MONTAGEM-MOCHA-ARCH-KDE.md.20260531-092419.bak
Log: /media/mochafast/MochaArch/ativo/relatorios/20260531-092419-documentar-site-cloudflare-ultrahd.log
