== MOCHAARCH — AUDITORIA SOMENTE LEITURA — GRUB DEFAULT CACHY ==
Timestamp: 20260602-110515
Log: /media/mochafast/MochaArch/ativo/relatorios/20260602-110515-auditoria-grub-default-cachy-somente-leitura.log
Este comando não altera nada.

[1/7] sudo para leitura privilegiada
  [OK] sudo validado

[2/7] boot real atual
  [INFO] Kernel atual: 7.0.10-2-cachyos
  [INFO] Cmdline atual: BOOT_IMAGE=/boot/vmlinuz-linux-cachyos root=UUID=a6248851-81d9-42ba-b3cf-b2d0d0dc44d4 rw quiet splash loglevel=3 nvidia_drm.modeset=1 nvidia_drm.fbdev=1 modprobe.blacklist=nouveau nouveau.modeset=0
  [OK] kernel atual é Cachy: 7.0.10-2-cachyos
  [OK] boot real atual veio de /boot/vmlinuz-linux-cachyos

[3/7] estado atual de /etc/default/grub

-- /etc/default/grub relevante --
3:GRUB_DEFAULT='Opções avançadas para Arch Linux>Arch Linux, with Linux linux-cachyos'
6:GRUB_CMDLINE_LINUX_DEFAULT='quiet splash loglevel=3 nvidia_drm.modeset=1 nvidia_drm.fbdev=1 modprobe.blacklist=nouveau nouveau.modeset=0'
64:GRUB_SAVEDEFAULT='false'
  [INFO] GRUB_DEFAULT interpretado: Opções avançadas para Arch Linux>Arch Linux, with Linux linux-cachyos
  [INFO] GRUB_SAVEDEFAULT interpretado: false
  [OK] GRUB_DEFAULT aponta nominalmente para linux-cachyos
  [OK] GRUB_SAVEDEFAULT=false; GRUB não deve trocar padrão automaticamente pelo último boot

[4/7] grubenv

-- grub-editenv list --
  [OK] não há next_entry forçando boot temporário

[5/7] menuentries reais do grub.cfg

-- Entradas detectadas no /boot/grub/grub.cfg --
ENTRY: Arch Linux
SUBMENU: Opções avançadas para Arch Linux
ENTRY: Opções avançadas para Arch Linux>Arch Linux, with Linux linux-cachyos
ENTRY: Opções avançadas para Arch Linux>Arch Linux, with Linux linux
ENTRY: Opções avançadas para Arch Linux>UEFI Firmware Settings

-- Linhas linux/initrd relacionadas ao Cachy --
116:menuentry 'Arch Linux' --class arch --class gnu-linux --class gnu --class os $menuentry_id_option 'gnulinux-simple-a6248851-81d9-42ba-b3cf-b2d0d0dc44d4' {
124:	linux	/boot/vmlinuz-linux-cachyos root=UUID=a6248851-81d9-42ba-b3cf-b2d0d0dc44d4 rw  quiet splash loglevel=3 nvidia_drm.modeset=1 nvidia_drm.fbdev=1 modprobe.blacklist=nouveau nouveau.modeset=0
126:	initrd	/boot/intel-ucode.img /boot/amd-ucode.img /boot/initramfs-linux-cachyos.img
128:submenu 'Opções avançadas para Arch Linux' $menuentry_id_option 'gnulinux-advanced-a6248851-81d9-42ba-b3cf-b2d0d0dc44d4' {
129:	menuentry 'Arch Linux, with Linux linux-cachyos' --class arch --class gnu-linux --class gnu --class os $menuentry_id_option 'gnulinux-linux-cachyos-advanced-a6248851-81d9-42ba-b3cf-b2d0d0dc44d4' {
137:		linux	/boot/vmlinuz-linux-cachyos root=UUID=a6248851-81d9-42ba-b3cf-b2d0d0dc44d4 rw  quiet splash loglevel=3 nvidia_drm.modeset=1 nvidia_drm.fbdev=1 modprobe.blacklist=nouveau nouveau.modeset=0
139:		initrd	/boot/intel-ucode.img /boot/amd-ucode.img /boot/initramfs-linux-cachyos.img
141:	menuentry 'Arch Linux, with Linux linux' --class arch --class gnu-linux --class gnu --class os $menuentry_id_option 'gnulinux-linux-advanced-a6248851-81d9-42ba-b3cf-b2d0d0dc44d4' {
176:		menuentry 'UEFI Firmware Settings' $menuentry_id_option 'uefi-firmware' {

[6/7] validação do alvo padrão contra grub.cfg
  [OK] texto do GRUB_DEFAULT aparece no grub.cfg
  [OK] GRUB_DEFAULT contém linux-cachyos
  [OK] grub.cfg contém vmlinuz-linux-cachyos

[7/7] conclusão

== RESULTADO ==
OK: o boot atual é Cachy e o GRUB_DEFAULT também aponta para linux-cachyos.
Conclusão: a entrada correta parece estar definida como padrão.

Log salvo em: /media/mochafast/MochaArch/ativo/relatorios/20260602-110515-auditoria-grub-default-cachy-somente-leitura.log
== FIM ==
