== MOCHAARCH — criar submenu Jogos casuais / Escola no KDE ==
Timestamp: 20260601-111720
Base: /media/mochafast/MochaArch/ativo
Log: /media/mochafast/MochaArch/ativo/relatorios/20260601-111720-criar-submenu-jogos-casuais-escola-kde.log

Etapa 1/5 — montando lista de jogos casuais que devem ir para a subpasta...
Lista anterior encontrada: /media/mochafast/MochaArch/ativo/perfis/gamer/retirar-do-perfil-gamer-jogos-casuais-atual.pacmanlist

Pacotes casuais classificados para a subpasta: 36
- bomber
- bovo
- granatier
- kapman
- katomic
- kblackbox
- kblocks
- kbounce
- kbreakout
- kdiamond
- kfourinline
- kgoldrunner
- killbots
- kiriki
- kjumpingcube
- klickety
- klines
- kmines
- knavalbattle
- knetwalk
- knights
- kolf
- kollision
- konquest
- kpat
- kreversi
- ksirk
- ksnakeduel
- kspaceduel
- ksquares
- ksudoku
- ktuberling
- kubrick
- lskat
- palapeli
- picmi

Etapa 2/5 — localizando arquivos .desktop desses pacotes...
Verificando 1/36: bomber
Verificando 2/36: bovo
Verificando 3/36: granatier
Verificando 4/36: kapman
Verificando 5/36: katomic
Verificando 6/36: kblackbox
Verificando 7/36: kblocks
Verificando 8/36: kbounce
Verificando 9/36: kbreakout
Verificando 10/36: kdiamond
Verificando 11/36: kfourinline
Verificando 12/36: kgoldrunner
Verificando 13/36: killbots
Verificando 14/36: kiriki
Verificando 15/36: kjumpingcube
Verificando 16/36: klickety
Verificando 17/36: klines
Verificando 18/36: kmines
Verificando 19/36: knavalbattle
Verificando 20/36: knetwalk
Verificando 21/36: knights
Verificando 22/36: kolf
Verificando 23/36: kollision
Verificando 24/36: konquest
Verificando 25/36: kpat
Verificando 26/36: kreversi
Verificando 27/36: ksirk
Verificando 28/36: ksnakeduel
Verificando 29/36: kspaceduel
Verificando 30/36: ksquares
Verificando 31/36: ksudoku
Verificando 32/36: ktuberling
Verificando 33/36: kubrick
Verificando 34/36: lskat
Verificando 35/36: palapeli
Verificando 36/36: picmi

Arquivos .desktop encontrados: 38
- org.kde.bomber.desktop
- org.kde.bovo.desktop
- org.kde.granatier.desktop
- org.kde.kapman.desktop
- org.kde.katomic.desktop
- org.kde.kblackbox.desktop
- org.kde.kblocks.desktop
- org.kde.kbounce.desktop
- org.kde.kbreakout.desktop
- org.kde.kdiamond.desktop
- org.kde.kfourinline.desktop
- org.kde.kgoldrunner.desktop
- org.kde.killbots.desktop
- org.kde.kiriki.desktop
- org.kde.kjumpingcube.desktop
- org.kde.klickety.desktop
- org.kde.klines.desktop
- org.kde.kmines.desktop
- org.kde.knavalbattle.desktop
- org.kde.knetwalk.desktop
- org.kde.knights.desktop
- org.kde.kolf.desktop
- org.kde.kollision.desktop
- org.kde.konquest.desktop
- org.kde.kpat.desktop
- org.kde.kreversi.desktop
- org.kde.ksame.desktop
- org.kde.ksirk.desktop
- org.kde.ksirkskineditor.desktop
- org.kde.ksnakeduel.desktop
- org.kde.kspaceduel.desktop
- org.kde.ksquares.desktop
- org.kde.ksudoku.desktop
- org.kde.ktuberling.desktop
- org.kde.kubrick.desktop
- org.kde.lskat.desktop
- org.kde.palapeli.desktop
- org.kde.picmi.desktop

Etapa 3/5 — criando diretório visual do submenu...
Arquivo de diretório criado: /home/hal/.local/share/desktop-directories/mocha-jogos-casuais-escola.directory

Etapa 4/5 — criando regra XDG/KDE para submenu dentro de Jogos...
Arquivo de menu criado: /home/hal/.config/menus/applications-merged/mocha-jogos-casuais-escola.menu

Etapa 5/5 — atualizando cache do KDE...
kbuildsycoca6 running...

== Resultado ==
Submenu criado: Jogos > Jogos casuais / Escola
Pacotes na subpasta: 36
Entradas .desktop na subpasta: 38
Menu: /home/hal/.config/menus/applications-merged/mocha-jogos-casuais-escola.menu
Documento: /media/mochafast/MochaArch/ativo/documentacao/20260601-111720-submenu-jogos-casuais-escola-kde.md
Script salvo: /media/mochafast/MochaArch/ativo/scripts/20260601-111720-mocha-criar-submenu-jogos-casuais-escola-kde.sh

Se o lançador KDE ainda mostrar o layout antigo, reinicie o plasmashell ou faça logout/login.
