== MOCHAARCH — pacotes faltantes + wallpaper + CPU/GPU máximo ==
Timestamp: 20260602-102241
Script: /tmp/20260602-102241-mocha-instalar-pacotes-faltantes-wallpaper-cpu-gpu-max.sh
Log temporário: /tmp/20260602-102241-mocha-instalar-pacotes-faltantes-wallpaper-cpu-gpu-max.log

== 1/12 Sudo com keepalive ==
Sudo OK.

== 2/12 Conferindo FAST, VMSTORE e manual vivo ==
/media/mochafast: montado.
/media/vmstore: montado.
Manual vivo:
/media/mochafast/MochaArch/ativo/documentacao/20260529-154304-MANUAL-UNICO-VIVO-MONTAGEM-MOCHA-ARCH-KDE.md

Trechos relevantes do manual:
29:9. Não usar X11 como fallback. O caminho é Wayland.
31:11. Não reintroduzir `MANGOHUD_DLSYM`.
32:12. Não usar `vkbasalt` nem `gamescope` no wrapper canônico Steam/Mocha.
104:- Garantir Plasma/Wayland funcional.
105:- Garantir Steam/jogo com FPS alto e fluidez.
112:pacman -Q | grep -E '^(linux($|-)|linux-zen|linux-cachyos|nvidia|nvidia-utils|lib32-nvidia-utils|opencl-nvidia|egl-wayland|vulkan|lib32-vulkan)' | sort
118:- Plasma/Wayland abre.
119:- Jogo roda na Steam com FPS alto.
126:- Não trocar driver sem auditar kernel atual, pacotes e boot.
141:pacman -Q | grep -E '^(linux($|-)|linux-zen|linux-cachyos|nvidia)' | sort
148:- FPS alto pelo overlay da Steam.
160:### 3.4 Login manager / Wayland
165:- Sessão KDE/Plasma em Wayland.
183:- Sessão é Wayland.
245:- Não remover os pacotes.
299:### 3.7 Energia, CPU/GPU e agressividade
312:tuned-adm active
313:systemctl is-enabled tuned
314:systemctl is-active tuned
333:- Não reduzir agressividade sem teste comparativo.
339:### 3.8 Steam, Launch Options e wrapper
343:- Melhor baseline atual: Steam sem nenhuma linha em Launch Options.
344:- Overlay da Steam usado para medir FPS.
356:/home/hal/.local/bin/mocha-steam-game-run %command%
361:- Não usar `MANGOHUD_DLSYM`.
405:/media/mochafast/MochaArch/ativo/scripts/mocha-adicionar-entrada-aprovada-ao-manual.sh "Login manager" "Plasma login validado em Wayland" <<'EOF'
424:3. Script permanente final de energia/agressividade.
425:4. Wrapper Steam/Mocha novo, apenas depois de vencer ou igualar o baseline sem Launch Options.
463:|    0   N/A  N/A             956      G   /usr/bin/kwin_wayland                    30MiB |
464:|    0   N/A  N/A            1039      G   /usr/bin/Xwayland                         2MiB |
484:|    0   N/A  N/A            2469      G   ...share/Steam/ubuntu12_32/steam          4MiB |
485:|    0   N/A  N/A            2676      G   ./steamwebhelper                         23MiB |
486:|    0   N/A  N/A            2705    C+G   ...am/ubuntu12_64/steamwebhelper          5MiB |
495:### Pacotes de kernel, NVIDIA, Vulkan e Steam relevantes
498:egl-wayland2 1.0.1-1
499:egl-wayland 4:1.1.21-1
500:gamemode 1.8.2-2
501:lib32-gamemode 1.8.2-1
519:mangohud 0.8.3-2
524:steam 1.0.0.85-7
525:steam-devices 1.0.0.85-7
551:mai 29 14:29:52 Mocha plasmalogin-helper[865]: Starting Wayland user session: "/usr/share/plasmalogin/scripts/wayland-session" "/usr/lib/plasma-dbus-run-session-if-needed /usr/bin/startplasma-wayland"
573:sddm.service                                 disabled        disabled
582:XDG_SESSION_TYPE=wayland
586:Type=wayland
605:### Energia, CPU, GPU e agressividade
611:--- tuned ---
612:Current active profile: latency-performance
617:/sys/devices/system/cpu/cpu0/cpufreq/scaling_governor:performance
618:/sys/devices/system/cpu/cpu1/cpufreq/scaling_governor:performance
619:/sys/devices/system/cpu/cpu2/cpufreq/scaling_governor:performance
620:/sys/devices/system/cpu/cpu3/cpufreq/scaling_governor:performance
621:/sys/devices/system/cpu/cpu4/cpufreq/scaling_governor:performance
622:/sys/devices/system/cpu/cpu5/cpufreq/scaling_governor:performance
623:/sys/devices/system/cpu/cpu6/cpufreq/scaling_governor:performance
624:/sys/devices/system/cpu/cpu7/cpufreq/scaling_governor:performance
625:/sys/devices/system/cpu/cpu8/cpufreq/scaling_governor:performance
626:/sys/devices/system/cpu/cpu9/cpufreq/scaling_governor:performance
627:/sys/devices/system/cpu/cpu10/cpufreq/scaling_governor:performance
628:/sys/devices/system/cpu/cpu11/cpufreq/scaling_governor:performance
629:/sys/devices/system/cpu/cpu12/cpufreq/scaling_governor:performance
630:/sys/devices/system/cpu/cpu13/cpufreq/scaling_governor:performance
631:/sys/devices/system/cpu/cpu14/cpufreq/scaling_governor:performance
632:/sys/devices/system/cpu/cpu15/cpufreq/scaling_governor:performance
849:2026-05-29 15:24  1070 bytes  /media/mochafast/MochaArch/ativo/documentacao/20260529-152416-baseline-superior-endeavour-steam-overlay-kde.md
915:|    0   N/A  N/A             956      G   /usr/bin/kwin_wayland                    30MiB |
916:|    0   N/A  N/A            1039      G   /usr/bin/Xwayland                         2MiB |
928:|    0   N/A  N/A            2676      G   ./steamwebhelper                         23MiB |
929:|    0   N/A  N/A            2705    C+G   ...am/ubuntu12_64/steamwebhelper          5MiB |
938:### Pacotes de kernel, NVIDIA, Vulkan e Steam relevantes
941:egl-wayland2 1.0.1-1
942:egl-wayland 4:1.1.21-1
943:gamemode 1.8.2-2
944:lib32-gamemode 1.8.2-1
962:mangohud 0.8.3-2
967:steam 1.0.0.85-7
968:steam-devices 1.0.0.85-7
1000:mangohud 0.8.3-2
1013:plasma-firewall 6.6.5-1
1039:5. Não remover os pacotes.
1041:7. Não mexer em kernel, NVIDIA, Steam, MangoHud, GameMode ou ajustes de performance.
1071:5. Não remover os pacotes.
1073:7. Não mexer em kernel, NVIDIA, Steam, MangoHud, GameMode ou ajustes de performance.
1105:- Kernel, NVIDIA, Steam, MangoHud, GameMode e ajustes de performance não foram alterados.
1126:#### Fonte: `documentacao/20260529-152416-baseline-superior-endeavour-steam-overlay-kde.md`
1143:4. Não mexer em kernel, driver NVIDIA, Steam, agressividade/performance, Bluetooth funcional ou baseline de desempenho.
1162:- Não instala pacotes.
1163:- Não mexe em kernel, NVIDIA, boot, Steam ou receita de performance.
1205:|    0   N/A  N/A            2676      G   ./steamwebhelper                         23MiB |
1206:|    0   N/A  N/A            2705    C+G   ...am/ubuntu12_64/steamwebhelper          5MiB |
1215:### Pacotes de kernel, NVIDIA, Vulkan e Steam relevantes
1218:egl-wayland2 1.0.1-1
1219:egl-wayland 4:1.1.21-1
1220:gamemode 1.8.2-2
1221:lib32-gamemode 1.8.2-1
1253:sddm.service                                 disabled        disabled
1262:XDG_SESSION_TYPE=wayland
1266:Type=wayland
1286:- Não instala pacotes.
1287:- Não mexe em kernel, NVIDIA, boot, Steam ou receita de performance.
1305:5. Não remover os pacotes.
1307:7. Não mexer em kernel, NVIDIA, Steam, MangoHud, GameMode ou ajustes de performance.
1337:5. Não remover os pacotes.
1339:7. Não mexer em kernel, NVIDIA, Steam, MangoHud, GameMode ou ajustes de performance.
1371:- Kernel, NVIDIA, Steam, MangoHud, GameMode e ajustes de performance não foram alterados.
1405:### PACOTES RELEVANTES
1411:gamemode 1.8.2-2
1423:#### Fonte: `documentacao/20260529-152416-baseline-superior-endeavour-steam-overlay-kde.md`
1440:4. Não mexer em kernel, driver NVIDIA, Steam, agressividade/performance, Bluetooth funcional ou baseline de desempenho.
1460:echo "Não remove pacotes. Não toca XU. Não altera bootloader. Não configura X11."
1470:systemctl is-enabled sddm.service 2>/dev/null | sed 's/^/sddm enabled: /' || echo "sddm enabled: indisponível"
1471:systemctl is-active sddm.service 2>/dev/null | sed 's/^/sddm active: /' || echo "sddm active: indisponível"
1498:echo "Não remove pacotes. Não toca XU. Não altera bootloader. Não configura X11."
1508:systemctl is-enabled sddm.service 2>/dev/null | sed 's/^/sddm enabled: /' || echo "sddm enabled: indisponível"
1509:systemctl is-active sddm.service 2>/dev/null | sed 's/^/sddm active: /' || echo "sddm active: indisponível"
1540:- Sessão alvo: KDE Plasma em Wayland
1545:- Estado de `sddm.service`: enabled=`disabled`, active=`inactive`
1546:- Sessão atual detectada: Type=`wayland`, Desktop=`KDE`
1551:2. Desabilitar `sddm.service` para evitar conflito com login manager antigo.
1553:4. Não remover pacotes.
1569:### Login manager / Wayland
1588:|    0   N/A  N/A             956      G   /usr/bin/kwin_wayland                    30MiB |
1589:|    0   N/A  N/A            1039      G   /usr/bin/Xwayland                         2MiB |
1620:### Pacotes de kernel, NVIDIA, Vulkan e Steam relevantes
1623:egl-wayland2 1.0.1-1
1624:egl-wayland 4:1.1.21-1
1625:gamemode 1.8.2-2
1626:lib32-gamemode 1.8.2-1
1644:mangohud 0.8.3-2
1649:steam 1.0.0.85-7
1650:steam-devices 1.0.0.85-7
1676:mai 29 14:29:52 Mocha plasmalogin-helper[865]: Starting Wayland user session: "/usr/share/plasmalogin/scripts/wayland-session" "/usr/lib/plasma-dbus-run-session-if-needed /usr/bin/startplasma-wayland"
1701:- Sessão alvo: KDE Plasma em Wayland
1706:- Estado de `sddm.service`: enabled=`disabled`, active=`inactive`
1707:- Sessão atual detectada: Type=`wayland`, Desktop=`KDE`
1712:2. Desabilitar `sddm.service` para evitar conflito com login manager antigo.
1714:4. Não remover pacotes.
1748:echo "Não remove pacotes. Não toca XU. Não altera bootloader. Não configura X11."
1758:systemctl is-enabled sddm.service 2>/dev/null | sed 's/^/sddm enabled: /' || echo "sddm enabled: indisponível"
1759:systemctl is-active sddm.service 2>/dev/null | sed 's/^/sddm active: /' || echo "sddm active: indisponível"
1769:"$SUDO" systemctl disable --now sddm.service 2>/dev/null || true
1777:systemctl is-enabled sddm.service 2>/dev/null | sed 's/^/sddm enabled: /' || true
1778:systemctl is-active sddm.service 2>/dev/null | sed 's/^/sddm active: /' || true
1801:echo "Não remove pacotes. Não toca XU. Não altera bootloader. Não configura X11."
1811:systemctl is-enabled sddm.service 2>/dev/null | sed 's/^/sddm enabled: /' || echo "sddm enabled: indisponível"
1812:systemctl is-active sddm.service 2>/dev/null | sed 's/^/sddm active: /' || echo "sddm active: indisponível"
1822:"$SUDO" systemctl disable --now sddm.service 2>/dev/null || true
1830:systemctl is-enabled sddm.service 2>/dev/null | sed 's/^/sddm enabled: /' || true
1831:systemctl is-active sddm.service 2>/dev/null | sed 's/^/sddm active: /' || true
1850:plasma-firewall 6.6.5-1
1863:plasma-workspace-wallpapers 6.6.5-1
1864:steam 1.0.0.85-7
1865:steam-devices 1.0.0.85-7
1887:plasma-kwin_wayland.service                                                                                             loaded active running   KDE Wayland Compositor
1899:plasma-workspace-wayland.target                                                                                         loaded active active    plasma-workspace-wayland.target
1927:        32. kwin_wayland                        [1.6.6, hal@Mocha, pid:956]
1971:- Sessão alvo: KDE Plasma em Wayland
1976:- Estado de `sddm.service`: enabled=`disabled`, active=`inactive`
1977:- Sessão atual detectada: Type=`wayland`, Desktop=`KDE`
1982:2. Desabilitar `sddm.service` para evitar conflito com login manager antigo.
1984:4. Não remover pacotes.
2010:XDG_SESSION_TYPE=wayland
2014:Type=wayland
2033:### Energia, CPU, GPU e agressividade
2039:--- tuned ---
2040:Current active profile: latency-performance
2045:/sys/devices/system/cpu/cpu0/cpufreq/scaling_governor:performance
2046:/sys/devices/system/cpu/cpu1/cpufreq/scaling_governor:performance
2047:/sys/devices/system/cpu/cpu2/cpufreq/scaling_governor:performance
2048:/sys/devices/system/cpu/cpu3/cpufreq/scaling_governor:performance
2351:5. Não remover os pacotes.
2353:7. Não mexer em kernel, NVIDIA, Steam, MangoHud, GameMode ou ajustes de performance.
2379:5. Não remover os pacotes.
2381:7. Não mexer em kernel, NVIDIA, Steam, MangoHud, GameMode ou ajustes de performance.
2702:Não remover pacotes.
2755:Não remover pacotes.
3052:plasma-workspace-wallpapers 6.6.5-1
3053:steam 1.0.0.85-7
3054:steam-devices 1.0.0.85-7
3192:|    0   N/A  N/A            2469      G   ...share/Steam/ubuntu12_32/steam          4MiB |

== 3/12 Auditoria antes de instalar ==
-- Pacotes críticos instalados:
bitwarden 2026.2.1-1
firewalld 2.4.1-1
flatpak 1:1.16.6-1
gamemode 1.8.2-2
goverlay 1.8.1-1
kde-cli-tools 6.6.5-1
lib32-gamemode 1.8.2-1
lib32-mangohud 0.8.4-1
lib32-nvidia-utils 610.43.02-1
lib32-vulkan-icd-loader 1.4.350.0-1
mangohud 0.8.4-1
nvidia-utils 610.43.02-3
opencl-nvidia 610.43.02-2
plasma-desktop 6.6.5-1
plasma-firewall 6.6.5-1
plasma-workspace 6.6.5-2
powerdevil 6.6.5-1
sddm 0.21.0-7
steam 1.0.0.85-7
vivaldi 8.0.4033.35-1
vulkan-icd-loader 1.4.350.0-1
vulkan-tools 1.4.350.0-1

-- CPU atual:
/sys/devices/system/cpu/cpu0/cpufreq/scaling_governor: performance
/sys/devices/system/cpu/cpu10/cpufreq/scaling_governor: performance
/sys/devices/system/cpu/cpu11/cpufreq/scaling_governor: performance
/sys/devices/system/cpu/cpu12/cpufreq/scaling_governor: performance
/sys/devices/system/cpu/cpu13/cpufreq/scaling_governor: performance
/sys/devices/system/cpu/cpu14/cpufreq/scaling_governor: performance
/sys/devices/system/cpu/cpu15/cpufreq/scaling_governor: performance
/sys/devices/system/cpu/cpu1/cpufreq/scaling_governor: performance
/sys/devices/system/cpu/cpu2/cpufreq/scaling_governor: performance
/sys/devices/system/cpu/cpu3/cpufreq/scaling_governor: performance
/sys/devices/system/cpu/cpu4/cpufreq/scaling_governor: performance
/sys/devices/system/cpu/cpu5/cpufreq/scaling_governor: performance
/sys/devices/system/cpu/cpu6/cpufreq/scaling_governor: performance
/sys/devices/system/cpu/cpu7/cpufreq/scaling_governor: performance
/sys/devices/system/cpu/cpu8/cpufreq/scaling_governor: performance
/sys/devices/system/cpu/cpu9/cpufreq/scaling_governor: performance

-- GPU atual:
Tue Jun  2 10:22:44 2026       
+-----------------------------------------------------------------------------------------+
| NVIDIA-SMI 610.43.02              KMD Version: 610.43.02     CUDA UMD Version: 13.3     |
+-----------------------------------------+------------------------+----------------------+
| GPU  Name                 Persistence-M | Bus-Id          Disp.A | Volatile Uncorr. ECC |
| Fan  Temp   Perf          Pwr:Usage/Cap |           Memory-Usage | GPU-Util  Compute M. |
|                                         |                        |               MIG M. |
|=========================================+========================+======================|
|   0  NVIDIA GeForce RTX 5060 Ti     On  |   00000000:01:00.0  On |                  N/A |
|  0%   34C    P8             11W /  180W |     770MiB /  16311MiB |      1%      Default |
|                                         |                        |                  N/A |
+-----------------------------------------+------------------------+----------------------+

+-----------------------------------------------------------------------------------------+
| Processes:                                                                              |
|  GPU   GI   CI              PID   Type   Process name                        GPU Memory |
|        ID   ID                                                               Usage      |
|=========================================================================================|
|    0   N/A  N/A             909      G   /usr/bin/ksecretd                         2MiB |
|    0   N/A  N/A             946      G   /usr/bin/kwin_wayland                    20MiB |
|    0   N/A  N/A            1032      G   /usr/bin/Xwayland                        14MiB |
|    0   N/A  N/A            1070      G   /usr/bin/ksmserver                        2MiB |
|    0   N/A  N/A            1072      G   /usr/bin/kded6                            2MiB |
|    0   N/A  N/A            1191      G   /usr/bin/kaccess                          2MiB |
|    0   N/A  N/A            1192      G   ...it-kde-authentication-agent-1          2MiB |
|    0   N/A  N/A            1294      G   /usr/bin/kdeconnectd                      2MiB |
|    0   N/A  N/A            1320      G   /usr/bin/akonadi_control                  2MiB |
|    0   N/A  N/A            1334      G   ...bin/akonadi_archivemail_agent          2MiB |
|    0   N/A  N/A            1337      G   ...konadi_followupreminder_agent          2MiB |
|    0   N/A  N/A            1341      G   .../akonadi_maildispatcher_agent          2MiB |
|    0   N/A  N/A            1342      G   .../bin/akonadi_mailfilter_agent          2MiB |
|    0   N/A  N/A            1343      G   /usr/bin/akonadi_mailmerge_agent          2MiB |
|    0   N/A  N/A            1344      G   /usr/bin/akonadi_migration_agent          2MiB |
|    0   N/A  N/A            1345      G   ...akonadi_newmailnotifier_agent          2MiB |
|    0   N/A  N/A            1346      G   /usr/bin/akonadi_sendlater_agent          2MiB |
|    0   N/A  N/A            1347      G   .../akonadi_unifiedmailbox_agent          2MiB |
|    0   N/A  N/A            1492      G   /usr/lib/DiscoverNotifier                 2MiB |
|    0   N/A  N/A            1493      G   /usr/bin/kalendarac                       2MiB |
|    0   N/A  N/A            1551      G   /usr/lib/xdg-desktop-portal-kde           2MiB |
|    0   N/A  N/A            4322      G   ...share/Steam/ubuntu12_32/steam          4MiB |
|    0   N/A  N/A            4521      G   ./steamwebhelper                         22MiB |
|    0   N/A  N/A            4555    C+G   ...am/ubuntu12_64/steamwebhelper          5MiB |
|    0   N/A  N/A            5376      G   /usr/lib/firefox/firefox                210MiB |
|    0   N/A  N/A            6323      G   /usr/bin/konsole                          2MiB |
|    0   N/A  N/A            6941      G   /usr/bin/plasmashell                     83MiB |
+-----------------------------------------------------------------------------------------+

== 4/12 Validando pacotes disponíveis nos repositórios ativos ==
tuned: disponível e faltando.
cpupower: disponível e faltando.
gamemode: já instalado.
lib32-gamemode: já instalado.
mangohud: já instalado.
lib32-mangohud: já instalado.
goverlay: já instalado.
steam: já instalado.
sddm: já instalado.
plasma-workspace: já instalado.
plasma-desktop: já instalado.
kde-cli-tools: já instalado.
powerdevil: já instalado.
plasma-firewall: já instalado.
firewalld: já instalado.
flatpak: já instalado.
discover: já instalado.
packagekit-qt6: disponível e faltando.
xdg-desktop-portal-kde: já instalado.
qt6-tools: já instalado.
vulkan-tools: já instalado.
vulkan-icd-loader: já instalado.
lib32-vulkan-icd-loader: já instalado.
nvidia-utils: já instalado.
lib32-nvidia-utils: já instalado.
opencl-nvidia: já instalado.
nvidia-settings: já instalado.
egl-wayland: já instalado.
btrfs-progs: disponível e faltando.
xfsprogs: já instalado.
smartmontools: já instalado.
lm_sensors: já instalado.
pciutils: já instalado.
usbutils: já instalado.
lsof: já instalado.
tree: disponível e faltando.
jq: disponível e faltando.
yq: disponível e faltando.
rsync: já instalado.
ripgrep: já instalado.
fd: disponível e faltando.
zstd: já instalado.
unzip: já instalado.
zip: disponível e faltando.
git: já instalado.
base-devel: já instalado.
vim: já instalado.
nano: já instalado.
htop: já instalado.
btop: já instalado.
nvtop: já instalado.
vivaldi: já instalado.
bitwarden: já instalado.

Pacotes que serão instalados:
btrfs-progs
cpupower
fd
jq
packagekit-qt6
tree
tuned
yq
zip


== 5/12 Instalando pacotes faltantes disponíveis ==
resolvendo dependências...
procurando pacotes conflitantes...

Pacotes (25) hdparm-9.65-3  libpackagekit-glib-1.3.5-1  libpfm-4.13.0+r83+g91970fe-1  libtraceevent-1:1.9.0-1  llvm21-libs-21.1.8-1  numactl-2.0.19-1  oniguruma-6.9.10-1  packagekit-1.3.5-1  perf-7.0.10-1  python-argcomplete-3.6.3-1  python-configobj-5.0.9-6  python-linux-procfs-0.7.4-2  python-pyudev-0.24.4-1  python-tomlkit-0.15.0-1  python-xmltodict-1.0.4-1  python-yaml-6.0.3-2  btrfs-progs-7.0-1  cpupower-7.0.10-1  fd-10.4.2-2  jq-1.8.1-3  packagekit-qt6-1.1.4-2  tree-2.3.2-1  tuned-2.27.0-1  yq-3.4.3-3  zip-3.0-13

Tamanho total download:    47,62 MiB
Tamanho total instalado:  201,99 MiB

:: Continuar a instalação? [S/n] 
:: Obtendo pacotes...
 llvm21-libs-21.1.8-1-x86_64 sendo baixado...
 perf-7.0.10-1-x86_64 sendo baixado...
 btrfs-progs-7.0-1-x86_64 sendo baixado...
 fd-10.4.2-2-x86_64 sendo baixado...
 packagekit-1.3.5-1-x86_64 sendo baixado...
 tuned-2.27.0-1-any sendo baixado...
 libpfm-4.13.0+r83+g91970fe-1-x86_64 sendo baixado...
 oniguruma-6.9.10-1-x86_64 sendo baixado...
 libpackagekit-glib-1.3.5-1-x86_64 sendo baixado...
 cpupower-7.0.10-1-x86_64 sendo baixado...
 jq-1.8.1-3-x86_64 sendo baixado...
 python-yaml-6.0.3-2-x86_64 sendo baixado...
 zip-3.0-13-x86_64 sendo baixado...
 libtraceevent-1:1.9.0-1-x86_64 sendo baixado...
 python-pyudev-0.24.4-1-any sendo baixado...
 python-tomlkit-0.15.0-1-any sendo baixado...
 packagekit-qt6-1.1.4-2-x86_64 sendo baixado...
 hdparm-9.65-3-x86_64 sendo baixado...
 numactl-2.0.19-1-x86_64 sendo baixado...
 python-argcomplete-3.6.3-1-any sendo baixado...
 python-configobj-5.0.9-6-any sendo baixado...
 tree-2.3.2-1-x86_64 sendo baixado...
 yq-3.4.3-3-any sendo baixado...
 python-linux-procfs-0.7.4-2-any sendo baixado...
 python-xmltodict-1.0.4-1-any sendo baixado...
verificando chaveiro...
verificando integridade de pacotes...
carregando arquivos do pacote...
verificando conflitos de arquivos...
verificando espaço em disco disponível...
:: Processando alterações do pacote...
instalando hdparm...
instalando numactl...
instalando libtraceevent...
Dependências opcionais para libtraceevent
    libtraceevent-docs: for documentation
instalando llvm21-libs...
instalando libpfm...
instalando perf...
instalando python-configobj...
instalando python-linux-procfs...
instalando python-pyudev...
Dependências opcionais para python-pyudev
    python-wxpython: WX integration
instalando tuned...
Dependências opcionais para tuned
    virt-what: Virtual machine detection
    systemtap: Detailed system monitoring
    tuned-ppd: power-profiles-daemon api translation
    wireless_tools: Wireless device power management [instalado]
    x86_energy_perf_policy: Energy Performance Bias (EPB) support
instalando cpupower...
instalando libpackagekit-glib...
instalando packagekit...
Dependências opcionais para packagekit
    bash-completion: command completion in bash [instalado]
instalando packagekit-qt6...
instalando btrfs-progs...
Dependências opcionais para btrfs-progs
    python: libbtrfsutil python bindings [instalado]
    e2fsprogs: btrfs-convert [instalado]
instalando tree...
instalando oniguruma...
instalando jq...
instalando python-argcomplete...
instalando python-tomlkit...
instalando python-xmltodict...
instalando python-yaml...
instalando yq...
instalando fd...
instalando zip...
:: Executando hooks pós-transação...
(1/9) Creating temporary files...
(2/9) Reloading system manager configuration...
(3/9) Reloading device manager configuration...
(4/9) Arming ConditionNeedsUpdate...
(5/9) Updating linux initcpios...
==> Building image from preset: /etc/mkinitcpio.d/linux-cachyos.preset: 'default'
==> Using default configuration file: '/etc/mkinitcpio.conf'
  -> -k /boot/vmlinuz-linux-cachyos -g /boot/initramfs-linux-cachyos.img
==> Starting build: '7.0.10-2-cachyos'
  -> Running build hook: [base]
  -> Running build hook: [udev]
  -> Running build hook: [autodetect]
  -> Running build hook: [microcode]
  -> Running build hook: [kms]
  -> Running build hook: [modconf]
  -> Running build hook: [block]
  -> Running build hook: [keyboard]
  -> Running build hook: [keymap]
  -> Running build hook: [consolefont]
==> WARNING: consolefont: no font found in configuration
  -> Running build hook: [filesystems]
==> Generating module dependencies
==> Creating zstd-compressed initcpio image: '/boot/initramfs-linux-cachyos.img'
  -> Early uncompressed CPIO image generation successful
==> Initcpio image generation successful
==> Building image from preset: /etc/mkinitcpio.d/linux.preset: 'default'
==> Using default configuration file: '/etc/mkinitcpio.conf'
  -> -k /boot/vmlinuz-linux -g /boot/initramfs-linux.img
==> Starting build: '7.0.10-arch1-1'
  -> Running build hook: [base]
  -> Running build hook: [udev]
  -> Running build hook: [autodetect]
  -> Running build hook: [microcode]
  -> Running build hook: [kms]
  -> Running build hook: [modconf]
  -> Running build hook: [block]
  -> Running build hook: [keyboard]
  -> Running build hook: [keymap]
  -> Running build hook: [consolefont]
==> WARNING: consolefont: no font found in configuration
  -> Running build hook: [filesystems]
==> Generating module dependencies
==> Creating zstd-compressed initcpio image: '/boot/initramfs-linux.img'
  -> Early uncompressed CPIO image generation successful
==> Initcpio image generation successful
(6/9) Refreshing PackageKit...
(7/9) Reloading system bus configuration...
(8/9) Updating icon theme caches...
(9/9) Updating the desktop file MIME type cache...

== 6/12 Ativando serviços essenciais sem remover nada ==
Created symlink '/etc/systemd/system/multi-user.target.wants/tuned.service' → '/usr/lib/systemd/system/tuned.service'.
Created symlink '/etc/systemd/system/multi-user.target.wants/cpupower.service' → '/usr/lib/systemd/system/cpupower.service'.

== 7/12 Reaplicando sysctl, THP e agressividade canônica ==
Backup: /etc/sysctl.d/99-mocha-agressividade.conf -> /media/mochafast/MochaArch/ativo/backups/configs/sysctl/99-mocha-agressividade.conf.20260602-102241.bak
* Aplicando /usr/lib/sysctl.d/10-arch.conf ...
* Aplicando /usr/lib/sysctl.d/50-coredump.conf ...
* Aplicando /usr/lib/sysctl.d/50-default.conf ...
* Aplicando /usr/lib/sysctl.d/50-pid-max.conf ...
* Aplicando /etc/sysctl.d/99-mocha-agressividade.conf ...
fs.inotify.max_user_instances = 1024
fs.inotify.max_user_watches = 524288
vm.max_map_count = 1048576
net.ipv4.tcp_keepalive_time = 120
kernel.core_pattern = |/usr/lib/systemd/systemd-coredump %P %u %g %s %t %c %h %d %F
kernel.core_pipe_limit = 16
fs.suid_dumpable = 2
kernel.sysrq = 16
kernel.core_uses_pid = 1
net.ipv4.conf.default.rp_filter = 2
net.ipv4.conf.enp4s0.rp_filter = 2
net.ipv4.conf.lo.rp_filter = 2
net.ipv4.conf.default.accept_source_route = 0
net.ipv4.conf.enp4s0.accept_source_route = 0
net.ipv4.conf.lo.accept_source_route = 0
net.ipv4.conf.default.promote_secondaries = 1
net.ipv4.conf.enp4s0.promote_secondaries = 1
net.ipv4.conf.lo.promote_secondaries = 1
net.ipv4.ping_group_range = 0 2147483647
net.core.default_qdisc = fq_codel
fs.protected_hardlinks = 1
fs.protected_symlinks = 1
fs.protected_regular = 1
fs.protected_fifos = 1
kernel.pid_max = 4194304
vm.swappiness = 80
vm.vfs_cache_pressure = 50
vm.page-cluster = 0
vm.dirty_background_bytes = 67108864
vm.dirty_bytes = 268435456
vm.max_map_count = 16777216
kernel.nmi_watchdog = 0
kernel.sched_autogroup_enabled = 0
Backup: /etc/tmpfiles.d/99-mocha-thp.conf -> /media/mochafast/MochaArch/ativo/backups/configs/tmpfiles/99-mocha-thp.conf.20260602-102241.bak

== 8/12 Forçando CPU em estado máximo agora e no boot ==
Created symlink '/etc/systemd/system/multi-user.target.wants/mocha-max-performance.service' → '/etc/systemd/system/mocha-max-performance.service'.
Created symlink '/etc/systemd/system/graphical.target.wants/mocha-max-performance.service' → '/etc/systemd/system/mocha-max-performance.service'.
Mocha max performance: 2026-06-02T10:23:18-03:00

== 9/12 Aplicando papel de parede Mocha ==
Procurando wallpaper aprovado no ativo...
Wallpaper selecionado:
/media/mochafast/MochaArch/ativo/assets/branding/wallpaper/mocha-wallpaper-kdePCan-20260529-163403.png
Instalado em:
/home/hal/.local/share/wallpapers/Mocha/MochaWallpaper-20260602-102241.png
A definição de um papel de parede para todas as áreas de trabalho da imagem /home/hal/.local/share/wallpapers/Mocha/MochaWallpaper-20260602-102241.png foi realizada com sucesso.

Wallpaper aplicado ao desktop e registrado para tela de bloqueio quando suportado.

== 10/12 Reaplicando tema Mocha aprovado se ferramentas existem ==
O tema solicitado "MochaSolidCanonico" já está definido como o tema da sessão atual do Plasma.
O tema solicitado "MochaPanelSolidCanonico" já está definido como o tema da sessão atual do Plasma.

== 11/12 Documentando no manual vivo ==
Entrada acrescentada ao manual:
  /media/mochafast/MochaArch/ativo/MANUAL-UNICO-VIVO-MONTAGEM-MOCHA-ARCH-KDE.md
Backup anterior:
  /media/mochafast/MochaArch/ativo/documentacao/20260602-102320-snapshot-antes-nova-entrada-manual-vivo.md
Cópia pós-entrada:
  /media/mochafast/MochaArch/ativo/documentacao/20260602-102320-MANUAL-UNICO-VIVO-MONTAGEM-MOCHA-ARCH-KDE-pos-nova-entrada.md

Uso recomendado:
  /media/mochafast/MochaArch/ativo/scripts/mocha-adicionar-entrada-aprovada-ao-manual.sh "Área" "Título" <<'EOF'
  O que foi feito: ...
  Arquivo(s) alterado(s): ...
  Comando/script aprovado: ...
  Validação: ...
  Resultado: ...
  Regra de não regressão: ...
EOF

== 12/12 Auditoria final ==
-- Pacotes críticos finais:
bitwarden 2026.2.1-1
cpupower 7.0.10-1
firewalld 2.4.1-1
flatpak 1:1.16.6-1
gamemode 1.8.2-2
goverlay 1.8.1-1
kde-cli-tools 6.6.5-1
lib32-gamemode 1.8.2-1
lib32-mangohud 0.8.4-1
lib32-nvidia-utils 610.43.02-1
lib32-vulkan-icd-loader 1.4.350.0-1
mangohud 0.8.4-1
nvidia-utils 610.43.02-3
opencl-nvidia 610.43.02-2
plasma-desktop 6.6.5-1
plasma-firewall 6.6.5-1
plasma-workspace 6.6.5-2
powerdevil 6.6.5-1
sddm 0.21.0-7
steam 1.0.0.85-7
tuned 2.27.0-1
vivaldi 8.0.4033.35-1
vulkan-icd-loader 1.4.350.0-1
vulkan-tools 1.4.350.0-1

-- Serviços finais:
tuned enabled: enabled
tuned active: active
cpupower enabled: enabled
cpupower active: inactive
mocha-max-performance enabled: enabled
mocha-max-performance active: active
sddm enabled: enabled
sddm active: active

-- CPU final:
/sys/devices/system/cpu/cpu0/cpufreq/scaling_governor: performance
/sys/devices/system/cpu/cpu10/cpufreq/scaling_governor: performance
/sys/devices/system/cpu/cpu11/cpufreq/scaling_governor: performance
/sys/devices/system/cpu/cpu12/cpufreq/scaling_governor: performance
/sys/devices/system/cpu/cpu13/cpufreq/scaling_governor: performance
/sys/devices/system/cpu/cpu14/cpufreq/scaling_governor: performance
/sys/devices/system/cpu/cpu15/cpufreq/scaling_governor: performance
/sys/devices/system/cpu/cpu1/cpufreq/scaling_governor: performance
/sys/devices/system/cpu/cpu2/cpufreq/scaling_governor: performance
/sys/devices/system/cpu/cpu3/cpufreq/scaling_governor: performance
/sys/devices/system/cpu/cpu4/cpufreq/scaling_governor: performance
/sys/devices/system/cpu/cpu5/cpufreq/scaling_governor: performance
/sys/devices/system/cpu/cpu6/cpufreq/scaling_governor: performance
/sys/devices/system/cpu/cpu7/cpufreq/scaling_governor: performance
/sys/devices/system/cpu/cpu8/cpufreq/scaling_governor: performance
/sys/devices/system/cpu/cpu9/cpufreq/scaling_governor: performance
/sys/devices/system/cpu/cpu0/cpufreq/energy_performance_preference: performance
/sys/devices/system/cpu/cpu10/cpufreq/energy_performance_preference: performance
/sys/devices/system/cpu/cpu11/cpufreq/energy_performance_preference: performance
/sys/devices/system/cpu/cpu12/cpufreq/energy_performance_preference: performance
/sys/devices/system/cpu/cpu13/cpufreq/energy_performance_preference: performance
/sys/devices/system/cpu/cpu14/cpufreq/energy_performance_preference: performance
/sys/devices/system/cpu/cpu15/cpufreq/energy_performance_preference: performance
/sys/devices/system/cpu/cpu1/cpufreq/energy_performance_preference: performance
/sys/devices/system/cpu/cpu2/cpufreq/energy_performance_preference: performance
/sys/devices/system/cpu/cpu3/cpufreq/energy_performance_preference: performance
/sys/devices/system/cpu/cpu4/cpufreq/energy_performance_preference: performance
/sys/devices/system/cpu/cpu5/cpufreq/energy_performance_preference: performance
/sys/devices/system/cpu/cpu6/cpufreq/energy_performance_preference: performance
/sys/devices/system/cpu/cpu7/cpufreq/energy_performance_preference: performance
/sys/devices/system/cpu/cpu8/cpufreq/energy_performance_preference: performance
/sys/devices/system/cpu/cpu9/cpufreq/energy_performance_preference: performance

-- GPU final:

==============NVSMI LOG==============

Timestamp                                              : Tue Jun  2 10:23:20 2026
Driver Version                                         : 610.43.02 [Deprecated; will be removed in CUDA 14.0. Use KMD Version instead]
CUDA Version                                           : 13.3 [Deprecated; will be removed in CUDA 14.0. Use CUDA UMD Version instead]
KMD Version                                            : 610.43.02
CUDA UMD Version                                       : 13.3

Attached GPUs                                          : 1
GPU 00000000:01:00.0
    Performance State                                  : P0
    Clocks Event Reasons
        Idle                                           : Not Active
        Applications Clocks Setting                    : Not Active
        SW Power Cap                                   : Not Active
        HW Slowdown                                    : Not Active
            HW Thermal Slowdown                        : Not Active
            HW Power Brake Slowdown                    : Not Active
        Sync Boost                                     : Not Active
        SW Thermal Slowdown                            : Not Active
        Display Clock Setting                          : Not Active
    Clocks Event Reasons Counters
        SW Power Capping                               : 219643 us
        Sync Boost                                     : 0 us
        SW Thermal Slowdown                            : 0 us
        HW Thermal Slowdown                            : 0 us
        HW Power Braking                               : 0 us
    Sparse Operation Mode                              : N/A
    GPU Power Readings
        Average Power Draw                             : 29.60 W
        Instantaneous Power Draw                       : 29.33 W
        GPU Ceiling Power Limit
            Current Power Limit                        : 180.00 W
            Requested Power Limit                      : 180.00 W
            Default Power Limit                        : 180.00 W
        GPU Base Power
            Current Base Power                         : N/A
            Requested Base Power                       : N/A
            Default Base Power                         : N/A
        Min Power Limit                                : 150.00 W
        Max Power Limit                                : 180.00 W
    Power Samples
        Duration                                       : 2.40 sec
        Number of Samples                              : 119
        Max                                            : 34.28 W
        Min                                            : 10.67 W
        Avg                                            : 27.16 W
    GPU Memory Power Readings 
        Average Power Draw                             : N/A
        Instantaneous Power Draw                       : N/A
    Module Power Readings
        Average Power Draw                             : N/A
        Instantaneous Power Draw                       : N/A
        Current Power Limit                            : N/A
        Requested Power Limit                          : N/A
        Default Power Limit                            : N/A
        Min Power Limit                                : N/A
        Max Power Limit                                : N/A
    EDPp Multiplier                                    : N/A
    Clocks
        Graphics                                       : 2827 MHz
        SM                                             : 2827 MHz
        Memory                                         : 14001 MHz
        Video                                          : 2422 MHz
    Applications Clocks
        Graphics                                       : Requested functionality has been deprecated
        Memory                                         : Requested functionality has been deprecated
    Default Applications Clocks
        Graphics                                       : Requested functionality has been deprecated
        Memory                                         : Requested functionality has been deprecated
    Deferred Clocks
        Memory                                         : N/A
    Max Clocks
        Graphics                                       : 3090 MHz
        SM                                             : 3090 MHz
        Memory                                         : 14001 MHz
        Video                                          : 3090 MHz
    Max Customer Boost Clocks
        Graphics                                       : N/A
    SM Clock Samples
        Duration                                       : N/A
        Number of Samples                              : N/A
        Max                                            : N/A
        Min                                            : N/A
        Avg                                            : N/A
    Memory Clock Samples
        Duration                                       : N/A
        Number of Samples                              : N/A
        Max                                            : N/A
        Min                                            : N/A
        Avg                                            : N/A
    Clock Policy
        Auto Boost                                     : N/A
        Auto Boost Default                             : N/A


-- Tema/wallpaper final:
ColorScheme: MochaSolidCanonico
PlasmaTheme: MochaPanelSolidCanonico
Wallpaper: /home/hal/.local/share/wallpapers/Mocha/MochaWallpaper-20260602-102241.png

Relatório final:
/media/mochafast/MochaArch/ativo/relatorios/20260602-102241-pacotes-faltantes-wallpaper-cpu-gpu-max.log
Script salvo:
/media/mochafast/MochaArch/ativo/scripts/20260602-102241-mocha-instalar-pacotes-faltantes-wallpaper-cpu-gpu-max.sh

== CONCLUÍDO ==
