
== Pedindo sudo uma vez e mantendo sessão ativa ==

== Estado atual, sem tratar nvidia-smi do Zen como erro ==
7.0.10-zen1-1-zen
linux-cachyos-bore-lto 7.0.10-2
linux-cachyos-bore-lto-headers 7.0.10-2
linux-cachyos-bore-lto-nvidia-open 7.0.10-2
nvidia-utils 610.43.02-2
lib32-nvidia-utils 610.43.02-1
NVIDIA-SMI has failed because it couldn't communicate with the NVIDIA driver. Make sure that the latest NVIDIA driver is installed and running.


== Validando pacotes obrigatórios já instalados ==

== Detectando kernel CachyOS Bore LTO instalado ==
Kernel CachyOS detectado: 7.0.10-2-cachyos-bore-lto
Diretório de módulos: /usr/lib/modules/7.0.10-2-cachyos-bore-lto

== Conferindo módulos NVIDIA kernel-específicos do CachyOS ==
/usr/lib/modules/7.0.10-2-cachyos-bore-lto/extramodules/nvidia-drm.ko.zst
/usr/lib/modules/7.0.10-2-cachyos-bore-lto/extramodules/nvidia.ko.zst
/usr/lib/modules/7.0.10-2-cachyos-bore-lto/extramodules/nvidia-modeset.ko.zst
/usr/lib/modules/7.0.10-2-cachyos-bore-lto/extramodules/nvidia-peermem.ko.zst
/usr/lib/modules/7.0.10-2-cachyos-bore-lto/extramodules/nvidia-uvm.ko.zst
/usr/lib/modules/7.0.10-2-cachyos-bore-lto/kernel/drivers/platform/x86/nvidia-wmi-ec-backlight.ko.zst

== Atualizando dependências de módulos somente para o kernel CachyOS ==

== Validando modinfo NVIDIA no kernel CachyOS ==
OK: modinfo -k 7.0.10-2-cachyos-bore-lto nvidia
OK: modinfo -k 7.0.10-2-cachyos-bore-lto nvidia_modeset
OK: modinfo -k 7.0.10-2-cachyos-bore-lto nvidia_uvm
OK: modinfo -k 7.0.10-2-cachyos-bore-lto nvidia_drm
Versão módulo NVIDIA: 610.43.02
Versão nvidia-utils: 610.43.02
Versão lib32-nvidia-utils: 610.43.02

== Garantindo NVIDIA Wayland/KMS e bloqueio do nouveau ==

== Gerando initramfs somente do CachyOS Bore LTO ==
==> Building image from preset: /etc/mkinitcpio.d/linux-cachyos-bore-lto.preset: 'default'
==> Using default configuration file: '/etc/mkinitcpio.conf'
  -> -k /boot/vmlinuz-linux-cachyos-bore-lto -g /boot/initramfs-linux-cachyos-bore-lto.img
==> Starting build: '7.0.10-2-cachyos-bore-lto'
  -> Running build hook: [base]
  -> Running build hook: [udev]
  -> Running build hook: [autodetect]
  -> Running build hook: [microcode]
  -> Running build hook: [modconf]
  -> Running build hook: [block]
  -> Running build hook: [keyboard]
  -> Running build hook: [keymap]
  -> Running build hook: [consolefont]
==> WARNING: consolefont: no font found in configuration
  -> Running build hook: [filesystems]
==> Generating module dependencies
==> Creating zstd-compressed initcpio image: '/boot/initramfs-linux-cachyos-bore-lto.img'
  -> Early uncompressed CPIO image generation successful
==> Initcpio image generation successful

== Verificando arquivos de boot do CachyOS Bore LTO ==
-rw------- 1 root root 107M mai 30 13:54 /boot/initramfs-linux-cachyos-bore-lto.img
-rw-r--r-- 1 root root  16M mai 30 13:38 /boot/vmlinuz-linux-cachyos-bore-lto

== Configurando GRUB com CachyOS Bore LTO como padrão e Zen preservado como fallback ==

== Regenerando GRUB ==
Gerando o arquivo de configuração do grub...
Imagem Linux encontrada: /boot/vmlinuz-linux-cachyos-bore-lto
Imagem initrd encontrada: /boot/intel-ucode.img /boot/amd-ucode.img /boot/initramfs-linux-cachyos-bore-lto.img
Imagem Linux encontrada: /boot/vmlinuz-linux-zen
Imagem initrd encontrada: /boot/intel-ucode.img /boot/amd-ucode.img /boot/initramfs-linux-zen.img
Imagem Linux encontrada: /boot/vmlinuz-linux
Imagem initrd encontrada: /boot/intel-ucode.img /boot/amd-ucode.img /boot/initramfs-linux.img
Aviso: os-prober não será executado para detectar outras partições de arranque.
Os sistemas nelas presentes não serão adicionados à configuração de arranque do GRUB.\Veja a documentação de GRUB_DISABLE_OS_PROBER.
A adicionar entrada de menu para UEFI Firmware Settings ...
concluído

== Conferindo entradas do GRUB com sudo ==
123:	echo	'Carregando o Linux linux-cachyos-bore-lto...'
124:	linux	/boot/vmlinuz-linux-cachyos-bore-lto root=UUID=2a8beb39-04e6-4520-a873-9134a2f73f53 rw  'quiet splash loglevel=3' nvidia_drm.modeset=1 nvidia_drm.fbdev=1 modprobe.blacklist=nouveau nouveau.modeset=0
126:	initrd	/boot/intel-ucode.img /boot/amd-ucode.img /boot/initramfs-linux-cachyos-bore-lto.img
129:	menuentry 'Arch Linux, with Linux linux-cachyos-bore-lto' --class arch --class gnu-linux --class gnu --class os $menuentry_id_option 'gnulinux-linux-cachyos-bore-lto-advanced-2a8beb39-04e6-4520-a873-9134a2f73f53' {
136:		echo	'Carregando o Linux linux-cachyos-bore-lto...'
137:		linux	/boot/vmlinuz-linux-cachyos-bore-lto root=UUID=2a8beb39-04e6-4520-a873-9134a2f73f53 rw  'quiet splash loglevel=3' nvidia_drm.modeset=1 nvidia_drm.fbdev=1 modprobe.blacklist=nouveau nouveau.modeset=0
139:		initrd	/boot/intel-ucode.img /boot/amd-ucode.img /boot/initramfs-linux-cachyos-bore-lto.img
141:	menuentry 'Arch Linux, with Linux linux-zen' --class arch --class gnu-linux --class gnu --class os $menuentry_id_option 'gnulinux-linux-zen-advanced-2a8beb39-04e6-4520-a873-9134a2f73f53' {
148:		echo	'Carregando o Linux linux-zen...'
149:		linux	/boot/vmlinuz-linux-zen root=UUID=2a8beb39-04e6-4520-a873-9134a2f73f53 rw  'quiet splash loglevel=3' nvidia_drm.modeset=1 nvidia_drm.fbdev=1 modprobe.blacklist=nouveau nouveau.modeset=0
151:		initrd	/boot/intel-ucode.img /boot/amd-ucode.img /boot/initramfs-linux-zen.img
Primeira linha linux do primeiro menuentry: 	linux	/boot/vmlinuz-linux-cachyos-bore-lto root=UUID=2a8beb39-04e6-4520-a873-9134a2f73f53 rw  'quiet splash loglevel=3' nvidia_drm.modeset=1 nvidia_drm.fbdev=1 modprobe.blacklist=nouveau nouveau.modeset=0
OK: Zen continua presente como fallback.

== Preservando no máximo 2 backups de GRUB ==

== Gravando documentação operacional ==

== Resumo final ==
Log: /media/mochafast/MochaArch/ativo/relatorios/20260530-135419-finalizar-boot-cachyos-bore-lto-nvidia-grub-revisado.log
Documento: /media/mochafast/MochaArch/ativo/documentacao/20260530-135419-finalizar-boot-cachyos-bore-lto-nvidia-grub-revisado.md
Script salvo: /media/mochafast/MochaArch/ativo/scripts/20260530-135419-mocha-finalizar-boot-cachyos-bore-lto-nvidia-grub-revisado.sh

OK: se não apareceu ERRO acima, pode reiniciar.
Depois do reboot, rode:
  uname -r
  nvidia-smi
  pacman -Q linux-cachyos-bore-lto linux-cachyos-bore-lto-nvidia-open nvidia-utils lib32-nvidia-utils
