== MOCHAARCH — finalizar resume/hibernação no kernel Zen ==
Timestamp: 20260531-210301
Log: /media/mochafast/MochaArch/ativo/relatorios/20260531-210301-finalizar-resume-hibernacao-zen.log

== Sudo ==

== Auditoria antes da correção ==
-- Kernel atual:
Linux Mocha 7.0.10-zen1-1-zen #1 ZEN SMP PREEMPT_DYNAMIC Sat, 23 May 2026 14:45:01 +0000 x86_64 GNU/Linux

-- Linha de boot atual:
BOOT_IMAGE=/boot/vmlinuz-linux-zen root=UUID=2a8beb39-04e6-4520-a873-9134a2f73f53 rw quiet splash loglevel=3 nvidia_drm.modeset=1 nvidia_drm.fbdev=1 modprobe.blacklist=nouveau nouveau.modeset=0 resume=UUID=c55827ce-1ead-4561-84c9-435612a8862b

-- Swap ativa:
NAME           TYPE       SIZE USED  PRIO
/dev/zram0     partition 15,4G   0B 32767
/dev/nvme0n1p3 partition   17G   0B    -1

-- Blocos relevantes:
NAME        TYPE FSTYPE   SIZE UUID                                 PARTUUID                             MOUNTPOINTS
sda         disk        447,1G                                                                           
└─sda1      part btrfs  447,1G 88e6aa16-110c-4b97-9ffb-85084c000198 0106e9e4-b1ed-4cc2-bc33-ebe3c9830b71 /media/mochafast
sdb         disk          1,8T                                                                           
└─sdb1      part xfs      1,8T b81630a0-0756-45e4-9cb2-c7f16637a1c6 e77c2f51-01                          /media/vmstore
sdc         disk         55,9G                                                                           
├─sdc1      part exfat   55,9G 5D8D-2429                            dbf5b2d1-01                          
└─sdc2      part vfat      32M EA6C-95B2                            dbf5b2d1-02                          
zram0       disk swap    15,4G 3e695969-004b-4044-9b0d-ca0c91ea3c13                                      [SWAP]
nvme0n1     disk        931,5G                                                                           
├─nvme0n1p1 part vfat       2G CF08-8F54                            63e923ae-be1f-4e03-a19c-65219f94c339 /boot/efi
├─nvme0n1p2 part xfs    912,6G 2a8beb39-04e6-4520-a873-9134a2f73f53 3edff059-5f2c-4b1d-abb6-2a65602f5fa1 /
└─nvme0n1p3 part swap      17G c55827ce-1ead-4561-84c9-435612a8862b 7bda8111-d03e-41ab-a0b4-e084b7ad9e94 [SWAP]

-- Presets mkinitcpio existentes:
/etc/mkinitcpio.d/linux-cachyos-bore-lto.preset
/etc/mkinitcpio.d/linux.preset
/etc/mkinitcpio.d/linux-zen.preset

-- /sys/power atual:
/sys/power/resume: 259:3
/sys/power/resume_offset: 0

== Detectando swap física de hibernação ==
Swap física: /dev/nvme0n1p3
Resume: resume=UUID=c55827ce-1ead-4561-84c9-435612a8862b

== Backups ==
Backups em: /media/mochafast/MochaArch/ativo/relatorios/20260531-210301-backups-finalizar-resume-hibernacao-zen

== Garantindo resume em /etc/default/grub ==
-- Antes GRUB_CMDLINE_LINUX_DEFAULT:
quiet splash loglevel=3 nvidia_drm.modeset=1 nvidia_drm.fbdev=1 modprobe.blacklist=nouveau nouveau.modeset=0 resume=UUID=c55827ce-1ead-4561-84c9-435612a8862b
-- Depois GRUB_CMDLINE_LINUX_DEFAULT:
quiet splash loglevel=3 nvidia_drm.modeset=1 nvidia_drm.fbdev=1 modprobe.blacklist=nouveau nouveau.modeset=0 resume=UUID=c55827ce-1ead-4561-84c9-435612a8862b

== Garantindo hook resume no mkinitcpio.conf ==
-- Antes HOOKS:
HOOKS=(base udev autodetect microcode modconf block keyboard keymap consolefont resume filesystems)
-- Depois HOOKS:
HOOKS=(base udev autodetect microcode modconf block keyboard keymap consolefont resume filesystems)

== Regenerando somente initramfs do kernel atual Zen ==
Preset: linux-zen
==> Building image from preset: /etc/mkinitcpio.d/linux-zen.preset: 'default'
==> Using default configuration file: '/etc/mkinitcpio.conf'
  -> -k /boot/vmlinuz-linux-zen -g /boot/initramfs-linux-zen.img
==> Starting build: '7.0.10-zen1-1-zen'
  -> Running build hook: [base]
  -> Running build hook: [udev]
  -> Running build hook: [autodetect]
  -> Running build hook: [microcode]
  -> Running build hook: [modconf]
  -> Running build hook: [block]
  -> Running build hook: [keyboard]
  -> Running build hook: [keymap]
  -> Running build hook: [consolefont]
==> WARNING: consolefont: no font found in configuration
  -> Running build hook: [resume]
  -> Running build hook: [filesystems]
==> Generating module dependencies
==> Creating zstd-compressed initcpio image: '/boot/initramfs-linux-zen.img'
  -> Early uncompressed CPIO image generation successful
==> Initcpio image generation successful

== Regenerando GRUB ==
Gerando o arquivo de configuração do grub...
Imagem Linux encontrada: /boot/vmlinuz-linux-cachyos-bore-lto
Imagem initrd encontrada: /boot/intel-ucode.img /boot/amd-ucode.img /boot/initramfs-linux-cachyos-bore-lto.img
Imagem Linux encontrada: /boot/vmlinuz-linux-zen
Imagem initrd encontrada: /boot/intel-ucode.img /boot/amd-ucode.img /boot/initramfs-linux-zen.img
Aviso: Por favor, não use o título antigo 'Arch Linux, with Linux linux-zen' para o GRUB_DEFAULT, use 'Advanced options for Arch Linux>Arch Linux, with Linux linux-zen' (para versões antes da 2.00) ou 'gnulinux-advanced-2a8beb39-04e6-4520-a873-9134a2f73f53>gnulinux-linux-zen-advanced-2a8beb39-04e6-4520-a873-9134a2f73f53' (para a 2.00 ou posterior)
Imagem Linux encontrada: /boot/vmlinuz-linux
Imagem initrd encontrada: /boot/intel-ucode.img /boot/amd-ucode.img /boot/initramfs-linux.img
Aviso: os-prober não será executado para detectar outras partições de arranque.
Os sistemas nelas presentes não serão adicionados à configuração de arranque do GRUB.\Veja a documentação de GRUB_DISABLE_OS_PROBER.
A adicionar entrada de menu para UEFI Firmware Settings ...
concluído

== Verificação final ==
-- /etc/default/grub:
GRUB_CMDLINE_LINUX_DEFAULT="quiet splash loglevel=3 nvidia_drm.modeset=1 nvidia_drm.fbdev=1 modprobe.blacklist=nouveau nouveau.modeset=0 resume=UUID=c55827ce-1ead-4561-84c9-435612a8862b"
GRUB_CMDLINE_LINUX=""

-- /etc/mkinitcpio.conf:
HOOKS=(base udev autodetect microcode modconf block keyboard keymap consolefont resume filesystems)

-- Entrada GRUB Zen com resume:
grep: /boot/grub/grub.cfg: Permissão negada

== Concluído ==
Documento: /media/mochafast/MochaArch/ativo/documentacao/20260531-210301-finalizar-resume-hibernacao-zen.md
Log: /media/mochafast/MochaArch/ativo/relatorios/20260531-210301-finalizar-resume-hibernacao-zen.log

Agora reinicie. Depois valide o boot e teste:
systemctl hibernate
