== MOCHAARCH — correção segura de input perdido em jogos após Alt+Tab ==
Timestamp: 20260602-113238
Sessão: wayland
Usuário: hal
Log: /media/mochafast/MochaArch/ativo/relatorios/20260602-113238-mocha-kde-input-alt-tab-jogos.log

[1/7] Conferindo sessão KDE/Wayland e ferramentas...
plasmashell 6.6.5
Failed to gain real time thread priority (See CAP_SYS_NICE in the capabilities(7) man page). error: Operation not permitted
kwin 6.6.5

[2/7] Auditando configuração atual de foco do KWin...
Arquivo encontrado: /home/hal/.config/kwinrc

--- Grupo [Windows] atual, se existir ---
--- fim do grupo [Windows] atual ---

[3/7] Criando backup antes de alterar...
Backup criado em: /media/mochafast/MochaArch/ativo/relatorios/20260602-113238-kwinrc-backup-antes-input-alt-tab

[4/7] Aplicando ajuste mínimo de foco para jogos...
Ajustes:
  FocusPolicy=ClickToFocus
  FocusStealingPreventionLevel=0
  NextFocusPrefersMouse=false
  AutoRaise=false
  DelayFocusInterval=0

[5/7] Recarregando KWin sem trocar para X11 e sem reiniciar sessão...
KWin recarregado com sucesso.

[6/7] Validando valores gravados...
FocusPolicy=ClickToFocus
FocusStealingPreventionLevel=0
NextFocusPrefersMouse=false
AutoRaise=false
DelayFocusInterval=0

[7/7] Registrando documentação operacional...
Documentação criada em: /media/mochafast/MochaArch/ativo/documentacao/20260602-113238-mocha-kde-input-alt-tab-jogos.md

== CONCLUÍDO ==
Agora teste Alt+Tab dentro do jogo.
Se o input ainda não voltar, o próximo passo é auditar regra de janela KWin/Steam/Proton por jogo, sem usar X11 e sem mexer em kernel/driver.
