== MOCHAARCH — atualização geral sem kernel/driver CachyOS ==
Timestamp: 20260602-103528
Base operacional: /media/mochafast/MochaArch/ativo
Log: /media/mochafast/MochaArch/ativo/relatorios/20260602-103528-atualizar-sistema-sem-kernel-driver-cachy-e-registrar-regras.log

== Estado antes da atualização ==
Kernel em uso:
7.0.10-2-cachyos

Pacotes de kernel/NVIDIA instalados que serão preservados se aparecerem:
lib32-nvidia-utils 610.43.02-1
lib32-opencl-nvidia 610.43.02-1
linux 7.0.10.arch1-1
linux-cachyos 7.0.10-2
linux-cachyos-headers 7.0.10-2
linux-cachyos-nvidia-open 7.0.10-2
linux-firmware-nvidia 20260519-1
linux-headers 7.0.10.arch1-1
nvidia-settings 610.43.02-1
nvidia-utils 610.43.02-3
opencl-nvidia 610.43.02-2

== Desativando repositórios CachyOS no pacman.conf, se existirem ==
Nenhuma alteração necessária: repositórios CachyOS já não estavam ativos diretamente em /etc/pacman.conf.

== Conferindo se ainda há repositório CachyOS ativo ==
OK: nenhum repositório CachyOS ativo segundo pacman-conf.

== Montando lista de pacotes congelados: kernel(s) e NVIDIA ==
Pacotes preservados nesta atualização:
  - lib32-nvidia-utils
  - lib32-opencl-nvidia
  - linux
  - linux-cachyos
  - linux-cachyos-headers
  - linux-cachyos-nvidia-open
  - linux-firmware-nvidia
  - linux-headers
  - nvidia-settings
  - nvidia-utils
  - opencl-nvidia

== Atualizando sistema pelos repositórios ativos do Arch, sem kernel/NVIDIA ==
Comando efetivo: pacman -Syu --needed --noconfirm + ignores dinâmicos
:: Sincronizando a base de dados de pacotes...
 core sendo baixado...
 extra sendo baixado...
 multilib sendo baixado...
:: Iniciando atualização completa do sistema...
atenção: lib32-mesa: local (2:26.1.1-1) é mais novo que multilib (1:26.1.1-1)
atenção: nvidia-utils: local (610.43.02-3) é mais novo que extra (610.43.02-2)
nada para fazer

== Estado depois da atualização ==
Kernel em uso:
7.0.10-2-cachyos

Pacotes preservados:
lib32-nvidia-utils 610.43.02-1
lib32-opencl-nvidia 610.43.02-1
linux 7.0.10.arch1-1
linux-cachyos 7.0.10-2
linux-cachyos-headers 7.0.10-2
linux-cachyos-nvidia-open 7.0.10-2
linux-firmware-nvidia 20260519-1
linux-headers 7.0.10.arch1-1
nvidia-settings 610.43.02-1
nvidia-utils 610.43.02-3
opencl-nvidia 610.43.02-2

Pacotes ainda com atualização pendente nos repositórios ativos, se houver:

== Registrando regras no manual operacional ==
Regra registrada: Regra inviolável — comando completo sempre depois das explicações
Regra registrada: Regra operacional — atualização geral sem kernel e driver CachyOS

Manual usado: /media/mochafast/MochaArch/ativo/documentacao/20260529-154304-MANUAL-UNICO-VIVO-MONTAGEM-MOCHA-ARCH-KDE.md

Trecho final do manual:
- CachyOS Bore;
- CachyOS Bore LTO;
- CachyOS EEVDF LTO;
- outros kernels especiais do CachyOS;
- kernels experimentais de terceiros.

Exceção somente com ordem explícita posterior.

## 5. Pacotes-alvo do kernel CachyOS

Quando o repositório CachyOS for usado apenas para trazer o kernel, o alvo deve ser o kernel comum:

- `linux-cachyos`;
- `linux-cachyos-headers`.

Não substituir isso por variantes Bore, LTO, EEVDF ou similares.

## 6. Ordem resumida da montagem inicial

1. Iniciar o Mocha.
2. Montar FAST e VMSTORE de forma persistente e visível no Dolphin.
3. Confirmar que `/media/mochafast` e `/media/vmstore` estão acessíveis.
4. Atualizar completamente o sistema.
5. Instalar o kernel comum do CachyOS.
6. Definir o kernel comum do CachyOS como padrão de boot.
7. Manter o kernel do Arch como alternativa.
8. Seguir o restante do manual de montagem.

<!-- FIM MOCHAARCH-FLUXO-INICIAL-FAST-VMSTORE-KERNEL-CACHY-CANONICO -->


## Regra inviolável — comando completo sempre depois das explicações

- Timestamp: 20260602-103528
- Regra: Em respostas técnicas do projeto Mocha/Arch/NixOS, quando houver explicações, o comando completo e revisado deve aparecer sempre depois das explicações, nunca antes e nunca fragmentado. O bloco final deve ser inteiro, executável, revisado, limpo e pronto para colar.

## Regra operacional — atualização geral sem kernel e driver CachyOS

- Timestamp: 20260602-103528
- Regra: Na montagem/manutenção do MochaArch, a atualização geral do sistema deve atualizar a base pelos repositórios normais do Arch, mantendo kernel CachyOS e driver NVIDIA/CachyOS fora da atualização. Repositórios CachyOS devem ser temporários para instalação/ajuste de kernel e driver, depois desativados novamente.

== Resultado final ==
Atualização geral concluída sem atualizar kernel/NVIDIA.
Repositórios CachyOS conferidos/desativados.
Regras registradas/verificadas no manual.
Log salvo em: /media/mochafast/MochaArch/ativo/relatorios/20260602-103528-atualizar-sistema-sem-kernel-driver-cachy-e-registrar-regras.log
