
[2/8] Registrando script usado

[3/8] Auditando pacotes disponíveis nos repositórios ativos
Pacotes encontrados:

[4/8] Instalando Vivaldi nativo e Plasma Browser Integration
Sem pacman -Syu aqui: não será feita atualização geral de sistema, kernel ou driver.
atenção: plasma-browser-integration-6.6.5-1 está atualizado -- ignorando
resolvendo dependências...
procurando pacotes conflitantes...

Pacotes (1) vivaldi-8.0.4033.35-1

Tamanho total download:   133,76 MiB
Tamanho total instalado:  437,69 MiB

:: Continuar a instalação? [S/n] 
:: Obtendo pacotes...
 vivaldi-8.0.4033.35-1-x86_64 sendo baixado...
verificando chaveiro...
verificando integridade de pacotes...
carregando arquivos do pacote...
verificando conflitos de arquivos...
verificando espaço em disco disponível...
:: Processando alterações do pacote...
instalando vivaldi...
Dependências opcionais para vivaldi
    vivaldi-ffmpeg-codecs: playback of proprietary video/audio
    org.freedesktop.secrets: better secret storage in gnome-keyring or kwallet [instalado]
    libnotify: native notifications [instalado]
    pipewire: WebRTC desktop sharing under Wayland [instalado]
    gtk3: gtk3 integration [instalado]
    gtk4: for use with --gtk-version=4 [instalado]
    qt5-base: qt5 integration [instalado]
    qt6-base: qt6 integration [instalado]
    upower: Battery Status API support [instalado]
:: Executando hooks pós-transação...
(1/3) Arming ConditionNeedsUpdate...
(2/3) Updating icon theme caches...
(3/3) Updating the desktop file MIME type cache...

[5/8] Validando executável nativo
Vivaldi nativo encontrado em: /usr/bin/vivaldi-stable
Desktop file nativo: vivaldi-stable.desktop

[6/8] Conferindo native host do Plasma Browser Integration
Native host Chromium/Vivaldi encontrado:
  /etc/chromium/native-messaging-hosts/org.kde.plasma.browser_integration.json

[7/8] Fechando Vivaldi e removendo somente o Flatpak, se existir
Detectado Vivaldi Flatpak no escopo do sistema.
Removendo Vivaldi Flatpak do sistema...


 1.	   	com.vivaldi.Vivaldi	stable	r


Desinstalando…
Desinstalação concluída.

[8/8] Ajustando navegador padrão e cache do KDE
/usr/bin/xdg-mime: linha 885: qtpaths: comando não encontrado
/usr/bin/xdg-mime: linha 885: qtpaths: comando não encontrado
/usr/bin/xdg-mime: linha 885: qtpaths: comando não encontrado
kbuildsycoca6 running...

==== CONCLUÍDO ====
Vivaldi nativo instalado/preservado.
Vivaldi Flatpak removido se estava instalado.

Abrir Vivaldi nativo:
  /usr/bin/vivaldi-stable

Log: /media/mochafast/MochaArch/ativo/relatorios/20260530-162055-instalar-vivaldi-nativo-remover-flatpak.log
Registro: /media/mochafast/MochaArch/ativo/documentacao/20260530-162055-vivaldi-nativo-plasma-browser-integration.md
Script salvo: /media/mochafast/MochaArch/ativo/scripts/20260530-162055-mocha-instalar-vivaldi-nativo-remover-flatpak.sh
