== MOCHAARCH — auditoria somente leitura da hibernação ==
Timestamp: 20260531-204225
Log: /media/mochafast/MochaArch/ativo/relatorios/20260531-204225-auditoria-hibernacao-mochaarch.log
Nada será editado.

Solicitando sudo uma vez para ler journal/dmesg/blkid quando necessário...

## Sistema
Kernel: 7.0.10-zen1-1-zen
Hostname: Mocha
Data: 2026-05-31T20:42:28-03:00

## Pacotes relevantes
systemd 260.2-2
mkinitcpio 41-4
grub 2:2.14-1
linux 7.0.10.arch1-1
linux-zen 7.0.10.zen1-1
linux-zen-headers 7.0.10.zen1-1
nvidia-open-dkms 610.43.02-2
nvidia-utils 610.43.02-2

## Estado de energia exposto pelo kernel
/sys/power/state: freeze mem disk
/sys/power/disk: [platform] shutdown reboot suspend test_resume
/sys/power/resume: 0:0
/sys/power/resume_offset: 0
/sys/power/image_size: 6576627712

## Linha de boot atual
BOOT_IMAGE=/boot/vmlinuz-linux-zen root=UUID=2a8beb39-04e6-4520-a873-9134a2f73f53 rw quiet splash loglevel=3 nvidia_drm.modeset=1 nvidia_drm.fbdev=1 modprobe.blacklist=nouveau nouveau.modeset=0

Parâmetros de resume detectados:

## Swap ativo
Filename				Type		Size		Used		Priority
/dev/zram0                              partition	16153596	0		32767
/dev/nvme0n1p3                          partition	17774484	0		-1

NAME           TYPE             SIZE USED  PRIO
/dev/zram0     partition 16541282304    0 32767
/dev/nvme0n1p3 partition 18201071616    0    -1

NAME       ALGORITHM DISKSIZE DATA COMPR TOTAL STREAMS MOUNTPOINT
/dev/zram0 zstd         15,4G   4K   64B   20K         [SWAP]

## Memória RAM e swap em bytes
RAM_total_bytes=16542236672
Swap_total_bytes=34742353920
Swap_em_disco_ativo_bytes=18201071616
Swap_zram_ativo_bytes=16541282304

## Blocos, UUIDs e montagem
NAME        KNAME     TYPE   SIZE FSTYPE FSVER LABEL     UUID                                 PARTUUID                             MOUNTPOINTS      MODEL
sda         sda       disk 447,1G                                                                                                                   KINGSTON SA400S37480G
└─sda1      sda1      part 447,1G btrfs        MOCHAFAST 88e6aa16-110c-4b97-9ffb-85084c000198 0106e9e4-b1ed-4cc2-bc33-ebe3c9830b71 /media/mochafast 
sdb         sdb       disk   1,8T                                                                                                                   WDC WD20PURZ-85GU6Y0
└─sdb1      sdb1      part   1,8T xfs          vmstore   b81630a0-0756-45e4-9cb2-c7f16637a1c6 e77c2f51-01                          /media/vmstore   
sdc         sdc       disk  55,9G                                                                                                                   KINGSTON SV300S37A60G
├─sdc1      sdc1      part  55,9G exfat  1.0   Ventoy    5D8D-2429                            dbf5b2d1-01                                           
└─sdc2      sdc2      part    32M vfat   FAT16 VTOYEFI   EA6C-95B2                            dbf5b2d1-02                                           
zram0       zram0     disk  15,4G swap   1     zram0     2fea3db5-655a-4345-8acf-346ae953a05c                                      [SWAP]           
nvme0n1     nvme0n1   disk 931,5G                                                                                                                   KINGSTON SNV2S1000G
├─nvme0n1p1 nvme0n1p1 part     2G vfat   FAT32           CF08-8F54                            63e923ae-be1f-4e03-a19c-65219f94c339 /boot/efi        
├─nvme0n1p2 nvme0n1p2 part 912,6G xfs          Mocha     2a8beb39-04e6-4520-a873-9134a2f73f53 3edff059-5f2c-4b1d-abb6-2a65602f5fa1 /                
└─nvme0n1p3 nvme0n1p3 part    17G swap   1     swap      c55827ce-1ead-4561-84c9-435612a8862b 7bda8111-d03e-41ab-a0b4-e084b7ad9e94 [SWAP]           

/dev/nvme0n1p3: LABEL="swap" UUID="c55827ce-1ead-4561-84c9-435612a8862b" TYPE="swap" PARTUUID="7bda8111-d03e-41ab-a0b4-e084b7ad9e94"
/dev/nvme0n1p1: UUID="CF08-8F54" BLOCK_SIZE="512" TYPE="vfat" PARTLABEL="EFI" PARTUUID="63e923ae-be1f-4e03-a19c-65219f94c339"
/dev/nvme0n1p2: LABEL="Mocha" UUID="2a8beb39-04e6-4520-a873-9134a2f73f53" BLOCK_SIZE="512" TYPE="xfs" PARTUUID="3edff059-5f2c-4b1d-abb6-2a65602f5fa1"
/dev/sdb1: LABEL="vmstore" UUID="b81630a0-0756-45e4-9cb2-c7f16637a1c6" BLOCK_SIZE="4096" TYPE="xfs" PARTUUID="e77c2f51-01"
/dev/sdc2: SEC_TYPE="msdos" LABEL_FATBOOT="VTOYEFI" LABEL="VTOYEFI" UUID="EA6C-95B2" BLOCK_SIZE="512" TYPE="vfat" PARTUUID="dbf5b2d1-02"
/dev/sdc1: LABEL="Ventoy" UUID="5D8D-2429" BLOCK_SIZE="512" TYPE="exfat" PARTUUID="dbf5b2d1-01"
/dev/sda1: LABEL="MOCHAFAST" UUID="88e6aa16-110c-4b97-9ffb-85084c000198" UUID_SUB="a420a7de-942c-4e6a-8b26-90e2ad9f16c0" BLOCK_SIZE="4096" TYPE="btrfs" PARTLABEL="primary" PARTUUID="0106e9e4-b1ed-4cc2-bc33-ebe3c9830b71"
/dev/zram0: LABEL="zram0" UUID="2fea3db5-655a-4345-8acf-346ae953a05c" TYPE="swap"


## fstab sem comentários
UUID=CF08-8F54                            /boot/efi      vfat    defaults,umask=0077 0 2
UUID=2a8beb39-04e6-4520-a873-9134a2f73f53 /              xfs     defaults,noatime 0 1
tmpfs                                     /tmp           tmpfs   defaults,noatime,mode=1777 0 0
UUID=b81630a0-0756-45e4-9cb2-c7f16637a1c6	/media/vmstore	xfs	rw,noatime,nofail,x-systemd.device-timeout=10,x-gvfs-show,x-gvfs-name=VMSTORE,relatime,x-systemd.device-timeout=10s	0	0
UUID=88e6aa16-110c-4b97-9ffb-85084c000198 /media/mochafast btrfs rw,noatime,compress=zstd:3,nofail,x-systemd.automount,x-systemd.device-timeout=10,x-gvfs-show,x-gvfs-name=MochaFAST 0 0

## Configuração de boot: GRUB, systemd-boot e kernel cmdline
6:GRUB_CMDLINE_LINUX_DEFAULT="quiet splash loglevel=3 nvidia_drm.modeset=1 nvidia_drm.fbdev=1 modprobe.blacklist=nouveau nouveau.modeset=0"
7:GRUB_CMDLINE_LINUX=""


System:
      Firmware: n/a (n/a)
 Firmware Arch: x64
   Secure Boot: disabled
  TPM2 Support: yes
  Measured UKI: no
  Boot into FW: supported

Current Boot Loader:
       Product: GRUB 2.14
     Features: ✗ Boot counting
               ✗ Menu timeout control
               ✗ One-shot menu timeout control
               ✗ Default entry control
               ✗ One-shot entry control
               ✗ Support for XBOOTLDR partition
               ✗ Support for passing random seed to OS
               ✗ Load drop-in drivers
               ✗ Support Type #1 sort-key field
               ✗ Support @saved pseudo-entry
               ✗ Support Type #1 devicetree field
               ✗ Enroll SecureBoot keys
               ✗ Retain SHIM protocols
               ✗ Menu can be disabled
               ✗ Multi-Profile UKIs are supported
               ✗ Loader reports network boot URL
               ✗ Support Type #1 uki field
               ✗ Support Type #1 uki-url field
               ✗ Loader reports active TPM2 PCR banks
     Partition: /dev/disk/by-partuuid/63e923ae-be1f-4e03-a19c-65219f94c339
 Default Entry: 9fb12cce3c9f4d0faa59ef1767d38042-7.0.10-zen1-1-zen.conf

Random Seed:
 System Token: set
       Exists: Can't access /boot/efi/loader/random-seed (Permissão negada)

Available Boot Loaders on ESP:
          ESP: /boot/efi (/dev/disk/by-partuuid/63e923ae-be1f-4e03-a19c-65219f94c339)
         File: (can't access /boot/efi: Permissão negada)

Boot Loaders Listed in EFI Variables:
        Title: Arch
           ID: 0x0000
       Status: active, boot-order
    Partition: /dev/disk/by-partuuid/63e923ae-be1f-4e03-a19c-65219f94c339
         File: └─/boot/efi//EFI/ARCH/GRUBX64.EFI

        Title: UEFI OS
           ID: 0x0014
       Status: active, boot-order
    Partition: /dev/disk/by-partuuid/63e923ae-be1f-4e03-a19c-65219f94c339
         File: └─/boot/efi//EFI/BOOT/BOOTX64.EFI


## mkinitcpio: hooks e presets
/etc/mkinitcpio.conf:50:##   This will create a systemd based initramfs which loads an encrypted root filesystem.
/etc/mkinitcpio.conf:51:#    HOOKS=(base systemd autodetect microcode modconf kms keyboard sd-vconsole block sd-encrypt filesystems fsck)
/etc/mkinitcpio.conf:55:HOOKS=(base udev autodetect microcode modconf block keyboard keymap consolefont filesystems)
/etc/mkinitcpio.d/linux-cachyos-bore-lto.preset:13:#default_options="--splash /usr/share/systemd/bootctl/splash-arch.bmp"
/etc/mkinitcpio.d/linux.preset:13:#default_options="--splash /usr/share/systemd/bootctl/splash-arch.bmp"
/etc/mkinitcpio.d/linux-zen.preset:13:#default_options="--splash /usr/share/systemd/bootctl/splash-arch.bmp"

## Conteúdo dos initramfs relacionado a resume
Imagem: /boot/initramfs-linux-cachyos-bore-lto.img

Imagem: /boot/initramfs-linux.img

Imagem: /boot/initramfs-linux-zen.img


## systemd sleep/logind efetivo
# /etc/systemd/sleep.conf
#  This file is part of systemd.
#
#  systemd is free software; you can redistribute it and/or modify it under the
#  terms of the GNU Lesser General Public License as published by the Free
#  Software Foundation; either version 2.1 of the License, or (at your option)
#  any later version.
#
# Entries in this file show the compile time defaults. Local configuration
# should be created by either modifying this file (or a copy of it placed in
# /etc/ if the original file is shipped in /usr/), or by creating "drop-ins" in
# the /etc/systemd/sleep.conf.d/ directory. The latter is generally
# recommended. Defaults can be restored by simply deleting the main
# configuration file and all drop-ins located in /etc/.
#
# Use 'systemd-analyze cat-config systemd/sleep.conf' to display the full config.
#
# See systemd-sleep.conf(5) for details.

[Sleep]
#AllowSuspend=yes
#AllowHibernation=yes
#AllowSuspendThenHibernate=yes
#AllowHybridSleep=yes
#SuspendState=mem standby freeze
#HibernateMode=platform shutdown
#MemorySleepMode=
#HibernateDelaySec=
#HibernateOnACPower=yes
#SuspendEstimationSec=60min

# /etc/systemd/logind.conf
#  This file is part of systemd.
#
#  systemd is free software; you can redistribute it and/or modify it under the
#  terms of the GNU Lesser General Public License as published by the Free
#  Software Foundation; either version 2.1 of the License, or (at your option)
#  any later version.
#
# Entries in this file show the compile time defaults. Local configuration
# should be created by either modifying this file (or a copy of it placed in
# /etc/ if the original file is shipped in /usr/), or by creating "drop-ins" in
# the /etc/systemd/logind.conf.d/ directory. The latter is generally
# recommended. Defaults can be restored by simply deleting the main
# configuration file and all drop-ins located in /etc/.
#
# Use 'systemd-analyze cat-config systemd/logind.conf' to display the full config.
#
# See logind.conf(5) for details.

[Login]
#NAutoVTs=6
#ReserveVT=6
#KillUserProcesses=no
#KillOnlyUsers=
#KillExcludeUsers=root
#InhibitDelayMaxSec=5
#UserStopDelaySec=10
#SleepOperation=suspend-then-hibernate suspend
#HandlePowerKey=poweroff
#HandlePowerKeyLongPress=ignore
#HandleRebootKey=reboot
#HandleRebootKeyLongPress=poweroff
#HandleSuspendKey=suspend
#HandleSuspendKeyLongPress=hibernate
#HandleHibernateKey=hibernate
#HandleHibernateKeyLongPress=ignore
#HandleLidSwitch=suspend
#HandleLidSwitchExternalPower=suspend
#HandleLidSwitchDocked=ignore
#HandleSecureAttentionKey=secure-attention-key
#PowerKeyIgnoreInhibited=no
#SuspendKeyIgnoreInhibited=no
#HibernateKeyIgnoreInhibited=no
#LidSwitchIgnoreInhibited=yes
#RebootKeyIgnoreInhibited=no
#HoldoffTimeoutSec=30s
#IdleAction=ignore
#IdleActionSec=30min
#RuntimeDirectorySize=10%
#RuntimeDirectoryInodesMax=
#RemoveIPC=yes
#InhibitorsMax=8192
#SessionsMax=8192
#StopIdleSessionSec=infinity
#DesignatedMaintenanceTime=
#WallMessages=yes

## Unidades systemd relacionadas a hibernação
  UNIT                             LOAD   ACTIVE   SUB    DESCRIPTION
  systemd-hibernate-clear.service  loaded active   exited Clear Stale Hibernate Storage Info
  systemd-hibernate-resume.service loaded inactive dead   Resume from hibernation

Legend: LOAD   → Reflects whether the unit definition was properly loaded.
        ACTIVE → The high-level unit activation state, i.e. generalization of SUB.
        SUB    → The low-level unit activation state, values depend on unit type.

2 loaded units listed.
To show all installed unit files use 'systemctl list-unit-files'.

○ systemd-hibernate-resume.service - Resume from hibernation
     Loaded: loaded (/usr/lib/systemd/system/systemd-hibernate-resume.service; static)
     Active: inactive (dead)
       Docs: man:systemd-hibernate-resume.service(8)

● systemd-hibernate-clear.service - Clear Stale Hibernate Storage Info
     Loaded: loaded (/usr/lib/systemd/system/systemd-hibernate-clear.service; static)
     Active: active (exited) since Sun 2026-05-31 20:38:47 -03; 3min 41s ago
 Invocation: 4e535c08dbb04c60b68cf24577409b9d
       Docs: man:systemd-hibernate-clear.service(8)
    Process: 387 ExecStart=/usr/lib/systemd/systemd-hibernate-resume --clear (code=exited, status=0/SUCCESS)
   Main PID: 387 (code=exited, status=0/SUCCESS)
   Mem peak: 2.7M
        CPU: 6ms

Notice: journal has been rotated since unit was started, output may be incomplete.

○ systemd-hibernate.service - System Hibernate
     Loaded: loaded (/usr/lib/systemd/system/systemd-hibernate.service; static)
    Drop-In: /usr/lib/systemd/system/systemd-hibernate.service.d
             └─10-nvidia-no-freeze-session.conf
     Active: inactive (dead)
       Docs: man:systemd-hibernate.service(8)

○ systemd-suspend-then-hibernate.service - System Suspend then Hibernate
     Loaded: loaded (/usr/lib/systemd/system/systemd-suspend-then-hibernate.service; static)
    Drop-In: /usr/lib/systemd/system/systemd-suspend-then-hibernate.service.d
             └─10-nvidia-no-freeze-session.conf
     Active: inactive (dead)
       Docs: man:systemd-suspend-then-hibernate.service(8)

## Inibidores ativos
WHO                  UID  USER PID  COMM            WHAT                                                                       WHY                                                             MODE
NetworkManager       0    root 788  NetworkManager  sleep                                                                      NetworkManager needs to turn off networks                       delay
Realtime Kit         0    root 951  rtkit-daemon    sleep                                                                      Demote realtime scheduling and stop canary.                     delay
UPower               0    root 993  upowerd         sleep                                                                      Pause device polling                                            delay
Bloqueador de sessão 1000 hal  1111 kwin_wayland    sleep                                                                      Garantir que a tela fique bloqueada após o retorno da suspensão delay
PowerDevil           1000 hal  1355 org_kde_powerde handle-power-key:handle-suspend-key:handle-hibernate-key:handle-lid-switch KDE handles power events                                        block

5 inhibitors listed.

## Journal do boot atual: hibernate/resume/swap
mai 31 20:42:28 Mocha sudo[2655]:      hal : TTY=pts/1 ; PWD=/home/hal ; USER=root ; COMMAND=/usr/bin/journalctl -b --no-pager -g 'hibernate|hibernation|suspend|resume|swap|PM:|Freezing|image|sleep|not enough|No available method' -n 300
mai 31 20:39:13 Mocha vivaldi-stable[1775]: [1767:1767:0531/203913.838265:ERROR:chromium/ui/ozone/platform/wayland/host/wayland_wp_color_management_surface.cc:64] Failed to get image description for color space.
mai 31 20:39:13 Mocha vivaldi-stable[1775]: [1767:1767:0531/203913.838261:ERROR:chromium/ui/ozone/platform/wayland/host/wayland_wp_color_manager.cc:195] Failed to populate image description for color space {primaries:BT709, transfer:SRGB, matrix:RGB, range:FULL}
mai 31 20:39:13 Mocha vivaldi-stable[1775]: [1767:1767:0531/203913.838256:ERROR:chromium/ui/ozone/platform/wayland/host/wayland_wp_color_manager.cc:277] Unable to set image transfer function.
mai 31 20:39:13 Mocha vivaldi-stable[1775]: [1767:1767:0531/203913.837929:ERROR:chromium/ui/ozone/platform/wayland/host/wayland_wp_color_manager.cc:195] Failed to populate image description for color space {primaries:BT709, transfer:SRGB, matrix:RGB, range:FULL}
mai 31 20:39:13 Mocha vivaldi-stable[1775]: [1767:1767:0531/203913.837911:ERROR:chromium/ui/ozone/platform/wayland/host/wayland_wp_color_manager.cc:277] Unable to set image transfer function.
mai 31 20:39:05 Mocha org_kde_powerdevil[1355]: [  1355][  4.626764] Extra x37 sleep: Sleeping for 2000 milliseconds
mai 31 20:39:03 Mocha org_kde_powerdevil[1355]: [  1355][  2.623559] Extra x37 sleep: Sleeping for 2000 milliseconds
mai 31 20:39:01 Mocha org_kde_powerdevil[1355]: [  1355][  0.622243] Extra x37 sleep: Sleeping for 2000 milliseconds
mai 31 20:39:00 Mocha org_kde_powerdevil[1355]: [  1355][  0.111583] (ldbus_pause_if_recent_return_from_sleep)Pausing for 491
mai 31 20:39:00 Mocha org_kde_powerdevil[1355]: (ddci_init                     ) Calling ldbus_start_sleep_watch_thread...
mai 31 20:38:52 Mocha rtkit-daemon[951]: Handling system-suspend using logind.
mai 31 20:38:50 Mocha systemd[1]: Activated swap Swap Partition.
mai 31 20:38:50 Mocha kernel: Adding 17774484k swap on /dev/nvme0n1p3.  Priority:-1 extents:1 across:17774484k SS
mai 31 20:38:50 Mocha swapon[668]: swapon: /dev/nvme0n1p3: dados de suspensão de software detectado. Reescrevendo a assinatura da swap.
mai 31 20:38:50 Mocha systemd[1]: Activating swap Swap Partition...
mai 31 20:38:48 Mocha kernel: asus_wmi: failed to register LPS0 sleep handler in asus-wmi
mai 31 20:38:48 Mocha systemd[1]: Activated swap Compressed Swap on /dev/zram0.
mai 31 20:38:48 Mocha systemd[1]: Found device KINGSTON SNV2S1000G swap.
mai 31 20:38:48 Mocha kernel: Adding 16153596k swap on /dev/zram0.  Priority:32767 extents:1 across:16153596k SSDsc
mai 31 20:38:48 Mocha systemd[1]: Activating swap Compressed Swap on /dev/zram0...
mai 31 20:38:48 Mocha systemd[1]: Finished Create swap on /dev/zram0.
mai 31 20:38:48 Mocha systemd-makefs[522]: /dev/zram0 successfully formatted as swap (label "zram0", uuid 2fea3db5-655a-4345-8acf-346ae953a05c)
mai 31 20:38:48 Mocha systemd-makefs[522]: Formatting /dev/zram0 as swap
mai 31 20:38:48 Mocha systemd[1]: Starting Create swap on /dev/zram0...
mai 31 20:38:47 Mocha systemd-hibernate-resume[387]: Reported hibernation image: ID=arch kernel=7.0.10-zen1-1-zen UUID=c55827ce-1ead-4561-84c9-435612a8862b offset=0
mai 31 20:38:47 Mocha kernel: Freeing unused kernel image (rodata/data gap) memory: 1856K
mai 31 20:38:47 Mocha kernel: Freeing unused kernel image (text/rodata gap) memory: 1560K
mai 31 20:38:47 Mocha kernel: Freeing unused kernel image (initmem) memory: 4972K
mai 31 20:38:47 Mocha kernel: PM: genpd: Disabling unused power domains
mai 31 20:38:47 Mocha kernel: PM:   Magic number: 10:347:657
mai 31 20:38:47 Mocha kernel: zswap: loaded using pool zstd
mai 31 20:38:47 Mocha kernel: Trying to unpack rootfs image as initramfs...
mai 31 20:38:47 Mocha kernel: ACPI: PM: (supports S0 S3 S4 S5)
mai 31 20:38:47 Mocha kernel: PM: RTC time: 23:38:43, date: 2026-05-31
mai 31 20:38:47 Mocha kernel: ACPI: PM: Registering ACPI NVS region [mem 0xc4425000-0xc5bd1fff] (24825856 bytes)
mai 31 20:38:47 Mocha kernel: ACPI: PM: Registering ACPI NVS region [mem 0x0a200000-0x0a20cfff] (53248 bytes)
mai 31 20:38:47 Mocha kernel: Spectre V1 : Mitigation: usercopy/swapgs barriers and __user pointer sanitization
mai 31 20:38:47 Mocha kernel: PM: hibernation: Registered nosave memory: [mem 0xc8000000-0xffffffff]
mai 31 20:38:47 Mocha kernel: PM: hibernation: Registered nosave memory: [mem 0xc3f4a000-0xc6bfefff]
mai 31 20:38:47 Mocha kernel: PM: hibernation: Registered nosave memory: [mem 0xc0a84000-0xc0a84fff]
mai 31 20:38:47 Mocha kernel: PM: hibernation: Registered nosave memory: [mem 0xbf454000-0xbf547fff]
mai 31 20:38:47 Mocha kernel: PM: hibernation: Registered nosave memory: [mem 0xbe482000-0xbe482fff]
mai 31 20:38:47 Mocha kernel: PM: hibernation: Registered nosave memory: [mem 0x0b000000-0x0b01ffff]
mai 31 20:38:47 Mocha kernel: PM: hibernation: Registered nosave memory: [mem 0x0a200000-0x0a20cfff]
mai 31 20:38:47 Mocha kernel: PM: hibernation: Registered nosave memory: [mem 0x09d1f000-0x09ffffff]
mai 31 20:38:47 Mocha kernel: PM: hibernation: Registered nosave memory: [mem 0x000a0000-0x000fffff]
mai 31 20:38:47 Mocha kernel: PM: hibernation: Registered nosave memory: [mem 0x00000000-0x00000fff]

## Journal do boot anterior: hibernate/resume/swap
mai 31 18:18:36 Mocha org_kde_powerdevil[1345]: [ 15849][14733.515352] open() EACCES failure, recently resumed from sleep: false
mai 31 18:18:36 Mocha org_kde_powerdevil[1345]: [ 15849]    recently_returned_from_sleep() returned true
mai 31 18:18:36 Mocha org_kde_powerdevil[1345]: [ 15849]    Time since last resume from sleep: 1567.511 seconds = 1567512 millisec (1567511807655nanosec)
mai 31 18:18:36 Mocha org_kde_powerdevil[1345]: [ 15849][14733.342367] (recently_resumed_from_sleep_by_clocktime) Called within 5 sec of reset
mai 31 18:18:36 Mocha org_kde_powerdevil[1345]: [ 15849][14733.240428] open() EACCES failure, recently resumed from sleep: false
mai 31 18:18:36 Mocha org_kde_powerdevil[1345]: [ 15849]    recently_returned_from_sleep() returned true
mai 31 18:18:36 Mocha org_kde_powerdevil[1345]: [ 15849]    Time since last resume from sleep: 1567.226 seconds = 1567226 millisec (1567226308714nanosec)
mai 31 18:18:36 Mocha org_kde_powerdevil[1345]: [ 15849][14733.056868] (recently_resumed_from_sleep_by_clocktime) Called within 5 sec of reset
mai 31 18:18:36 Mocha org_kde_powerdevil[1345]: [ 15849][14732.954823] open() EACCES failure, recently resumed from sleep: false
mai 31 18:18:36 Mocha org_kde_powerdevil[1345]: [ 15849]    recently_returned_from_sleep() returned true
mai 31 18:18:36 Mocha org_kde_powerdevil[1345]: [ 15849]    Time since last resume from sleep: 1566.943 seconds = 1566943 millisec (1566943056159nanosec)
mai 31 18:18:35 Mocha org_kde_powerdevil[1345]: [ 15849][14732.773616] (recently_resumed_from_sleep_by_clocktime) Called within 5 sec of reset
mai 31 18:18:35 Mocha org_kde_powerdevil[1345]: [ 15849][14732.671676] open() EACCES failure, recently resumed from sleep: false
mai 31 18:18:35 Mocha org_kde_powerdevil[1345]: [ 15849]    recently_returned_from_sleep() returned true
mai 31 18:18:35 Mocha org_kde_powerdevil[1345]: [ 15849]    Time since last resume from sleep: 1566.650 seconds = 1566651 millisec (1566650691117nanosec)
mai 31 18:18:35 Mocha org_kde_powerdevil[1345]: [ 15849][14732.481251] (recently_resumed_from_sleep_by_clocktime) Resume from sleep detected by BOOTTIME/MONOTONIC
mai 31 18:18:35 Mocha org_kde_powerdevil[1345]: [ 15849][14732.473368] (dw_watch_display_connections) Time since last return from sleep = 1566642808724 ns = 1566643 ms
mai 31 18:18:35 Mocha kernel: PM: hibernation: hibernation entry
mai 31 18:18:35 Mocha systemd-sleep[19791]: Performing sleep operation 'hibernate'...
mai 31 18:18:35 Mocha kernel: PM: Image not found (code -16)
mai 31 18:18:35 Mocha systemd-sleep[19791]: in suspend-then-hibernate operations or setups with encrypted home directories.
mai 31 18:18:35 Mocha NetworkManager[785]: <info>  [1780262315.2838] device (enp4s0): state change: deactivating -> disconnected (reason 'sleeping', managed-type: 'full')
mai 31 18:18:35 Mocha kwin_wayland[1106]: Failed to delay sleep: The operation inhibition has been requested for is already running
mai 31 18:18:35 Mocha NetworkManager[785]: <info>  [1780262315.2536] device (enp4s0): state change: activated -> deactivating (reason 'sleeping', managed-type: 'full')
mai 31 18:18:35 Mocha NetworkManager[785]: <info>  [1780262315.2533] manager: sleep: sleep requested (sleeping: no  enabled: yes)
mai 31 18:18:35 Mocha systemd-logind[791]: The system will hibernate now!
mai 31 17:52:39 Mocha org_kde_powerdevil[1345]: [  1345][13176.648049] Extra x37 sleep: Sleeping for 2000 milliseconds
mai 31 17:52:37 Mocha org_kde_powerdevil[1345]: [  1345][13174.644690] Extra x37 sleep: Sleeping for 2000 milliseconds
mai 31 17:52:35 Mocha org_kde_powerdevil[1345]: [  1345][13172.643073] Extra x37 sleep: Sleeping for 2000 milliseconds
mai 31 17:52:33 Mocha org_kde_powerdevil[1345]: [  1688][13170.601132] Extra x37 sleep: Sleeping for 2000 milliseconds
mai 31 17:52:31 Mocha org_kde_powerdevil[1345]: [  1688][13168.599508] Extra x37 sleep: Sleeping for 2000 milliseconds
mai 31 17:52:29 Mocha org_kde_powerdevil[1345]: [  1688][13166.597880] Extra x37 sleep: Sleeping for 2000 milliseconds
mai 31 17:52:29 Mocha org_kde_powerdevil[1345]: [  1688][13166.096864] (ldbus_pause_if_recent_return_from_sleep)Pausing for 234
mai 31 17:52:29 Mocha NetworkManager[785]: <info>  [1780260749.0146] manager: sleep: wake requested (sleeping: yes  enabled: yes)
mai 31 17:52:29 Mocha org_kde_powerdevil[1345]: [  1395][13165.830563] (ldbus_handle_message)Received dbus signal PrepareForSleep(false=resume)
mai 31 17:52:29 Mocha systemd-logind[791]: Operation 'suspend' finished.
mai 31 17:52:29 Mocha systemd[1]: systemd-suspend.service: Consumed 3.302s CPU time over 6.220s wall clock time, 1007.7M memory peak.
mai 31 17:52:29 Mocha systemd[1]: systemd-suspend.service: Deactivated successfully.
mai 31 17:52:29 Mocha systemd-sleep[15600]: System returned from sleep operation 'suspend'.
mai 31 17:52:28 Mocha kernel: PM: suspend exit
mai 31 17:52:28 Mocha bluetoothd[788]: Controller resume with wake event 0x0
mai 31 17:52:28 Mocha org_kde_powerdevil[1345]: [  1688][13164.838861] (dw_watch_display_connections) Recently resumed from sleep detected
mai 31 17:52:28 Mocha org_kde_powerdevil[1345]: [  1688][13164.838857] (recently_resumed_from_sleep_by_clocktime) Resume from sleep detected by BOOTTIME/MONOTONIC
mai 31 17:52:28 Mocha org_kde_powerdevil[1345]: [  1688][13164.838853] (dw_watch_display_connections) Time since last return from sleep = 13164748509602 ns = 13164749 ms
mai 31 17:52:27 Mocha org_kde_powerdevil[1345]: [  1688][13164.736987] open() EACCES failure, recently resumed from sleep: false
mai 31 17:52:27 Mocha org_kde_powerdevil[1345]: [  1688]    recently_returned_from_sleep() returned true
mai 31 17:52:27 Mocha org_kde_powerdevil[1345]: [  1688]    Time since last resume from sleep: 9616.684 seconds = 9616685 millisec (9616684693216nanosec)
mai 31 17:52:27 Mocha kernel: xhci_hcd 0000:02:00.0: xHC error in resume, USBSTS 0x401, Reinit
mai 31 17:52:27 Mocha kernel: ACPI: PM: Waking up from system sleep state S3
mai 31 17:52:27 Mocha kernel: ACPI: PM: Restoring platform NVS memory
mai 31 17:52:27 Mocha kernel: ACPI: PM: Low-level resume complete
mai 31 17:52:27 Mocha kernel: ACPI: PM: Saving platform NVS memory
mai 31 17:52:27 Mocha kernel: ACPI: PM: Preparing to enter system sleep state S3
mai 31 17:52:27 Mocha kernel: printk: Suspending console(s) (use no_console_suspend to debug)
mai 31 17:52:27 Mocha kernel: Freezing remaining freezable tasks completed (elapsed 0.001 seconds)
mai 31 17:52:27 Mocha kernel: Freezing remaining freezable tasks
mai 31 17:52:27 Mocha kernel: Freezing user space processes completed (elapsed 0.001 seconds)
mai 31 17:52:27 Mocha kernel: Freezing user space processes
mai 31 16:53:19 Mocha org_kde_powerdevil[1345]: [  1688][9616.775037] (recently_resumed_from_sleep_by_clocktime) Called within 5 sec of reset
mai 31 16:53:19 Mocha org_kde_powerdevil[1345]: [  1688][9616.673120] open() EACCES failure, recently resumed from sleep: false
mai 31 16:53:19 Mocha org_kde_powerdevil[1345]: [  1688]    recently_returned_from_sleep() returned true
mai 31 16:53:19 Mocha org_kde_powerdevil[1345]: [  1688]    Time since last resume from sleep: 9616.410 seconds = 9616410 millisec (9616410228880nanosec)
mai 31 16:53:19 Mocha org_kde_powerdevil[1345]: [  1688][9616.500573] (recently_resumed_from_sleep_by_clocktime) Called within 5 sec of reset
mai 31 16:53:19 Mocha org_kde_powerdevil[1345]: [  1688][9616.398522] open() EACCES failure, recently resumed from sleep: false
mai 31 16:53:19 Mocha org_kde_powerdevil[1345]: [  1688]    recently_returned_from_sleep() returned true
mai 31 16:53:19 Mocha org_kde_powerdevil[1345]: [  1688]    Time since last resume from sleep: 9616.134 seconds = 9616135 millisec (9616134950929nanosec)
mai 31 16:53:19 Mocha org_kde_powerdevil[1345]: [  1688][9616.225295] (recently_resumed_from_sleep_by_clocktime) Resume from sleep detected by BOOTTIME/MONOTONIC
mai 31 16:53:19 Mocha org_kde_powerdevil[1345]: [  1688][9616.123271] open() EACCES failure, recently resumed from sleep: false
mai 31 16:53:19 Mocha org_kde_powerdevil[1345]: [  1688]    recently_returned_from_sleep() returned false
mai 31 16:53:19 Mocha org_kde_powerdevil[1345]: [  1688]    Time since last resume from sleep: 9615.859 seconds = 9615860 millisec (9615859767189nanosec)
mai 31 16:53:18 Mocha org_kde_powerdevil[1345]: [  1688][9615.744092] open() EACCES failure, recently resumed from sleep: false
mai 31 16:53:18 Mocha org_kde_powerdevil[1345]: [  1688]    recently_returned_from_sleep() returned false
mai 31 16:53:18 Mocha org_kde_powerdevil[1345]: [  1688]    Time since last resume from sleep: 9615.477 seconds = 9615477 millisec (9615477348610nanosec)
mai 31 16:53:18 Mocha org_kde_powerdevil[1345]: [  1688][9615.465599] open() EACCES failure, recently resumed from sleep: false
mai 31 16:53:18 Mocha org_kde_powerdevil[1345]: [  1688]    recently_returned_from_sleep() returned false
mai 31 16:53:18 Mocha org_kde_powerdevil[1345]: [  1688]    Time since last resume from sleep: 9615.196 seconds = 9615196 millisec (9615196252744nanosec)
mai 31 16:53:18 Mocha org_kde_powerdevil[1345]: [  1688][9615.184507] open() EACCES failure, recently resumed from sleep: false
mai 31 16:53:18 Mocha org_kde_powerdevil[1345]: [  1688]    recently_returned_from_sleep() returned false
mai 31 16:53:18 Mocha org_kde_powerdevil[1345]: [  1688]    Time since last resume from sleep: 9614.914 seconds = 9614915 millisec (9614914916118nanosec)
mai 31 16:53:18 Mocha org_kde_powerdevil[1345]: [  1688][9614.903254] open() EACCES failure, recently resumed from sleep: false
mai 31 16:53:18 Mocha org_kde_powerdevil[1345]: [  1688]    recently_returned_from_sleep() returned false
mai 31 16:53:18 Mocha org_kde_powerdevil[1345]: [  1688]    Time since last resume from sleep: 9614.626 seconds = 9614626 millisec (9614626193379nanosec)
mai 31 16:53:17 Mocha org_kde_powerdevil[1345]: [  1688][9614.710918] (dw_watch_display_connections) Time since last return from sleep = 9614620574037 ns = 9614621 ms
mai 31 16:53:17 Mocha kernel: PM: suspend entry (deep)
mai 31 16:53:17 Mocha systemd-sleep[15600]: Performing sleep operation 'suspend'...
mai 31 16:53:17 Mocha systemd-sleep[15600]: in suspend-then-hibernate operations or setups with encrypted home directories.
mai 31 16:53:17 Mocha NetworkManager[785]: <info>  [1780257197.7940] device (enp4s0): state change: deactivating -> disconnected (reason 'sleeping', managed-type: 'full')
mai 31 16:53:17 Mocha NetworkManager[785]: <info>  [1780257197.7670] device (enp4s0): state change: activated -> deactivating (reason 'sleeping', managed-type: 'full')
mai 31 16:53:17 Mocha NetworkManager[785]: <info>  [1780257197.7668] manager: sleep: sleep requested (sleeping: no  enabled: yes)
mai 31 16:53:17 Mocha systemd-logind[791]: The system will suspend now!
mai 31 14:13:20 Mocha vivaldi-stable[2293]: [2285:2285:0531/141320.107021:ERROR:chromium/ui/ozone/platform/wayland/host/wayland_wp_color_management_surface.cc:64] Failed to get image description for color space.
mai 31 14:13:20 Mocha vivaldi-stable[2293]: [2285:2285:0531/141320.107008:ERROR:chromium/ui/ozone/platform/wayland/host/wayland_wp_color_manager.cc:195] Failed to populate image description for color space {primaries:BT709, transfer:SRGB, matrix:RGB, range:FULL}
mai 31 14:13:20 Mocha vivaldi-stable[2293]: [2285:2285:0531/141320.106982:ERROR:chromium/ui/ozone/platform/wayland/host/wayland_wp_color_manager.cc:277] Unable to set image transfer function.
mai 31 14:13:20 Mocha vivaldi-stable[2293]: [2285:2285:0531/141320.098261:ERROR:chromium/ui/ozone/platform/wayland/host/wayland_wp_color_manager.cc:195] Failed to populate image description for color space {primaries:BT709, transfer:SRGB, matrix:RGB, range:FULL}
mai 31 14:13:20 Mocha vivaldi-stable[2293]: [2285:2285:0531/141320.098249:ERROR:chromium/ui/ozone/platform/wayland/host/wayland_wp_color_manager.cc:277] Unable to set image transfer function.
mai 31 14:13:17 Mocha steam[1620]: Caching cursor image for , size 32x32, serial 3, cache size = 0
mai 31 14:13:07 Mocha org_kde_powerdevil[1345]: [  1345][  4.616278] Extra x37 sleep: Sleeping for 2000 milliseconds
mai 31 14:13:05 Mocha org_kde_powerdevil[1345]: [  1345][  2.613085] Extra x37 sleep: Sleeping for 2000 milliseconds
mai 31 14:13:03 Mocha org_kde_powerdevil[1345]: [  1345][  0.611698] Extra x37 sleep: Sleeping for 2000 milliseconds
mai 31 14:13:03 Mocha org_kde_powerdevil[1345]: [  1345][  0.099803] (ldbus_pause_if_recent_return_from_sleep)Pausing for 491
mai 31 14:13:03 Mocha org_kde_powerdevil[1345]: (ddci_init                     ) Calling ldbus_start_sleep_watch_thread...
mai 31 14:12:55 Mocha rtkit-daemon[947]: Handling system-suspend using logind.
mai 31 14:12:53 Mocha systemd[1]: Activated swap Swap Partition.
mai 31 14:12:53 Mocha kernel: Adding 17774484k swap on /dev/nvme0n1p3.  Priority:-1 extents:1 across:17774484k SS
mai 31 14:12:53 Mocha systemd[1]: Activating swap Swap Partition...
mai 31 14:12:51 Mocha kernel: asus_wmi: failed to register LPS0 sleep handler in asus-wmi
mai 31 14:12:51 Mocha systemd[1]: Activated swap Compressed Swap on /dev/zram0.
mai 31 14:12:51 Mocha kernel: Adding 16153596k swap on /dev/zram0.  Priority:32767 extents:1 across:16153596k SSDsc
mai 31 14:12:51 Mocha systemd[1]: Found device KINGSTON SNV2S1000G swap.
mai 31 14:12:51 Mocha systemd[1]: Activating swap Compressed Swap on /dev/zram0...
mai 31 14:12:51 Mocha systemd[1]: Finished Create swap on /dev/zram0.
mai 31 14:12:51 Mocha systemd-makefs[525]: /dev/zram0 successfully formatted as swap (label "zram0", uuid 5113a87e-e536-4183-8a26-0dc03ceb3031)
mai 31 14:12:51 Mocha systemd-makefs[525]: Formatting /dev/zram0 as swap
mai 31 14:12:51 Mocha systemd[1]: Starting Create swap on /dev/zram0...
mai 31 14:12:50 Mocha kernel: Freeing unused kernel image (rodata/data gap) memory: 1856K
mai 31 14:12:50 Mocha kernel: Freeing unused kernel image (text/rodata gap) memory: 1560K
mai 31 14:12:50 Mocha kernel: Freeing unused kernel image (initmem) memory: 4972K
mai 31 14:12:50 Mocha kernel: PM: genpd: Disabling unused power domains
mai 31 14:12:50 Mocha kernel: PM:   Magic number: 10:296:240
mai 31 14:12:50 Mocha kernel: zswap: loaded using pool zstd
mai 31 14:12:50 Mocha kernel: Trying to unpack rootfs image as initramfs...
mai 31 14:12:50 Mocha kernel: ACPI: PM: (supports S0 S3 S4 S5)
mai 31 14:12:50 Mocha kernel: PM: RTC time: 17:12:46, date: 2026-05-31
mai 31 14:12:50 Mocha kernel: ACPI: PM: Registering ACPI NVS region [mem 0xc4425000-0xc5bd1fff] (24825856 bytes)
mai 31 14:12:50 Mocha kernel: ACPI: PM: Registering ACPI NVS region [mem 0x0a200000-0x0a20cfff] (53248 bytes)
mai 31 14:12:50 Mocha kernel: Spectre V1 : Mitigation: usercopy/swapgs barriers and __user pointer sanitization
mai 31 14:12:50 Mocha kernel: PM: hibernation: Registered nosave memory: [mem 0xc8000000-0xffffffff]
mai 31 14:12:50 Mocha kernel: PM: hibernation: Registered nosave memory: [mem 0xc3f4a000-0xc6bfefff]
mai 31 14:12:50 Mocha kernel: PM: hibernation: Registered nosave memory: [mem 0xc0a84000-0xc0a84fff]
mai 31 14:12:50 Mocha kernel: PM: hibernation: Registered nosave memory: [mem 0xbf454000-0xbf547fff]
mai 31 14:12:50 Mocha kernel: PM: hibernation: Registered nosave memory: [mem 0xbe482000-0xbe482fff]
mai 31 14:12:50 Mocha kernel: PM: hibernation: Registered nosave memory: [mem 0x0b000000-0x0b01ffff]
mai 31 14:12:50 Mocha kernel: PM: hibernation: Registered nosave memory: [mem 0x0a200000-0x0a20cfff]
mai 31 14:12:50 Mocha kernel: PM: hibernation: Registered nosave memory: [mem 0x09d1f000-0x09ffffff]
mai 31 14:12:50 Mocha kernel: PM: hibernation: Registered nosave memory: [mem 0x000a0000-0x000fffff]
mai 31 14:12:50 Mocha kernel: PM: hibernation: Registered nosave memory: [mem 0x00000000-0x00000fff]

## dmesg atual relacionado
[dom mai 31 20:38:44 2026] Command line: BOOT_IMAGE=/boot/vmlinuz-linux-zen root=UUID=2a8beb39-04e6-4520-a873-9134a2f73f53 rw quiet splash loglevel=3 nvidia_drm.modeset=1 nvidia_drm.fbdev=1 modprobe.blacklist=nouveau nouveau.modeset=0
[dom mai 31 20:38:44 2026] PM: hibernation: Registered nosave memory: [mem 0x00000000-0x00000fff]
[dom mai 31 20:38:44 2026] PM: hibernation: Registered nosave memory: [mem 0x000a0000-0x000fffff]
[dom mai 31 20:38:44 2026] PM: hibernation: Registered nosave memory: [mem 0x09d1f000-0x09ffffff]
[dom mai 31 20:38:44 2026] PM: hibernation: Registered nosave memory: [mem 0x0a200000-0x0a20cfff]
[dom mai 31 20:38:44 2026] PM: hibernation: Registered nosave memory: [mem 0x0b000000-0x0b01ffff]
[dom mai 31 20:38:44 2026] PM: hibernation: Registered nosave memory: [mem 0xbe482000-0xbe482fff]
[dom mai 31 20:38:44 2026] PM: hibernation: Registered nosave memory: [mem 0xbf454000-0xbf547fff]
[dom mai 31 20:38:44 2026] PM: hibernation: Registered nosave memory: [mem 0xc0a84000-0xc0a84fff]
[dom mai 31 20:38:44 2026] PM: hibernation: Registered nosave memory: [mem 0xc3f4a000-0xc6bfefff]
[dom mai 31 20:38:44 2026] PM: hibernation: Registered nosave memory: [mem 0xc8000000-0xffffffff]
[dom mai 31 20:38:44 2026] Kernel command line: BOOT_IMAGE=/boot/vmlinuz-linux-zen root=UUID=2a8beb39-04e6-4520-a873-9134a2f73f53 rw quiet splash loglevel=3 nvidia_drm.modeset=1 nvidia_drm.fbdev=1 modprobe.blacklist=nouveau nouveau.modeset=0
[dom mai 31 20:38:44 2026] Spectre V1 : Mitigation: usercopy/swapgs barriers and __user pointer sanitization
[dom mai 31 20:38:44 2026] ACPI: PM: Registering ACPI NVS region [mem 0x0a200000-0x0a20cfff] (53248 bytes)
[dom mai 31 20:38:44 2026] ACPI: PM: Registering ACPI NVS region [mem 0xc4425000-0xc5bd1fff] (24825856 bytes)
[dom mai 31 20:38:44 2026] PM: RTC time: 23:38:43, date: 2026-05-31
[dom mai 31 20:38:44 2026] ACPI: PM: (supports S0 S3 S4 S5)
[dom mai 31 20:38:44 2026] clocksource: acpi_pm: mask: 0xffffff max_cycles: 0xffffff, max_idle_ns: 2085701024 ns
[dom mai 31 20:38:44 2026] Trying to unpack rootfs image as initramfs...
[dom mai 31 20:38:44 2026] zswap: loaded using pool zstd
[dom mai 31 20:38:44 2026] PM:   Magic number: 10:347:657
[dom mai 31 20:38:44 2026] PM: genpd: Disabling unused power domains
[dom mai 31 20:38:45 2026] Freeing unused kernel image (initmem) memory: 4972K
[dom mai 31 20:38:45 2026] Freeing unused kernel image (text/rodata gap) memory: 1560K
[dom mai 31 20:38:45 2026] Freeing unused kernel image (rodata/data gap) memory: 1856K
[dom mai 31 20:38:48 2026] systemd[1]: Reached target Image Downloads.
[dom mai 31 20:38:48 2026] systemd[1]: Starting Clear Stale Hibernate Storage Info...
[dom mai 31 20:38:48 2026] systemd[1]: Finished Clear Stale Hibernate Storage Info.
[dom mai 31 20:38:49 2026] Adding 16153596k swap on /dev/zram0.  Priority:32767 extents:1 across:16153596k SSDsc
[dom mai 31 20:38:51 2026] Adding 17774484k swap on /dev/nvme0n1p3.  Priority:-1 extents:1 across:17774484k SS

## Diagnóstico preliminar automático
ALERTA: não há parâmetro resume= na linha de boot atual. Pode impedir retomada da imagem, especialmente fora do fluxo EFI/systemd correto.
CAUSA PROVÁVEL: mkinitcpio não mostra hook systemd nem resume em HOOKS; o initramfs pode não estar preparado para retomar hibernação.
Base mínima parece existir. Verifique acima erros específicos do journal: 'not enough swap', 'No available method', 'Failed to parse resume', ou boot normal sem resume.

Log salvo em: /media/mochafast/MochaArch/ativo/relatorios/20260531-204225-auditoria-hibernacao-mochaarch.log
Cole aqui a seção 'Diagnóstico preliminar automático' e, se aparecer, as linhas com 'Call to Hibernate failed', 'not enough swap', 'No available method' ou 'Failed to parse resume'.
