== MOCHAARCH — auditoria real do resume/hibernação sem editar ==
Timestamp: 20260531-213819
Log: /media/mochafast/MochaArch/ativo/relatorios/20260531-213819-auditoria-real-resume-sem-editar.log

== Kernel e cmdline real ==
Linux Mocha 7.0.10-zen1-1-zen #1 ZEN SMP PREEMPT_DYNAMIC Sat, 23 May 2026 14:45:01 +0000 x86_64 GNU/Linux

BOOT_IMAGE=/boot/vmlinuz-linux-zen root=UUID=2a8beb39-04e6-4520-a873-9134a2f73f53 rw quiet splash loglevel=3 nvidia_drm.modeset=1 nvidia_drm.fbdev=1 modprobe.blacklist=nouveau nouveau.modeset=0 resume=UUID=c55827ce-1ead-4561-84c9-435612a8862b

== GRUB configurado ==
6:GRUB_CMDLINE_LINUX_DEFAULT="quiet splash loglevel=3 nvidia_drm.modeset=1 nvidia_drm.fbdev=1 modprobe.blacklist=nouveau nouveau.modeset=0 resume=UUID=c55827ce-1ead-4561-84c9-435612a8862b"
7:GRUB_CMDLINE_LINUX=""

== mkinitcpio ==
mkinitcpio "41"
7:MODULES=()
14:BINARIES=()
19:FILES=()
55:HOOKS=(base udev autodetect microcode modconf block keyboard keymap consolefont resume filesystems)

== vconsole / teclado ==
System Locale: LANG=pt_BR.UTF-8
    VC Keymap: br-abnt2
   X11 Layout: br
KEYMAP=br-abnt2

== swap ativa ==
swapon: a opção “--output-all” não permite um argumento
Tente "swapon --help" para mais informações.
NAME           TYPE       SIZE USED  PRIO
/dev/zram0     partition 15,4G   0B 32767
/dev/nvme0n1p3 partition   17G   0B    -1

== lsblk detalhado ==
NAME        PATH           TYPE FSTYPE FSVER LABEL     UUID                                 PARTUUID                               SIZE MOUNTPOINTS
sda         /dev/sda       disk                                                                                                  447,1G 
└─sda1      /dev/sda1      part btrfs        MOCHAFAST 88e6aa16-110c-4b97-9ffb-85084c000198 0106e9e4-b1ed-4cc2-bc33-ebe3c9830b71 447,1G /media/mochafast
sdb         /dev/sdb       disk                                                                                                    1,8T 
└─sdb1      /dev/sdb1      part xfs          vmstore   b81630a0-0756-45e4-9cb2-c7f16637a1c6 e77c2f51-01                            1,8T /media/vmstore
sdc         /dev/sdc       disk                                                                                                   55,9G 
├─sdc1      /dev/sdc1      part exfat  1.0   Ventoy    5D8D-2429                            dbf5b2d1-01                           55,9G 
└─sdc2      /dev/sdc2      part vfat   FAT16 VTOYEFI   EA6C-95B2                            dbf5b2d1-02                             32M 
zram0       /dev/zram0     disk swap   1     zram0     724c9fde-0dea-4f6d-8ea0-faf70e4e4584                                       15,4G [SWAP]
nvme0n1     /dev/nvme0n1   disk                                                                                                  931,5G 
├─nvme0n1p1 /dev/nvme0n1p1 part vfat   FAT32           CF08-8F54                            63e923ae-be1f-4e03-a19c-65219f94c339     2G /boot/efi
├─nvme0n1p2 /dev/nvme0n1p2 part xfs          Mocha     2a8beb39-04e6-4520-a873-9134a2f73f53 3edff059-5f2c-4b1d-abb6-2a65602f5fa1 912,6G /
└─nvme0n1p3 /dev/nvme0n1p3 part swap   1     swap      c55827ce-1ead-4561-84c9-435612a8862b 7bda8111-d03e-41ab-a0b4-e084b7ad9e94    17G [SWAP]

== blkid completo ==
/dev/nvme0n1p3: LABEL="swap" UUID="c55827ce-1ead-4561-84c9-435612a8862b" TYPE="swap" PARTUUID="7bda8111-d03e-41ab-a0b4-e084b7ad9e94"
/dev/nvme0n1p1: UUID="CF08-8F54" BLOCK_SIZE="512" TYPE="vfat" PARTLABEL="EFI" PARTUUID="63e923ae-be1f-4e03-a19c-65219f94c339"
/dev/nvme0n1p2: LABEL="Mocha" UUID="2a8beb39-04e6-4520-a873-9134a2f73f53" BLOCK_SIZE="512" TYPE="xfs" PARTUUID="3edff059-5f2c-4b1d-abb6-2a65602f5fa1"
/dev/sdb1: LABEL="vmstore" UUID="b81630a0-0756-45e4-9cb2-c7f16637a1c6" BLOCK_SIZE="4096" TYPE="xfs" PARTUUID="e77c2f51-01"
/dev/sdc2: SEC_TYPE="msdos" LABEL_FATBOOT="VTOYEFI" LABEL="VTOYEFI" UUID="EA6C-95B2" BLOCK_SIZE="512" TYPE="vfat" PARTUUID="dbf5b2d1-02"
/dev/sdc1: LABEL="Ventoy" UUID="5D8D-2429" BLOCK_SIZE="512" TYPE="exfat" PARTUUID="dbf5b2d1-01"
/dev/sda1: LABEL="MOCHAFAST" UUID="88e6aa16-110c-4b97-9ffb-85084c000198" UUID_SUB="a420a7de-942c-4e6a-8b26-90e2ad9f16c0" BLOCK_SIZE="4096" TYPE="btrfs" PARTLABEL="primary" PARTUUID="0106e9e4-b1ed-4cc2-bc33-ebe3c9830b71"
/dev/zram0: LABEL="zram0" UUID="724c9fde-0dea-4f6d-8ea0-faf70e4e4584" TYPE="swap"

== links /dev/disk/by-uuid ==
/dev/disk/by-uuid/2a8beb39-04e6-4520-a873-9134a2f73f53 -> /dev/nvme0n1p2
/dev/disk/by-uuid/5D8D-2429 -> /dev/sdc1
/dev/disk/by-uuid/724c9fde-0dea-4f6d-8ea0-faf70e4e4584 -> /dev/zram0
/dev/disk/by-uuid/88e6aa16-110c-4b97-9ffb-85084c000198 -> /dev/sda1
/dev/disk/by-uuid/b81630a0-0756-45e4-9cb2-c7f16637a1c6 -> /dev/sdb1
/dev/disk/by-uuid/c55827ce-1ead-4561-84c9-435612a8862b -> /dev/nvme0n1p3
/dev/disk/by-uuid/CF08-8F54 -> /dev/nvme0n1p1
/dev/disk/by-uuid/EA6C-95B2 -> /dev/sdc2

== resume atual resolvido ==
resume= encontrado: UUID
Formato de resume= não tratado: UUID

== efivars HibernateLocation ==
Sem HibernateLocation-* em efivars.

== systemd hibernate/resume units ==
○ systemd-hibernate-resume.service - Resume from hibernation
     Loaded: loaded (/usr/lib/systemd/system/systemd-hibernate-resume.service; static)
     Active: inactive (dead)
       Docs: man:systemd-hibernate-resume.service(8)

○ systemd-hibernate-clear.service - Clear Stale Hibernate Storage Info
     Loaded: loaded (/usr/lib/systemd/system/systemd-hibernate-clear.service; static)
     Active: inactive (dead)
  Condition: start condition unmet at Sun 2026-05-31 21:31:30 -03; 6min ago
             └─ ConditionPathExists=/sys/firmware/efi/efivars/HibernateLocation-8cf2644b-4b0b-428f-9387-6d876050dc67 was not met
       Docs: man:systemd-hibernate-clear.service(8)

mai 31 21:31:30 Mocha systemd[1]: Clear Stale Hibernate Storage Info skipped, unmet condition check ConditionPathExists=/sys/firmware/efi/efivars/HibernateLocation-8cf2644b-4b0b-428f-9387-6d876050dc67

== logs do boot atual sobre resume/hibernate/swap ==
mai 31 21:31:26 Mocha kernel: Command line: BOOT_IMAGE=/boot/vmlinuz-linux-zen root=UUID=2a8beb39-04e6-4520-a873-9134a2f73f53 rw quiet splash loglevel=3 nvidia_drm.modeset=1 nvidia_drm.fbdev=1 modprobe.blacklist=nouveau nouveau.modeset=0 resume=UUID=c55827ce-1ead-4561-84c9-435612a8862b
mai 31 21:31:26 Mocha kernel: PM: hibernation: Registered nosave memory: [mem 0x00000000-0x00000fff]
mai 31 21:31:26 Mocha kernel: PM: hibernation: Registered nosave memory: [mem 0x000a0000-0x000fffff]
mai 31 21:31:26 Mocha kernel: PM: hibernation: Registered nosave memory: [mem 0x09d1f000-0x09ffffff]
mai 31 21:31:26 Mocha kernel: PM: hibernation: Registered nosave memory: [mem 0x0a200000-0x0a20cfff]
mai 31 21:31:26 Mocha kernel: PM: hibernation: Registered nosave memory: [mem 0x0b000000-0x0b01ffff]
mai 31 21:31:26 Mocha kernel: PM: hibernation: Registered nosave memory: [mem 0xbe482000-0xbe482fff]
mai 31 21:31:26 Mocha kernel: PM: hibernation: Registered nosave memory: [mem 0xbf454000-0xbf547fff]
mai 31 21:31:26 Mocha kernel: PM: hibernation: Registered nosave memory: [mem 0xc2a45000-0xc2a45fff]
mai 31 21:31:26 Mocha kernel: PM: hibernation: Registered nosave memory: [mem 0xc3f4a000-0xc6bfefff]
mai 31 21:31:26 Mocha kernel: PM: hibernation: Registered nosave memory: [mem 0xc8000000-0xffffffff]
mai 31 21:31:26 Mocha kernel: Kernel command line: BOOT_IMAGE=/boot/vmlinuz-linux-zen root=UUID=2a8beb39-04e6-4520-a873-9134a2f73f53 rw quiet splash loglevel=3 nvidia_drm.modeset=1 nvidia_drm.fbdev=1 modprobe.blacklist=nouveau nouveau.modeset=0 resume=UUID=c55827ce-1ead-4561-84c9-435612a8862b
mai 31 21:31:26 Mocha kernel: Spectre V1 : Mitigation: usercopy/swapgs barriers and __user pointer sanitization
mai 31 21:31:26 Mocha kernel: zswap: loaded using pool zstd
mai 31 21:31:26 Mocha kernel: PM: Image not found (code -22)
mai 31 21:31:26 Mocha systemd[1]: Clear Stale Hibernate Storage Info skipped, unmet condition check ConditionPathExists=/sys/firmware/efi/efivars/HibernateLocation-8cf2644b-4b0b-428f-9387-6d876050dc67
mai 31 21:31:28 Mocha systemd[1]: Starting Create swap on /dev/zram0...
mai 31 21:31:28 Mocha systemd-makefs[523]: Formatting /dev/zram0 as swap
mai 31 21:31:28 Mocha systemd-makefs[523]: /dev/zram0 successfully formatted as swap (label "zram0", uuid 724c9fde-0dea-4f6d-8ea0-faf70e4e4584)
mai 31 21:31:28 Mocha systemd[1]: Finished Create swap on /dev/zram0.
mai 31 21:31:28 Mocha systemd[1]: Activating swap Compressed Swap on /dev/zram0...
mai 31 21:31:28 Mocha systemd[1]: Found device KINGSTON SNV2S1000G swap.
mai 31 21:31:28 Mocha kernel: Adding 16153596k swap on /dev/zram0.  Priority:32767 extents:1 across:16153596k SSDsc
mai 31 21:31:28 Mocha systemd[1]: Activated swap Compressed Swap on /dev/zram0.
mai 31 21:31:28 Mocha systemd[1]: Activating swap /dev/disk/by-uuid/c55827ce-1ead-4561-84c9-435612a8862b...
mai 31 21:31:28 Mocha kernel: Adding 17774484k swap on /dev/nvme0n1p3.  Priority:-1 extents:1 across:17774484k SS
mai 31 21:31:28 Mocha systemd[1]: Activated swap /dev/disk/by-uuid/c55827ce-1ead-4561-84c9-435612a8862b.
mai 31 21:31:30 Mocha systemd[1]: Reached target Swaps.
mai 31 21:31:30 Mocha systemd[1]: Clear Stale Hibernate Storage Info skipped, unmet condition check ConditionPathExists=/sys/firmware/efi/efivars/HibernateLocation-8cf2644b-4b0b-428f-9387-6d876050dc67
mai 31 21:38:22 Mocha sudo[2779]:      hal : TTY=pts/2 ; PWD=/home/hal ; USER=root ; COMMAND=/usr/bin/ls -l /sys/firmware/efi/efivars/HibernateLocation-*

== logs do boot anterior sobre resume/hibernate/swap ==
mai 31 21:23:17 Mocha kernel: PM: hibernation: Registered nosave memory: [mem 0x00000000-0x00000fff]
mai 31 21:23:17 Mocha kernel: PM: hibernation: Registered nosave memory: [mem 0x000a0000-0x000fffff]
mai 31 21:23:17 Mocha kernel: PM: hibernation: Registered nosave memory: [mem 0x09d1f000-0x09ffffff]
mai 31 21:23:17 Mocha kernel: PM: hibernation: Registered nosave memory: [mem 0x0a200000-0x0a20cfff]
mai 31 21:23:17 Mocha kernel: PM: hibernation: Registered nosave memory: [mem 0x0b000000-0x0b01ffff]
mai 31 21:23:17 Mocha kernel: PM: hibernation: Registered nosave memory: [mem 0xbe482000-0xbe482fff]
mai 31 21:23:17 Mocha kernel: PM: hibernation: Registered nosave memory: [mem 0xbf454000-0xbf547fff]
mai 31 21:23:17 Mocha kernel: PM: hibernation: Registered nosave memory: [mem 0xc2a45000-0xc2a45fff]
mai 31 21:23:17 Mocha kernel: PM: hibernation: Registered nosave memory: [mem 0xc3f4a000-0xc6bfefff]
mai 31 21:23:17 Mocha kernel: PM: hibernation: Registered nosave memory: [mem 0xc8000000-0xffffffff]
mai 31 21:23:17 Mocha kernel: Spectre V1 : Mitigation: usercopy/swapgs barriers and __user pointer sanitization
mai 31 21:23:17 Mocha kernel: zswap: loaded using pool zstd
mai 31 21:23:18 Mocha systemd[1]: Clear Stale Hibernate Storage Info skipped, unmet condition check ConditionPathExists=/sys/firmware/efi/efivars/HibernateLocation-8cf2644b-4b0b-428f-9387-6d876050dc67
mai 31 21:23:19 Mocha systemd[1]: Starting Create swap on /dev/zram0...
mai 31 21:23:19 Mocha systemd-makefs[515]: Formatting /dev/zram0 as swap
mai 31 21:23:19 Mocha systemd-makefs[515]: /dev/zram0 successfully formatted as swap (label "zram0", uuid 807bf340-da89-4079-ab7e-69d11ca6efc1)
mai 31 21:23:19 Mocha systemd[1]: Finished Create swap on /dev/zram0.
mai 31 21:23:19 Mocha systemd[1]: Activating swap Compressed Swap on /dev/zram0...
mai 31 21:23:19 Mocha systemd[1]: Found device KINGSTON SNV2S1000G swap.
mai 31 21:23:19 Mocha kernel: Adding 16153596k swap on /dev/zram0.  Priority:32767 extents:1 across:16153596k SSDsc
mai 31 21:23:19 Mocha systemd[1]: Activated swap Compressed Swap on /dev/zram0.
mai 31 21:23:21 Mocha systemd[1]: Activating swap /dev/disk/by-uuid/c55827ce-1ead-4561-84c9-435612a8862b...
mai 31 21:23:21 Mocha kernel: Adding 17774484k swap on /dev/nvme0n1p3.  Priority:-1 extents:1 across:17774484k SS
mai 31 21:23:21 Mocha systemd[1]: Activated swap /dev/disk/by-uuid/c55827ce-1ead-4561-84c9-435612a8862b.
mai 31 21:23:21 Mocha systemd[1]: Reached target Swaps.
mai 31 21:23:21 Mocha systemd[1]: Clear Stale Hibernate Storage Info skipped, unmet condition check ConditionPathExists=/sys/firmware/efi/efivars/HibernateLocation-8cf2644b-4b0b-428f-9387-6d876050dc67
mai 31 21:31:02 Mocha org_kde_powerdevil[1352]: [  1697]    Time since last resume from sleep: 452.326 seconds = 452326 millisec (452326235743nanosec)
mai 31 21:31:02 Mocha org_kde_powerdevil[1352]: [  1697][452.018557] open() EACCES failure, recently resumed from sleep: false
mai 31 21:31:02 Mocha org_kde_powerdevil[1352]: [  1697]    Time since last resume from sleep: 452.500 seconds = 452500 millisec (452500363873nanosec)
mai 31 21:31:02 Mocha org_kde_powerdevil[1352]: [  1697][452.183464] open() EACCES failure, recently resumed from sleep: false
mai 31 21:31:03 Mocha systemd[1]: Stopped target Swaps.
mai 31 21:31:03 Mocha systemd[1]: Deactivating swap /dev/disk/by-designator/swap...
mai 31 21:31:03 Mocha systemd[1]: Deactivating swap /dev/disk/by-diskseq/5...
mai 31 21:31:03 Mocha systemd[1]: dev-disk-by\x2duuid-807bf340\x2dda89\x2d4079\x2dab7e\x2d69d11ca6efc1.swap: Deactivated successfully.
mai 31 21:31:03 Mocha systemd[1]: Deactivated swap /dev/disk/by-uuid/807bf340-da89-4079-ab7e-69d11ca6efc1.
mai 31 21:31:03 Mocha systemd[1]: dev-disk-by\x2dlabel-zram0.swap: Deactivated successfully.
mai 31 21:31:03 Mocha systemd[1]: Deactivated swap /dev/disk/by-label/zram0.
mai 31 21:31:03 Mocha systemd[1]: dev-disk-by\x2ddiskseq-5.swap: Deactivated successfully.
mai 31 21:31:03 Mocha systemd[1]: Deactivated swap /dev/disk/by-diskseq/5.
mai 31 21:31:03 Mocha systemd[1]: dev-zram0.swap: Deactivated successfully.
mai 31 21:31:03 Mocha systemd[1]: Deactivated swap Compressed Swap on /dev/zram0.
mai 31 21:31:03 Mocha systemd[1]: Stopping Create swap on /dev/zram0...
mai 31 21:31:03 Mocha systemd[1]: dev-disk-by\x2did-nvme\x2dKINGSTON_SNV2S1000G_50026B77851BADB3_1\x2dpart3.swap: Deactivated successfully.
mai 31 21:31:03 Mocha systemd[1]: Deactivated swap /dev/disk/by-id/nvme-KINGSTON_SNV2S1000G_50026B77851BADB3_1-part3.
mai 31 21:31:03 Mocha systemd[1]: dev-disk-by\x2dpath-pci\x2d0000:08:00.0\x2dnvme\x2d1\x2dpart-by\x2dpartnum-3.swap: Deactivated successfully.
mai 31 21:31:03 Mocha systemd[1]: Deactivated swap /dev/disk/by-path/pci-0000:08:00.0-nvme-1-part/by-partnum/3.
mai 31 21:31:03 Mocha systemd[1]: dev-disk-by\x2dpath-pci\x2d0000:08:00.0\x2dnvme\x2d1\x2dpart3.swap: Deactivated successfully.
mai 31 21:31:03 Mocha systemd[1]: Deactivated swap /dev/disk/by-path/pci-0000:08:00.0-nvme-1-part3.
mai 31 21:31:03 Mocha systemd[1]: dev-disk-by\x2did-nvme\x2deui.00000000000000000026b77851badb35\x2dpart3.swap: Deactivated successfully.
mai 31 21:31:03 Mocha systemd[1]: Deactivated swap /dev/disk/by-id/nvme-eui.00000000000000000026b77851badb35-part3.
mai 31 21:31:03 Mocha systemd[1]: dev-disk-by\x2ddiskseq-4\x2dpart3.swap: Deactivated successfully.
mai 31 21:31:03 Mocha systemd[1]: Deactivated swap /dev/disk/by-diskseq/4-part3.
mai 31 21:31:03 Mocha systemd[1]: dev-disk-by\x2dpath-pci\x2d0000:08:00.0\x2dnvme\x2d1\x2dpart-by\x2dpartuuid-7bda8111\x2dd03e\x2d41ab\x2da0b4\x2de084b7ad9e94.swap: Deactivated successfully.
mai 31 21:31:03 Mocha systemd[1]: Deactivated swap /dev/disk/by-path/pci-0000:08:00.0-nvme-1-part/by-partuuid/7bda8111-d03e-41ab-a0b4-e084b7ad9e94.
mai 31 21:31:03 Mocha systemd[1]: dev-disk-by\x2dpath-pci\x2d0000:08:00.0\x2dnvme\x2d1\x2dpart-by\x2duuid-c55827ce\x2d1ead\x2d4561\x2d84c9\x2d435612a8862b.swap: Deactivated successfully.
mai 31 21:31:03 Mocha systemd[1]: Deactivated swap /dev/disk/by-path/pci-0000:08:00.0-nvme-1-part/by-uuid/c55827ce-1ead-4561-84c9-435612a8862b.
mai 31 21:31:03 Mocha systemd[1]: dev-disk-by\x2dlabel-swap.swap: Deactivated successfully.
mai 31 21:31:03 Mocha systemd[1]: Deactivated swap /dev/disk/by-label/swap.
mai 31 21:31:03 Mocha systemd[1]: dev-disk-by\x2did-nvme\x2dKINGSTON_SNV2S1000G_50026B77851BADB3\x2dpart3.swap: Deactivated successfully.
mai 31 21:31:03 Mocha systemd[1]: Deactivated swap /dev/disk/by-id/nvme-KINGSTON_SNV2S1000G_50026B77851BADB3-part3.
mai 31 21:31:03 Mocha systemd[1]: dev-disk-by\x2dpath-pci\x2d0000:08:00.0\x2dnvme\x2d1\x2dpart-by\x2dlabel-swap.swap: Deactivated successfully.
mai 31 21:31:03 Mocha systemd[1]: Deactivated swap /dev/disk/by-path/pci-0000:08:00.0-nvme-1-part/by-label/swap.
mai 31 21:31:03 Mocha systemd[1]: dev-disk-by\x2ddesignator-swap.swap: Deactivated successfully.
mai 31 21:31:03 Mocha systemd[1]: Deactivated swap /dev/disk/by-designator/swap.
mai 31 21:31:03 Mocha systemd[1]: dev-disk-by\x2dpartuuid-7bda8111\x2dd03e\x2d41ab\x2da0b4\x2de084b7ad9e94.swap: Deactivated successfully.
mai 31 21:31:03 Mocha systemd[1]: Deactivated swap /dev/disk/by-partuuid/7bda8111-d03e-41ab-a0b4-e084b7ad9e94.
mai 31 21:31:03 Mocha systemd[1]: dev-nvme0n1p3.swap: Deactivated successfully.
mai 31 21:31:03 Mocha systemd[1]: Deactivated swap /dev/nvme0n1p3.
mai 31 21:31:03 Mocha systemd[1]: dev-disk-by\x2duuid-c55827ce\x2d1ead\x2d4561\x2d84c9\x2d435612a8862b.swap: Deactivated successfully.
mai 31 21:31:03 Mocha systemd[1]: Deactivated swap /dev/disk/by-uuid/c55827ce-1ead-4561-84c9-435612a8862b.
mai 31 21:31:03 Mocha systemd[1]: Stopped Create swap on /dev/zram0.

== conclusão bruta ==
Nada foi editado.
Log salvo em: /media/mochafast/MochaArch/ativo/relatorios/20260531-213819-auditoria-real-resume-sem-editar.log
