Log: /media/mochafast/MochaArch/ativo/relatorios/20260602-075454-montagem-fase01-fast-vm-cachy-temp-kernel-nvidia.log


================================================================
== Auditoria inicial
================================================================
Usuário: hal
Home: /home/hal
Kernel atual: 7.0.10-arch1-1
Pacman: 

NAME          SIZE FSTYPE LABEL     UUID                                 MOUNTPOINTS
sda         447,1G                                                       
└─sda1      447,1G btrfs  MOCHAFAST 88e6aa16-110c-4b97-9ffb-85084c000198 /media/mochafast
sdb           1,8T                                                       
└─sdb1        1,8T xfs    vmstore   b81630a0-0756-45e4-9cb2-c7f16637a1c6 /media/vmstore
sdc          55,9G                                                       
├─sdc1       55,9G exfat  Ventoy    5D8D-2429                            
└─sdc2         32M vfat   VTOYEFI   EA6C-95B2                            
nvme0n1     931,5G                                                       
├─nvme0n1p1     2G vfat             FEA3-C9BE                            /boot/efi
├─nvme0n1p2 326,6G ext4   Mocha     a6248851-81d9-42ba-b3cf-b2d0d0dc44d4 /
├─nvme0n1p3    17G swap   swap      c55827ce-1ead-4561-84c9-435612a8862b [SWAP]
└─nvme0n1p4 585,9G xfs              933991ca-ef8a-468f-8f4b-673a555d6041 /home

================================================================
== Montagem persistente de FAST em /media/mochafast
================================================================
AVISO: não encontrei FAST por label conhecida: mochafast MOCHAFAST MochaFAST FAST fast
Blocos disponíveis para conferência:
NAME          SIZE FSTYPE LABEL     UUID                                 MOUNTPOINTS
sda         447,1G                                                       
└─sda1      447,1G btrfs  MOCHAFAST 88e6aa16-110c-4b97-9ffb-85084c000198 /media/mochafast
sdb           1,8T                                                       
└─sdb1        1,8T xfs    vmstore   b81630a0-0756-45e4-9cb2-c7f16637a1c6 /media/vmstore
sdc          55,9G                                                       
├─sdc1       55,9G exfat  Ventoy    5D8D-2429                            
└─sdc2         32M vfat   VTOYEFI   EA6C-95B2                            
nvme0n1     931,5G                                                       
├─nvme0n1p1     2G vfat             FEA3-C9BE                            /boot/efi
├─nvme0n1p2 326,6G ext4   Mocha     a6248851-81d9-42ba-b3cf-b2d0d0dc44d4 /
├─nvme0n1p3    17G swap   swap      c55827ce-1ead-4561-84c9-435612a8862b [SWAP]
└─nvme0n1p4 585,9G xfs              933991ca-ef8a-468f-8f4b-673a555d6041 /home

ERRO: não vou adivinhar disco para FAST. Renomeie/monte o volume ou ajuste labels antes de prosseguir.
Log salvo em: /media/mochafast/MochaArch/ativo/relatorios/20260602-075454-montagem-fase01-fast-vm-cachy-temp-kernel-nvidia.log
