== MOCHAARCH — rollback seguro da hibernação / restaurar boot normal ==
Timestamp: 20260531-212111
Log: /media/mochafast/MochaArch/ativo/relatorios/20260531-212111-rollback-hibernacao-restaurar-boot-normal.log
Objetivo: remover apenas parâmetros/hook de resume que causam erro no boot normal.


[1/8] Estado atual antes da correção
Kernel atual: 7.0.10-zen1-1-zen
Cmdline atual, só muda depois de reiniciar:
BOOT_IMAGE=/boot/vmlinuz-linux-zen root=UUID=2a8beb39-04e6-4520-a873-9134a2f73f53 rw quiet splash loglevel=3 nvidia_drm.modeset=1 nvidia_drm.fbdev=1 modprobe.blacklist=nouveau nouveau.modeset=0 resume=UUID=c55827ce-1ead-4561-84c9-435612a8862b

Swap ativo:
NAME           TYPE       SIZE USED  PRIO UUID LABEL
/dev/zram0     partition 15,4G   0B 32767      
/dev/nvme0n1p3 partition   17G   0B    -1      

Arquivos relevantes encontrados:
/etc/default/grub
/etc/mkinitcpio.conf
/etc/systemd/sleep.conf
Ocorrências problemáticas antes:
/etc/default/grub:6:GRUB_CMDLINE_LINUX_DEFAULT="quiet splash loglevel=3 nvidia_drm.modeset=1 nvidia_drm.fbdev=1 modprobe.blacklist=nouveau nouveau.modeset=0 resume=UUID=c55827ce-1ead-4561-84c9-435612a8862b"
/etc/mkinitcpio.conf:55:HOOKS=(base udev resume autodetect microcode modconf block keyboard keymap consolefont filesystems)

[2/8] Removendo resume=, resume_offset= e noresume somente das linhas GRUB_CMDLINE
Corrigindo: /etc/default/grub
Backup criado: /etc/default/grub.mocha-bak-20260531-212111

[3/8] Removendo hook resume do mkinitcpio, se ele tiver sido injetado
Backup criado: /etc/mkinitcpio.conf.mocha-bak-20260531-212111
Hook resume removido de /etc/mkinitcpio.conf.

[4/8] Desfazendo bloqueio explícito de hibernação, se algum arquivo tiver AllowHibernation=no
Nenhum AllowHibernation=no encontrado.

[5/8] Validação dos arquivos após edição
Validação local OK.

[6/8] Regenerando initramfs com mkinitcpio
==> Building image from preset: /etc/mkinitcpio.d/linux-cachyos-bore-lto.preset: 'default'
==> Using configuration file: '/etc/mkinitcpio-cachyos-bore-lto.conf'
  -> -k /boot/vmlinuz-linux-cachyos-bore-lto -c /etc/mkinitcpio-cachyos-bore-lto.conf -g /boot/initramfs-linux-cachyos-bore-lto.img
==> Starting build: '7.0.10-2-cachyos-bore-lto'
  -> Running build hook: [base]
  -> Running build hook: [udev]
  -> Running build hook: [autodetect]
  -> Running build hook: [microcode]
  -> Running build hook: [modconf]
  -> Running build hook: [block]
  -> Running build hook: [keyboard]
  -> Running build hook: [keymap]
  -> Running build hook: [consolefont]
==> WARNING: consolefont: no font found in configuration
  -> Running build hook: [filesystems]
==> ERROR: module not found: 'nvidia'
==> ERROR: module not found: 'nvidia_modeset'
==> ERROR: module not found: 'nvidia_uvm'
==> ERROR: module not found: 'nvidia_drm'
==> Generating module dependencies
==> Creating zstd-compressed initcpio image: '/boot/initramfs-linux-cachyos-bore-lto.img'
==> WARNING: errors were encountered during the build. The image may not be complete.
==> Building image from preset: /etc/mkinitcpio.d/linux.preset: 'default'
==> Using default configuration file: '/etc/mkinitcpio.conf'
  -> -k /boot/vmlinuz-linux -g /boot/initramfs-linux.img
==> Starting build: '7.0.10-arch1-1'
  -> Running build hook: [base]
  -> Running build hook: [udev]
  -> Running build hook: [autodetect]
  -> Running build hook: [microcode]
  -> Running build hook: [modconf]
  -> Running build hook: [block]
  -> Running build hook: [keyboard]
  -> Running build hook: [keymap]
  -> Running build hook: [consolefont]
==> WARNING: consolefont: no font found in configuration
  -> Running build hook: [filesystems]
==> Generating module dependencies
==> Creating zstd-compressed initcpio image: '/boot/initramfs-linux.img'
  -> Early uncompressed CPIO image generation successful
==> Initcpio image generation successful
==> Building image from preset: /etc/mkinitcpio.d/linux-zen.preset: 'default'
==> Using default configuration file: '/etc/mkinitcpio.conf'
  -> -k /boot/vmlinuz-linux-zen -g /boot/initramfs-linux-zen.img
==> Starting build: '7.0.10-zen1-1-zen'
  -> Running build hook: [base]
  -> Running build hook: [udev]
  -> Running build hook: [autodetect]
  -> Running build hook: [microcode]
  -> Running build hook: [modconf]
  -> Running build hook: [block]
  -> Running build hook: [keyboard]
  -> Running build hook: [keymap]
  -> Running build hook: [consolefont]
==> WARNING: consolefont: no font found in configuration
  -> Running build hook: [filesystems]
==> Generating module dependencies
==> Creating zstd-compressed initcpio image: '/boot/initramfs-linux-zen.img'
  -> Early uncompressed CPIO image generation successful
==> Initcpio image generation successful
