
== Contexto ==
sáb 30 mai 2026 13:24:13 -03
Linux Mocha 7.0.10-zen1-1-zen #1 ZEN SMP PREEMPT_DYNAMIC Sat, 23 May 2026 14:45:01 +0000 x86_64 GNU/Linux
Log: /media/mochafast/MochaArch/ativo/relatorios/20260530-132409-corrigir-architecture-cachyos-v3-e-instalar-bore-lto.log
Config atual do pacman Architecture:
x86_64

== Validando CPU x86-64-v3 ==
  x86-64-v3 (supported, searched)
  x86-64-v2 (supported, searched)

== Criando backup controlado do pacman.conf ==
Backup: /etc/pacman.conf.mocha-pre-architecture-x86_64_v3-20260530-132409.bak

== Gerando pacman.conf corrigido para aceitar x86_64_v3 ==

== Validando parser do pacman com a configuração corrigida ==
x86_64
x86_64_v3

== Garantindo chave e mirrorlist do CachyOS ==
gpg: chave F3B607488DB35A47: "CachyOS <admin@cachyos.org>" não alterada
gpg:          Número total processado: 1
gpg:                  não modificadas: 1
  -> 1 chave assinada localmente.
==> Atualizando base de dados de confiança...
gpg: próxima verificação da trustdb a 2026-10-21
cachyos-keyring e cachyos-v3-mirrorlist já instalados.

== Sincronizando bancos com config corrigida temporária ==
:: Sincronizando a base de dados de pacotes...
 mocha-stable sendo baixado...
 core sendo baixado...
 extra sendo baixado...
 multilib sendo baixado...
 cachyos-v3 sendo baixado...
 cachyos-core-v3 sendo baixado...
 cachyos-extra-v3 sendo baixado...

== Validando pacotes CachyOS v3 e versões ==
cachyos-v3 lib32-nvidia-utils 610.43.02-1 [installed: 595.71.05-1]
cachyos-v3 linux-cachyos-bore-lto 7.0.10-2
cachyos-v3 linux-cachyos-bore-lto-headers 7.0.10-2
cachyos-v3 linux-cachyos-bore-lto-nvidia-open 7.0.10-2
cachyos-v3 linux-cachyos-bore-lto-r8125 7.0.10-2
cachyos-v3 linux-cachyos-bore-lto-zfs 7.0.10-2
cachyos-v3 nvidia-open-dkms 610.43.02-3 [installed: 595.71.05-2]
cachyos-v3 nvidia-utils 610.43.02-3 [installed: 595.71.05-2]
cachyos-v3/linux-cachyos-bore-lto: 7.0.10-2
cachyos-v3/linux-cachyos-bore-lto-headers: 7.0.10-2
cachyos-v3/linux-cachyos-bore-lto-nvidia-open: 7.0.10-2
cachyos-v3/nvidia-utils: 610.43.02-3
cachyos-v3/nvidia-open-dkms: 610.43.02-3
NVIDIA base esperada: 610.43.02

== Procurando lib32-nvidia-utils compatível ==
cachyos-v3/lib32-nvidia-utils -> 610.43.02-1
lib32 selecionado: cachyos-v3/lib32-nvidia-utils 610.43.02-1

== Simulando instalação com Architecture corrigida antes de tocar no pacman.conf real ==
https://cdn77.cachyos.org/repo/x86_64_v3/cachyos-v3/linux-cachyos-bore-lto-7.0.10-2-x86_64_v3.pkg.tar.zst
https://cdn77.cachyos.org/repo/x86_64_v3/cachyos-v3/linux-cachyos-bore-lto-headers-7.0.10-2-x86_64_v3.pkg.tar.zst
https://cdn77.cachyos.org/repo/x86_64_v3/cachyos-v3/nvidia-utils-610.43.02-3-x86_64_v3.pkg.tar.zst
https://cdn77.cachyos.org/repo/x86_64_v3/cachyos-v3/linux-cachyos-bore-lto-nvidia-open-7.0.10-2-x86_64_v3.pkg.tar.zst
https://cdn77.cachyos.org/repo/x86_64_v3/cachyos-v3/lib32-nvidia-utils-610.43.02-1-x86_64_v3.pkg.tar.zst
https://cdn77.cachyos.org/repo/x86_64_v3/cachyos-v3/nvidia-open-dkms-610.43.02-3-x86_64_v3.pkg.tar.zst

== Aplicando pacman.conf corrigido ==
Architecture efetiva agora:
x86_64
x86_64_v3

== Instalando conjunto de teste CachyOS BORE LTO v3 + NVIDIA open ==
atenção: vulkan-icd-loader-1.4.350.0-1 está atualizado -- ignorando
atenção: lib32-vulkan-icd-loader-1.4.350.0-1 está atualizado -- ignorando
atenção: libglvnd-1.7.0-3 está atualizado -- ignorando
atenção: lib32-libglvnd-1.7.0-1 está atualizado -- ignorando
resolvendo dependências...
procurando pacotes conflitantes...
erro: conflito de pacotes não solucionável detectado
erro: falha ao preparar a transação (dependências conflitantes)
:: nvidia-open-dkms-610.43.02-3 e linux-cachyos-bore-lto-nvidia-open-7.0.10-2 estão em conflito
