
== Mocha Arch — instalar CachyOS BORE LTO v3 com driver CachyOS ==
sáb 30 mai 2026 13:36:36 -03
Linux Mocha 7.0.10-zen1-1-zen #1 ZEN SMP PREEMPT_DYNAMIC Sat, 23 May 2026 14:45:01 +0000 x86_64 GNU/Linux
Log: /media/mochafast/MochaArch/ativo/relatorios/20260530-133633-instalar-cachyos-bore-lto-v3-driver-cachy.log
Documento: /media/mochafast/MochaArch/ativo/documentacao/20260530-133633-instalar-cachyos-bore-lto-v3-driver-cachy.md
Script salvo: /media/mochafast/MochaArch/ativo/scripts/20260530-133633-mocha-instalar-cachyos-bore-lto-v3-driver-cachy.sh

== Escopo ==
Instala kernel CachyOS BORE LTO v3.
Instala o pacote de driver do CachyOS: linux-cachyos-bore-lto-nvidia-open.
Instala nvidia-utils e lib32-nvidia-utils do cachyos-v3.
Atualiza nvidia-open-dkms pelo cachyos-v3 somente para manter o Zen/Linux como fallback com NVIDIA.
Não remove linux, linux-zen nem seus headers.
Não reinicia automaticamente.

== Detectando bootloader antes de instalar ==
Bootloader detectado: GRUB

== Architecture efetiva do pacman ==
x86_64
x86_64_v3

== Repos necessários ==
core
extra
multilib
cachyos-v3
cachyos-core-v3
cachyos-extra-v3

== Sincronizando bases ==
:: Sincronizando a base de dados de pacotes...
 mocha-stable sendo baixado...
 core sendo baixado...
 extra sendo baixado...
 multilib sendo baixado...
 cachyos-v3 sendo baixado...
 cachyos-core-v3 sendo baixado...
 cachyos-extra-v3 sendo baixado...

== Validando existência dos pacotes exatos no cachyos-v3 ==

-- cachyos-v3/linux-cachyos-bore-lto --

-- cachyos-v3/linux-cachyos-bore-lto-headers --

-- cachyos-v3/linux-cachyos-bore-lto-nvidia-open --

-- cachyos-v3/nvidia-utils --

-- cachyos-v3/lib32-nvidia-utils --

-- cachyos-v3/nvidia-open-dkms --

== Prévia da transação ==
https://cdn77.cachyos.org/repo/x86_64_v3/cachyos-v3/linux-cachyos-bore-lto-7.0.10-2-x86_64_v3.pkg.tar.zst
https://cdn77.cachyos.org/repo/x86_64_v3/cachyos-v3/linux-cachyos-bore-lto-headers-7.0.10-2-x86_64_v3.pkg.tar.zst
https://cdn77.cachyos.org/repo/x86_64_v3/cachyos-v3/nvidia-utils-610.43.02-3-x86_64_v3.pkg.tar.zst
https://cdn77.cachyos.org/repo/x86_64_v3/cachyos-v3/linux-cachyos-bore-lto-nvidia-open-7.0.10-2-x86_64_v3.pkg.tar.zst
https://cdn77.cachyos.org/repo/x86_64_v3/cachyos-v3/lib32-nvidia-utils-610.43.02-1-x86_64_v3.pkg.tar.zst
https://cdn77.cachyos.org/repo/x86_64_v3/cachyos-v3/nvidia-open-dkms-610.43.02-3-x86_64_v3.pkg.tar.zst

== Instalando kernel e driver CachyOS ==
resolvendo dependências...
procurando pacotes conflitantes...
erro: conflito de pacotes não solucionável detectado
erro: falha ao preparar a transação (dependências conflitantes)
:: nvidia-open-dkms-610.43.02-3 e linux-cachyos-bore-lto-nvidia-open-7.0.10-2 estão em conflito
