== MOCHAARCH — finalizar GRUB default para Linux Zen ==
Timestamp: 20260531-211604
Log: /media/mochafast/MochaArch/ativo/relatorios/20260531-211604-finalizar-grub-default-zen-com-sudo.log

[1/6] Obtendo sudo...

[2/6] Estado atual:
Kernel em uso agora:
7.0.10-2-cachyos-bore-lto

Pacotes relevantes:
linux-zen 7.0.10.zen1-1
linux-zen-headers 7.0.10.zen1-1
linux-cachyos-bore-lto 7.0.10-2

Arquivos relevantes:
-rw------- 1 root root 5,8K mai 31 21:15 /boot/grub/grub.cfg
-rw------- 1 root root  14M mai 31 21:10 /boot/initramfs-linux-zen.img
-rw-r--r-- 1 root root  18M mai 29 20:31 /boot/vmlinuz-linux-zen

[3/6] Garantindo GRUB_DEFAULT=saved sem mexer em mais nada...
GRUB_DEFAULT=saved
GRUB_SAVEDEFAULT=false

[4/6] Lendo /boot/grub/grub.cfg como root e achando o ID moderno do Zen...
Entrada Zen escolhida:
Título: Arch Linux, with Linux linux-zen
ID completo: gnulinux-linux-zen-advanced-2a8beb39-04e6-4520-a873-9134a2f73f53

[5/6] Gravando Zen como default persistente...

grubenv agora:
saved_entry=gnulinux-linux-zen-advanced-2a8beb39-04e6-4520-a873-9134a2f73f53

[6/6] Conferência final:
Linhas relevantes de /etc/default/grub:
GRUB_DEFAULT=saved
GRUB_SAVEDEFAULT=false

Entradas Zen no grub.cfg:
128:menuentry 'Arch Linux, with Linux linux-zen' --class arch --class gnu-linux --class gnu --class os $menuentry_id_option 'gnulinux-linux-zen-advanced-2a8beb39-04e6-4520-a873-9134a2f73f53' {
135:	echo	'Carregando o Linux linux-zen...'
136:	linux	/boot/vmlinuz-linux-zen root=UUID=2a8beb39-04e6-4520-a873-9134a2f73f53 rw  quiet splash loglevel=3 nvidia_drm.modeset=1 nvidia_drm.fbdev=1 modprobe.blacklist=nouveau nouveau.modeset=0 resume=UUID=c55827ce-1ead-4561-84c9-435612a8862b
138:	initrd	/boot/intel-ucode.img /boot/amd-ucode.img /boot/initramfs-linux-zen.img
152:if [ "x$default" = 'Arch Linux, with Linux linux-zen' ]; then default='Advanced options for Arch Linux>Arch Linux, with Linux linux-zen'; fi;

== RESULTADO ==
Default persistente do GRUB gravado para Linux Zen.
Kernel atual ainda não muda até reiniciar:
7.0.10-2-cachyos-bore-lto

Depois do reboot, confira com:
  uname -r

Esperado:
  7.0.10-zen1-1-zen

Log salvo em: /media/mochafast/MochaArch/ativo/relatorios/20260531-211604-finalizar-grub-default-zen-com-sudo.log
