== MOCHAARCH — auditoria somente leitura do firewall atual ==
Timestamp: 20260601-173548
Relatório: /media/mochafast/MochaArch/ativo/relatorios/20260601-173548-auditoria-firewall-atual.log

[1/9] Validando sudo uma vez no começo...

[2/9] Identificando sistema e kernel...
Hostname:
 Static hostname: Mocha
       Icon name: computer-desktop
         Chassis: desktop 🖥️
      Machine ID: 4da79a7861734df58d6f08f5f3b954b1
         Boot ID: 643941c334444d898419dc3819503f9e
Operating System: Arch Linux
          Kernel: Linux 7.0.10-2-cachyos
    Architecture: x86-64
 Hardware Vendor: ASUS
  Hardware Model: PRIME A520M-E
    Hardware SKU: SKU
Hardware Version: System Version
Firmware Version: 3636
   Firmware Date: Sun 2026-01-04
    Firmware Age: 4month 3w 6d

Kernel:
Linux Mocha 7.0.10-2-cachyos #1 SMP PREEMPT_DYNAMIC Thu, 28 May 2026 21:12:58 +0000 x86_64 GNU/Linux

Linha de boot:
BOOT_IMAGE=/boot/vmlinuz-linux-cachyos root=UUID=2a8beb39-04e6-4520-a873-9134a2f73f53 rw quiet splash loglevel=3 nvidia_drm.modeset=1 nvidia_drm.fbdev=1 modprobe.blacklist=nouveau nouveau.modeset=0 noresume

[3/9] Verificando pacotes de firewall instalados...
ausente: firewalld
ausente: ufw
INSTALADO: nftables -> nftables 1:1.1.6-3
INSTALADO: iptables -> iptables 1:1.8.13-1
INSTALADO: iptables-nft -> iptables 1:1.8.13-1
ausente: iptables-legacy
ausente: gufw
INSTALADO: plasma-firewall -> plasma-firewall 6.6.5-1

[4/9] Verificando serviços systemd relevantes...

Serviço: firewalld.service
  active: inactive
  enabled: not-found

Serviço: ufw.service
  active: inactive
  enabled: not-found

Serviço: nftables.service
  active: inactive
  enabled: disabled

Serviço: iptables.service
  active: inactive
  enabled: disabled

Serviço: ip6tables.service
  active: inactive
  enabled: disabled

[5/9] Verificando firewalld, se existir...
firewall-cmd não encontrado.

[6/9] Verificando UFW, se existir...
ufw não encontrado.

[7/9] Verificando nftables...
nft encontrado.

Ruleset nft atual:

[8/9] Verificando iptables/ip6tables...
iptables encontrado.

iptables -S:
-P INPUT ACCEPT
-P FORWARD ACCEPT
-P OUTPUT ACCEPT

iptables -L -n -v:
Chain INPUT (policy ACCEPT 0 packets, 0 bytes)
 pkts bytes target     prot opt in     out     source               destination         

Chain FORWARD (policy ACCEPT 0 packets, 0 bytes)
 pkts bytes target     prot opt in     out     source               destination         

Chain OUTPUT (policy ACCEPT 0 packets, 0 bytes)
 pkts bytes target     prot opt in     out     source               destination         

ip6tables encontrado.

ip6tables -S:
-P INPUT ACCEPT
-P FORWARD ACCEPT
-P OUTPUT ACCEPT

ip6tables -L -n -v:
Chain INPUT (policy ACCEPT 0 packets, 0 bytes)
 pkts bytes target     prot opt in     out     source               destination         

Chain FORWARD (policy ACCEPT 0 packets, 0 bytes)
 pkts bytes target     prot opt in     out     source               destination         

Chain OUTPUT (policy ACCEPT 0 packets, 0 bytes)
 pkts bytes target     prot opt in     out     source               destination         

[9/9] Listando portas em escuta no sistema...

TCP/UDP em escuta:
Netid State  Recv-Q Send-Q                     Local Address:Port  Peer Address:PortProcess                                                                                                                                                                                          
udp   UNCONN 0      0                            224.0.0.251:5353       0.0.0.0:*    users:(("steamwebhelper",pid=2182,fd=236)) uid:1000 ino:5289329 sk:2 cgroup:/user.slice/user-1000.slice/user@1000.service/app.slice/app-steam@2549af24c23740f7a203b8ab878ca46b.service <->                                          
udp   UNCONN 0      0                            224.0.0.251:5353       0.0.0.0:*    users:(("vivaldi-bin",pid=9051,fd=42)) uid:1000 ino:5250154 sk:3 cgroup:/user.slice/user-1000.slice/user@1000.service/app.slice/app-vivaldi\x2dstable@1e544fa5ed0545bb9bc564729f53e576.service <->                              
udp   UNCONN 0      0                                0.0.0.0:5353       0.0.0.0:*    uid:967 ino:9674 sk:4 cgroup:/system.slice/avahi-daemon.service <->                                                                                                                      
udp   UNCONN 0      0                                0.0.0.0:27036      0.0.0.0:*    users:(("steam",pid=1941,fd=158)) uid:1000 ino:30908 sk:5 cgroup:/user.slice/user-1000.slice/user@1000.service/app.slice/app-steam@2549af24c23740f7a203b8ab878ca46b.service <->                                            
udp   UNCONN 0      0                                   [::]:5353          [::]:*    uid:967 ino:9675 sk:6 cgroup:/system.slice/avahi-daemon.service v6only:1 <->                                                                                                             
udp   UNCONN 0      0      [fe80::828a:1987:e95:baad]%enp4s0:546           [::]:*    ino:5288478 sk:7 cgroup:/system.slice/NetworkManager.service v6only:1 <->                                                                                                                
udp   UNCONN 0      0                                      *:1716             *:*    users:(("kdeconnectd",pid=1456,fd=39)) uid:1000 ino:5223414 sk:8 cgroup:/user.slice/user-1000.slice/user@1000.service/app.slice/app-dbus\x2d:1.2\x2dorg.kde.kdeconnect.slice/dbus-:1.2-org.kde.kdeconnect@0.service v6only:0 <->
tcp   LISTEN 0      128                            127.0.0.1:35519      0.0.0.0:*    users:(("steam",pid=1941,fd=67)) uid:1000 ino:29825 sk:9 cgroup:/user.slice/user-1000.slice/user@1000.service/app.slice/app-steam@2549af24c23740f7a203b8ab878ca46b.service <->                                            
tcp   LISTEN 0      128                            127.0.0.1:27060      0.0.0.0:*    users:(("steam",pid=1941,fd=102)) uid:1000 ino:31804 sk:a cgroup:/user.slice/user-1000.slice/user@1000.service/app.slice/app-steam@2549af24c23740f7a203b8ab878ca46b.service <->                                            
tcp   LISTEN 0      128                            127.0.0.1:41905      0.0.0.0:*    users:(("steam",pid=1941,fd=114)) uid:1000 ino:33051 sk:b cgroup:/user.slice/user-1000.slice/user@1000.service/app.slice/app-steam@2549af24c23740f7a203b8ab878ca46b.service <->                                            
tcp   LISTEN 0      128                            127.0.0.1:57343      0.0.0.0:*    users:(("steam",pid=1941,fd=61)) uid:1000 ino:28532 sk:c cgroup:/user.slice/user-1000.slice/user@1000.service/app.slice/app-steam@2549af24c23740f7a203b8ab878ca46b.service <->                                            
tcp   LISTEN 0      128                              0.0.0.0:27036      0.0.0.0:*    users:(("steam",pid=1941,fd=160)) uid:1000 ino:30909 sk:d cgroup:/user.slice/user-1000.slice/user@1000.service/app.slice/app-steam@2549af24c23740f7a203b8ab878ca46b.service <->                                            
tcp   LISTEN 0      50                                     *:1716             *:*    users:(("kdeconnectd",pid=1456,fd=40)) uid:1000 ino:5223415 sk:e cgroup:/user.slice/user-1000.slice/user@1000.service/app.slice/app-dbus\x2d:1.2\x2dorg.kde.kdeconnect.slice/dbus-:1.2-org.kde.kdeconnect@0.service v6only:0 <->

Resumo objetivo:
- Se firewalld/ufw/nftables estiverem inactive/disabled e não houver ruleset relevante, o sistema está praticamente sem firewall gerenciado.
- Se firewalld estiver active, a zona padrão e os ports/services listados acima são o estado real.
- Se nftables tiver ruleset mesmo sem firewalld/ufw, o firewall pode estar sendo aplicado diretamente por nft.
- Nenhuma alteração foi feita.

Concluído.
Relatório salvo em:
/media/mochafast/MochaArch/ativo/relatorios/20260601-173548-auditoria-firewall-atual.log
