
== MOCHAARCH — documentação de firewall, regras, atalho e DNS Cloudflare ==
Timestamp: 20260602-071429
Base: /media/mochafast/MochaArch/ativo
Documentação: /media/mochafast/MochaArch/ativo/documentacao
Log: /media/mochafast/MochaArch/ativo/relatorios/20260602-071429-documentar-firewall-dns-cloudflare.log

== Procurando manual de montagem existente ==
Encontrado: /media/mochafast/MochaArch/ativo/auditorias/20260529-210855-seguimento-manual-estado-real.md
Encontrado: /media/mochafast/MochaArch/ativo/documentacao/20260529-154304-MANUAL-UNICO-VIVO-MONTAGEM-MOCHA-ARCH-KDE.md
Manual alvo: /media/mochafast/MochaArch/ativo/documentacao/20260529-154304-MANUAL-UNICO-VIVO-MONTAGEM-MOCHA-ARCH-KDE.md

== Criando adendo canônico com estado auditado ==

== Adendo criado ==
/media/mochafast/MochaArch/ativo/documentacao/20260602-071429-manual-montagem-firewall-dns-cloudflare.md

== Atualizando manual principal sem duplicar seção ==
Backup criado: /media/mochafast/MochaArch/ativo/documentacao/backups/20260602-071429-20260529-154304-MANUAL-UNICO-VIVO-MONTAGEM-MOCHA-ARCH-KDE.md.bak
Seção adicionada ao manual principal.

== Validação final ==
Manual principal: /media/mochafast/MochaArch/ativo/documentacao/20260529-154304-MANUAL-UNICO-VIVO-MONTAGEM-MOCHA-ARCH-KDE.md
Adendo: /media/mochafast/MochaArch/ativo/documentacao/20260602-071429-manual-montagem-firewall-dns-cloudflare.md
Log: /media/mochafast/MochaArch/ativo/relatorios/20260602-071429-documentar-firewall-dns-cloudflare.log

5287:# MochaArch — firewall, regras, atalho e DNS Cloudflare criptografado

Concluído.
