== MOCHAARCH — concluir firewall + Cloudflare DNS-over-TLS + atalhos ==
Timestamp: 20260601-174733
Log: /media/mochafast/MochaArch/ativo/relatorios/20260601-174733-concluir-firewall-dot-atalhos-pos-invalid-zone.log
Documento: /media/mochafast/MochaArch/ativo/documentacao/20260601-174733-firewall-dot-atalhos-concluido.md

[1/12] Validando sudo uma vez no começo...

[2/12] Conferindo pacotes essenciais já instalados...
OK: firewalld 2.4.1-1
OK: plasma-firewall 6.6.5-1
OK: firewall-config 2.4.1-1

[3/12] Garantindo firewalld ativo...
Aguardando firewalld responder... tentativa 1/20
Aguardando firewalld responder... tentativa 2/20
OK: firewalld ativo.

[4/12] Recriando/validando serviços Mocha do firewalld...

[5/12] Corrigindo zona mocha-home com reload no ponto certo...
success
Zona permanente mocha-home já existe.
success
Definindo mocha-home como zona padrão...
success
Removendo serviços abertos por padrão da zona mocha-home...
success
success
Warning: ZONE_ALREADY_SET: mocha-home
success

[6/12] Vinculando conexões ativas do NetworkManager à zona mocha-home...
Conexão ativa: UUID=86368455-f7d7-310a-b8f4-1fb48d3a4c9c DEVICE=enp4s0 -> zona mocha-home
success
success

[7/12] Configurando Cloudflare DNS-over-TLS via systemd-resolved...
Backup de /etc/resolv.conf em: /etc/resolv.conf.mocha-backup-20260601-174733
Mantendo no máximo 2 backups antigos de /etc/resolv.conf...
Created symlink '/etc/systemd/system/dbus-org.freedesktop.resolve1.service' → '/usr/lib/systemd/system/systemd-resolved.service'.
Created symlink '/etc/systemd/system/sysinit.target.wants/systemd-resolved.service' → '/usr/lib/systemd/system/systemd-resolved.service'.
Created symlink '/etc/systemd/system/sockets.target.wants/systemd-resolved-varlink.socket' → '/usr/lib/systemd/system/systemd-resolved-varlink.socket'.
Created symlink '/etc/systemd/system/sockets.target.wants/systemd-resolved-monitor.socket' → '/usr/lib/systemd/system/systemd-resolved-monitor.socket'.

[8/12] Criando comandos Mocha...

[9/12] Criando atalhos no menu e na Área de Trabalho...
Atalhos criados em:
- /home/hal/.local/share/applications
- /home/hal/Área de trabalho

[10/12] Validação final do firewall...
firewalld active/enabled:
active
enabled

firewall-cmd --state:
running

Zona padrão:
mocha-home

Zonas ativas:
mocha-home (default)
  interfaces: enp4s0

Zona mocha-home:
mocha-home (default, active)
  target: default
  ingress-priority: 0
  egress-priority: 0
  icmp-block-inversion: no
  interfaces: enp4s0
  sources: 
  services: 
  ports: 
  protocols: 
  forward: no
  masquerade: no
  forward-ports: 
  source-ports: 
  icmp-blocks: 
  rich rules: 

[11/12] Validação final do DNS...
systemd-resolved active/enabled:
active
enabled

/etc/resolv.conf:
lrwxrwxrwx 1 root root 37 jun  1 17:47 /etc/resolv.conf -> /run/systemd/resolve/stub-resolv.conf

resolvectl status:
Global
           Protocols: -LLMNR +mDNS +DNSOverTLS DNSSEC=no/unsupported
    resolv.conf mode: stub
  Current DNS Server: 1.1.1.1#cloudflare-dns.com
         DNS Servers: 1.1.1.1#cloudflare-dns.com 1.0.0.1#cloudflare-dns.com
                      2606:4700:4700::1111#cloudflare-dns.com
                      2606:4700:4700::1001#cloudflare-dns.com
Fallback DNS Servers: 1.1.1.1#cloudflare-dns.com 1.0.0.1#cloudflare-dns.com
          DNS Domain: ~.

Link 2 (enp4s0)
    Current Scopes: DNS mDNS/IPv4 mDNS/IPv6
         Protocols: +DefaultRoute -LLMNR +mDNS +DNSOverTLS DNSSEC=no/unsupported
Current DNS Server: 192.168.100.1
       DNS Servers: 192.168.100.1 fe80::1%2
     Default Route: yes

Teste DNS:
cloudflare.com: 104.16.132.229                              -- link: enp4s0
                104.16.133.229                              -- link: enp4s0
                2606:4700::6810:85e5                        -- link: enp4s0
                2606:4700::6810:84e5                        -- link: enp4s0

-- Information acquired via protocol DNS in 43.8ms.
-- Data is authenticated: no; Data was acquired via local or encrypted transport: yes
-- Data from: network
DNS funcionando.

[12/12] Documentando...

Concluído.

Resumo:
- Firewall ativo: firewalld.
- Zona padrão: mocha-home.
- DNS criptografado: Cloudflare DNS-over-TLS via systemd-resolved.
- Atalho principal na Área de Trabalho: /home/hal/Área de trabalho/mocha-firewall-gui.desktop
- Documento: /media/mochafast/MochaArch/ativo/documentacao/20260601-174733-firewall-dot-atalhos-concluido.md
