
== Pré-validação ==

== Estado atual ==
Kernel em uso agora:
7.0.10-2-cachyos-bore-lto

Pacotes esperados para Zen + NVIDIA oficial Arch:
linux-zen 7.0.10.zen1-1
linux-zen-headers 7.0.10.zen1-1
dkms 3.4.1-1
nvidia-open-dkms 610.43.02-2
nvidia-utils 610.43.02-2
lib32-nvidia-utils 610.43.02-1
nvidia-settings 610.43.02-1

== Detectando kernel Zen instalado ==
Kernel Zen detectado: 7.0.10-zen1-1-zen

== Validando DKMS NVIDIA no kernel Zen ==
broadcom-wl/6.30.223.271, 7.0.10-arch1-1, x86_64: installed
broadcom-wl/6.30.223.271, 7.0.10-zen1-1-zen, x86_64: installed
nvidia/610.43.02, 7.0.10-arch1-1, x86_64: installed
nvidia/610.43.02, 7.0.10-zen1-1-zen, x86_64: installed

== Regenerando initramfs somente do linux-zen ==
==> Building image from preset: /etc/mkinitcpio.d/linux-zen.preset: 'default'
==> Using default configuration file: '/etc/mkinitcpio.conf'
  -> -k /boot/vmlinuz-linux-zen -g /boot/initramfs-linux-zen.img
==> Starting build: '7.0.10-zen1-1-zen'
  -> Running build hook: [base]
  -> Running build hook: [udev]
  -> Running build hook: [autodetect]
  -> Running build hook: [microcode]
  -> Running build hook: [modconf]
  -> Running build hook: [block]
  -> Running build hook: [keyboard]
  -> Running build hook: [keymap]
  -> Running build hook: [consolefont]
==> WARNING: consolefont: no font found in configuration
  -> Running build hook: [filesystems]
==> Generating module dependencies
==> Creating zstd-compressed initcpio image: '/boot/initramfs-linux-zen.img'
  -> Early uncompressed CPIO image generation successful
==> Initcpio image generation successful

== Configurando GRUB_DEFAULT=saved sem alterar outras opções ==

== Regenerando grub.cfg ==
Gerando o arquivo de configuração do grub...
Imagem Linux encontrada: /boot/vmlinuz-linux-cachyos-bore-lto
Imagem initrd encontrada: /boot/intel-ucode.img /boot/amd-ucode.img /boot/initramfs-linux-cachyos-bore-lto.img
Aviso: Por favor, não use o título antigo 'Arch Linux, with Linux linux-cachyos-bore-lto' para o GRUB_DEFAULT, use 'Advanced options for Arch Linux>Arch Linux, with Linux linux-cachyos-bore-lto' (para versões antes da 2.00) ou 'gnulinux-advanced-2a8beb39-04e6-4520-a873-9134a2f73f53>gnulinux-linux-cachyos-bore-lto-advanced-2a8beb39-04e6-4520-a873-9134a2f73f53' (para a 2.00 ou posterior)
Imagem Linux encontrada: /boot/vmlinuz-linux-zen
Imagem initrd encontrada: /boot/intel-ucode.img /boot/amd-ucode.img /boot/initramfs-linux-zen.img
Imagem Linux encontrada: /boot/vmlinuz-linux
Imagem initrd encontrada: /boot/intel-ucode.img /boot/amd-ucode.img /boot/initramfs-linux.img
Aviso: os-prober não será executado para detectar outras partições de arranque.
Os sistemas nelas presentes não serão adicionados à configuração de arranque do GRUB.\Veja a documentação de GRUB_DISABLE_OS_PROBER.
A adicionar entrada de menu para UEFI Firmware Settings ...
concluído

== Localizando entrada linux-zen não-fallback no GRUB ==
Entrada GRUB definida como padrão: Arch Linux, with Linux linux-zen

== Verificando grubenv ==
saved_entry=Arch Linux, with Linux linux-zen

== Resumo final ==
Zen detectado: 7.0.10-zen1-1-zen
GRUB saved_entry alvo: Arch Linux, with Linux linux-zen

Módulos NVIDIA encontrados no Zen:
/usr/lib/modules/7.0.10-zen1-1-zen/updates/dkms/nvidia.ko.zst

== Concluído ==
Log: /media/mochafast/MochaArch/ativo/relatorios/20260530-143848-finalizar-zen-default-grub.log
Documento: /media/mochafast/MochaArch/ativo/documentacao/20260530-143848-finalizar-zen-default-grub.md
Script salvo: /media/mochafast/MochaArch/ativo/scripts/20260530-143848-mocha-finalizar-zen-default-grub.sh

Agora reinicie:
sudo systemctl reboot

Depois do reboot, valide:
uname -r
nvidia-smi
dkms status | grep -i nvidia || true
