== MOCHAARCH — atualizar manual com estado real aprovado ==
Timestamp: 20260602-193706
Manual: /media/mochafast/MochaArch/ativo/MANUAL-UNICO-VIVO-MONTAGEM-MOCHA-ARCH-KDE.md
Log: /media/mochafast/MochaArch/ativo/relatorios/20260602-193706-atualizar-manual-sddm-steam-estado-real.log

[1/8] Validando manual principal
-rw-r--r-- 1 hal hal 194K jun  2 10:57 /media/mochafast/MochaArch/ativo/MANUAL-UNICO-VIVO-MONTAGEM-MOCHA-ARCH-KDE.md
3e9004b8b6bbcfda458d003707397456a6b41dc771b508cde9c86a83f9748215  /media/mochafast/MochaArch/ativo/MANUAL-UNICO-VIVO-MONTAGEM-MOCHA-ARCH-KDE.md

[2/8] Criando backup
-rw-r--r-- 1 hal hal 194K jun  2 10:57 /media/mochafast/MochaArch/ativo/backups/manual/20260602-193706-MANUAL-UNICO-VIVO-MONTAGEM-MOCHA-ARCH-KDE.md.bak
3e9004b8b6bbcfda458d003707397456a6b41dc771b508cde9c86a83f9748215  /media/mochafast/MochaArch/ativo/backups/manual/20260602-193706-MANUAL-UNICO-VIVO-MONTAGEM-MOCHA-ARCH-KDE.md.bak

[3/8] Validando estado real de SDDM antes de documentar
sddm enabled: enabled
sddm active: active
/usr/lib/systemd/system/sddm.service
OK: SDDM funcional real confirmado em /etc/sddm.conf.d/00-mocha-resgate.conf

[4/8] Validando wrapper Steam antes de documentar
-rwxr-xr-x 1 hal hal 781 jun  2 11:55 /home/hal/.local/bin/mocha-steam-game-run
f1a51b7276a724a4bac3e45bbd20e439c0f005be0624836b0f6b2ea25869cdbe  /home/hal/.local/bin/mocha-steam-game-run
OK: wrapper canônico real confirmado.

[5/8] Preparando bloco canônico de atualização

---

## Entrada aprovada — SDDM funcional real e wrapper Steam canônico — 20260602-193706

### SDDM / login funcional aprovado

Estado real validado:

```text
sddm.service: enabled
sddm.service: active
display-manager: /usr/lib/systemd/system/sddm.service
config funcional: /etc/sddm.conf.d/00-mocha-resgate.conf
tema: breeze
display server: wayland
```

Conteúdo funcional aprovado:

```ini
[Theme]
Current=breeze

[General]
DisplayServer=wayland
GreeterEnvironment=QT_WAYLAND_SHELL_INTEGRATION=layer-shell

[Wayland]
CompositorCommand=kwin_wayland --drm --no-lockscreen --no-global-shortcuts --locale1
```

Regra de não regressão:

- Manter SDDM em Wayland.
- Não usar X11 como fallback.
- Não trocar o tema Breeze funcional por tema customizado sem auditoria, backup e teste controlado.
- O estado funcional aprovado é Breeze + Wayland + fundo Mocha.
- Não desabilitar `sddm.service` se ele estiver `enabled` e `active`.

### Steam / Proton / wrapper canônico

Wrapper canônico validado:

```text
/home/hal/.local/bin/mocha-steam-game-run
```

Launch Option padrão aprovada para jogos testados:

```text
/home/hal/.local/bin/mocha-steam-game-run %command%
```

Regras do wrapper:

- Mantém o desktop em Wayland.
- Bloqueia Proton Wayland nativo para preservar compatibilidade de input.
- Usa `gamemoderun` quando disponível.
- Não usa `gamescope`.
- Não usa `vkbasalt`.
- Não usa `MANGOHUD_DLSYM`.
- Não força `SDL_VIDEODRIVER` globalmente.

Correção aprovada para perda de input após Alt+Tab nos prefixos Proton/Wine:

```text
HKCU\Software\Wine\X11 Driver\UseTakeFocus=N
HKCU\Software\Wine\DirectInput\MouseWarpOverride=force
```

Regra de não regressão:

- Não voltar para Launch Options antigas como `gamemoderun %command%` sem teste comparativo.
- Não reintroduzir gamescope/vkbasalt/MANGOHUD_DLSYM no wrapper canônico.
- Se um jogo específico falhar, auditar por jogo antes de mudar o padrão global.


[6/8] Acrescentando bloco ao manual principal

[7/8] Validando atualização
5390:## Entrada aprovada — SDDM funcional real e wrapper Steam canônico — 20260602-193706
356:/home/hal/.local/bin/mocha-steam-game-run %command%
5438:/home/hal/.local/bin/mocha-steam-game-run %command%
5400:config funcional: /etc/sddm.conf.d/00-mocha-resgate.conf

[8/8] Hash final
-rw-r--r-- 1 hal hal 196K jun  2 19:37 /media/mochafast/MochaArch/ativo/MANUAL-UNICO-VIVO-MONTAGEM-MOCHA-ARCH-KDE.md
726f8ad7dcea02b21e9867628e29a5689848485b50d2331252921e4221e079f6  /media/mochafast/MochaArch/ativo/MANUAL-UNICO-VIVO-MONTAGEM-MOCHA-ARCH-KDE.md

OK: manual atualizado sem alterar SDDM, Steam, kernel, NVIDIA, GRUB ou boot.
Backup: /media/mochafast/MochaArch/ativo/backups/manual/20260602-193706-MANUAL-UNICO-VIVO-MONTAGEM-MOCHA-ARCH-KDE.md.bak
Bloco: /media/mochafast/MochaArch/ativo/relatorios/20260602-193706-bloco-manual-sddm-steam.md
Log: /media/mochafast/MochaArch/ativo/relatorios/20260602-193706-atualizar-manual-sddm-steam-estado-real.log
