
== Mocha Arch — fixando GRUB no CachyOS BORE LTO v3 com permissão corrigida ==
Sat May 30 13:42:43 -03 2026
Linux Mocha 7.0.10-zen1-1-zen #1 ZEN SMP PREEMPT_DYNAMIC Sat, 23 May 2026 14:45:01 +0000 x86_64 GNU/Linux
Log: /media/mochafast/MochaArch/ativo/relatorios/20260530-134240-fixar-grub-cachyos-bore-lto-v3-permissao-corrigida.log
Documento: /media/mochafast/MochaArch/ativo/documentacao/20260530-134240-fixar-grub-cachyos-bore-lto-v3-permissao-corrigida.md
Script salvo: /media/mochafast/MochaArch/ativo/scripts/20260530-134240-mocha-fixar-grub-cachyos-bore-lto-v3-permissao-corrigida.sh

== Escopo seguro ==
Este script NÃO roda pacman -Syu.
Este script NÃO instala pacotes.
Este script NÃO remove pacotes.
Este script NÃO roda mkinitcpio -P.
Este script NÃO reinicia automaticamente.
Este script apenas configura o GRUB para iniciar pelo CachyOS BORE LTO.

== Auditando estado atual ==
linux 7.0.10.arch1-1
linux-headers 7.0.10.arch1-1
linux-zen 7.0.10.zen1-1
linux-zen-headers 7.0.10.zen1-1
linux-cachyos-bore-lto 7.0.10-2
linux-cachyos-bore-lto-headers 7.0.10-2
linux-cachyos-bore-lto-nvidia-open 7.0.10-2
nvidia-utils 610.43.02-3
lib32-nvidia-utils 610.43.02-1

== Validando kernel, driver e initramfs CachyOS ==

Arquivos CachyOS em /boot:
-rw------- 1 root root 107M May 30 13:41 /boot/initramfs-linux-cachyos-bore-lto.img
-rw-r--r-- 1 root root  16M May 30 13:38 /boot/vmlinuz-linux-cachyos-bore-lto

== Validando módulos NVIDIA do CachyOS ==
/usr/lib/modules/7.0.10-2-cachyos-bore-lto/extramodules/nvidia.ko.zst

== Backup controlado do GRUB ==

== Garantindo GRUB_DEFAULT=saved ==

== Regenerando grub.cfg com sudo ==
Generating grub configuration file ...
Found linux image: /boot/vmlinuz-linux-zen
Found initrd image: /boot/intel-ucode.img /boot/amd-ucode.img /boot/initramfs-linux-zen.img
Found linux image: /boot/vmlinuz-linux-cachyos-bore-lto
Found initrd image: /boot/intel-ucode.img /boot/amd-ucode.img /boot/initramfs-linux-cachyos-bore-lto.img
Found linux image: /boot/vmlinuz-linux
Found initrd image: /boot/intel-ucode.img /boot/amd-ucode.img /boot/initramfs-linux.img
Warning: os-prober will not be executed to detect other bootable partitions.
Systems on them will not be added to the GRUB boot configuration.
Check GRUB_DISABLE_OS_PROBER documentation entry.
Adding boot menu entry for UEFI Firmware Settings ...
done

== Lendo entradas do GRUB com sudo ==
Entradas relacionadas a CachyOS/BORE/LTO:
submenu 'Advanced options for Arch Linux' $menuentry_id_option 'gnulinux-advanced-2a8beb39-04e6-4520-a873-9134a2f73f53' {
	menuentry 'Arch Linux, with Linux linux-cachyos-bore-lto' --class arch --class gnu-linux --class gnu --class os $menuentry_id_option 'gnulinux-linux-cachyos-bore-lto-advanced-2a8beb39-04e6-4520-a873-9134a2f73f53' {

Linha CachyOS escolhida:
	menuentry 'Arch Linux, with Linux linux-cachyos-bore-lto' --class arch --class gnu-linux --class gnu --class os $menuentry_id_option 'gnulinux-linux-cachyos-bore-lto-advanced-2a8beb39-04e6-4520-a873-9134a2f73f53' {
GRUB default definido por ID: gnulinux-linux-cachyos-bore-lto-advanced-2a8beb39-04e6-4520-a873-9134a2f73f53

== Validando grubenv ==
saved_entry=gnulinux-linux-cachyos-bore-lto-advanced-2a8beb39-04e6-4520-a873-9134a2f73f53

== Resumo de boot ==
Kernel atual ainda é o do boot presente:
7.0.10-zen1-1-zen

Próximo boot padrão configurado para:
ID: gnulinux-linux-cachyos-bore-lto-advanced-2a8beb39-04e6-4520-a873-9134a2f73f53

Pacotes NVIDIA atuais:
linux-cachyos-bore-lto-nvidia-open 7.0.10-2
nvidia-utils 610.43.02-3
lib32-nvidia-utils 610.43.02-1

== Documentando correção ==

== Resumo final ==
Correção concluída.
GRUB foi apontado para o CachyOS BORE LTO v3.
Driver NVIDIA CachyOS permanece instalado.
Não houve reinstalação, remoção nem reinício automático.
Log: /media/mochafast/MochaArch/ativo/relatorios/20260530-134240-fixar-grub-cachyos-bore-lto-v3-permissao-corrigida.log
Documento: /media/mochafast/MochaArch/ativo/documentacao/20260530-134240-fixar-grub-cachyos-bore-lto-v3-permissao-corrigida.md
Script salvo: /media/mochafast/MochaArch/ativo/scripts/20260530-134240-mocha-fixar-grub-cachyos-bore-lto-v3-permissao-corrigida.sh
