
== MOCHAARCH — auditoria kernel / NVIDIA / GRUB com sudo keepalive ==
Timestamp: 20260602-084433
Log: /media/mochafast/MochaArch/ativo/relatorios/20260602-084433-auditoria-kernel-nvidia-grub-com-sudo-keepalive.log
SUDO usado: /usr/bin/sudo

== Autenticação sudo inicial ==
sudo -v autenticado.
Keepalive sudo ativo durante a auditoria.

== Kernel em execução ==
Kernel em execução: 7.0.10-2-cachyos

$ uname -a
Linux Mocha 7.0.10-2-cachyos #1 SMP PREEMPT_DYNAMIC Thu, 28 May 2026 21:12:58 +0000 x86_64 GNU/Linux

== Linha de boot atual ==
BOOT_IMAGE=/boot/vmlinuz-linux-cachyos root=UUID=a6248851-81d9-42ba-b3cf-b2d0d0dc44d4 rw quiet splash loglevel=3

== Placa de vídeo e driver em uso ==

$ lspci -nnk -d 10de:
01:00.0 VGA compatible controller [0300]: NVIDIA Corporation GB206 [GeForce RTX 5060 Ti] [10de:2d04] (rev a1)
	Subsystem: Micro-Star International Co., Ltd. [MSI] Device [1462:5351]
	Kernel driver in use: nvidia
	Kernel modules: nouveau, nvidia_drm, nvidia
01:00.1 Audio device [0403]: NVIDIA Corporation GB206 High Definition Audio Controller [10de:22eb] (rev a1)
	Subsystem: NVIDIA Corporation Device [10de:0000]
	Kernel driver in use: snd_hda_intel
	Kernel modules: snd_hda_intel

Controladores gráficos detectados:
00:00.0 Host bridge [0600]: Advanced Micro Devices, Inc. [AMD] Renoir/Cezanne Root Complex [1022:1630]
	Subsystem: ASUSTeK Computer Inc. Device [1043:8809]
00:00.2 IOMMU [0806]: Advanced Micro Devices, Inc. [AMD] Renoir/Cezanne IOMMU [1022:1631]
	Subsystem: ASUSTeK Computer Inc. Device [1043:8809]
00:01.0 Host bridge [0600]: Advanced Micro Devices, Inc. [AMD] Renoir PCIe Dummy Host Bridge [1022:1632]
00:01.1 PCI bridge [0604]: Advanced Micro Devices, Inc. [AMD] Renoir PCIe GPP Bridge [1022:1633]
	Subsystem: ASUSTeK Computer Inc. Device [1043:8809]
	Kernel driver in use: pcieport
	Kernel modules: shpchp
00:02.0 Host bridge [0600]: Advanced Micro Devices, Inc. [AMD] Renoir PCIe Dummy Host Bridge [1022:1632]
	DeviceName:  Onboard IGD
00:02.1 PCI bridge [0604]: Advanced Micro Devices, Inc. [AMD] Renoir/Cezanne PCIe GPP Bridge [1022:1634]
	Subsystem: ASUSTeK Computer Inc. Device [1043:8809]
	Kernel driver in use: pcieport
	Kernel modules: shpchp
00:02.2 PCI bridge [0604]: Advanced Micro Devices, Inc. [AMD] Renoir/Cezanne PCIe GPP Bridge [1022:1634]
	Subsystem: ASUSTeK Computer Inc. Device [1043:8809]
	Kernel driver in use: pcieport
	Kernel modules: shpchp
00:08.0 Host bridge [0600]: Advanced Micro Devices, Inc. [AMD] Renoir PCIe Dummy Host Bridge [1022:1632]
00:08.1 PCI bridge [0604]: Advanced Micro Devices, Inc. [AMD] Renoir Internal PCIe GPP Bridge to Bus [1022:1635]
	Subsystem: ASUSTeK Computer Inc. Device [1043:8809]
	Kernel driver in use: pcieport
	Kernel modules: shpchp
00:14.0 SMBus [0c05]: Advanced Micro Devices, Inc. [AMD] FCH SMBus Controller [1022:790b] (rev 51)
	Subsystem: ASUSTeK Computer Inc. Device [1043:87e1]
	Kernel driver in use: piix4_smbus
	Kernel modules: i2c_piix4, sp5100_tco
00:14.3 ISA bridge [0601]: Advanced Micro Devices, Inc. [AMD] FCH LPC Bridge [1022:790e] (rev 51)
	Subsystem: ASUSTeK Computer Inc. Device [1043:87e1]
00:18.0 Host bridge [0600]: Advanced Micro Devices, Inc. [AMD] Cezanne Data Fabric; Function 0 [1022:166a]
00:18.1 Host bridge [0600]: Advanced Micro Devices, Inc. [AMD] Cezanne Data Fabric; Function 1 [1022:166b]
00:18.2 Host bridge [0600]: Advanced Micro Devices, Inc. [AMD] Cezanne Data Fabric; Function 2 [1022:166c]
00:18.3 Host bridge [0600]: Advanced Micro Devices, Inc. [AMD] Cezanne Data Fabric; Function 3 [1022:166d]
	Kernel driver in use: k10temp
	Kernel modules: k10temp
00:18.4 Host bridge [0600]: Advanced Micro Devices, Inc. [AMD] Cezanne Data Fabric; Function 4 [1022:166e]
00:18.5 Host bridge [0600]: Advanced Micro Devices, Inc. [AMD] Cezanne Data Fabric; Function 5 [1022:166f]
00:18.6 Host bridge [0600]: Advanced Micro Devices, Inc. [AMD] Cezanne Data Fabric; Function 6 [1022:1670]
00:18.7 Host bridge [0600]: Advanced Micro Devices, Inc. [AMD] Cezanne Data Fabric; Function 7 [1022:1671]
01:00.0 VGA compatible controller [0300]: NVIDIA Corporation GB206 [GeForce RTX 5060 Ti] [10de:2d04] (rev a1)
	Subsystem: Micro-Star International Co., Ltd. [MSI] Device [1462:5351]
	Kernel driver in use: nvidia
	Kernel modules: nouveau, nvidia_drm, nvidia
01:00.1 Audio device [0403]: NVIDIA Corporation GB206 High Definition Audio Controller [10de:22eb] (rev a1)
	Subsystem: NVIDIA Corporation Device [10de:0000]
	Kernel driver in use: snd_hda_intel
	Kernel modules: snd_hda_intel
02:00.0 USB controller [0c03]: Advanced Micro Devices, Inc. [AMD] A520 Series Chipset USB 3.1 XHCI Controller [1022:43ec]
	Subsystem: ASMedia Technology Inc. Device [1b21:1142]
	Kernel driver in use: xhci_hcd
	Kernel modules: xhci_pci
02:00.1 SATA controller [0106]: Advanced Micro Devices, Inc. [AMD] 500 Series Chipset SATA Controller [1022:43eb]
	Subsystem: ASMedia Technology Inc. ASM1062 Serial ATA Controller [1b21:1062]
	Kernel driver in use: ahci
	Kernel modules: ahci
02:00.2 PCI bridge [0604]: Advanced Micro Devices, Inc. [AMD] 500 Series Chipset Switch Upstream Port [1022:43e9]
	Subsystem: ASMedia Technology Inc. Device [1b21:0201]
	Kernel driver in use: pcieport
	Kernel modules: shpchp
03:00.0 PCI bridge [0604]: Advanced Micro Devices, Inc. [AMD] 500 Series Chipset Switch Downstream Port [1022:43ea]
	Subsystem: ASMedia Technology Inc. Device [1b21:3308]
	Kernel driver in use: pcieport
	Kernel modules: shpchp
03:01.0 PCI bridge [0604]: Advanced Micro Devices, Inc. [AMD] 500 Series Chipset Switch Downstream Port [1022:43ea]
	Subsystem: ASMedia Technology Inc. Device [1b21:3308]
	Kernel driver in use: pcieport
	Kernel modules: shpchp
03:02.0 PCI bridge [0604]: Advanced Micro Devices, Inc. [AMD] 500 Series Chipset Switch Downstream Port [1022:43ea]
	Subsystem: ASMedia Technology Inc. Device [1b21:3308]
	Kernel driver in use: pcieport
	Kernel modules: shpchp
03:03.0 PCI bridge [0604]: Advanced Micro Devices, Inc. [AMD] 500 Series Chipset Switch Downstream Port [1022:43ea]
	Subsystem: ASMedia Technology Inc. Device [1b21:3308]
	Kernel driver in use: pcieport
	Kernel modules: shpchp
04:00.0 Ethernet controller [0200]: Realtek Semiconductor Co., Ltd. RTL8111/8168/8211/8411 PCI Express Gigabit Ethernet Controller [10ec:8168] (rev 15)
--
09:00.0 Non-Essential Instrumentation [1300]: Advanced Micro Devices, Inc. [AMD] Zeppelin/Raven/Raven2 PCIe Dummy Function [1022:145a] (rev c8)
	Subsystem: ASUSTeK Computer Inc. Device [1043:8809]
09:00.1 Audio device [0403]: Advanced Micro Devices, Inc. [AMD/ATI] Renoir/Cezanne HDMI/DP Audio Controller [1002:1637]
	Subsystem: ASUSTeK Computer Inc. Device [1043:8809]
	Kernel driver in use: snd_hda_intel
	Kernel modules: snd_hda_intel
09:00.2 Encryption controller [1080]: Advanced Micro Devices, Inc. [AMD] Raven/Raven2/FireFlight/Renoir/Cezanne Platform Security Processor [1022:15df]
	Subsystem: ASUSTeK Computer Inc. Device [1043:8809]
	Kernel driver in use: ccp
	Kernel modules: ccp
09:00.3 USB controller [0c03]: Advanced Micro Devices, Inc. [AMD] Renoir/Cezanne USB 3.1 [1022:1639]
	Subsystem: ASUSTeK Computer Inc. Device [1043:87e1]
	Kernel driver in use: xhci_hcd
	Kernel modules: xhci_pci
09:00.4 USB controller [0c03]: Advanced Micro Devices, Inc. [AMD] Renoir/Cezanne USB 3.1 [1022:1639]
	Subsystem: ASUSTeK Computer Inc. Device [1043:87e1]
	Kernel driver in use: xhci_hcd
	Kernel modules: xhci_pci

== Estado NVIDIA neste boot ==
Tue Jun  2 08:44:41 2026       
+-----------------------------------------------------------------------------------------+
| NVIDIA-SMI 610.43.02              KMD Version: 610.43.02     CUDA UMD Version: 13.3     |
+-----------------------------------------+------------------------+----------------------+
| GPU  Name                 Persistence-M | Bus-Id          Disp.A | Volatile Uncorr. ECC |
| Fan  Temp   Perf          Pwr:Usage/Cap |           Memory-Usage | GPU-Util  Compute M. |
|                                         |                        |               MIG M. |
|=========================================+========================+======================|
|   0  NVIDIA GeForce RTX 5060 Ti     Off |   00000000:01:00.0  On |                  N/A |
|  0%   34C    P8             11W /  180W |     675MiB /  16311MiB |      1%      Default |
|                                         |                        |                  N/A |
+-----------------------------------------+------------------------+----------------------+

+-----------------------------------------------------------------------------------------+
| Processes:                                                                              |
|  GPU   GI   CI              PID   Type   Process name                        GPU Memory |
|        ID   ID                                                               Usage      |
|=========================================================================================|
|    0   N/A  N/A             726      G   /usr/lib/Xorg                            15MiB |
|    0   N/A  N/A             806      G   /usr/bin/ksecretd                         2MiB |
|    0   N/A  N/A             842      G   /usr/bin/kwin_wayland                    22MiB |
|    0   N/A  N/A             949      G   /usr/bin/Xwayland                         3MiB |
|    0   N/A  N/A             992      G   /usr/bin/ksmserver                        2MiB |
|    0   N/A  N/A             994      G   /usr/bin/kded6                            2MiB |
|    0   N/A  N/A            1027      G   /usr/bin/plasmashell                     54MiB |
|    0   N/A  N/A            1101      G   /usr/bin/kaccess                          2MiB |
|    0   N/A  N/A            1102      G   ...it-kde-authentication-agent-1          2MiB |
|    0   N/A  N/A            1213      G   /usr/bin/kdeconnectd                      2MiB |
|    0   N/A  N/A            1239      G   /usr/bin/akonadi_control                  2MiB |
|    0   N/A  N/A            1253      G   ...bin/akonadi_archivemail_agent          2MiB |
|    0   N/A  N/A            1256      G   ...konadi_followupreminder_agent          2MiB |
|    0   N/A  N/A            1260      G   .../akonadi_maildispatcher_agent          2MiB |
|    0   N/A  N/A            1261      G   .../bin/akonadi_mailfilter_agent          2MiB |
|    0   N/A  N/A            1262      G   /usr/bin/akonadi_mailmerge_agent          2MiB |
|    0   N/A  N/A            1263      G   /usr/bin/akonadi_migration_agent          2MiB |
|    0   N/A  N/A            1264      G   ...akonadi_newmailnotifier_agent          2MiB |
|    0   N/A  N/A            1265      G   /usr/bin/akonadi_sendlater_agent          2MiB |
|    0   N/A  N/A            1266      G   .../akonadi_unifiedmailbox_agent          2MiB |
|    0   N/A  N/A            1415      G   /usr/lib/DiscoverNotifier                 2MiB |
|    0   N/A  N/A            1416      G   /usr/bin/kalendarac                       2MiB |
|    0   N/A  N/A            1423      G   /usr/bin/kmix                             2MiB |
|    0   N/A  N/A            1478      G   /usr/lib/xdg-desktop-portal-kde           2MiB |
|    0   N/A  N/A            1566      G   /usr/lib/firefox/firefox                215MiB |
|    0   N/A  N/A            2234      G   /usr/bin/konsole                          2MiB |
+-----------------------------------------------------------------------------------------+

Módulos carregados NVIDIA/nouveau:
nvidia_drm            176128  94
nvidia_modeset       1847296  56 nvidia_drm
nvidia_uvm           2359296  0
nvidia              17174528  1057 nvidia_uvm,nvidia_modeset

== Módulo NVIDIA disponível para o kernel em execução ==
modinfo nvidia: OK
Versão do módulo: 610.43.02
Vermagic: 7.0.10-2-cachyos SMP preempt mod_unload 
Arquivo: /lib/modules/7.0.10-2-cachyos/extramodules/nvidia.ko.zst

Teste seco de modprobe, sem carregar módulo:

Arquivos nvidia*.ko* em /usr/lib/modules/7.0.10-2-cachyos:
/usr/lib/modules/7.0.10-2-cachyos/extramodules/nvidia-drm.ko.zst
/usr/lib/modules/7.0.10-2-cachyos/extramodules/nvidia.ko.zst
/usr/lib/modules/7.0.10-2-cachyos/extramodules/nvidia-modeset.ko.zst
/usr/lib/modules/7.0.10-2-cachyos/extramodules/nvidia-peermem.ko.zst
/usr/lib/modules/7.0.10-2-cachyos/extramodules/nvidia-uvm.ko.zst
/usr/lib/modules/7.0.10-2-cachyos/kernel/drivers/platform/x86/nvidia-wmi-ec-backlight.ko.zst

== Pacotes instalados relevantes ==
cachyos-keyring 20240331-1
cachyos-mirrorlist 27-1
cachyos-v3-mirrorlist 27-1
cachyos-v4-mirrorlist 27-1
dkms 3.4.1-1
grub 2:2.14-1
lib32-nvidia-utils 610.43.02-1
linux-api-headers 6.19-1
linux-atm 2.5.2-9
linux-cachyos 7.0.10-2
linux-cachyos-headers 7.0.10-2
linux-cachyos-nvidia-open 7.0.10-2
linux-firmware 20260519-1
linux-firmware-amdgpu 20260519-1
linux-firmware-atheros 20260519-1
linux-firmware-broadcom 20260519-1
linux-firmware-cirrus 20260519-1
linux-firmware-intel 20260519-1
linux-firmware-mediatek 20260519-1
linux-firmware-nvidia 20260519-1
linux-firmware-other 20260519-1
linux-firmware-radeon 20260519-1
linux-firmware-realtek 20260519-1
linux-firmware-whence 20260519-1
linux-headers 7.0.10.arch1-1
mesa 1:26.1.1-2
mesa-demos 9.0.0-7
mesa-utils 9.0.0-7
mkinitcpio 41-4
mkinitcpio-busybox 1.36.1-1
mkinitcpio-nfs-utils 0.3-8
nvidia-settings 610.43.02-1
nvidia-utils 610.43.02-3
vulkan-icd-loader 1.4.350.0-1
vulkan-tools 1.4.350.0-1

Pacotes explicitamente instalados relevantes:
cachyos-keyring
cachyos-mirrorlist
cachyos-v3-mirrorlist
cachyos-v4-mirrorlist
grub
lib32-nvidia-utils
linux
linux-atm
linux-cachyos
linux-cachyos-headers
linux-cachyos-nvidia-open
linux-firmware
linux-headers
mesa-demos
mkinitcpio
mkinitcpio-busybox
mkinitcpio-nfs-utils
nvidia-settings
nvidia-utils

== Repositórios Pacman ativos ==
[options]
[core]
Include = /etc/pacman.d/mirrorlist
[extra]
Include = /etc/pacman.d/mirrorlist
[multilib]
Include = /etc/pacman.d/mirrorlist

Arquivos Cachy em /etc/pacman.d:
/etc/pacman.d/cachyos-mirrorlist
/etc/pacman.d/cachyos-v3-mirrorlist
/etc/pacman.d/cachyos-v4-mirrorlist

== DKMS ==

$ dkms status
broadcom-wl/6.30.223.271, 7.0.10-2-cachyos, x86_64: installed
broadcom-wl/6.30.223.271, 7.0.10-arch1-1, x86_64: installed

== Boot em /boot ==

$ ls -lah /boot
total 285M
drwxr-xr-x  4 root root 4,0K jun  2 08:36 .
drwxr-xr-x 18 root root 4,0K jun  2 07:49 ..
-rw-r--r--  1 root root 300K mai 19 21:22 amd-ucode.img
drwx------  3 root root 4,0K dez 31  1969 efi
drwxr-xr-x  6 root root 4,0K jun  2 08:36 grub
-rw-------  1 root root 119M jun  2 08:36 initramfs-linux-cachyos.img
-rw-------  1 root root 119M jun  2 08:36 initramfs-linux.img
-rw-r--r--  1 root root  15M mai 12 14:27 intel-ucode.img
-rw-r--r--  1 root root  17M jun  2 07:28 vmlinuz-linux
-rw-r--r--  1 root root  17M jun  2 08:36 vmlinuz-linux-cachyos

Kernels e initramfs detectados:
2026-05-12 14:27  /boot/intel-ucode.img
2026-05-19 21:22  /boot/amd-ucode.img
2026-06-02 07:28  /boot/vmlinuz-linux
2026-06-02 08:36  /boot/initramfs-linux-cachyos.img
2026-06-02 08:36  /boot/initramfs-linux.img
2026-06-02 08:36  /boot/vmlinuz-linux-cachyos

== mkinitcpio ==

$ ls -lah /etc/mkinitcpio.d
total 24K
drwxr-xr-x   2 root root 4,0K jun  2 08:36 .
drwxr-xr-x 109 root root  12K jun  2 08:39 ..
-rw-r--r--   1 root root  644 jun  2 08:36 linux-cachyos.preset
-rw-r--r--   1 root root  588 jun  2 07:28 linux.preset

--- /etc/mkinitcpio.d/linux-cachyos.preset ---
# mkinitcpio preset file for the 'linux-cachyos' package

#ALL_config="/etc/mkinitcpio.conf"
ALL_kver="/boot/vmlinuz-linux-cachyos"
#ALL_kerneldest="/boot/vmlinuz-linux-cachyos"

PRESETS=('default')
#PRESETS=('default' 'fallback')

#default_config="/etc/mkinitcpio.conf"
default_image="/boot/initramfs-linux-cachyos.img"
#default_uki="/efi/EFI/Linux/arch-linux-cachyos.efi"
#default_options="--splash /usr/share/systemd/bootctl/splash-arch.bmp"

#fallback_config="/etc/mkinitcpio.conf"
#fallback_image="/boot/initramfs-linux-cachyos-fallback.img"
#fallback_uki="/efi/EFI/Linux/arch-linux-cachyos-fallback.efi"
#fallback_options="-S autodetect"

--- /etc/mkinitcpio.d/linux.preset ---
# mkinitcpio preset file for the 'linux' package

#ALL_config="/etc/mkinitcpio.conf"
ALL_kver="/boot/vmlinuz-linux"
#ALL_kerneldest="/boot/vmlinuz-linux"

PRESETS=('default')
#PRESETS=('default' 'fallback')

#default_config="/etc/mkinitcpio.conf"
default_image="/boot/initramfs-linux.img"
#default_uki="/efi/EFI/Linux/arch-linux.efi"
#default_options="--splash /usr/share/systemd/bootctl/splash-arch.bmp"

#fallback_config="/etc/mkinitcpio.conf"
#fallback_image="/boot/initramfs-linux-fallback.img"
#fallback_uki="/efi/EFI/Linux/arch-linux-fallback.efi"
#fallback_options="-S autodetect"

Linhas relevantes de /etc/mkinitcpio.conf:
7:MODULES=()
14:BINARIES=()
19:FILES=()
55:HOOKS=(base udev autodetect microcode kms modconf block keyboard keymap consolefont filesystems)

== GRUB — default e menu real ==

# sudo grep -nE ^(GRUB_DEFAULT|GRUB_SAVEDEFAULT|GRUB_DISABLE_SUBMENU|GRUB_CMDLINE_LINUX|GRUB_CMDLINE_LINUX_DEFAULT) /etc/default/grub
3:GRUB_DEFAULT=saved
6:GRUB_CMDLINE_LINUX_DEFAULT='quiet splash loglevel=3'
7:GRUB_CMDLINE_LINUX=""
64:GRUB_SAVEDEFAULT=false

grubenv:
saved_entry=Advanced options for Arch Linux>Arch Linux, with Linux linux-cachyos

Menuentries e submenus do /boot/grub/grub.cfg:
109: menuentry 'Arch Linux' --class arch --class gnu-linux --class gnu --class os $menuentry_id_option 'gnulinux-simple-a6248851-81d9-42ba-b3cf-b2d0d0dc44d4' {
121: submenu 'Advanced options for Arch Linux' $menuentry_id_option 'gnulinux-advanced-a6248851-81d9-42ba-b3cf-b2d0d0dc44d4' {

Linhas linux/vmlinuz no grub.cfg:
117:	linux	/boot/vmlinuz-linux-cachyos root=UUID=a6248851-81d9-42ba-b3cf-b2d0d0dc44d4 rw  quiet splash loglevel=3
130:		linux	/boot/vmlinuz-linux-cachyos root=UUID=a6248851-81d9-42ba-b3cf-b2d0d0dc44d4 rw  quiet splash loglevel=3
142:		linux	/boot/vmlinuz-linux root=UUID=a6248851-81d9-42ba-b3cf-b2d0d0dc44d4 rw  quiet splash loglevel=3

== Logs do boot atual relacionados a NVIDIA/kernel ==

Warnings do boot atual:
jun 02 08:38:59 Mocha kernel: sd 6:0:0:0: [sdc] Optimal transfer size 33553920 bytes not a multiple of preferred minimum block size (4096 bytes)
jun 02 08:38:59 Mocha kernel: nvidia: loading out-of-tree module taints kernel.
jun 02 08:38:59 Mocha systemd-journald[374]: File /var/log/journal/666c8700bd1c42c7b64a171b54610dfe/system.journal corrupted or uncleanly shut down, renaming and replacing.
jun 02 08:38:59 Mocha kernel: 
jun 02 08:38:59 Mocha kernel: NVRM: loading NVIDIA UNIX Open Kernel Module for x86_64  610.43.02  Release Build  (notroot@)  Thu May 28 21:29:30 UTC 2026
jun 02 08:39:00 Mocha kernel: asus_wmi: failed to register LPS0 sleep handler in asus-wmi
jun 02 08:39:03 Mocha avahi-daemon[660]: Failed to parse address 'fe80::1%enp4s0', ignoring.
jun 02 08:39:03 Mocha bluetoothd[661]: Failed to set default system config for hci0
jun 02 08:39:04 Mocha dbus-broker-launch[655]: Activation request for 'org.freedesktop.home1' failed: The systemd unit 'dbus-org.freedesktop.home1.service' could not be found.
jun 02 08:39:04 Mocha dbus-broker-launch[752]: Service file '/usr/share//dbus-1/services/org.kde.dolphin.FileManager1.service' is not named after the D-Bus name 'org.freedesktop.FileManager1'.
jun 02 08:39:04 Mocha dbus-broker-launch[752]: Service file '/usr/share//dbus-1/services/org.kde.kscreen.service' is not named after the D-Bus name 'org.kde.KScreen'.
jun 02 08:39:04 Mocha dbus-broker-launch[752]: Service file '/usr/share//dbus-1/services/org.kde.plasma.Notifications.service' is not named after the D-Bus name 'org.freedesktop.Notifications'.
jun 02 08:39:04 Mocha sddm-greeter-qt6[749]: Member enabled of the object ImageButton_QMLTYPE_16 overrides a member of the base object. Consider renaming it or adding final or override specifier
jun 02 08:39:04 Mocha sddm-greeter-qt6[749]: file:///usr/lib/qt6/qml/SddmComponents/LayoutBox.qml:35:5: QML Connections: Implicitly defined onFoo properties in Connections are deprecated. Use this syntax instead: function onFoo(<arguments>) { ... }
jun 02 08:39:04 Mocha sddm-greeter-qt6[749]: file:///usr/lib/qt6/qml/SddmComponents/ComboBox.qml:105:9: QML Image: Cannot open: file:///usr/lib/qt6/qml/SddmComponents/angle-down.png
jun 02 08:39:04 Mocha sddm-greeter-qt6[749]: file:///usr/lib/qt6/qml/SddmComponents/ComboBox.qml:105:9: QML Image: Cannot open: file:///usr/lib/qt6/qml/SddmComponents/angle-down.png
jun 02 08:39:04 Mocha sddm-greeter-qt6[749]: qrc:/theme/Main.qml:41:5: QML Connections: Implicitly defined onFoo properties in Connections are deprecated. Use this syntax instead: function onFoo(<arguments>) { ... }
jun 02 08:39:07 Mocha sddm-greeter-qt6[749]: file:///usr/lib/qt6/qml/SddmComponents/PictureBox.qml:106:13 Parameter "event" is not declared. Injection of parameters into signal handlers is deprecated. Use JavaScript functions with formal parameters instead.
jun 02 08:39:08 Mocha dbus-broker-launch[655]: Activation request for 'org.freedesktop.resolve1' failed: The systemd unit 'dbus-org.freedesktop.resolve1.service' could not be found.
jun 02 08:39:08 Mocha NetworkManager[658]: ((../NetworkManager/src/libnm-systemd-core/src/libsystemd/sd-event/sd-event.c:4458)): assertion '<dropped>' failed
jun 02 08:39:09 Mocha systemd-journald[374]: File /var/log/journal/666c8700bd1c42c7b64a171b54610dfe/user-1000.journal corrupted or uncleanly shut down, renaming and replacing.
jun 02 08:39:09 Mocha systemd[770]: sys-devices-pci0000:00-0000:00:01.1-0000:01:00.1-sound-card0-controlC0.device: Failed to enqueue SYSTEMD_USER_WANTS job, ignoring: Transaction for sound.target/start is destructive (sound.target has 'stop' job queued, but 'start' is included in transaction).
jun 02 08:39:09 Mocha systemd[770]: sys-devices-pci0000:00-0000:00:08.1-0000:09:00.1-sound-card1-controlC1.device: Failed to enqueue SYSTEMD_USER_WANTS job, ignoring: Transaction for sound.target/start is destructive (sound.target has 'stop' job queued, but 'start' is included in transaction).
jun 02 08:39:09 Mocha dbus-broker-launch[825]: Service file '/usr/share//dbus-1/services/org.kde.dolphin.FileManager1.service' is not named after the D-Bus name 'org.freedesktop.FileManager1'.
jun 02 08:39:09 Mocha dbus-broker-launch[825]: Service file '/usr/share//dbus-1/services/org.kde.kscreen.service' is not named after the D-Bus name 'org.kde.KScreen'.
jun 02 08:39:09 Mocha dbus-broker-launch[825]: Service file '/usr/share//dbus-1/services/org.kde.plasma.Notifications.service' is not named after the D-Bus name 'org.freedesktop.Notifications'.
jun 02 08:39:10 Mocha kwin_wayland[842]: Failed to gain real time thread priority (See CAP_SYS_NICE in the capabilities(7) man page). error: Operation not permitted
jun 02 08:39:10 Mocha /usr/lib/xdg-desktop-portal[850]: Choosing gtk.portal for org.freedesktop.impl.portal.Lockdown as a last-resort fallback
jun 02 08:39:10 Mocha kwin_wayland[842]: Failed to gain real time thread priority (See CAP_SYS_NICE in the capabilities(7) man page). error: Operação não permitida
jun 02 08:39:10 Mocha kwin_wayland[842]: XKB: /usr/share/X11/locale/pt_BR.UTF-8/Compose:13:28: this compose sequence already exists; overriding
jun 02 08:39:10 Mocha kwin_wayland[842]: XKB: /usr/share/X11/locale/pt_BR.UTF-8/Compose:14:28: this compose sequence already exists; overriding
jun 02 08:39:10 Mocha kwin_wayland[842]: XKB: /usr/share/X11/locale/pt_BR.UTF-8/Compose:16:34: this compose sequence already exists; overriding
jun 02 08:39:10 Mocha kwin_wayland[842]: XKB: /usr/share/X11/locale/pt_BR.UTF-8/Compose:17:34: this compose sequence already exists; overriding
jun 02 08:39:10 Mocha kwin_wayland[842]: XKB: /usr/share/X11/locale/pt_BR.UTF-8/Compose:19:39: a sequence already exists which is a prefix of this sequence; overriding
jun 02 08:39:10 Mocha kernel: nvme nvme0: using unchecked data buffer
jun 02 08:39:10 Mocha kernel: block nvme0n1: No UUID available providing old NGUID
jun 02 08:39:10 Mocha kwin_wayland[842]: Failed to gain real time thread priority (See CAP_SYS_NICE in the capabilities(7) man page). error: Operação não permitida
jun 02 08:39:10 Mocha baloo_file[841]: QDBusConnection: name 'org.freedesktop.UPower' had owner '' but we thought it was ':1.22'
jun 02 08:39:10 Mocha wireplumber[925]: pw.resource: can't create node: Arquivo ou diretório inexistente
jun 02 08:39:10 Mocha wireplumber[925]: wp-node: failed to create node from factory 'spa-node-factory'
jun 02 08:39:11 Mocha kded6[994]: QDBusObjectPath: invalid path "/modules/plasma-session-shortcuts"
jun 02 08:39:11 Mocha kded6[994]: The kded module name "plasma-session-shortcuts" is invalid!
jun 02 08:39:11 Mocha kded6[994]: Unable to register service to systemBus: "com.redhat.NewPrinterNotification"
jun 02 08:39:11 Mocha kded6[994]: QDBusObjectPath: invalid path "/modules/wpad-detector"
jun 02 08:39:11 Mocha kded6[994]: The kded module name "wpad-detector" is invalid!
jun 02 08:39:11 Mocha kded6[994]: QDBusObjectPath: invalid path "/modules/oom-notifier"
jun 02 08:39:11 Mocha kded6[994]: The kded module name "oom-notifier" is invalid!
jun 02 08:39:11 Mocha kded6[994]: Failed to connect to Bolt manager DBus interface: 
jun 02 08:39:11 Mocha kconf_update[1107]: /usr/share/kconf_update/webenginepart.upd defined Version=5 but Version=6 was expected
jun 02 08:39:11 Mocha dbus-broker-launch[655]: Activation request for 'org.freedesktop.ModemManager1' failed: The systemd unit 'dbus-org.freedesktop.ModemManager1.service' could not be found.
jun 02 08:39:11 Mocha kded6[994]: Failed enumerating MM objects: "org.freedesktop.DBus.Error.NameHasNoOwner" 
                                   "Could not activate remote peer 'org.freedesktop.ModemManager1': activation request failed: unknown unit"
jun 02 08:39:11 Mocha plasmashell[1027]: Could not find required file "mainscript" for package "/usr/share/plasma/plasmoids/org.kde.plasma.icontasks/" should be QList("ui/main.qml")
jun 02 08:39:11 Mocha kded6[994]: PendingCall Error: "The name is not activatable"
jun 02 08:39:11 Mocha kded6[994]: No object for name "alsa_output.pci-0000_01_00.1.hdmi-stereo.monitor"
jun 02 08:39:11 Mocha plasmashell[1027]: Member visible of the object PlasmaQuick::Dialog overrides a member of the base object. Consider renaming it or adding final or override specifier
jun 02 08:39:11 Mocha plasmashell[1027]: Member enabled of the object DeclarativeDropArea overrides a member of the base object. Consider renaming it or adding final or override specifier
jun 02 08:39:13 Mocha plasmashell[1027]: No object for name "alsa_output.pci-0000_01_00.1.hdmi-stereo.monitor"
jun 02 08:39:15 Mocha akonadi_control[1239]: Connecting to deprecated signal QDBusConnectionInterface::serviceOwnerChanged(QString,QString,QString)
jun 02 08:39:15 Mocha akonadiserver[1244]: Connecting to deprecated signal QDBusConnectionInterface::serviceOwnerChanged(QString,QString,QString)
jun 02 08:39:15 Mocha akonadi_control[1239]: Agent instance (agentInstanceAccountId)  "akonadi_contacts_resource_0"  has no agent account interface.
jun 02 08:39:15 Mocha akonadi_control[1239]: Agent instance (agentInstanceAccountId)  "akonadi_contacts_resource_0"  has no agent account interface.
jun 02 08:39:15 Mocha akonadi_control[1239]: Agent instance (agentInstanceAccountId)  "akonadi_contacts_resource_0"  has no agent account interface.
jun 02 08:39:15 Mocha akonadi_control[1239]: Agent instance (agentInstanceAccountId)  "akonadi_contacts_resource_0"  has no agent account interface.
jun 02 08:39:15 Mocha akonadi_control[1239]: Agent instance (agentInstanceAccountId)  "akonadi_contacts_resource_0"  has no agent account interface.
jun 02 08:39:15 Mocha akonadi_control[1239]: Agent instance (agentInstanceAccountId)  "akonadi_contacts_resource_0"  has no agent account interface.
jun 02 08:39:15 Mocha akonadi_control[1239]: Agent instance (agentInstanceAccountId)  "akonadi_contacts_resource_0"  has no agent account interface.
jun 02 08:39:15 Mocha akonadi_control[1239]: Agent instance (agentInstanceAccountId)  "akonadi_contacts_resource_0"  has no agent account interface.
jun 02 08:39:15 Mocha akonadi_control[1239]: Agent instance (agentInstanceAccountId)  "akonadi_contacts_resource_0"  has no agent account interface.
jun 02 08:39:15 Mocha akonadi_control[1239]: Agent instance (agentInstanceAccountId)  "akonadi_contacts_resource_0"  has no agent account interface.
jun 02 08:39:15 Mocha akonadi_control[1239]: Agent instance (agentInstanceAccountId)  "akonadi_contacts_resource_0"  has no agent account interface.
jun 02 08:39:15 Mocha akonadi_control[1239]: Agent instance (agentInstanceAccountId)  "akonadi_contacts_resource_0"  has no agent account interface.
jun 02 08:39:15 Mocha akonadi_control[1239]: Agent instance (agentInstanceAccountId)  "akonadi_contacts_resource_0"  has no agent account interface.
jun 02 08:39:15 Mocha akonadi_control[1239]: Agent instance (agentInstanceAccountId)  "akonadi_contacts_resource_0"  has no agent account interface.
jun 02 08:39:15 Mocha akonadi_control[1239]: Agent instance (agentInstanceAccountId)  "akonadi_migration_agent"  has no agent account interface.
jun 02 08:39:15 Mocha akonadi_control[1239]: Agent instance (agentInstanceAccountId)  "akonadi_migration_agent"  has no agent account interface.
jun 02 08:39:15 Mocha akonadi_control[1239]: Agent instance (agentInstanceAccountId)  "akonadi_migration_agent"  has no agent account interface.
jun 02 08:39:15 Mocha akonadi_control[1239]: Agent instance (agentInstanceAccountId)  "akonadi_migration_agent"  has no agent account interface.
jun 02 08:39:15 Mocha akonadi_control[1239]: Agent instance (agentInstanceAccountId)  "akonadi_migration_agent"  has no agent account interface.
jun 02 08:39:15 Mocha akonadi_control[1239]: Agent instance (agentInstanceAccountId)  "akonadi_contacts_resource_0"  has no agent account interface.
jun 02 08:39:15 Mocha akonadi_control[1239]: Agent instance (agentInstanceAccountId)  "akonadi_migration_agent"  has no agent account interface.
jun 02 08:39:15 Mocha akonadi_control[1239]: Agent instance (agentInstanceAccountId)  "akonadi_migration_agent"  has no agent account interface.
jun 02 08:39:15 Mocha akonadi_control[1239]: Agent instance (agentInstanceAccountId)  "akonadi_migration_agent"  has no agent account interface.
jun 02 08:39:15 Mocha akonadi_control[1239]: Agent instance (agentInstanceAccountId)  "akonadi_migration_agent"  has no agent account interface.
jun 02 08:39:15 Mocha akonadi_control[1239]: Agent instance (agentInstanceAccountId)  "akonadi_migration_agent"  has no agent account interface.
jun 02 08:39:15 Mocha akonadi_control[1239]: Agent instance (agentInstanceAccountId)  "akonadi_migration_agent"  has no agent account interface.
jun 02 08:39:15 Mocha akonadi_control[1239]: Agent instance (agentInstanceAccountId)  "akonadi_migration_agent"  has no agent account interface.
jun 02 08:39:15 Mocha akonadi_control[1239]: Agent instance (agentInstanceAccountId)  "akonadi_mailfilter_agent"  has no agent account interface.
jun 02 08:39:15 Mocha akonadi_control[1239]: Agent instance (agentInstanceAccountId)  "akonadi_mailfilter_agent"  has no agent account interface.
jun 02 08:39:15 Mocha akonadi_control[1239]: Agent instance (agentInstanceAccountId)  "akonadi_mailfilter_agent"  has no agent account interface.
jun 02 08:39:15 Mocha akonadi_control[1239]: Agent instance (agentInstanceAccountId)  "akonadi_mailfilter_agent"  has no agent account interface.
jun 02 08:39:15 Mocha akonadi_control[1239]: Agent instance (agentInstanceAccountId)  "akonadi_mailfilter_agent"  has no agent account interface.
jun 02 08:39:15 Mocha akonadi_control[1239]: Agent instance (agentInstanceAccountId)  "akonadi_mailfilter_agent"  has no agent account interface.
jun 02 08:39:15 Mocha akonadi_control[1239]: Agent instance (agentInstanceAccountId)  "akonadi_migration_agent"  has no agent account interface.
jun 02 08:39:15 Mocha akonadi_control[1239]: Agent instance (agentInstanceAccountId)  "akonadi_mailfilter_agent"  has no agent account interface.
jun 02 08:39:15 Mocha akonadi_control[1239]: Agent instance (agentInstanceAccountId)  "akonadi_mailfilter_agent"  has no agent account interface.
jun 02 08:39:15 Mocha akonadi_control[1239]: Agent instance (agentInstanceAccountId)  "akonadi_mailfilter_agent"  has no agent account interface.
jun 02 08:39:15 Mocha akonadi_control[1239]: Agent instance (agentInstanceAccountId)  "akonadi_mailfilter_agent"  has no agent account interface.
jun 02 08:39:15 Mocha akonadi_control[1239]: Agent instance (agentInstanceAccountId)  "akonadi_mailfilter_agent"  has no agent account interface.
jun 02 08:39:15 Mocha akonadi_control[1239]: Agent instance (agentInstanceAccountId)  "akonadi_mailfilter_agent"  has no agent account interface.
jun 02 08:39:15 Mocha akonadi_control[1239]: Agent instance (agentInstanceAccountId)  "akonadi_indexing_agent"  has no agent account interface.
jun 02 08:39:15 Mocha akonadi_control[1239]: Agent instance (agentInstanceAccountId)  "akonadi_indexing_agent"  has no agent account interface.
jun 02 08:39:15 Mocha akonadi_control[1239]: Agent instance (agentInstanceAccountId)  "akonadi_indexing_agent"  has no agent account interface.
jun 02 08:39:15 Mocha akonadi_control[1239]: Agent instance (agentInstanceAccountId)  "akonadi_indexing_agent"  has no agent account interface.
jun 02 08:39:15 Mocha akonadi_control[1239]: Agent instance (agentInstanceAccountId)  "akonadi_indexing_agent"  has no agent account interface.
jun 02 08:39:15 Mocha akonadi_control[1239]: Agent instance (agentInstanceAccountId)  "akonadi_indexing_agent"  has no agent account interface.
jun 02 08:39:15 Mocha akonadi_control[1239]: Agent instance (agentInstanceAccountId)  "akonadi_mailfilter_agent"  has no agent account interface.
jun 02 08:39:15 Mocha akonadi_control[1239]: Agent instance (agentInstanceAccountId)  "akonadi_indexing_agent"  has no agent account interface.
jun 02 08:39:15 Mocha akonadi_control[1239]: Agent instance (agentInstanceAccountId)  "akonadi_indexing_agent"  has no agent account interface.
jun 02 08:39:15 Mocha akonadi_control[1239]: Agent instance (agentInstanceAccountId)  "akonadi_indexing_agent"  has no agent account interface.
jun 02 08:39:15 Mocha akonadi_control[1239]: Agent instance (agentInstanceAccountId)  "akonadi_indexing_agent"  has no agent account interface.
jun 02 08:39:15 Mocha akonadi_control[1239]: Agent instance (agentInstanceAccountId)  "akonadi_indexing_agent"  has no agent account interface.
jun 02 08:39:15 Mocha akonadi_control[1239]: Agent instance (agentInstanceAccountId)  "akonadi_indexing_agent"  has no agent account interface.
jun 02 08:39:15 Mocha akonadi_control[1239]: Agent instance (agentInstanceAccountId)  "akonadi_archivemail_agent"  has no agent account interface.
jun 02 08:39:15 Mocha akonadi_control[1239]: Agent instance (agentInstanceAccountId)  "akonadi_archivemail_agent"  has no agent account interface.
jun 02 08:39:15 Mocha akonadi_control[1239]: Agent instance (agentInstanceAccountId)  "akonadi_archivemail_agent"  has no agent account interface.
jun 02 08:39:15 Mocha akonadi_control[1239]: Agent instance (agentInstanceAccountId)  "akonadi_archivemail_agent"  has no agent account interface.
jun 02 08:39:15 Mocha akonadi_control[1239]: Agent instance (agentInstanceAccountId)  "akonadi_archivemail_agent"  has no agent account interface.
jun 02 08:39:15 Mocha akonadi_control[1239]: Agent instance (agentInstanceAccountId)  "akonadi_archivemail_agent"  has no agent account interface.
jun 02 08:39:15 Mocha akonadi_control[1239]: Agent instance (agentInstanceAccountId)  "akonadi_archivemail_agent"  has no agent account interface.
jun 02 08:39:15 Mocha akonadi_control[1239]: Agent instance (agentInstanceAccountId)  "akonadi_indexing_agent"  has no agent account interface.
jun 02 08:39:15 Mocha akonadi_control[1239]: Agent instance (agentInstanceAccountId)  "akonadi_archivemail_agent"  has no agent account interface.
jun 02 08:39:15 Mocha akonadi_control[1239]: Agent instance (agentInstanceAccountId)  "akonadi_archivemail_agent"  has no agent account interface.
jun 02 08:39:15 Mocha akonadi_control[1239]: Agent instance (agentInstanceAccountId)  "akonadi_archivemail_agent"  has no agent account interface.
jun 02 08:39:15 Mocha akonadi_control[1239]: Agent instance (agentInstanceAccountId)  "akonadi_archivemail_agent"  has no agent account interface.
jun 02 08:39:15 Mocha akonadi_control[1239]: Agent instance (agentInstanceAccountId)  "akonadi_archivemail_agent"  has no agent account interface.
jun 02 08:39:15 Mocha akonadi_control[1239]: Agent instance (agentInstanceAccountId)  "akonadi_sendlater_agent"  has no agent account interface.
jun 02 08:39:15 Mocha akonadi_control[1239]: Agent instance (agentInstanceAccountId)  "akonadi_sendlater_agent"  has no agent account interface.
jun 02 08:39:15 Mocha akonadi_control[1239]: Agent instance (agentInstanceAccountId)  "akonadi_sendlater_agent"  has no agent account interface.
jun 02 08:39:15 Mocha akonadi_control[1239]: Agent instance (agentInstanceAccountId)  "akonadi_sendlater_agent"  has no agent account interface.
jun 02 08:39:15 Mocha akonadi_control[1239]: Agent instance (agentInstanceAccountId)  "akonadi_sendlater_agent"  has no agent account interface.
jun 02 08:39:15 Mocha akonadi_control[1239]: Agent instance (agentInstanceAccountId)  "akonadi_sendlater_agent"  has no agent account interface.
jun 02 08:39:15 Mocha akonadi_control[1239]: Agent instance (agentInstanceAccountId)  "akonadi_sendlater_agent"  has no agent account interface.
jun 02 08:39:15 Mocha akonadi_control[1239]: Agent instance (agentInstanceAccountId)  "akonadi_archivemail_agent"  has no agent account interface.
jun 02 08:39:15 Mocha akonadi_control[1239]: Agent instance (agentInstanceAccountId)  "akonadi_sendlater_agent"  has no agent account interface.
jun 02 08:39:15 Mocha akonadi_control[1239]: Agent instance (agentInstanceAccountId)  "akonadi_sendlater_agent"  has no agent account interface.
jun 02 08:39:15 Mocha akonadi_control[1239]: Agent instance (agentInstanceAccountId)  "akonadi_sendlater_agent"  has no agent account interface.
jun 02 08:39:15 Mocha akonadi_control[1239]: Agent instance (agentInstanceAccountId)  "akonadi_sendlater_agent"  has no agent account interface.
jun 02 08:39:15 Mocha akonadi_control[1239]: Agent instance (agentInstanceAccountId)  "akonadi_unifiedmailbox_agent"  has no agent account interface.
jun 02 08:39:15 Mocha akonadi_control[1239]: Agent instance (agentInstanceAccountId)  "akonadi_sendlater_agent"  has no agent account interface.
jun 02 08:39:15 Mocha akonadi_control[1239]: Agent instance (agentInstanceAccountId)  "akonadi_unifiedmailbox_agent"  has no agent account interface.
jun 02 08:39:15 Mocha akonadi_control[1239]: Agent instance (agentInstanceAccountId)  "akonadi_unifiedmailbox_agent"  has no agent account interface.
jun 02 08:39:15 Mocha akonadi_control[1239]: Agent instance (agentInstanceAccountId)  "akonadi_unifiedmailbox_agent"  has no agent account interface.
jun 02 08:39:15 Mocha akonadi_control[1239]: Agent instance (agentInstanceAccountId)  "akonadi_unifiedmailbox_agent"  has no agent account interface.
jun 02 08:39:15 Mocha akonadi_control[1239]: Agent instance (agentInstanceAccountId)  "akonadi_unifiedmailbox_agent"  has no agent account interface.
jun 02 08:39:15 Mocha akonadi_control[1239]: Agent instance (agentInstanceAccountId)  "akonadi_unifiedmailbox_agent"  has no agent account interface.
jun 02 08:39:15 Mocha akonadi_control[1239]: Agent instance (agentInstanceAccountId)  "akonadi_sendlater_agent"  has no agent account interface.
jun 02 08:39:15 Mocha akonadi_control[1239]: Agent instance (agentInstanceAccountId)  "akonadi_unifiedmailbox_agent"  has no agent account interface.
jun 02 08:39:15 Mocha akonadi_control[1239]: Agent instance (agentInstanceAccountId)  "akonadi_unifiedmailbox_agent"  has no agent account interface.
jun 02 08:39:15 Mocha akonadi_control[1239]: Agent instance (agentInstanceAccountId)  "akonadi_unifiedmailbox_agent"  has no agent account interface.
jun 02 08:39:15 Mocha akonadi_control[1239]: Agent instance (agentInstanceAccountId)  "akonadi_unifiedmailbox_agent"  has no agent account interface.
jun 02 08:39:15 Mocha akonadi_control[1239]: Agent instance (agentInstanceAccountId)  "akonadi_unifiedmailbox_agent"  has no agent account interface.
jun 02 08:39:15 Mocha akonadi_control[1239]: Agent instance (agentInstanceAccountId)  "akonadi_newmailnotifier_agent"  has no agent account interface.
jun 02 08:39:15 Mocha akonadi_control[1239]: Agent instance (agentInstanceAccountId)  "akonadi_newmailnotifier_agent"  has no agent account interface.
jun 02 08:39:15 Mocha akonadi_control[1239]: Agent instance (agentInstanceAccountId)  "akonadi_newmailnotifier_agent"  has no agent account interface.
jun 02 08:39:15 Mocha akonadi_control[1239]: Agent instance (agentInstanceAccountId)  "akonadi_newmailnotifier_agent"  has no agent account interface.
jun 02 08:39:15 Mocha akonadi_control[1239]: Agent instance (agentInstanceAccountId)  "akonadi_newmailnotifier_agent"  has no agent account interface.
jun 02 08:39:15 Mocha akonadi_control[1239]: Agent instance (agentInstanceAccountId)  "akonadi_newmailnotifier_agent"  has no agent account interface.
jun 02 08:39:15 Mocha akonadi_control[1239]: Agent instance (agentInstanceAccountId)  "akonadi_newmailnotifier_agent"  has no agent account interface.
jun 02 08:39:15 Mocha akonadi_control[1239]: Agent instance (agentInstanceAccountId)  "akonadi_unifiedmailbox_agent"  has no agent account interface.
jun 02 08:39:15 Mocha akonadi_control[1239]: Agent instance (agentInstanceAccountId)  "akonadi_newmailnotifier_agent"  has no agent account interface.
jun 02 08:39:15 Mocha akonadi_control[1239]: Agent instance (agentInstanceAccountId)  "akonadi_newmailnotifier_agent"  has no agent account interface.
jun 02 08:39:15 Mocha akonadi_control[1239]: Agent instance (agentInstanceAccountId)  "akonadi_newmailnotifier_agent"  has no agent account interface.
jun 02 08:39:15 Mocha akonadi_control[1239]: Agent instance (agentInstanceAccountId)  "akonadi_newmailnotifier_agent"  has no agent account interface.
jun 02 08:39:15 Mocha akonadi_control[1239]: Agent instance (agentInstanceAccountId)  "akonadi_mailmerge_agent"  has no agent account interface.
jun 02 08:39:15 Mocha akonadi_control[1239]: Agent instance (agentInstanceAccountId)  "akonadi_mailmerge_agent"  has no agent account interface.
jun 02 08:39:15 Mocha akonadi_control[1239]: Agent instance (agentInstanceAccountId)  "akonadi_mailmerge_agent"  has no agent account interface.
jun 02 08:39:15 Mocha akonadi_control[1239]: Agent instance (agentInstanceAccountId)  "akonadi_newmailnotifier_agent"  has no agent account interface.
jun 02 08:39:15 Mocha akonadi_control[1239]: Agent instance (agentInstanceAccountId)  "akonadi_mailmerge_agent"  has no agent account interface.
jun 02 08:39:15 Mocha akonadi_control[1239]: Agent instance (agentInstanceAccountId)  "akonadi_mailmerge_agent"  has no agent account interface.
jun 02 08:39:15 Mocha akonadi_control[1239]: Agent instance (agentInstanceAccountId)  "akonadi_mailmerge_agent"  has no agent account interface.
jun 02 08:39:15 Mocha akonadi_control[1239]: Agent instance (agentInstanceAccountId)  "akonadi_mailmerge_agent"  has no agent account interface.
jun 02 08:39:15 Mocha akonadi_control[1239]: Agent instance (agentInstanceAccountId)  "akonadi_newmailnotifier_agent"  has no agent account interface.
jun 02 08:39:15 Mocha akonadi_control[1239]: Agent instance (agentInstanceAccountId)  "akonadi_mailmerge_agent"  has no agent account interface.
jun 02 08:39:15 Mocha akonadi_control[1239]: Agent instance (agentInstanceAccountId)  "akonadi_mailmerge_agent"  has no agent account interface.
jun 02 08:39:15 Mocha akonadi_control[1239]: Agent instance (agentInstanceAccountId)  "akonadi_mailmerge_agent"  has no agent account interface.
jun 02 08:39:15 Mocha akonadi_control[1239]: Agent instance (agentInstanceAccountId)  "akonadi_mailmerge_agent"  has no agent account interface.
jun 02 08:39:15 Mocha akonadi_control[1239]: Agent instance (agentInstanceAccountId)  "akonadi_followupreminder_agent"  has no agent account interface.
jun 02 08:39:15 Mocha akonadi_control[1239]: Agent instance (agentInstanceAccountId)  "akonadi_followupreminder_agent"  has no agent account interface.
jun 02 08:39:15 Mocha akonadi_control[1239]: Agent instance (agentInstanceAccountId)  "akonadi_followupreminder_agent"  has no agent account interface.
jun 02 08:39:15 Mocha akonadi_control[1239]: Agent instance (agentInstanceAccountId)  "akonadi_mailmerge_agent"  has no agent account interface.
jun 02 08:39:15 Mocha akonadi_control[1239]: Agent instance (agentInstanceAccountId)  "akonadi_followupreminder_agent"  has no agent account interface.
jun 02 08:39:15 Mocha akonadi_control[1239]: Agent instance (agentInstanceAccountId)  "akonadi_followupreminder_agent"  has no agent account interface.
jun 02 08:39:15 Mocha akonadi_control[1239]: Agent instance (agentInstanceAccountId)  "akonadi_followupreminder_agent"  has no agent account interface.
jun 02 08:39:15 Mocha akonadi_control[1239]: Agent instance (agentInstanceAccountId)  "akonadi_followupreminder_agent"  has no agent account interface.
jun 02 08:39:15 Mocha akonadi_control[1239]: Agent instance (agentInstanceAccountId)  "akonadi_followupreminder_agent"  has no agent account interface.
jun 02 08:39:15 Mocha akonadi_control[1239]: Agent instance (agentInstanceAccountId)  "akonadi_mailmerge_agent"  has no agent account interface.
jun 02 08:39:15 Mocha akonadi_control[1239]: Agent instance (agentInstanceAccountId)  "akonadi_followupreminder_agent"  has no agent account interface.
jun 02 08:39:15 Mocha akonadi_control[1239]: Agent instance (agentInstanceAccountId)  "akonadi_followupreminder_agent"  has no agent account interface.
jun 02 08:39:15 Mocha akonadi_control[1239]: Agent instance (agentInstanceAccountId)  "akonadi_followupreminder_agent"  has no agent account interface.
jun 02 08:39:15 Mocha akonadi_control[1239]: Agent instance (agentInstanceAccountId)  "akonadi_maildir_resource_0"  has no agent account interface.
jun 02 08:39:15 Mocha akonadi_control[1239]: Agent instance (agentInstanceAccountId)  "akonadi_maildir_resource_0"  has no agent account interface.
jun 02 08:39:15 Mocha akonadi_control[1239]: Agent instance (agentInstanceAccountId)  "akonadi_maildir_resource_0"  has no agent account interface.
jun 02 08:39:15 Mocha akonadi_control[1239]: Agent instance (agentInstanceAccountId)  "akonadi_maildir_resource_0"  has no agent account interface.
jun 02 08:39:15 Mocha akonadi_control[1239]: Agent instance (agentInstanceAccountId)  "akonadi_maildir_resource_0"  has no agent account interface.
jun 02 08:39:15 Mocha akonadi_control[1239]: Agent instance (agentInstanceAccountId)  "akonadi_followupreminder_agent"  has no agent account interface.
jun 02 08:39:15 Mocha akonadi_control[1239]: Agent instance (agentInstanceAccountId)  "akonadi_maildir_resource_0"  has no agent account interface.
jun 02 08:39:15 Mocha akonadi_control[1239]: Agent instance (agentInstanceAccountId)  "akonadi_maildir_resource_0"  has no agent account interface.
jun 02 08:39:15 Mocha akonadi_control[1239]: Agent instance (agentInstanceAccountId)  "akonadi_followupreminder_agent"  has no agent account interface.
jun 02 08:39:15 Mocha akonadi_control[1239]: Agent instance (agentInstanceAccountId)  "akonadi_maildir_resource_0"  has no agent account interface.
jun 02 08:39:15 Mocha akonadi_control[1239]: Agent instance (agentInstanceAccountId)  "akonadi_maildir_resource_0"  has no agent account interface.
jun 02 08:39:15 Mocha akonadi_control[1239]: Agent instance (agentInstanceAccountId)  "akonadi_maildir_resource_0"  has no agent account interface.
jun 02 08:39:15 Mocha akonadi_control[1239]: Agent instance (agentInstanceAccountId)  "akonadi_maildir_resource_0"  has no agent account interface.
jun 02 08:39:15 Mocha akonadi_control[1239]: Agent instance (agentInstanceAccountId)  "akonadi_birthdays_resource"  has no agent account interface.
jun 02 08:39:15 Mocha akonadi_control[1239]: Agent instance (agentInstanceAccountId)  "akonadi_birthdays_resource"  has no agent account interface.
jun 02 08:39:15 Mocha akonadi_control[1239]: Agent instance (agentInstanceAccountId)  "akonadi_birthdays_resource"  has no agent account interface.
jun 02 08:39:15 Mocha akonadi_control[1239]: Agent instance (agentInstanceAccountId)  "akonadi_birthdays_resource"  has no agent account interface.
jun 02 08:39:15 Mocha akonadi_control[1239]: Agent instance (agentInstanceAccountId)  "akonadi_birthdays_resource"  has no agent account interface.
jun 02 08:39:15 Mocha akonadi_control[1239]: Agent instance (agentInstanceAccountId)  "akonadi_birthdays_resource"  has no agent account interface.
jun 02 08:39:15 Mocha akonadi_control[1239]: Agent instance (agentInstanceAccountId)  "akonadi_maildir_resource_0"  has no agent account interface.
jun 02 08:39:15 Mocha akonadi_control[1239]: Agent instance (agentInstanceAccountId)  "akonadi_birthdays_resource"  has no agent account interface.
jun 02 08:39:15 Mocha akonadi_control[1239]: Agent instance (agentInstanceAccountId)  "akonadi_birthdays_resource"  has no agent account interface.
jun 02 08:39:15 Mocha akonadi_control[1239]: Agent instance (agentInstanceAccountId)  "akonadi_maildir_resource_0"  has no agent account interface.
jun 02 08:39:15 Mocha akonadi_control[1239]: Agent instance (agentInstanceAccountId)  "akonadi_birthdays_resource"  has no agent account interface.
jun 02 08:39:15 Mocha akonadi_control[1239]: Agent instance (agentInstanceAccountId)  "akonadi_birthdays_resource"  has no agent account interface.
jun 02 08:39:15 Mocha akonadi_control[1239]: Agent instance (agentInstanceAccountId)  "akonadi_birthdays_resource"  has no agent account interface.
jun 02 08:39:15 Mocha akonadi_control[1239]: Agent instance (agentInstanceAccountId)  "akonadi_maildispatcher_agent"  has no agent account interface.
jun 02 08:39:15 Mocha akonadi_control[1239]: Agent instance (agentInstanceAccountId)  "akonadi_maildispatcher_agent"  has no agent account interface.
jun 02 08:39:15 Mocha akonadi_control[1239]: Agent instance (agentInstanceAccountId)  "akonadi_maildispatcher_agent"  has no agent account interface.
jun 02 08:39:15 Mocha akonadi_control[1239]: Agent instance (agentInstanceAccountId)  "akonadi_maildispatcher_agent"  has no agent account interface.
jun 02 08:39:15 Mocha akonadi_control[1239]: Agent instance (agentInstanceAccountId)  "akonadi_maildispatcher_agent"  has no agent account interface.
jun 02 08:39:15 Mocha akonadi_control[1239]: Agent instance (agentInstanceAccountId)  "akonadi_birthdays_resource"  has no agent account interface.
jun 02 08:39:15 Mocha akonadi_control[1239]: Agent instance (agentInstanceAccountId)  "akonadi_maildispatcher_agent"  has no agent account interface.
jun 02 08:39:15 Mocha akonadi_control[1239]: Agent instance (agentInstanceAccountId)  "akonadi_maildispatcher_agent"  has no agent account interface.
jun 02 08:39:15 Mocha akonadi_control[1239]: Agent instance (agentInstanceAccountId)  "akonadi_maildispatcher_agent"  has no agent account interface.
jun 02 08:39:15 Mocha akonadi_control[1239]: Agent instance (agentInstanceAccountId)  "akonadi_birthdays_resource"  has no agent account interface.
jun 02 08:39:15 Mocha akonadi_control[1239]: Agent instance (agentInstanceAccountId)  "akonadi_maildispatcher_agent"  has no agent account interface.
jun 02 08:39:15 Mocha akonadi_control[1239]: Agent instance (agentInstanceAccountId)  "akonadi_maildispatcher_agent"  has no agent account interface.
jun 02 08:39:15 Mocha akonadi_control[1239]: Agent instance (agentInstanceAccountId)  "akonadi_maildispatcher_agent"  has no agent account interface.
jun 02 08:39:15 Mocha akonadi_control[1239]: Agent instance (agentInstanceAccountId)  "akonadi_ical_resource_0"  has no agent account interface.
jun 02 08:39:15 Mocha akonadi_control[1239]: Agent instance (agentInstanceAccountId)  "akonadi_ical_resource_0"  has no agent account interface.
jun 02 08:39:15 Mocha akonadi_control[1239]: Agent instance (agentInstanceAccountId)  "akonadi_ical_resource_0"  has no agent account interface.
jun 02 08:39:15 Mocha akonadi_control[1239]: Agent instance (agentInstanceAccountId)  "akonadi_ical_resource_0"  has no agent account interface.
jun 02 08:39:15 Mocha akonadi_control[1239]: Agent instance (agentInstanceAccountId)  "akonadi_ical_resource_0"  has no agent account interface.
jun 02 08:39:15 Mocha akonadi_control[1239]: Agent instance (agentInstanceAccountId)  "akonadi_maildispatcher_agent"  has no agent account interface.
jun 02 08:39:15 Mocha akonadi_control[1239]: Agent instance (agentInstanceAccountId)  "akonadi_ical_resource_0"  has no agent account interface.
jun 02 08:39:15 Mocha akonadi_control[1239]: Agent instance (agentInstanceAccountId)  "akonadi_ical_resource_0"  has no agent account interface.
jun 02 08:39:15 Mocha akonadi_control[1239]: Agent instance (agentInstanceAccountId)  "akonadi_ical_resource_0"  has no agent account interface.
jun 02 08:39:15 Mocha akonadi_control[1239]: Agent instance (agentInstanceAccountId)  "akonadi_ical_resource_0"  has no agent account interface.
jun 02 08:39:15 Mocha akonadi_control[1239]: Agent instance (agentInstanceAccountId)  "akonadi_maildispatcher_agent"  has no agent account interface.
jun 02 08:39:15 Mocha akonadi_control[1239]: Agent instance (agentInstanceAccountId)  "akonadi_ical_resource_0"  has no agent account interface.
jun 02 08:39:15 Mocha akonadi_control[1239]: Agent instance (agentInstanceAccountId)  "akonadi_ical_resource_0"  has no agent account interface.
jun 02 08:39:15 Mocha akonadi_control[1239]: Agent instance (agentInstanceAccountId)  "akonadi_ical_resource_0"  has no agent account interface.
jun 02 08:39:15 Mocha akonadi_control[1239]: Agent instance (agentInstanceAccountId)  "akonadi_migration_agent"  has no agent account interface.
jun 02 08:39:15 Mocha akonadi_control[1239]: Agent instance (agentInstanceAccountId)  "akonadi_migration_agent"  has no agent account interface.
jun 02 08:39:15 Mocha akonadi_control[1239]: Agent instance (agentInstanceAccountId)  "akonadi_ical_resource_0"  has no agent account interface.
jun 02 08:39:15 Mocha akonadi_control[1239]: Agent instance (agentInstanceAccountId)  "akonadi_mailfilter_agent"  has no agent account interface.
jun 02 08:39:15 Mocha akonadi_control[1239]: Agent instance (agentInstanceAccountId)  "akonadi_mailfilter_agent"  has no agent account interface.
jun 02 08:39:15 Mocha akonadi_control[1239]: Agent instance (agentInstanceAccountId)  "akonadi_indexing_agent"  has no agent account interface.
jun 02 08:39:15 Mocha akonadi_control[1239]: Agent instance (agentInstanceAccountId)  "akonadi_indexing_agent"  has no agent account interface.
jun 02 08:39:15 Mocha akonadi_control[1239]: Agent instance (agentInstanceAccountId)  "akonadi_archivemail_agent"  has no agent account interface.
jun 02 08:39:15 Mocha akonadi_control[1239]: Agent instance (agentInstanceAccountId)  "akonadi_archivemail_agent"  has no agent account interface.
jun 02 08:39:15 Mocha akonadi_control[1239]: Agent instance (agentInstanceAccountId)  "akonadi_sendlater_agent"  has no agent account interface.
jun 02 08:39:15 Mocha akonadi_control[1239]: Agent instance (agentInstanceAccountId)  "akonadi_sendlater_agent"  has no agent account interface.
jun 02 08:39:15 Mocha akonadi_control[1239]: Agent instance (agentInstanceAccountId)  "akonadi_unifiedmailbox_agent"  has no agent account interface.
jun 02 08:39:15 Mocha akonadi_control[1239]: Agent instance (agentInstanceAccountId)  "akonadi_unifiedmailbox_agent"  has no agent account interface.
jun 02 08:39:15 Mocha akonadi_control[1239]: Agent instance (agentInstanceAccountId)  "akonadi_newmailnotifier_agent"  has no agent account interface.
jun 02 08:39:15 Mocha akonadi_control[1239]: Agent instance (agentInstanceAccountId)  "akonadi_newmailnotifier_agent"  has no agent account interface.
jun 02 08:39:15 Mocha akonadi_control[1239]: Agent instance (agentInstanceAccountId)  "akonadi_mailmerge_agent"  has no agent account interface.
jun 02 08:39:15 Mocha akonadi_control[1239]: Agent instance (agentInstanceAccountId)  "akonadi_mailmerge_agent"  has no agent account interface.
jun 02 08:39:15 Mocha akonadi_control[1239]: Agent instance (agentInstanceAccountId)  "akonadi_followupreminder_agent"  has no agent account interface.
jun 02 08:39:15 Mocha akonadi_control[1239]: Agent instance (agentInstanceAccountId)  "akonadi_followupreminder_agent"  has no agent account interface.
jun 02 08:39:15 Mocha akonadi_control[1239]: Agent instance (agentInstanceAccountId)  "akonadi_maildir_resource_0"  has no agent account interface.
jun 02 08:39:15 Mocha akonadi_control[1239]: Agent instance (agentInstanceAccountId)  "akonadi_maildir_resource_0"  has no agent account interface.
jun 02 08:39:15 Mocha akonadi_control[1239]: Agent instance (agentInstanceAccountId)  "akonadi_birthdays_resource"  has no agent account interface.
jun 02 08:39:15 Mocha akonadi_control[1239]: Agent instance (agentInstanceAccountId)  "akonadi_birthdays_resource"  has no agent account interface.
jun 02 08:39:15 Mocha akonadi_control[1239]: Agent instance (agentInstanceAccountId)  "akonadi_maildispatcher_agent"  has no agent account interface.
jun 02 08:39:15 Mocha akonadi_control[1239]: Agent instance (agentInstanceAccountId)  "akonadi_maildispatcher_agent"  has no agent account interface.
jun 02 08:39:15 Mocha akonadi_control[1239]: Agent instance (agentInstanceAccountId)  "akonadi_ical_resource_0"  has no agent account interface.
jun 02 08:39:15 Mocha akonadi_control[1239]: Agent instance (agentInstanceAccountId)  "akonadi_ical_resource_0"  has no agent account interface.
jun 02 08:39:15 Mocha akonadi_archivemail_agent[1253]: endResetModel called on Akonadi::EntityTreeModel(0x7f4ffc00c5f0) without calling beginResetModel first
jun 02 08:39:15 Mocha akonadi_archivemail_agent[1253]: endResetModel called on Akonadi::EntityMimeTypeFilterModel(0x7f4ffc00c530) without calling beginResetModel first
jun 02 08:39:15 Mocha akonadi_mailfilter_agent[1261]: endResetModel called on Akonadi::EntityTreeModel(0x7f385400ac80) without calling beginResetModel first
jun 02 08:39:15 Mocha akonadi_mailfilter_agent[1261]: endResetModel called on Akonadi::EntityMimeTypeFilterModel(0x5608715e9aa0) without calling beginResetModel first
jun 02 08:39:15 Mocha plasmashell[1027]: endResetModel called on Akonadi::ContactsTreeModel(0x56470b4083c0) without calling beginResetModel first
jun 02 08:39:15 Mocha plasmashell[1027]: endResetModel called on Akonadi::ContactsFilterProxyModel(0x7fc328038cd0) without calling beginResetModel first
jun 02 08:39:15 Mocha plasmashell[1027]: endResetModel called on KDescendantsProxyModel(0x7fc328014130) without calling beginResetModel first
jun 02 08:39:15 Mocha plasmashell[1027]: endResetModel called on Akonadi::EntityMimeTypeFilterModel(0x56470b405b70) without calling beginResetModel first
jun 02 08:39:15 Mocha plasmashell[1027]: endResetModel called on ContactsModel(0x56470b2f1080) without calling beginResetModel first
jun 02 08:39:15 Mocha plasmashell[1027]: endResetModel called on KSortFilterProxyModel(0x56470b2f06d0) without calling beginResetModel first
jun 02 08:39:15 Mocha akonadiserver[1244]: Notification subscriber received ModifySubscription command before RegisterSubscriber
jun 02 08:39:15 Mocha plasmashell[1027]: "QLocalSocket: Conexão remota encerrada" "/run/user/1000/akonadi/akonadiserver-ntf.socket"
jun 02 08:39:18 Mocha org_kde_powerdevil[1103]: [  1103] Watching for DPMS state changes unimplemented
jun 02 08:39:18 Mocha org_kde_powerdevil[1103]: [  1103][  6.881577] Time since library initialized:   6.881576 seconds
jun 02 08:39:18 Mocha org_kde_powerdevil[1103]: [  1103][  6.881585] Extra delay starting dw_start_watch_displays: 0 millisec
jun 02 08:39:18 Mocha backlighthelper[1361]: no kernel backlight interface found
jun 02 08:39:18 Mocha org_kde_powerdevil[1103]: org.kde.powerdevil.chargethresholdhelper.getthreshold failed "Charge thresholds are not supported by the kernel for this hardware"
jun 02 08:39:18 Mocha org_kde_powerdevil[1103]: org.kde.powerdevil.backlighthelper.brightness failed
jun 02 08:39:18 Mocha org_kde_powerdevil[1103]: Handle button events action could not check for screen configuration
jun 02 08:39:18 Mocha org_kde_powerdevil[1103]: org.kde.powerdevil.chargethresholdhelper.getthreshold failed "Charge thresholds are not supported by the kernel for this hardware"
jun 02 08:39:18 Mocha kmixctrl[1429]: no mix devices and not dynamic
jun 02 08:39:18 Mocha kmixctrl[1429]: no mix devices and not dynamic
jun 02 08:39:18 Mocha kmixctrl[1429]: no mix devices and not dynamic
jun 02 08:39:18 Mocha kmixctrl[1429]: no mix devices and not dynamic
jun 02 08:39:18 Mocha kmixctrl[1429]: no mix devices and not dynamic
jun 02 08:39:18 Mocha kmixctrl[1429]: no mix devices and not dynamic
jun 02 08:39:18 Mocha kmixctrl[1429]: no mix devices and not dynamic
jun 02 08:39:18 Mocha kmixctrl[1429]: no mix devices and not dynamic
jun 02 08:39:18 Mocha kmixctrl[1429]: no mix devices and not dynamic
jun 02 08:39:18 Mocha kmixctrl[1429]: no mix devices and not dynamic
jun 02 08:39:18 Mocha kmixctrl[1429]: no mix devices and not dynamic
jun 02 08:39:18 Mocha kmixctrl[1429]: no mix devices and not dynamic
jun 02 08:39:18 Mocha kmixctrl[1429]: no mix devices and not dynamic
jun 02 08:39:18 Mocha kmixctrl[1429]: no mix devices and not dynamic
jun 02 08:39:18 Mocha kmixctrl[1429]: no mix devices and not dynamic
jun 02 08:39:18 Mocha kmixctrl[1429]: no mix devices and not dynamic
jun 02 08:39:19 Mocha DiscoverNotifier[1415]: couldn't load "/usr/lib/qt6/plugins/discover-notifier/DiscoverPackageKitNotifier.so" because "Não foi possível carregar a biblioteca /usr/lib/qt6/plugins/discover-notifier/DiscoverPackageKitNotifier.so: libpackagekitqt6.so.2: não é possível abrir arquivo compartilhado: Arquivo ou diretório inexistente"
jun 02 08:39:19 Mocha kmix[1423]: no mix devices and not dynamic
jun 02 08:39:19 Mocha kmix[1423]: no mix devices and not dynamic
jun 02 08:39:19 Mocha kmix[1423]: no mix devices and not dynamic
jun 02 08:39:19 Mocha kmix[1423]: no mix devices and not dynamic
jun 02 08:39:19 Mocha kmix[1423]: no mix devices and not dynamic
jun 02 08:39:19 Mocha kmix[1423]: no mix devices and not dynamic
jun 02 08:39:19 Mocha kmix[1423]: no mix devices and not dynamic
jun 02 08:39:19 Mocha kmix[1423]: no mix devices and not dynamic
jun 02 08:39:19 Mocha kmix[1423]: no mix devices and not dynamic
jun 02 08:39:19 Mocha kmix[1423]: no mix devices and not dynamic
jun 02 08:39:19 Mocha kmix[1423]: no mix devices and not dynamic
jun 02 08:39:19 Mocha kmix[1423]: no mix devices and not dynamic
jun 02 08:39:19 Mocha kmix[1423]: no mix devices and not dynamic
jun 02 08:39:19 Mocha kmix[1423]: no mix devices and not dynamic
jun 02 08:39:19 Mocha kmix[1423]: no mix devices and not dynamic
jun 02 08:39:19 Mocha kmix[1423]: no mix devices and not dynamic
jun 02 08:39:19 Mocha kmix[1423]: No such icon "audio-card-pci"
jun 02 08:39:19 Mocha kmix[1423]: No such icon "audio-card-pci"
jun 02 08:39:19 Mocha kmix[1423]: No such icon "audio-card-pci"
jun 02 08:39:19 Mocha pulseaudio[969]: Failed to open connection to session manager: None of the authentication protocols specified are supported
jun 02 08:39:19 Mocha pulseaudio[969]: Failed to load module "module-x11-xsmp" (argument: "display=:1 xauthority=/run/user/1000/xauth_wtpjXi session_manager=local/Mocha:@/tmp/.ICE-unix/992,unix/Mocha:/tmp/.ICE-unix/992"): initialization failed.
jun 02 08:39:19 Mocha systemd[770]: app-pulseaudio@autostart.service: Failed with result 'exit-code'.
jun 02 08:39:19 Mocha kwin_wayland[842]: Failed to register with host portal QDBusError("org.freedesktop.portal.Error.Failed", "Could not register app ID: App info not found for 'org.kde.kwin'")
jun 02 08:39:19 Mocha ksmserver[992]: Failed to register with host portal QDBusError("org.freedesktop.portal.Error.Failed", "Could not register app ID: App info not found for 'org.kde.ksmserver'")
jun 02 08:39:19 Mocha kactivitymanagerd[1056]: Failed to register with host portal QDBusError("org.freedesktop.portal.Error.Failed", "Could not register app ID: App info not found for 'org.kde.ActivityManager'")
jun 02 08:39:19 Mocha kded6[994]: Failed to register with host portal QDBusError("org.freedesktop.portal.Error.Failed", "Could not register app ID: App info not found for 'org.kde.kded6'")
jun 02 08:39:19 Mocha gmenudbusmenuproxy[1099]: Failed to register with host portal QDBusError("org.freedesktop.portal.Error.Failed", "Could not register app ID: App info not found for 'org.kde.gmenudbusmenuproxy'")
jun 02 08:39:19 Mocha xembedsniproxy[1105]: Failed to register with host portal QDBusError("org.freedesktop.portal.Error.Failed", "Could not register app ID: App info not found for 'org.kde.xembedsniproxy'")
jun 02 08:39:19 Mocha polkit-kde-authentication-agent-1[1102]: Failed to register with host portal QDBusError("org.freedesktop.portal.Error.Failed", "Could not register app ID: Unable to open /proc/1102/root")
jun 02 08:39:19 Mocha akonadi_control[1239]: Failed to register with host portal QDBusError("org.freedesktop.portal.Error.Failed", "Could not register app ID: App info not found for 'org.kde.akonadi_control'")
jun 02 08:39:19 Mocha akonadi_migration_agent[1263]: Failed to register with host portal QDBusError("org.freedesktop.portal.Error.Failed", "Could not register app ID: App info not found for 'org.kde.akonadi_migration_agent'")
jun 02 08:39:19 Mocha akonadi_followupreminder_agent[1256]: Failed to register with host portal QDBusError("org.freedesktop.portal.Error.Failed", "Could not register app ID: App info not found for 'org.kde.akonadi_followupreminder_agent'")
jun 02 08:39:19 Mocha akonadi_maildispatcher_agent[1260]: Failed to register with host portal QDBusError("org.freedesktop.portal.Error.Failed", "Could not register app ID: App info not found for 'org.kde.akonadi_maildispatcher_agent'")
jun 02 08:39:19 Mocha akonadi_control[1239]: Agent instance (agentInstanceAccountId)  "akonadi_contacts_resource_0"  has no agent account interface.
jun 02 08:39:19 Mocha akonadi_newmailnotifier_agent[1264]: Failed to register with host portal QDBusError("org.freedesktop.portal.Error.Failed", "Could not register app ID: App info not found for 'org.kde.akonadi_newmailnotifier_agent'")
jun 02 08:39:19 Mocha akonadi_mailmerge_agent[1262]: Failed to register with host portal QDBusError("org.freedesktop.portal.Error.Failed", "Could not register app ID: App info not found for 'org.kde.akonadi_mailmerge_agent'")
jun 02 08:39:19 Mocha akonadi_archivemail_agent[1253]: Failed to register with host portal QDBusError("org.freedesktop.portal.Error.Failed", "Could not register app ID: App info not found for 'org.kde.akonadi_archivemail_agent'")
jun 02 08:39:19 Mocha akonadi_sendlater_agent[1265]: Failed to register with host portal QDBusError("org.freedesktop.portal.Error.Failed", "Could not register app ID: App info not found for 'org.kde.akonadi_sendlater_agent'")
jun 02 08:39:19 Mocha akonadi_unifiedmailbox_agent[1266]: Failed to register with host portal QDBusError("org.freedesktop.portal.Error.Failed", "Could not register app ID: App info not found for 'org.kde.akonadi_unifiedmailbox_agent'")
jun 02 08:39:19 Mocha akonadi_mailfilter_agent[1261]: Failed to register with host portal QDBusError("org.freedesktop.portal.Error.Failed", "Could not register app ID: App info not found for 'org.kde.akonadi_mailfilter_agent'")
jun 02 08:39:19 Mocha org_kde_powerdevil[1103]: Failed to register with host portal QDBusError("org.freedesktop.portal.Error.Failed", "Could not register app ID: App info not found for 'org.kde.org_kde_powerdevil'")
jun 02 08:39:19 Mocha akonadi_control[1239]: Agent instance (agentInstanceAccountId)  "akonadi_migration_agent"  has no agent account interface.
jun 02 08:39:19 Mocha kclockd[1388]: Failed to register with host portal QDBusError("org.freedesktop.portal.Error.Failed", "Could not register app ID: App info not found for 'org.kde.kclockd'")
jun 02 08:39:19 Mocha akonadi_control[1239]: Agent instance (agentInstanceAccountId)  "akonadi_mailfilter_agent"  has no agent account interface.
jun 02 08:39:19 Mocha kdeconnectd[1213]: Failed to register with host portal QDBusError("org.freedesktop.portal.Error.Failed", "Could not register app ID: Connection already associated with an application ID")
jun 02 08:39:19 Mocha polkit-kde-authentication-agent-1[1102]: Failed to register with host portal QDBusError("org.freedesktop.portal.Error.Failed", "Could not register app ID: Unable to open /proc/1102/root")
jun 02 08:39:19 Mocha akonadi_control[1239]: Agent instance (agentInstanceAccountId)  "akonadi_indexing_agent"  has no agent account interface.
jun 02 08:39:19 Mocha akonadi_newmailnotifier_agent[1264]: Failed to register with host portal QDBusError("org.freedesktop.portal.Error.Failed", "Could not register app ID: App info not found for 'org.kde.akonadi_newmailnotifier_agent'")
jun 02 08:39:19 Mocha xembedsniproxy[1105]: Failed to register with host portal QDBusError("org.freedesktop.portal.Error.Failed", "Could not register app ID: App info not found for 'org.kde.xembedsniproxy'")
jun 02 08:39:19 Mocha akonadi_migration_agent[1263]: Failed to register with host portal QDBusError("org.freedesktop.portal.Error.Failed", "Could not register app ID: App info not found for 'org.kde.akonadi_migration_agent'")
jun 02 08:39:19 Mocha akonadi_followupreminder_agent[1256]: Failed to register with host portal QDBusError("org.freedesktop.portal.Error.Failed", "Could not register app ID: App info not found for 'org.kde.akonadi_followupreminder_agent'")
jun 02 08:39:19 Mocha kaccess[1101]: Failed to register with host portal QDBusError("org.freedesktop.portal.Error.Failed", "Could not register app ID: Connection already associated with an application ID")
jun 02 08:39:19 Mocha gmenudbusmenuproxy[1099]: Failed to register with host portal QDBusError("org.freedesktop.portal.Error.Failed", "Could not register app ID: App info not found for 'org.kde.gmenudbusmenuproxy'")
jun 02 08:39:19 Mocha akonadi_control[1239]: Agent instance (agentInstanceAccountId)  "akonadi_archivemail_agent"  has no agent account interface.
jun 02 08:39:19 Mocha kactivitymanagerd[1056]: Failed to register with host portal QDBusError("org.freedesktop.portal.Error.Failed", "Could not register app ID: App info not found for 'org.kde.ActivityManager'")
jun 02 08:39:19 Mocha kded6[994]: Failed to register with host portal QDBusError("org.freedesktop.portal.Error.Failed", "Could not register app ID: App info not found for 'org.kde.kded6'")
jun 02 08:39:19 Mocha ksmserver[992]: Failed to register with host portal QDBusError("org.freedesktop.portal.Error.Failed", "Could not register app ID: App info not found for 'org.kde.ksmserver'")
jun 02 08:39:19 Mocha kmix[1423]: Failed to register with host portal QDBusError("org.freedesktop.portal.Error.Failed", "Could not register app ID: Connection already associated with an application ID")
jun 02 08:39:19 Mocha org_kde_powerdevil[1103]: Failed to register with host portal QDBusError("org.freedesktop.portal.Error.Failed", "Could not register app ID: Connection already associated with an application ID")
jun 02 08:39:19 Mocha ksecretd[806]: Failed to register with host portal QDBusError("org.freedesktop.portal.Error.Failed", "Could not register app ID: Connection already associated with an application ID")
jun 02 08:39:19 Mocha plasmashell[1027]: Failed to register with host portal QDBusError("org.freedesktop.portal.Error.Failed", "Could not register app ID: Connection already associated with an application ID")
jun 02 08:39:19 Mocha kwin_wayland[842]: Failed to register with host portal QDBusError("org.freedesktop.portal.Error.Failed", "Could not register app ID: App info not found for 'org.kde.kwin'")
jun 02 08:39:19 Mocha akonadi_control[1239]: Failed to register with host portal QDBusError("org.freedesktop.portal.Error.Failed", "Could not register app ID: App info not found for 'org.kde.akonadi_control'")
jun 02 08:39:19 Mocha akonadi_control[1239]: Agent instance (agentInstanceAccountId)  "akonadi_sendlater_agent"  has no agent account interface.
jun 02 08:39:19 Mocha akonadi_mailmerge_agent[1262]: Failed to register with host portal QDBusError("org.freedesktop.portal.Error.Failed", "Could not register app ID: App info not found for 'org.kde.akonadi_mailmerge_agent'")
jun 02 08:39:19 Mocha kclockd[1388]: Failed to register with host portal QDBusError("org.freedesktop.portal.Error.Failed", "Could not register app ID: App info not found for 'org.kde.kclockd'")
jun 02 08:39:19 Mocha akonadi_unifiedmailbox_agent[1266]: Failed to register with host portal QDBusError("org.freedesktop.portal.Error.Failed", "Could not register app ID: App info not found for 'org.kde.akonadi_unifiedmailbox_agent'")
jun 02 08:39:19 Mocha DiscoverNotifier[1415]: Failed to register with host portal QDBusError("org.freedesktop.portal.Error.Failed", "Could not register app ID: Connection already associated with an application ID")
jun 02 08:39:19 Mocha akonadi_mailfilter_agent[1261]: Failed to register with host portal QDBusError("org.freedesktop.portal.Error.Failed", "Could not register app ID: App info not found for 'org.kde.akonadi_mailfilter_agent'")
jun 02 08:39:19 Mocha akonadi_sendlater_agent[1265]: Failed to register with host portal QDBusError("org.freedesktop.portal.Error.Failed", "Could not register app ID: App info not found for 'org.kde.akonadi_sendlater_agent'")
jun 02 08:39:19 Mocha xdg-desktop-portal-kde[1478]: Failed to register with host portal QDBusError("org.freedesktop.portal.Error.Failed", "Could not register app ID: Connection already associated with an application ID")
jun 02 08:39:19 Mocha akonadi_maildispatcher_agent[1260]: Failed to register with host portal QDBusError("org.freedesktop.portal.Error.Failed", "Could not register app ID: App info not found for 'org.kde.akonadi_maildispatcher_agent'")
jun 02 08:39:19 Mocha akonadi_control[1239]: Agent instance (agentInstanceAccountId)  "akonadi_unifiedmailbox_agent"  has no agent account interface.
jun 02 08:39:19 Mocha akonadi_archivemail_agent[1253]: Failed to register with host portal QDBusError("org.freedesktop.portal.Error.Failed", "Could not register app ID: App info not found for 'org.kde.akonadi_archivemail_agent'")
jun 02 08:39:19 Mocha akonadi_control[1239]: Agent instance (agentInstanceAccountId)  "akonadi_newmailnotifier_agent"  has no agent account interface.
jun 02 08:39:19 Mocha akonadi_control[1239]: Agent instance (agentInstanceAccountId)  "akonadi_mailmerge_agent"  has no agent account interface.
jun 02 08:39:19 Mocha akonadi_control[1239]: Agent instance (agentInstanceAccountId)  "akonadi_followupreminder_agent"  has no agent account interface.
jun 02 08:39:19 Mocha akonadi_control[1239]: Agent instance (agentInstanceAccountId)  "akonadi_maildir_resource_0"  has no agent account interface.
jun 02 08:39:19 Mocha akonadi_control[1239]: Agent instance (agentInstanceAccountId)  "akonadi_birthdays_resource"  has no agent account interface.
jun 02 08:39:19 Mocha akonadi_control[1239]: Agent instance (agentInstanceAccountId)  "akonadi_maildispatcher_agent"  has no agent account interface.
jun 02 08:39:19 Mocha akonadi_control[1239]: Agent instance (agentInstanceAccountId)  "akonadi_ical_resource_0"  has no agent account interface.
jun 02 08:39:19 Mocha kalendarac[1416]: Failed to register with host portal QDBusError("org.freedesktop.portal.Error.Failed", "Could not register app ID: App info not found for 'org.kde.kalendarac'")
jun 02 08:39:19 Mocha kalendarac[1416]: Failed to register with host portal QDBusError("org.freedesktop.portal.Error.Failed", "Could not register app ID: App info not found for 'org.kde.kalendarac'")
jun 02 08:39:19 Mocha konsole[1495]: QDBusConnection: name 'org.freedesktop.portal.Desktop' had owner '' but we thought it was ':1.7'
jun 02 08:39:19 Mocha konsole[1495]: Failed to register with host portal QDBusError("org.freedesktop.portal.Error.Failed", "Could not register app ID: Connection already associated with an application ID")
jun 02 08:39:36 Mocha kded6[994]: "Did not receive a reply. Possible causes include: the remote application did not send a reply, the message bus security policy blocked the reply, the reply timeout expired, or the network connection was broken."
jun 02 08:43:25 Mocha sudo[2211]: pam_unix(sudo:auth): conversation failed
jun 02 08:43:25 Mocha sudo[2211]: pam_unix(sudo:auth): auth could not identify password for [hal]

Linhas NVIDIA/nouveau/DRM/falhas:
jun 02 08:38:59 Mocha kernel: Spectre V2 : Enabling Restricted Speculation for firmware calls
jun 02 08:38:59 Mocha kernel: ACPI: Added _OSI(Module Device)
jun 02 08:38:59 Mocha kernel: ACPI: [Firmware Bug]: BIOS _OSI(Linux) query ignored
jun 02 08:38:59 Mocha kernel: acpi PNP0A08:00: [Firmware Info]: ECAM [mem 0xf0000000-0xf7ffffff] for domain 0000 [bus 00-7f] only partially covers this bridge
jun 02 08:38:59 Mocha kernel: ACPI: bus type drm_connector registered
jun 02 08:38:59 Mocha kernel: simple-framebuffer simple-framebuffer.0: [drm] Registered 1 planes with drm panic
jun 02 08:38:59 Mocha kernel: [drm] Initialized simpledrm 1.0.0 for simple-framebuffer.0 on minor 0
jun 02 08:38:59 Mocha kernel: simple-framebuffer simple-framebuffer.0: [drm] fb0: simpledrmdrmfb frame buffer device
jun 02 08:38:59 Mocha systemd[1]: Load Kernel Module configfs skipped, unmet condition check ConditionKernelModuleLoaded=!configfs
jun 02 08:38:59 Mocha systemd[1]: Load Kernel Module drm skipped, unmet condition check ConditionKernelModuleLoaded=!drm
jun 02 08:38:59 Mocha systemd[1]: Load Kernel Module fuse skipped, unmet condition check ConditionKernelModuleLoaded=!fuse
jun 02 08:38:59 Mocha systemd[1]: Clear Stale Hibernate Storage Info skipped, unmet condition check ConditionPathExists=/sys/firmware/efi/efivars/HibernateLocation-8cf2644b-4b0b-428f-9387-6d876050dc67
jun 02 08:38:59 Mocha systemd[1]: Starting Load Kernel Modules...
jun 02 08:38:59 Mocha kernel: nvidia: loading out-of-tree module taints kernel.
jun 02 08:38:59 Mocha systemd-modules-load[375]: Using 5 probe threads
jun 02 08:38:59 Mocha systemd-modules-load[375]: Inserted module 'pkcs8_key_parser'
jun 02 08:38:59 Mocha systemd-modules-load[375]: Inserted module 'crypto_user'
jun 02 08:38:59 Mocha systemd-modules-load[375]: Inserted module 'i2c_dev'
jun 02 08:38:59 Mocha systemd-modules-load[375]: Inserted module 'sg'
jun 02 08:38:59 Mocha kernel: nvidia-nvlink: Nvlink Core is being initialized, major device number 237
jun 02 08:38:59 Mocha kernel: nvidia 0000:01:00.0: vgaarb: VGA decodes changed: olddecodes=io+mem,decodes=none:owns=none
jun 02 08:38:59 Mocha kernel: NVRM: loading NVIDIA UNIX Open Kernel Module for x86_64  610.43.02  Release Build  (notroot@)  Thu May 28 21:29:30 UTC 2026
jun 02 08:38:59 Mocha systemd-modules-load[375]: Inserted module 'nvidia_uvm'
jun 02 08:38:59 Mocha systemd[1]: Finished Load Kernel Modules.
jun 02 08:39:00 Mocha systemd[1]: Reached target Trusted Platform Module.
jun 02 08:39:00 Mocha kernel: nvidia-modeset: Loading NVIDIA UNIX Open Kernel Mode Setting Driver for x86_64  610.43.02  Release Build  (notroot@)  Thu May 28 21:29:27 UTC 2026
jun 02 08:39:00 Mocha kernel: asus_wmi: failed to register LPS0 sleep handler in asus-wmi
jun 02 08:39:00 Mocha kernel: [drm] [nvidia-drm] [GPU ID 0x00000100] Loading driver
jun 02 08:39:00 Mocha kernel: input: HDA NVidia HDMI/DP,pcm=3 as /devices/pci0000:00/0000:00:01.1/0000:01:00.1/sound/card0/input28
jun 02 08:39:00 Mocha kernel: input: HDA NVidia HDMI/DP,pcm=7 as /devices/pci0000:00/0000:00:01.1/0000:01:00.1/sound/card0/input29
jun 02 08:39:00 Mocha kernel: input: HDA NVidia HDMI/DP,pcm=8 as /devices/pci0000:00/0000:00:01.1/0000:01:00.1/sound/card0/input30
jun 02 08:39:00 Mocha kernel: input: HDA NVidia HDMI/DP,pcm=9 as /devices/pci0000:00/0000:00:01.1/0000:01:00.1/sound/card0/input31
jun 02 08:39:02 Mocha systemd[1]: Clear Stale Hibernate Storage Info skipped, unmet condition check ConditionPathExists=/sys/firmware/efi/efivars/HibernateLocation-8cf2644b-4b0b-428f-9387-6d876050dc67
jun 02 08:39:02 Mocha kernel: [drm] Initialized nvidia-drm 0.0.0 for 0000:01:00.0 on minor 1
jun 02 08:39:02 Mocha kernel: nvidia 0000:01:00.0: vgaarb: deactivate vga console
jun 02 08:39:02 Mocha kernel: fbcon: nvidia-drmdrmfb (fb0) is primary device
jun 02 08:39:02 Mocha kernel: nvidia 0000:01:00.0: [drm] fb0: nvidia-drmdrmfb frame buffer device
jun 02 08:39:03 Mocha NetworkManager[658]: <info>  [1780400343.1224] manager[0x55828e8ac930]: monitoring kernel firmware directory '/lib/firmware'.
jun 02 08:39:03 Mocha avahi-daemon[660]: Failed to parse address 'fe80::1%enp4s0', ignoring.
jun 02 08:39:03 Mocha bluetoothd[661]: Failed to set default system config for hci0
jun 02 08:39:03 Mocha systemd[1]: Startup finished in 12.029s (firmware) + 8.470s (loader) + 3.080s (kernel) + 4.601s (userspace) = 28.181s.
jun 02 08:39:04 Mocha dbus-broker-launch[655]: Activation request for 'org.freedesktop.home1' failed: The systemd unit 'dbus-org.freedesktop.home1.service' could not be found.
jun 02 08:39:08 Mocha dbus-broker-launch[655]: Activation request for 'org.freedesktop.resolve1' failed: The systemd unit 'dbus-org.freedesktop.resolve1.service' could not be found.
jun 02 08:39:08 Mocha NetworkManager[658]: ((../NetworkManager/src/libnm-systemd-core/src/libsystemd/sd-event/sd-event.c:4458)): assertion '<dropped>' failed
jun 02 08:39:09 Mocha systemd[770]: sys-devices-pci0000:00-0000:00:01.1-0000:01:00.1-sound-card0-controlC0.device: Failed to enqueue SYSTEMD_USER_WANTS job, ignoring: Transaction for sound.target/start is destructive (sound.target has 'stop' job queued, but 'start' is included in transaction).
jun 02 08:39:09 Mocha systemd[770]: sys-devices-pci0000:00-0000:00:08.1-0000:09:00.1-sound-card1-controlC1.device: Failed to enqueue SYSTEMD_USER_WANTS job, ignoring: Transaction for sound.target/start is destructive (sound.target has 'stop' job queued, but 'start' is included in transaction).
jun 02 08:39:10 Mocha systemd[770]: Starting KDE Config Module Initialization...
jun 02 08:39:10 Mocha kwin_wayland[842]: Failed to gain real time thread priority (See CAP_SYS_NICE in the capabilities(7) man page). error: Operation not permitted
jun 02 08:39:10 Mocha kwin_wayland[842]: No backend specified, automatically choosing drm
jun 02 08:39:10 Mocha kwin_wayland[842]: Failed to gain real time thread priority (See CAP_SYS_NICE in the capabilities(7) man page). error: Operação não permitida
jun 02 08:39:10 Mocha kwin_wayland[842]: Failed to gain real time thread priority (See CAP_SYS_NICE in the capabilities(7) man page). error: Operação não permitida
jun 02 08:39:10 Mocha wireplumber[925]: wp-node: failed to create node from factory 'spa-node-factory'
jun 02 08:39:10 Mocha wireplumber[925]: s-monitors: Failed to create BLE MIDI server.
jun 02 08:39:11 Mocha systemd[770]: Started KDE Config Module Initialization.
jun 02 08:39:11 Mocha systemd[770]: Starting KDE Configuration Module Initialization (Phase 1)...
jun 02 08:39:11 Mocha kded6[994]: QDBusObjectPath: invalid path "/modules/plasma-session-shortcuts"
jun 02 08:39:11 Mocha kded6[994]: The kded module name "plasma-session-shortcuts" is invalid!
jun 02 08:39:11 Mocha systemd[770]: Finished KDE Configuration Module Initialization (Phase 1).
jun 02 08:39:11 Mocha kded6[994]: QDBusObjectPath: invalid path "/modules/wpad-detector"
jun 02 08:39:11 Mocha kded6[994]: The kded module name "wpad-detector" is invalid!
jun 02 08:39:11 Mocha kded6[994]: QDBusObjectPath: invalid path "/modules/oom-notifier"
jun 02 08:39:11 Mocha kded6[994]: The kded module name "oom-notifier" is invalid!
jun 02 08:39:11 Mocha kded6[994]: Failed to connect to Bolt manager DBus interface: 
jun 02 08:39:11 Mocha dbus-broker-launch[655]: Activation request for 'org.freedesktop.ModemManager1' failed: The systemd unit 'dbus-org.freedesktop.ModemManager1.service' could not be found.
jun 02 08:39:11 Mocha kded6[994]: Failed enumerating MM objects: "org.freedesktop.DBus.Error.NameHasNoOwner" 
                                   "Could not activate remote peer 'org.freedesktop.ModemManager1': activation request failed: unknown unit"
jun 02 08:39:18 Mocha systemd[1]: Created slice Slice /system/dbus-:1.2-org.kde.powerdevil.discretegpuhelper.
jun 02 08:39:18 Mocha systemd[1]: Started dbus-:1.2-org.kde.powerdevil.discretegpuhelper@0.service.
jun 02 08:39:18 Mocha org_kde_powerdevil[1103]: org.kde.powerdevil.chargethresholdhelper.getthreshold failed "Charge thresholds are not supported by the kernel for this hardware"
jun 02 08:39:18 Mocha org_kde_powerdevil[1103]: org.kde.powerdevil.backlighthelper.brightness failed
jun 02 08:39:18 Mocha org_kde_powerdevil[1103]: org.kde.powerdevil.chargethresholdhelper.getthreshold failed "Charge thresholds are not supported by the kernel for this hardware"
jun 02 08:39:19 Mocha blueman-applet[1379]: blueman-applet 08.39.19 WARNING  PluginManager:93 load_plugin: Failed to start plugin GameControllerWakelock: Only X11 platform is supported
jun 02 08:39:19 Mocha pulseaudio[969]: Failed to open connection to session manager: None of the authentication protocols specified are supported
jun 02 08:39:19 Mocha pulseaudio[969]: Failed to load module "module-x11-xsmp" (argument: "display=:1 xauthority=/run/user/1000/xauth_wtpjXi session_manager=local/Mocha:@/tmp/.ICE-unix/992,unix/Mocha:/tmp/.ICE-unix/992"): initialization failed.
jun 02 08:39:19 Mocha systemd[770]: app-pulseaudio@autostart.service: Failed with result 'exit-code'.
jun 02 08:39:19 Mocha kwin_wayland[842]: Failed to register with host portal QDBusError("org.freedesktop.portal.Error.Failed", "Could not register app ID: App info not found for 'org.kde.kwin'")
jun 02 08:39:19 Mocha ksmserver[992]: Failed to register with host portal QDBusError("org.freedesktop.portal.Error.Failed", "Could not register app ID: App info not found for 'org.kde.ksmserver'")
jun 02 08:39:19 Mocha kactivitymanagerd[1056]: Failed to register with host portal QDBusError("org.freedesktop.portal.Error.Failed", "Could not register app ID: App info not found for 'org.kde.ActivityManager'")
jun 02 08:39:19 Mocha kded6[994]: Failed to register with host portal QDBusError("org.freedesktop.portal.Error.Failed", "Could not register app ID: App info not found for 'org.kde.kded6'")
jun 02 08:39:19 Mocha gmenudbusmenuproxy[1099]: Failed to register with host portal QDBusError("org.freedesktop.portal.Error.Failed", "Could not register app ID: App info not found for 'org.kde.gmenudbusmenuproxy'")
jun 02 08:39:19 Mocha xembedsniproxy[1105]: Failed to register with host portal QDBusError("org.freedesktop.portal.Error.Failed", "Could not register app ID: App info not found for 'org.kde.xembedsniproxy'")
jun 02 08:39:19 Mocha polkit-kde-authentication-agent-1[1102]: Failed to register with host portal QDBusError("org.freedesktop.portal.Error.Failed", "Could not register app ID: Unable to open /proc/1102/root")
jun 02 08:39:19 Mocha akonadi_control[1239]: Failed to register with host portal QDBusError("org.freedesktop.portal.Error.Failed", "Could not register app ID: App info not found for 'org.kde.akonadi_control'")
jun 02 08:39:19 Mocha akonadi_migration_agent[1263]: Failed to register with host portal QDBusError("org.freedesktop.portal.Error.Failed", "Could not register app ID: App info not found for 'org.kde.akonadi_migration_agent'")
jun 02 08:39:19 Mocha akonadi_followupreminder_agent[1256]: Failed to register with host portal QDBusError("org.freedesktop.portal.Error.Failed", "Could not register app ID: App info not found for 'org.kde.akonadi_followupreminder_agent'")
jun 02 08:39:19 Mocha akonadi_maildispatcher_agent[1260]: Failed to register with host portal QDBusError("org.freedesktop.portal.Error.Failed", "Could not register app ID: App info not found for 'org.kde.akonadi_maildispatcher_agent'")
jun 02 08:39:19 Mocha akonadi_newmailnotifier_agent[1264]: Failed to register with host portal QDBusError("org.freedesktop.portal.Error.Failed", "Could not register app ID: App info not found for 'org.kde.akonadi_newmailnotifier_agent'")
jun 02 08:39:19 Mocha akonadi_mailmerge_agent[1262]: Failed to register with host portal QDBusError("org.freedesktop.portal.Error.Failed", "Could not register app ID: App info not found for 'org.kde.akonadi_mailmerge_agent'")
jun 02 08:39:19 Mocha akonadi_archivemail_agent[1253]: Failed to register with host portal QDBusError("org.freedesktop.portal.Error.Failed", "Could not register app ID: App info not found for 'org.kde.akonadi_archivemail_agent'")
jun 02 08:39:19 Mocha akonadi_sendlater_agent[1265]: Failed to register with host portal QDBusError("org.freedesktop.portal.Error.Failed", "Could not register app ID: App info not found for 'org.kde.akonadi_sendlater_agent'")
jun 02 08:39:19 Mocha akonadi_unifiedmailbox_agent[1266]: Failed to register with host portal QDBusError("org.freedesktop.portal.Error.Failed", "Could not register app ID: App info not found for 'org.kde.akonadi_unifiedmailbox_agent'")
jun 02 08:39:19 Mocha akonadi_mailfilter_agent[1261]: Failed to register with host portal QDBusError("org.freedesktop.portal.Error.Failed", "Could not register app ID: App info not found for 'org.kde.akonadi_mailfilter_agent'")
jun 02 08:39:19 Mocha org_kde_powerdevil[1103]: Failed to register with host portal QDBusError("org.freedesktop.portal.Error.Failed", "Could not register app ID: App info not found for 'org.kde.org_kde_powerdevil'")
jun 02 08:39:19 Mocha kclockd[1388]: Failed to register with host portal QDBusError("org.freedesktop.portal.Error.Failed", "Could not register app ID: App info not found for 'org.kde.kclockd'")
jun 02 08:39:19 Mocha kdeconnectd[1213]: Failed to register with host portal QDBusError("org.freedesktop.portal.Error.Failed", "Could not register app ID: Connection already associated with an application ID")
jun 02 08:39:19 Mocha polkit-kde-authentication-agent-1[1102]: Failed to register with host portal QDBusError("org.freedesktop.portal.Error.Failed", "Could not register app ID: Unable to open /proc/1102/root")
jun 02 08:39:19 Mocha akonadi_newmailnotifier_agent[1264]: Failed to register with host portal QDBusError("org.freedesktop.portal.Error.Failed", "Could not register app ID: App info not found for 'org.kde.akonadi_newmailnotifier_agent'")
jun 02 08:39:19 Mocha xembedsniproxy[1105]: Failed to register with host portal QDBusError("org.freedesktop.portal.Error.Failed", "Could not register app ID: App info not found for 'org.kde.xembedsniproxy'")
jun 02 08:39:19 Mocha akonadi_migration_agent[1263]: Failed to register with host portal QDBusError("org.freedesktop.portal.Error.Failed", "Could not register app ID: App info not found for 'org.kde.akonadi_migration_agent'")
jun 02 08:39:19 Mocha akonadi_followupreminder_agent[1256]: Failed to register with host portal QDBusError("org.freedesktop.portal.Error.Failed", "Could not register app ID: App info not found for 'org.kde.akonadi_followupreminder_agent'")
jun 02 08:39:19 Mocha kaccess[1101]: Failed to register with host portal QDBusError("org.freedesktop.portal.Error.Failed", "Could not register app ID: Connection already associated with an application ID")
jun 02 08:39:19 Mocha gmenudbusmenuproxy[1099]: Failed to register with host portal QDBusError("org.freedesktop.portal.Error.Failed", "Could not register app ID: App info not found for 'org.kde.gmenudbusmenuproxy'")
jun 02 08:39:19 Mocha kactivitymanagerd[1056]: Failed to register with host portal QDBusError("org.freedesktop.portal.Error.Failed", "Could not register app ID: App info not found for 'org.kde.ActivityManager'")
jun 02 08:39:19 Mocha kded6[994]: Failed to register with host portal QDBusError("org.freedesktop.portal.Error.Failed", "Could not register app ID: App info not found for 'org.kde.kded6'")
jun 02 08:39:19 Mocha ksmserver[992]: Failed to register with host portal QDBusError("org.freedesktop.portal.Error.Failed", "Could not register app ID: App info not found for 'org.kde.ksmserver'")
jun 02 08:39:19 Mocha kmix[1423]: Failed to register with host portal QDBusError("org.freedesktop.portal.Error.Failed", "Could not register app ID: Connection already associated with an application ID")
jun 02 08:39:19 Mocha org_kde_powerdevil[1103]: Failed to register with host portal QDBusError("org.freedesktop.portal.Error.Failed", "Could not register app ID: Connection already associated with an application ID")
jun 02 08:39:19 Mocha ksecretd[806]: Failed to register with host portal QDBusError("org.freedesktop.portal.Error.Failed", "Could not register app ID: Connection already associated with an application ID")
jun 02 08:39:19 Mocha plasmashell[1027]: Failed to register with host portal QDBusError("org.freedesktop.portal.Error.Failed", "Could not register app ID: Connection already associated with an application ID")
jun 02 08:39:19 Mocha kwin_wayland[842]: Failed to register with host portal QDBusError("org.freedesktop.portal.Error.Failed", "Could not register app ID: App info not found for 'org.kde.kwin'")
jun 02 08:39:19 Mocha akonadi_control[1239]: Failed to register with host portal QDBusError("org.freedesktop.portal.Error.Failed", "Could not register app ID: App info not found for 'org.kde.akonadi_control'")
jun 02 08:39:19 Mocha akonadi_mailmerge_agent[1262]: Failed to register with host portal QDBusError("org.freedesktop.portal.Error.Failed", "Could not register app ID: App info not found for 'org.kde.akonadi_mailmerge_agent'")
jun 02 08:39:19 Mocha kclockd[1388]: Failed to register with host portal QDBusError("org.freedesktop.portal.Error.Failed", "Could not register app ID: App info not found for 'org.kde.kclockd'")
jun 02 08:39:19 Mocha akonadi_unifiedmailbox_agent[1266]: Failed to register with host portal QDBusError("org.freedesktop.portal.Error.Failed", "Could not register app ID: App info not found for 'org.kde.akonadi_unifiedmailbox_agent'")
jun 02 08:39:19 Mocha DiscoverNotifier[1415]: Failed to register with host portal QDBusError("org.freedesktop.portal.Error.Failed", "Could not register app ID: Connection already associated with an application ID")
jun 02 08:39:19 Mocha akonadi_mailfilter_agent[1261]: Failed to register with host portal QDBusError("org.freedesktop.portal.Error.Failed", "Could not register app ID: App info not found for 'org.kde.akonadi_mailfilter_agent'")
jun 02 08:39:19 Mocha akonadi_sendlater_agent[1265]: Failed to register with host portal QDBusError("org.freedesktop.portal.Error.Failed", "Could not register app ID: App info not found for 'org.kde.akonadi_sendlater_agent'")
jun 02 08:39:19 Mocha xdg-desktop-portal-kde[1478]: Failed to register with host portal QDBusError("org.freedesktop.portal.Error.Failed", "Could not register app ID: Connection already associated with an application ID")
jun 02 08:39:19 Mocha akonadi_maildispatcher_agent[1260]: Failed to register with host portal QDBusError("org.freedesktop.portal.Error.Failed", "Could not register app ID: App info not found for 'org.kde.akonadi_maildispatcher_agent'")
jun 02 08:39:19 Mocha akonadi_archivemail_agent[1253]: Failed to register with host portal QDBusError("org.freedesktop.portal.Error.Failed", "Could not register app ID: App info not found for 'org.kde.akonadi_archivemail_agent'")
jun 02 08:39:19 Mocha kalendarac[1416]: Failed to register with host portal QDBusError("org.freedesktop.portal.Error.Failed", "Could not register app ID: App info not found for 'org.kde.kalendarac'")
jun 02 08:39:19 Mocha kalendarac[1416]: Failed to register with host portal QDBusError("org.freedesktop.portal.Error.Failed", "Could not register app ID: App info not found for 'org.kde.kalendarac'")
jun 02 08:39:19 Mocha konsole[1495]: Failed to register with host portal QDBusError("org.freedesktop.portal.Error.Failed", "Could not register app ID: Connection already associated with an application ID")
jun 02 08:39:28 Mocha systemd[1]: dbus-:1.2-org.kde.powerdevil.discretegpuhelper@0.service: Deactivated successfully.
jun 02 08:43:25 Mocha sudo[2211]: pam_unix(sudo:auth): conversation failed
jun 02 08:44:36 Mocha unix_chkpwd[2269]: password check failed for user (hal)

== Diagnóstico automático ==
Kernel em execução: 7.0.10-2-cachyos
nvidia-smi OK: 1
Módulo nvidia carregado: 1
Módulo nouveau carregado: 0
modinfo nvidia para este kernel OK: 1
Versão NVIDIA disponível para este kernel: 610.43.02
vmlinuz mais recente em /boot: vmlinuz-linux-cachyos

Conclusão preliminar:
- O driver NVIDIA está carregado e respondendo neste boot.

Relatório salvo em:
/media/mochafast/MochaArch/ativo/relatorios/20260602-084433-auditoria-kernel-nvidia-grub-com-sudo-keepalive.log
