
== Pedindo sudo uma vez e mantendo sessão ativa ==

== Estado atual ==
7.0.10-zen1-1-zen
linux-cachyos-bore-lto 7.0.10-2
linux-cachyos-bore-lto-headers 7.0.10-2
linux-cachyos-bore-lto-nvidia-open 7.0.10-2
nvidia-utils 610.43.02-2
lib32-nvidia-utils 610.43.02-1
NVIDIA-SMI has failed because it couldn't communicate with the NVIDIA driver. Make sure that the latest NVIDIA driver is installed and running.


== Validando pacotes obrigatórios ==
Kernel CachyOS detectado: 7.0.10-2-cachyos-bore-lto
Diretório de módulos: /usr/lib/modules/7.0.10-2-cachyos-bore-lto

== Listando módulos NVIDIA do pacote kernel-específico ==
/usr/lib/modules/7.0.10-2-cachyos-bore-lto/extramodules/nvidia-drm.ko.zst
/usr/lib/modules/7.0.10-2-cachyos-bore-lto/extramodules/nvidia.ko.zst
/usr/lib/modules/7.0.10-2-cachyos-bore-lto/extramodules/nvidia-modeset.ko.zst
/usr/lib/modules/7.0.10-2-cachyos-bore-lto/extramodules/nvidia-peermem.ko.zst
/usr/lib/modules/7.0.10-2-cachyos-bore-lto/extramodules/nvidia-uvm.ko.zst
/usr/lib/modules/7.0.10-2-cachyos-bore-lto/kernel/drivers/platform/x86/nvidia-wmi-ec-backlight.ko.zst

== Atualizando dependências de módulos do kernel CachyOS ==

== Conferindo modinfo dos módulos NVIDIA no kernel CachyOS ==
OK: modinfo -k 7.0.10-2-cachyos-bore-lto nvidia
OK: modinfo -k 7.0.10-2-cachyos-bore-lto nvidia_modeset
OK: modinfo -k 7.0.10-2-cachyos-bore-lto nvidia_uvm
OK: modinfo -k 7.0.10-2-cachyos-bore-lto nvidia_drm

== Garantindo configuração NVIDIA Wayland/KMS sem tocar no Zen ==

== Gerando initramfs somente do CachyOS Bore LTO ==
==> Building image from preset: /etc/mkinitcpio.d/linux-cachyos-bore-lto.preset: 'default'
==> Using default configuration file: '/etc/mkinitcpio.conf'
  -> -k /boot/vmlinuz-linux-cachyos-bore-lto -g /boot/initramfs-linux-cachyos-bore-lto.img
==> Starting build: '7.0.10-2-cachyos-bore-lto'
  -> Running build hook: [base]
  -> Running build hook: [udev]
  -> Running build hook: [autodetect]
  -> Running build hook: [microcode]
  -> Running build hook: [modconf]
  -> Running build hook: [block]
  -> Running build hook: [keyboard]
  -> Running build hook: [keymap]
  -> Running build hook: [consolefont]
==> WARNING: consolefont: no font found in configuration
  -> Running build hook: [filesystems]
==> Generating module dependencies
==> Creating zstd-compressed initcpio image: '/boot/initramfs-linux-cachyos-bore-lto.img'
  -> Early uncompressed CPIO image generation successful
==> Initcpio image generation successful

== Verificando arquivos de boot do CachyOS Bore LTO ==
-rw------- 1 root root 107M mai 30 13:51 /boot/initramfs-linux-cachyos-bore-lto.img
-rw-r--r-- 1 root root  16M mai 30 13:38 /boot/vmlinuz-linux-cachyos-bore-lto

== Configurando bootloader com CachyOS Bore LTO como padrão e Zen preservado como fallback ==

== GRUB detectado ==

== Regenerando GRUB ==
Gerando o arquivo de configuração do grub...
Imagem Linux encontrada: /boot/vmlinuz-linux-cachyos-bore-lto
Imagem initrd encontrada: /boot/intel-ucode.img /boot/amd-ucode.img /boot/initramfs-linux-cachyos-bore-lto.img
Imagem Linux encontrada: /boot/vmlinuz-linux-zen
Imagem initrd encontrada: /boot/intel-ucode.img /boot/amd-ucode.img /boot/initramfs-linux-zen.img
Imagem Linux encontrada: /boot/vmlinuz-linux
Imagem initrd encontrada: /boot/intel-ucode.img /boot/amd-ucode.img /boot/initramfs-linux.img
Aviso: os-prober não será executado para detectar outras partições de arranque.
Os sistemas nelas presentes não serão adicionados à configuração de arranque do GRUB.\Veja a documentação de GRUB_DISABLE_OS_PROBER.
A adicionar entrada de menu para UEFI Firmware Settings ...
concluído

== Conferindo entrada CachyOS no GRUB ==
grep: /boot/grub/grub.cfg: Permissão negada
grep: /boot/grub/grub.cfg: Permissão negada

ERRO: GRUB foi gerado, mas não encontrei entrada do CachyOS Bore LTO.
Log: /media/mochafast/MochaArch/ativo/relatorios/20260530-135127-finalizar-boot-cachyos-bore-lto-nvidia-corrigido.log
Não reinicie enquanto houver ERRO.
