
== Auditoria corrigida: procurar pacotes CachyOS sem instalar ==
sáb 30 mai 2026 13:30:12 -03
Linux Mocha 7.0.10-zen1-1-zen #1 ZEN SMP PREEMPT_DYNAMIC Sat, 23 May 2026 14:45:01 +0000 x86_64 GNU/Linux
Log: /media/mochafast/MochaArch/ativo/relatorios/20260530-133009-procurar-cachyos-bore-lto-nvidia-corretamente.log
Documento: /media/mochafast/MochaArch/ativo/documentacao/20260530-133009-procurar-cachyos-bore-lto-nvidia-corretamente.md
Script salvo: /media/mochafast/MochaArch/ativo/scripts/20260530-133009-mocha-procurar-cachyos-bore-lto-nvidia-corretamente.sh
Ação: somente sincronizar bases e consultar pacotes.
Não instala pacotes.
Não remove pacotes.
Não muda bootloader.
Não reinicia.

== Architecture efetiva do pacman ==
x86_64
x86_64_v3

== Blocos CachyOS no pacman.conf ==
110:# BEGIN MOCHA TESTE CACHYOS V3 BORE LTO NVIDIA 20260530-132409
113:[cachyos-v3]
115:[cachyos-core-v3]
117:[cachyos-extra-v3]
119:# END MOCHA TESTE CACHYOS V3 BORE LTO NVIDIA 20260530-132409

== Repositórios vistos pelo pacman-conf ==
core
extra
multilib
cachyos-v3
cachyos-core-v3
cachyos-extra-v3

== Sincronizando SOMENTE as bases dos repositórios ==
Isto baixa/atualiza bancos de pacotes. Não instala e não atualiza pacote nenhum.
:: Sincronizando a base de dados de pacotes...
 mocha-stable sendo baixado...
 core sendo baixado...
 extra sendo baixado...
 multilib sendo baixado...
 cachyos-v3 sendo baixado...
 cachyos-core-v3 sendo baixado...
 cachyos-extra-v3 sendo baixado...

== Confirmando bancos CachyOS locais ==
-rw-r--r-- 1 root root 115K mai 22 16:38 cachyos-core-v3.db
-rw-r--r-- 1 root root  438 mai 22 16:38 cachyos-core-v3.db.sig
-rw-r--r-- 1 root root 4,3M mai 30 12:38 cachyos-extra-v3.db
-rw-r--r-- 1 root root  438 mai 30 12:38 cachyos-extra-v3.db.sig
-rw-r--r-- 1 root root 123K mai 29 15:07 cachyos-v3.db
-rw-r--r-- 1 root root  438 mai 29 15:07 cachyos-v3.db.sig
-rw-r--r-- 1 root root 127K mai 28 14:40 core.db
-rw-r--r-- 1 root root 8,2M mai 30 12:42 extra.db
-rw-r--r-- 1 root root 129K mai 30 09:12 multilib.db

== Procurando nomes reais nos repositórios CachyOS ==

-- cachyos-v3 --
cachyos-v3/lib32-nvidia-utils 610.43.02-1
cachyos-v3/linux-cachyos-bore-lto 7.0.10-2
cachyos-v3/linux-cachyos-bore-lto-headers 7.0.10-2
cachyos-v3/linux-cachyos-bore-lto-nvidia-open 7.0.10-2
cachyos-v3/nvidia-open 610.43.02-1
cachyos-v3/nvidia-open-dkms 610.43.02-3
cachyos-v3/nvidia-utils 610.43.02-3

-- cachyos-core-v3 --

-- cachyos-extra-v3 --
cachyos-extra-v3/nvidia-open 610.43.02-1.1

== Consulta direta dos pacotes esperados ==

==== cachyos-v3/linux-cachyos-bore-lto ====

==== cachyos-v3/linux-cachyos-bore-lto-headers ====

==== cachyos-v3/linux-cachyos-bore-lto-nvidia-open ====

==== cachyos-v3/nvidia-utils ====

==== cachyos-v3/lib32-nvidia-utils ====

==== cachyos-v3/nvidia-open-dkms ====

==== cachyos-extra-v3/nvidia-open ====

== Estado instalado atual ==
linux 7.0.10.arch1-1
linux-headers 7.0.10.arch1-1
linux-zen 7.0.10.zen1-1
linux-zen-headers 7.0.10.zen1-1
nvidia-utils 595.71.05-2
lib32-nvidia-utils 595.71.05-1
nvidia-open-dkms 595.71.05-2
nvidia-open-dkms 595.71.05-2

== Estado DKMS atual ==
broadcom-wl/6.30.223.271, 7.0.10-arch1-1, x86_64: installed
broadcom-wl/6.30.223.271, 7.0.10-zen1-1-zen, x86_64: installed
nvidia/595.71.05, 7.0.10-arch1-1, x86_64: installed
nvidia/595.71.05, 7.0.10-zen1-1-zen, x86_64: installed

== Módulos NVIDIA carregados agora ==
7.0.10-zen1-1-zen
nvidia_drm            159744  96
nvidia_uvm           2564096  0
nvidia_modeset       2203648  54 nvidia_drm
nvidia              16584704  1024 nvidia_uvm,nvidia_modeset

== Gerando documento ==

== Resultado final ==
Pacotes encontrados localmente após sincronizar as bases.
Log: /media/mochafast/MochaArch/ativo/relatorios/20260530-133009-procurar-cachyos-bore-lto-nvidia-corretamente.log
Documento: /media/mochafast/MochaArch/ativo/documentacao/20260530-133009-procurar-cachyos-bore-lto-nvidia-corretamente.md
Script salvo: /media/mochafast/MochaArch/ativo/scripts/20260530-133009-mocha-procurar-cachyos-bore-lto-nvidia-corretamente.sh
