== MOCHAARCH — corrigir GRUB_DEFAULT do Zen para ID moderno ==
Timestamp: 20260531-211216
Log: /media/mochafast/MochaArch/ativo/relatorios/20260531-211216-corrigir-grub-default-zen-id-moderno-corrigido.log

[1/6] Estado atual do GRUB_DEFAULT
3:GRUB_DEFAULT=saved

[2/6] Localizando UUID da raiz
UUID da raiz: 2a8beb39-04e6-4520-a873-9134a2f73f53
GRUB_DEFAULT planejado:
gnulinux-advanced-2a8beb39-04e6-4520-a873-9134a2f73f53>gnulinux-linux-zen-advanced-2a8beb39-04e6-4520-a873-9134a2f73f53

[3/6] Validando presença do ID moderno do linux-zen no grub.cfg com sudo
ID moderno do linux-zen encontrado:
128:menuentry 'Arch Linux, with Linux linux-zen' --class arch --class gnu-linux --class gnu --class os $menuentry_id_option 'gnulinux-linux-zen-advanced-2a8beb39-04e6-4520-a873-9134a2f73f53' {

[4/6] Backup controlado de /etc/default/grub
Backup: /etc/default/grub.mocha-backup-20260531-211216
Nenhum backup excedente para remover.

[5/6] Atualizando GRUB_DEFAULT
Novo GRUB_DEFAULT:
3:GRUB_DEFAULT="gnulinux-advanced-2a8beb39-04e6-4520-a873-9134a2f73f53>gnulinux-linux-zen-advanced-2a8beb39-04e6-4520-a873-9134a2f73f53"

[6/6] Regenerando GRUB
Gerando o arquivo de configuração do grub...
Imagem Linux encontrada: /boot/vmlinuz-linux-cachyos-bore-lto
Imagem initrd encontrada: /boot/intel-ucode.img /boot/amd-ucode.img /boot/initramfs-linux-cachyos-bore-lto.img
Imagem Linux encontrada: /boot/vmlinuz-linux-zen
Imagem initrd encontrada: /boot/intel-ucode.img /boot/amd-ucode.img /boot/initramfs-linux-zen.img
Imagem Linux encontrada: /boot/vmlinuz-linux
Imagem initrd encontrada: /boot/intel-ucode.img /boot/amd-ucode.img /boot/initramfs-linux.img
Aviso: os-prober não será executado para detectar outras partições de arranque.
Os sistemas nelas presentes não serão adicionados à configuração de arranque do GRUB.\Veja a documentação de GRUB_DISABLE_OS_PROBER.
A adicionar entrada de menu para UEFI Firmware Settings ...
concluído

Validação final:
3:GRUB_DEFAULT="gnulinux-advanced-2a8beb39-04e6-4520-a873-9134a2f73f53>gnulinux-linux-zen-advanced-2a8beb39-04e6-4520-a873-9134a2f73f53"

OK: ID moderno do linux-zen continua presente no grub.cfg.

GRUB_DEFAULT corrigido para o ID moderno do linux-zen.
Depois de reiniciar, valide com:
uname -r

Log salvo em: /media/mochafast/MochaArch/ativo/relatorios/20260531-211216-corrigir-grub-default-zen-id-moderno-corrigido.log
