== Mocha Arch — corrigir pendencias da auditoria pre-formatacao ==
Timestamp: 20260529-200013
Log: /media/mochafast/MochaArch/ativo/relatorios/20260529-200013-corrigir-pendencias-auditoria-pre-formatacao.log


== 1/7 — Corrigir wrapper Steam limpo, sem MANGOHUD_DLSYM, sem vkbasalt, sem gamescope ==
Wrapper antigo salvo em quarentena:
/media/mochafast/MochaArch/ativo/quarentena/wrappers/20260529-200013-mocha-steam-game-run-wrapper-antigo-quarentena
[OK] Wrapper limpo instalado em /home/hal/.local/bin/mocha-steam-game-run
[OK] Script reutilizavel do wrapper salvo: /media/mochafast/MochaArch/ativo/scripts/20260529-200013-mocha-reaplicar-wrapper-steam-limpo.sh

== 2/7 — Conferir/aplicar esquema de cores e Plasma Style aprovados ==
[OK] MochaSolidCanonico no usuario bate com o ativo.
Detected locale "C" with character encoding "ANSI_X3.4-1968", which is not UTF-8.
Qt depends on a UTF-8 locale, and has switched to "C.UTF-8" instead.
If this causes problems, reconfigure your locale. See the locale(1) manual
for more information.
The requested theme "MochaSolidCanonico" is already set as the theme for the current Plasma session.
Detected locale "C" with character encoding "ANSI_X3.4-1968", which is not UTF-8.
Qt depends on a UTF-8 locale, and has switched to "C.UTF-8" instead.
If this causes problems, reconfigure your locale. See the locale(1) manual
for more information.
Detected locale "C" with character encoding "ANSI_X3.4-1968", which is not UTF-8.
Qt depends on a UTF-8 locale, and has switched to "C.UTF-8" instead.
If this causes problems, reconfigure your locale. See the locale(1) manual
for more information.
The requested theme "MochaPanelSolidCanonico" is already set as the theme for the current Plasma session.
Detected locale "C" with character encoding "ANSI_X3.4-1968", which is not UTF-8.
Qt depends on a UTF-8 locale, and has switched to "C.UTF-8" instead.
If this causes problems, reconfigure your locale. See the locale(1) manual
for more information.
ColorScheme atual detectado: MochaSolidCanonico

== 3/7 — Gerar tabela de cores MochaSolidCanonico em Markdown ==
[OK] Tabela timestampada: /media/mochafast/MochaArch/ativo/kde/esquemas-cores-aprovados/20260529-200013-TABELA-CORES-MOCHA-SOLID-CANONICO.md
[OK] Tabela estavel: /media/mochafast/MochaArch/ativo/kde/esquemas-cores-aprovados/TABELA-CORES-MOCHA-SOLID-CANONICO.md

== 4/7 — Salvar estado atual da barra como snapshot aprovado de reproducao ==
[OK] Snapshot atual da barra salvo:
/media/mochafast/MochaArch/ativo/kde/barra-win11-aprovada/plasma-org.kde.plasma.desktop-appletsrc-aprovado-atual-20260529-200013
/media/mochafast/MochaArch/ativo/kde/barra-win11-aprovada/plasma-org.kde.plasma.desktop-appletsrc-aprovado-atual
Panelspacers detectados na barra atual: 2
[OK] Script de reaplicar barra atual salvo: /media/mochafast/MochaArch/ativo/kde/barra-win11-aprovada/20260529-200013-mocha-reaplicar-barra-aprovada-atual.sh

== 5/7 — Criar scripts faltantes: NVIDIA/Wayland/Zen e energia/agressividade ==
[OK] Script NVIDIA/Wayland/Zen salvo: /media/mochafast/MochaArch/ativo/scripts/20260529-200013-mocha-verificar-nvidia-wayland-zen.sh
[OK] Script energia/agressividade salvo: /media/mochafast/MochaArch/ativo/scripts/20260529-200013-mocha-reaplicar-agressividade-energia-atual.sh

== 6/7 — Atualizar manual unico com o estado corrigido ==
[OK] Entrada adicionada ao manual unico:
/media/mochafast/MochaArch/ativo/MANUAL-UNICO-VIVO-MONTAGEM-MOCHA-ARCH-KDE.md

== 7/7 — Auditoria corrigida de cobertura dos manuais ==
[OK] Manual cobre: Base candidata, ainda nao canonizada
[OK] Manual cobre: Kernel Zen
[OK] Manual cobre: Zen como primeira/default
[OK] Manual cobre: Driver NVIDIA funcional
[OK] Manual cobre: Wayland obrigatorio
[OK] Manual cobre: FAST persistente
[OK] Manual cobre: VMSTORE persistente
[OK] Manual cobre: Energia CPU performance
[OK] Manual cobre: GPU/NVIDIA performance
[OK] Manual cobre: TuneD latency
[OK] Manual cobre: Steam baseline e wrapper limpo
[OK] Manual cobre: MangoHud sem DLSYM
[OK] Manual cobre: Sem vkbasalt/gamescope no wrapper
[OK] Manual cobre: Barra Win11/Mocha
[OK] Manual cobre: Bluetooth/volume duplicados
[OK] Manual cobre: Cores MochaSolidCanonico
[OK] Manual cobre: Plasma Style MochaPanelSolidCanonico
[OK] Manual cobre: Tabela de cores
[OK] Manual cobre: Flatpak/Flathub
[OK] Manual cobre: Chrome fora por padrao
[OK] Manual cobre: Politica limpeza/quarentena

== Validacoes finais ==

-- Wrapper --
4:MANGOHUD_CONF_USER="${HOME}/.config/MangoHud/Mocha-MangoHud-FPS-Comparacao.conf"
5:MANGOHUD_CONF_SYSTEM="/etc/mocha/mangohud/MangoHud.conf"
7:export DXVK_LOG_LEVEL="${DXVK_LOG_LEVEL:-none}"
8:export MANGOHUD=1
10:if [ -f "$MANGOHUD_CONF_USER" ]; then
11:  export MANGOHUD_CONFIGFILE="$MANGOHUD_CONF_USER"
12:elif [ -f "$MANGOHUD_CONF_SYSTEM" ]; then
13:  export MANGOHUD_CONFIGFILE="$MANGOHUD_CONF_SYSTEM"
16:if command -v gamemoderun >/dev/null 2>&1; then
17:  exec gamemoderun "$@"
[OK] Wrapper limpo confirmado.

-- Cores --
ColorScheme atual: MochaSolidCanonico
[OK] Tabela de cores existe: /media/mochafast/MochaArch/ativo/kde/esquemas-cores-aprovados/TABELA-CORES-MOCHA-SOLID-CANONICO.md

-- Barra --
[OK] Snapshot atual aprovado da barra existe: /media/mochafast/MochaArch/ativo/kde/barra-win11-aprovada/plasma-org.kde.plasma.desktop-appletsrc-aprovado-atual

-- Scripts --
[OK] /media/mochafast/MochaArch/ativo/scripts/20260529-200013-mocha-reaplicar-wrapper-steam-limpo.sh
[OK] /media/mochafast/MochaArch/ativo/scripts/20260529-200013-mocha-verificar-nvidia-wayland-zen.sh
[OK] /media/mochafast/MochaArch/ativo/scripts/20260529-200013-mocha-reaplicar-agressividade-energia-atual.sh
[OK] /media/mochafast/MochaArch/ativo/kde/barra-win11-aprovada/20260529-200013-mocha-reaplicar-barra-aprovada-atual.sh

== Resultado ==
Log: /media/mochafast/MochaArch/ativo/relatorios/20260529-200013-corrigir-pendencias-auditoria-pre-formatacao.log
Documento da correcao: /media/mochafast/MochaArch/ativo/documentacao/20260529-200013-pendencias-auditoria-pre-formatacao-corrigidas.md
Auditoria corrigida dos manuais: /media/mochafast/MochaArch/ativo/relatorios/20260529-200013-auditoria-corrigida-cobertura-manuais.md
Manual unico: /media/mochafast/MochaArch/ativo/MANUAL-UNICO-VIVO-MONTAGEM-MOCHA-ARCH-KDE.md
Falhas de cobertura restantes: 0
[OK] Pendencias principais corrigidas/documentadas. Estado mais seguro para usar como receita candidata de reproducao.

FIM: 20260529-200013
