
== Pedindo sudo uma vez e mantendo sessão ativa ==

== Estado atual ==
7.0.10-zen1-1-zen
linux-cachyos-bore-lto 7.0.10-2
linux-cachyos-bore-lto-headers 7.0.10-2
linux-cachyos-bore-lto-nvidia-open 7.0.10-2
nvidia-utils 610.43.02-2
lib32-nvidia-utils 610.43.02-1
NVIDIA-SMI has failed because it couldn't communicate with the NVIDIA driver. Make sure that the latest NVIDIA driver is installed and running.


== Conferindo pacotes necessários ==

== Instalando/garantindo somente o conjunto CachyOS Bore LTO + NVIDIA correspondente ==
atenção: linux-cachyos-bore-lto-7.0.10-2 está atualizado -- ignorando
atenção: linux-cachyos-bore-lto-headers-7.0.10-2 está atualizado -- ignorando
atenção: linux-cachyos-bore-lto-nvidia-open-7.0.10-2 está atualizado -- ignorando
atenção: nvidia-utils-610.43.02-2 está atualizado -- ignorando
atenção: lib32-nvidia-utils-610.43.02-1 está atualizado -- ignorando
nada para fazer

== Localizando kernel CachyOS Bore LTO ==
Kernel alvo: 7.0.10-2-cachyos-bore-lto
Diretório: /usr/lib/modules/7.0.10-2-cachyos-bore-lto

== Verificando módulo NVIDIA do CachyOS Bore LTO ==
Módulo NVIDIA: /usr/lib/modules/7.0.10-2-cachyos-bore-lto/extramodules/nvidia.ko.zst
Versão do módulo: 610.43.02
nvidia-utils: 610.43.02
lib32-nvidia-utils: 610.43.02

== Separando NVIDIA do mkinitcpio global para não quebrar linux/linux-zen ==

== Criando mkinitcpio exclusivo para CachyOS Bore LTO com NVIDIA ==

== Ajustando preset CachyOS Bore LTO para usar config própria ==

== Gravando configuração NVIDIA Wayland/KMS ==

== Gerando initramfs somente do CachyOS Bore LTO ==
==> Building image from preset: /etc/mkinitcpio.d/linux-cachyos-bore-lto.preset: 'default'
==> Using configuration file: '/etc/mkinitcpio-cachyos-bore-lto.conf'
  -> -k /boot/vmlinuz-linux-cachyos-bore-lto -c /etc/mkinitcpio-cachyos-bore-lto.conf -g /boot/initramfs-linux-cachyos-bore-lto.img
==> Starting build: '7.0.10-2-cachyos-bore-lto'
  -> Running build hook: [base]
  -> Running build hook: [udev]
  -> Running build hook: [autodetect]
  -> Running build hook: [microcode]
  -> Running build hook: [modconf]
  -> Running build hook: [block]
  -> Running build hook: [keyboard]
  -> Running build hook: [keymap]
  -> Running build hook: [consolefont]
==> WARNING: consolefont: no font found in configuration
  -> Running build hook: [filesystems]
==> Generating module dependencies
==> Creating zstd-compressed initcpio image: '/boot/initramfs-linux-cachyos-bore-lto.img'
  -> Early uncompressed CPIO image generation successful
==> Initcpio image generation successful

== Configurando bootloader para iniciar pelo CachyOS Bore LTO ==

== GRUB detectado ==
Gerando o arquivo de configuração do grub...
Imagem Linux encontrada: /boot/vmlinuz-linux-cachyos-bore-lto
Imagem initrd encontrada: /boot/intel-ucode.img /boot/amd-ucode.img /boot/initramfs-linux-cachyos-bore-lto.img
Imagem Linux encontrada: /boot/vmlinuz-linux-zen
Imagem initrd encontrada: /boot/intel-ucode.img /boot/amd-ucode.img /boot/initramfs-linux-zen.img
Imagem Linux encontrada: /boot/vmlinuz-linux
Imagem initrd encontrada: /boot/intel-ucode.img /boot/amd-ucode.img /boot/initramfs-linux.img
Aviso: os-prober não será executado para detectar outras partições de arranque.
Os sistemas nelas presentes não serão adicionados à configuração de arranque do GRUB.\Veja a documentação de GRUB_DISABLE_OS_PROBER.
A adicionar entrada de menu para UEFI Firmware Settings ...
concluído
grep: /boot/grub/grub.cfg: Permissão negada
grep: /boot/grub/grub.cfg: Permissão negada
grep: /boot/grub/grub.cfg: Permissão negada

ERRO: GRUB gerado, mas não encontrei a entrada CachyOS Bore LTO para gravar como padrão.
Log: /media/mochafast/MochaArch/ativo/relatorios/20260530-135727-casar-nvidia-somente-cachyos-bore-lto.log
