== Sistema atual ==
qui 28 mai 2026 21:53:13 -03
Linux hal-systemproductname 7.0.10-arch1-1 #1 SMP PREEMPT_DYNAMIC Sat, 23 May 2026 14:21:20 +0000 x86_64 GNU/Linux
NAME="EndeavourOS"
PRETTY_NAME="EndeavourOS"
ID="endeavouros"
ID_LIKE="arch"
BUILD_ID=rolling
ANSI_COLOR="38;2;23;147;209"
HOME_URL="https://endeavouros.com"
DOCUMENTATION_URL="https://discovery.endeavouros.com"
SUPPORT_URL="https://forum.endeavouros.com"
BUG_REPORT_URL="https://forum.endeavouros.com/c/general-system/endeavouros-installation"
PRIVACY_POLICY_URL="https://endeavouros.com/privacy-policy-2"
LOGO="endeavouros"

== Conferindo lock do pacman ==
Pacman sem lock.

== Auditoria: pacotes relevantes ==
dkms 3.4.1-1
egl-wayland2 1.0.1-1
egl-wayland 4:1.1.21-1
kwin 6.6.5-3
kwindowsystem5 5.116.0-2
kwindowsystem 6.26.0-1
kwin-x11 6.6.5-2
layer-shell-qt 6.6.5-2
lib32-nvidia-utils 595.71.05-1
linux 7.0.10.arch1-1
linux-api-headers 6.19-1
linux-cachyos-bore-lto 7.0.10-1
linux-cachyos-bore-lto-headers 7.0.10-1
linux-cachyos-bore-lto-nvidia-open 7.0.10-1
linux-firmware 20260519-1
linux-firmware-amdgpu 20260519-1
linux-firmware-atheros 20260519-1
linux-firmware-broadcom 20260519-1
linux-firmware-cirrus 20260519-1
linux-firmware-intel 20260519-1
linux-firmware-mediatek 20260519-1
linux-firmware-nvidia 20260519-1
linux-firmware-other 20260519-1
linux-firmware-radeon 20260519-1
linux-firmware-realtek 20260519-1
linux-firmware-whence 20260519-1
linux-headers 7.0.10.arch1-1
linux-zen 7.0.10.zen1-1
linux-zen-headers 7.0.10.zen1-1
nvidia-hook 1.5.3-1
nvidia-settings 595.71.05-1
nvidia-utils 595.71.05-2
opencl-nvidia 595.71.05-2
plasma5support 6.6.5-1
plasma-activities 6.6.5-1
plasma-activities-stats 6.6.5-1
plasma-browser-integration 6.6.5-1
plasma-desktop 6.6.5-1
plasma-disks 6.6.5-1
plasma-integration 6.6.5-2
plasma-keyboard 6.6.5-1
plasma-login-manager 6.6.5-1
plasma-nm 6.6.5-1
plasma-pa 6.6.5-1
plasma-systemmonitor 6.6.5-1
plasma-workspace 6.6.5-2
plasma-x11-session 6.6.5-2
qt6-wayland 6.11.1-1
sddm 0.21.0-7
sddm-kcm 6.6.5-1

== Auditoria: sessões Wayland disponíveis ==
/usr/share/wayland-sessions/plasma.desktop
[Desktop Entry]
Exec=/usr/lib/plasma-dbus-run-session-if-needed /usr/bin/startplasma-wayland
TryExec=/usr/bin/startplasma-wayland
DesktopNames=KDE
Name=Plasma (Wayland)
Name[ar]=بلازما (ويلاند)
Name[ast]=Plasma (Wayland)
Name[az]=Plasma (Wayland)
Name[be]=Plasma (Wayland)
Name[bg]=Plasma (Wayland)
Name[ca]=Plasma (Wayland)
Name[ca@valencia]=Plasma (Wayland)
Name[cs]=Plasma (Wayland)
Name[da]=Plasma (Wayland)
Name[de]=Plasma (Wayland)
Name[el]=Plasma (Wayland)
Name[en_GB]=Plasma (Wayland)
Name[eo]=Plasma (Wayland)
Name[es]=Plasma (Wayland)
Name[et]=Plasma (Wayland)
Name[eu]=Plasma (Wayland)
Name[fi]=Plasma (Wayland)
Name[fr]=Plasma (Wayland)
Name[ga]=Plasma (Wayland)
Name[gl]=Plasma (Wayland)
Name[he]=פלזמה (Wayland)
Name[hi]=प्लाज़्मा (वेलैंड)
Name[hsb]=Plasma (Wayland)
Name[hu]=Plasma (Wayland)
Name[ia]=Plasma (Wayland)
Name[id]=Plasma (Wayland)
Name[is]=Plasma (Wayland)
Name[it]=Plasma (Wayland)
Name[ja]=Plasma (Wayland)
Name[ka]=Plasma (Wayland)
Name[ko]=Plasma(Wayland)
Name[lt]=Plasma (Wayland)
Name[lv]=Plasma (Wayland)
Name[ml]=പ്ലാസ്മ (വേലാൻഡ്)
Name[nb]=Plasma (Wayland)
Name[nl]=Plasma (Wayland)
Name[nn]=Plasma (Wayland)
Name[pa]=ਪਲਾਜ਼ਮਾ (ਵੇਅਲੈਂਡ)
Name[pl]=Plazma (Wayland)
Name[pt]=Plasma (Wayland)
Name[pt_BR]=Plasma (Wayland)
Name[ro]=Plasma (Wayland)
Name[ru]=Plasma (Wayland)
Name[sa]=प्लाज्मा (वेलैण्ड्)
Name[sk]=Plasma (Wayland)
Name[sl]=Plasma (Wayland)
Name[sv]=Plasma (Wayland)
Name[ta]=பிளாஸ்மா (Wayland)
Name[tg]=Плазма (Вэйленд)
Name[th]=Plasma (Wayland)
Name[tr]=Plasma (Wayland)
Name[uk]=Плазма (Wayland)
Name[vi]=Plasma (Wayland)
Name[zh_CN]=Plasma (Wayland)
Name[zh_TW]=Plasma (Wayland)
Comment=Plasma by KDE
Comment[ar]=بلازما كِيدِي
Comment[az]=KDE Plasma
Comment[be]=Plasma KDE
Comment[bg]=Plasma от KDE
Comment[bs]=Plazma od strane KDe
Comment[ca]=Plasma, creat per la comunitat KDE
Comment[ca@valencia]=Plasma, creat per la comunitat KDE
Comment[cs]=Plasma z KDE
Comment[da]=Plasma fra KDE
Comment[de]=Plasma von KDE
Comment[el]=Plasma από το KDE
Comment[en_GB]=Plasma by KDE
Comment[eo]=Plasma de KDE
Comment[es]=Plasma, por KDE
Comment[et]=KDE Plasma
Comment[eu]=KDEren Plasma
Comment[fi]=Plasma KDE:ltä
Comment[fr]=Plasma, par KDE
Comment[ga]=Plasma le KDE

== Auditoria: SDDM configs existentes ==
--- /etc/sddm.conf.d/10-mocha-wayland.conf ---
[General]
DisplayServer=wayland
GreeterEnvironment=QT_WAYLAND_SHELL_INTEGRATION=layer-shell

[Wayland]
CompositorCommand=kwin_wayland --drm --no-lockscreen --no-global-shortcuts --locale1
--- /usr/lib/sddm/sddm.conf.d/default.conf ---
[Autologin]
# Whether sddm should automatically log back into sessions when they exit
Relogin=false

# Name of session file for autologin session (if empty try last logged in)
Session=

# Username for autologin session
User=


[General]
# Which display server should be used.
# Valid values are: x11, x11-user, wayland. Wayland support is experimental
DisplayServer=x11

# Comma-separated list of environment variables to be set
GreeterEnvironment=

# Halt command
HaltCommand=/usr/bin/systemctl poweroff

# Input method module
InputMethod=

# Comma-separated list of Linux namespaces for user session to enter
Namespaces=

# Initial NumLock state. Can be on, off or none.
# If property is set to none, numlock won't be changed
# NOTE: Currently ignored if autologin is enabled.
Numlock=none

# Reboot command
RebootCommand=/usr/bin/systemctl reboot


[Theme]
# Current theme name
Current=

# Cursor size used in the greeter
CursorSize=

# Cursor theme used in the greeter
CursorTheme=

# Number of users to use as threshold
# above which avatars are disabled
# unless explicitly enabled with EnableAvatars
DisableAvatarsThreshold=7

# Enable display of custom user avatars
EnableAvatars=true

# Global directory for user avatars
# The files should be named <username>.face.icon
FacesDir=/usr/share/sddm/faces

# Font used in the greeter
Font=

# Theme directory path
ThemeDir=/usr/share/sddm/themes


[Users]
# Default $PATH for logged in users
DefaultPath=/usr/local/sbin:/usr/local/bin:/usr/bin

# Comma-separated list of shells.
# Users with these shells as their default won't be listed
HideShells=

# Comma-separated list of users that should not be listed
HideUsers=

# Maximum user id for displayed users
MaximumUid=60513

# Minimum user id for displayed users
MinimumUid=1000

# Remember the session of the last successfully logged in user
RememberLastSession=true

# Remember the last successfully logged in user
RememberLastUser=true

# When logging in as the same user twice, restore the original session, rather than create a new one
ReuseSession=true


[Wayland]
# Path of the Wayland compositor to execute when starting the greeter
CompositorCommand=weston --shell=kiosk

# Enable Qt's automatic high-DPI scaling
EnableHiDPI=true

# Path to a script to execute when starting the desktop session
SessionCommand=/usr/share/sddm/scripts/wayland-session

# Comma-separated list of directories containing available Wayland sessions
SessionDir=/usr/local/share/wayland-sessions,/usr/share/wayland-sessions

# Path to the user session log file
SessionLogFile=.local/share/sddm/wayland-session.log


[X11]
# Path to a script to execute when starting the display server
DisplayCommand=/usr/share/sddm/scripts/Xsetup

# Path to a script to execute when stopping the display server
DisplayStopCommand=/usr/share/sddm/scripts/Xstop

# Enable Qt's automatic high-DPI scaling
EnableHiDPI=true

# Arguments passed to the X server invocation
ServerArguments=-nolisten tcp

# Path to X server binary
ServerPath=/usr/bin/X

# Path to a script to execute when starting the desktop session
SessionCommand=/usr/share/sddm/scripts/Xsession

# Comma-separated list of directories containing available X sessions
SessionDir=/usr/local/share/xsessions,/usr/share/xsessions

# Path to the user session log file
SessionLogFile=.local/share/sddm/xorg-session.log

# Path to Xephyr binary
XephyrPath=/usr/bin/Xephyr



== Auditoria: mkinitcpio ==
AVISO: /etc/mkinitcpio.conf não existe.

== Auditoria: bootloader ==
System:
      Firmware: UEFI 2.70 (American Megatrends 5.17)
 Firmware Arch: x64
   Secure Boot: disabled
  TPM2 Support: yes
  Measured UKI: no
  Boot into FW: supported

Current Boot Loader:
       Product: systemd-boot 260.2-2-arch
     Features: ✓ Boot counting
               ✓ Menu timeout control
               ✓ One-shot menu timeout control
               ✓ Default entry control
               ✓ One-shot entry control
               ✓ Support for XBOOTLDR partition
               ✓ Support for passing random seed to OS
               ✓ Load drop-in drivers
               ✓ Support Type #1 sort-key field
               ✓ Support @saved pseudo-entry
               ✓ Support Type #1 devicetree field
               ✓ Enroll SecureBoot keys
               ✓ Retain SHIM protocols
               ✓ Menu can be disabled
               ✓ Multi-Profile UKIs are supported
               ✓ Loader reports network boot URL
               ✓ Support Type #1 uki field
               ✓ Support Type #1 uki-url field
               ✓ Loader reports active TPM2 PCR banks
     Partition: /dev/disk/by-partuuid/e99e8f54-c53f-41ef-bec0-51f63189d155
        Loader: └─/efi//EFI/SYSTEMD/SYSTEMD-BOOTX64.EFI
 Current Entry: 09a044e993f7415a92dd2833d9afb1d2-7.0.10-arch1-1.conf
 Default Entry: 09a044e993f7415a92dd2833d9afb1d2-7.0.10-1-cachyos-bore-lto.conf

Random Seed:
 System Token: set
       Exists: Can't access /efi/loader/random-seed (Permissão negada)

Available Boot Loaders on ESP:
          ESP: /efi (/dev/disk/by-partuuid/e99e8f54-c53f-41ef-bec0-51f63189d155)
         File: (can't access /efi: Permissão negada)

Boot Loaders Listed in EFI Variables:
        Title: Linux Boot Manager
           ID: 0x0000
       Status: active, boot-order
    Partition: /dev/disk/by-partuuid/e99e8f54-c53f-41ef-bec0-51f63189d155
         File: └─/efi//EFI/SYSTEMD/SYSTEMD-BOOTX64.EFI

        Title: UEFI OS
           ID: 0x0014
       Status: active, boot-order
    Partition: /dev/disk/by-partuuid/e99e8f54-c53f-41ef-bec0-51f63189d155
         File: └─/efi//EFI/BOOT/BOOTX64.EFI




== Auditoria: logs do SDDM/NVIDIA deste boot e boot anterior ==
mai 28 21:49:49 hal-systemproductname systemd[1]: Started Simple Desktop Display Manager.
mai 28 21:49:49 hal-systemproductname sddm[857]: Initializing...
mai 28 21:49:49 hal-systemproductname sddm[857]: Starting...
mai 28 21:49:49 hal-systemproductname sddm[857]: Logind interface found
mai 28 21:49:49 hal-systemproductname sddm[857]: Adding new display...
mai 28 21:49:49 hal-systemproductname sddm[857]: Loaded empty theme configuration
mai 28 21:49:49 hal-systemproductname sddm[857]: Using VT 1
mai 28 21:49:49 hal-systemproductname sddm[857]: Display server started.
mai 28 21:49:49 hal-systemproductname sddm[857]: Socket server starting...
mai 28 21:49:49 hal-systemproductname sddm[857]: Socket server started.
mai 28 21:49:49 hal-systemproductname sddm[857]: Loading theme configuration from "/usr/share/sddm/themes/breeze/theme.conf"
mai 28 21:49:49 hal-systemproductname sddm[857]: Greeter starting...
mai 28 21:49:49 hal-systemproductname sddm-helper[866]: [PAM] Starting...
mai 28 21:49:49 hal-systemproductname sddm-helper[866]: [PAM] Authenticating...
mai 28 21:49:49 hal-systemproductname sddm-helper[866]: [PAM] returning.
mai 28 21:49:49 hal-systemproductname sddm-helper[866]: pam_unix(sddm-greeter:session): session opened for user sddm(uid=954) by (uid=0)
mai 28 21:49:49 hal-systemproductname sddm[857]: Greeter session started successfully
mai 28 21:49:50 hal-systemproductname sddm[857]: Message received from greeter: Connect
mai 28 21:49:55 hal-systemproductname sddm[857]: Message received from greeter: Login
mai 28 21:49:55 hal-systemproductname sddm[857]: Reading from "/usr/share/wayland-sessions/plasma.desktop"
mai 28 21:49:55 hal-systemproductname sddm[857]: Session "/usr/share/wayland-sessions/plasma.desktop" selected, command: "/usr/lib/plasma-dbus-run-session-if-needed /usr/bin/startplasma-wayland" for VT 2
mai 28 21:49:55 hal-systemproductname sddm-helper[1165]: [PAM] Starting...
mai 28 21:49:55 hal-systemproductname sddm-helper[1165]: [PAM] Authenticating...
mai 28 21:49:55 hal-systemproductname sddm-helper[1165]: [PAM] Preparing to converse...
mai 28 21:49:55 hal-systemproductname sddm-helper[1165]: [PAM] Conversation with 1 messages
mai 28 21:49:55 hal-systemproductname sddm-helper[1165]: pam_kwallet5(sddm:auth): pam_kwallet5: pam_sm_authenticate
mai 28 21:49:55 hal-systemproductname sddm-helper[1165]: [PAM] returning.
mai 28 21:49:55 hal-systemproductname sddm[857]: Authentication for user  "hal"  successful
mai 28 21:49:55 hal-systemproductname sddm-helper[1165]: pam_kwallet5(sddm:setcred): pam_kwallet5: pam_sm_setcred
mai 28 21:49:55 hal-systemproductname sddm-helper[1165]: pam_unix(sddm:session): session opened for user hal(uid=1000) by hal(uid=0)
mai 28 21:49:55 hal-systemproductname sddm[857]: Auth: sddm-helper exited successfully
mai 28 21:49:55 hal-systemproductname sddm[857]: Greeter stopped. SDDM::Auth::HELPER_SUCCESS
mai 28 21:49:55 hal-systemproductname sddm-helper[1165]: pam_kwallet5(sddm:session): pam_kwallet5: pam_sm_open_session
mai 28 21:49:55 hal-systemproductname sddm-helper[1165]: Starting Wayland user session: "/usr/share/sddm/scripts/wayland-session" "/usr/lib/plasma-dbus-run-session-if-needed /usr/bin/startplasma-wayland"
mai 28 21:49:55 hal-systemproductname sddm[857]: Session started true

mai 28 21:49:07 hal-systemproductname systemd[1]: Started Simple Desktop Display Manager.
mai 28 21:49:07 hal-systemproductname sddm[878]: Initializing...
mai 28 21:49:07 hal-systemproductname sddm[878]: Starting...
mai 28 21:49:07 hal-systemproductname sddm[878]: Logind interface found
mai 28 21:49:07 hal-systemproductname sddm[878]: Adding new display...
mai 28 21:49:07 hal-systemproductname sddm[878]: Loaded empty theme configuration
mai 28 21:49:07 hal-systemproductname sddm[878]: Using VT 1
mai 28 21:49:07 hal-systemproductname sddm[878]: Display server started.
mai 28 21:49:07 hal-systemproductname sddm[878]: Socket server starting...
mai 28 21:49:07 hal-systemproductname sddm[878]: Socket server started.
mai 28 21:49:07 hal-systemproductname sddm[878]: Loading theme configuration from "/usr/share/sddm/themes/breeze/theme.conf"
mai 28 21:49:07 hal-systemproductname sddm[878]: Greeter starting...
mai 28 21:49:07 hal-systemproductname sddm-helper[888]: [PAM] Starting...
mai 28 21:49:07 hal-systemproductname sddm-helper[888]: [PAM] Authenticating...
mai 28 21:49:07 hal-systemproductname sddm-helper[888]: [PAM] returning.
mai 28 21:49:07 hal-systemproductname sddm-helper[888]: pam_unix(sddm-greeter:session): session opened for user sddm(uid=954) by (uid=0)
mai 28 21:49:08 hal-systemproductname sddm[878]: Greeter session started successfully
mai 28 21:49:09 hal-systemproductname sddm[878]: Auth: sddm-helper exited successfully
mai 28 21:49:09 hal-systemproductname sddm[878]: Greeter stopped. SDDM::Auth::HELPER_SUCCESS
mai 28 21:49:28 hal-systemproductname sddm[878]: Signal received: SIGTERM
mai 28 21:49:28 hal-systemproductname systemd[1]: Stopping Simple Desktop Display Manager...
mai 28 21:49:28 hal-systemproductname sddm[878]: Socket server stopping...
mai 28 21:49:28 hal-systemproductname sddm[878]: Socket server stopped.
mai 28 21:49:28 hal-systemproductname systemd[1]: sddm.service: Deactivated successfully.
mai 28 21:49:28 hal-systemproductname systemd[1]: Stopped Simple Desktop Display Manager.

mai 28 21:49:56 hal-systemproductname kded6[1426]: QDBusObjectPath: invalid path "/modules/plasma-session-shortcuts"
mai 28 21:49:56 hal-systemproductname kded6[1426]: The kded module name "plasma-session-shortcuts" is invalid!
mai 28 21:49:56 hal-systemproductname plasmashell[1478]: Could not find required file "mainscript" for package "/usr/share/plasma/plasmoids/org.kde.plasma.icontasks/" should be QList("ui/main.qml")
mai 28 21:49:56 hal-systemproductname NetworkManager[797]: <info>  [1780015796.8921] agent-manager: agent[e04dc3319bf64c7c,:1.40/org.kde.plasma.networkmanagement/1000]: agent registered
mai 28 21:49:56 hal-systemproductname plasmashell[1478]: Member visible of the object PlasmaQuick::Dialog overrides a member of the base object. Consider renaming it or adding final or override specifier
mai 28 21:49:56 hal-systemproductname plasmashell[1478]: Member enabled of the object DeclarativeDropArea overrides a member of the base object. Consider renaming it or adding final or override specifier
mai 28 21:49:57 hal-systemproductname systemd[1171]: Reached target KDE Plasma Workspace.
mai 28 21:49:57 hal-systemproductname systemd[1171]: Reached target Current graphical user session.
mai 28 21:49:57 hal-systemproductname systemd[1171]: Reached target plasma-workspace-wayland.target.
mai 28 21:49:57 hal-systemproductname systemd[1171]: Starting Mocha NVIDIA Max Performance...
mai 28 21:49:57 hal-systemproductname systemd[1171]: Starting Plasma Session Restore...
mai 28 21:49:57 hal-systemproductname systemd[1171]: Starting KDE Session Restoration...
mai 28 21:49:57 hal-systemproductname systemd[1171]: Started Mocha NVIDIA Max Performance.
mai 28 21:49:57 hal-systemproductname systemd[1171]: app-pamac\x2dtray@autostart.service: Skipped due to 'exec-condition'.
mai 28 21:49:57 hal-systemproductname systemd[1171]: app-pamac\x2dtray\x2dbudgie@autostart.service: Skipped due to 'exec-condition'.
mai 28 21:49:57 hal-systemproductname systemd[1171]: Started Plasma Session Restore.
mai 28 21:49:57 hal-systemproductname systemd[1171]: Finished KDE Session Restoration.
mai 28 21:49:57 hal-systemproductname plasma-fallback-session-restore[1890]: libEGL warning: failed to get driver name for fd -1
mai 28 21:49:57 hal-systemproductname plasma-fallback-session-restore[1890]: libEGL warning: MESA-LOADER: failed to retrieve device information
mai 28 21:49:57 hal-systemproductname plasma-fallback-session-restore[1890]: libEGL warning: failed to get driver name for fd -1
mai 28 21:49:57 hal-systemproductname plasma-fallback-session-restore[1890]: MESA: error: ZINK: vkEnumeratePhysicalDevices failed (VK_ERROR_INITIALIZATION_FAILED)
mai 28 21:49:57 hal-systemproductname plasma-fallback-session-restore[1890]: MESA: error: ZINK: failed to choose pdev
mai 28 21:49:57 hal-systemproductname plasma-fallback-session-restore[1890]: libEGL warning: egl: failed to create dri2 screen
mai 28 21:49:57 hal-systemproductname systemd[1171]: plasma-ksplash.service: Consumed 843ms CPU time over 1.708s wall clock time, 143.5M memory peak.
mai 28 21:49:57 hal-systemproductname kwin_wayland[1248]: Failed to register with host portal QDBusError("org.freedesktop.portal.Error.Failed", "Could not register app ID: App info not found for 'org.kde.kwin'")
mai 28 21:49:57 hal-systemproductname plasmashell[1478]: Failed to register with host portal QDBusError("org.freedesktop.portal.Error.Failed", "Could not register app ID: Connection already associated with an application ID")
mai 28 21:49:57 hal-systemproductname kwin_wayland[1248]: Failed to register with host portal QDBusError("org.freedesktop.portal.Error.Failed", "Could not register app ID: App info not found for 'org.kde.kwin'")
mai 28 21:49:57 hal-systemproductname plasmashell[1478]: Entry is not valid "org.kde.kontact.desktop" 0x55db9af5e6b0
mai 28 21:49:57 hal-systemproductname plasmashell[1478]: Entry is not valid "org.kde.kontact.desktop" 0x55db9af5e6b0
mai 28 21:49:58 hal-systemproductname plasmashell[1478]: No object for name "@DEFAULT_SOURCE@"
mai 28 21:50:05 hal-systemproductname systemd[884]: Activating special unit Exit the Session...
mai 28 21:50:05 hal-systemproductname systemd[884]: Stopping Multimedia Service Session Manager...
mai 28 21:50:05 hal-systemproductname systemd[884]: Stopped Multimedia Service Session Manager.
mai 28 21:50:05 hal-systemproductname systemd[884]: Removed slice User Core Session Slice.
mai 28 21:50:05 hal-systemproductname systemd[884]: session.slice: Consumed 188ms CPU time over 15.944s wall clock time, 98.4M memory peak.
mai 28 21:50:05 hal-systemproductname systemd[884]: Finished Exit the Session.
mai 28 21:50:05 hal-systemproductname systemd[884]: Reached target Exit the Session.
mai 28 21:50:05 hal-systemproductname systemd-logind[798]: Removed session 1.
mai 28 21:50:05 hal-systemproductname (sd-pam)[888]: pam_unix(systemd-user:session): session closed for user sddm
mai 28 21:53:05 hal-systemproductname plasmashell[1478]: qrc:/qt/qml/plasma/applet/org/kde/plasma/taskmanager/ToolTipDelegate.qml:63: TypeError: Cannot read property 'containsMouse' of null
mai 28 21:53:13 hal-systemproductname sudo[4576]: pam_unix(sudo:session): session opened for user root(uid=0) by hal(uid=1000)
mai 28 21:53:13 hal-systemproductname sudo[4576]: pam_unix(sudo:session): session closed for user root

mai 28 21:49:19 hal-systemproductname systemd[905]: Activating special unit Exit the Session...
mai 28 21:49:19 hal-systemproductname systemd[905]: Removed slice User Core Session Slice.
mai 28 21:49:19 hal-systemproductname systemd[905]: Finished Exit the Session.
mai 28 21:49:19 hal-systemproductname systemd[905]: Reached target Exit the Session.
mai 28 21:49:19 hal-systemproductname systemd-logind[821]: Removed session 1.
mai 28 21:49:19 hal-systemproductname (sd-pam)[908]: pam_unix(systemd-user:session): session closed for user sddm
mai 28 21:49:28 hal-systemproductname systemd[1]: pamac-cleancache.timer: Deactivated successfully.
mai 28 21:49:28 hal-systemproductname sddm[878]: Signal received: SIGTERM
mai 28 21:49:28 hal-systemproductname sddm[878]: Socket server stopping...
mai 28 21:49:28 hal-systemproductname sddm[878]: Socket server stopped.
mai 28 21:49:28 hal-systemproductname systemd[1]: sddm.service: Deactivated successfully.
mai 28 21:49:28 hal-systemproductname systemd[1]: Stopping Permit User Sessions...
mai 28 21:49:28 hal-systemproductname systemd[1]: systemd-user-sessions.service: Deactivated successfully.
mai 28 21:49:28 hal-systemproductname systemd[1]: Stopped Permit User Sessions.
mai 28 21:49:29 hal-systemproductname systemd[1]: Removed slice User and Session Slice.

== Garantindo ferramentas básicas e pacotes Wayland/SDDM necessários ==
Pacotes básicos já presentes.

== Detectando sessão Plasma Wayland ==
Sessão Wayland escolhida: plasma.desktop

== Corrigindo SDDM para Wayland/KWin e tema Breeze quando disponível ==
--- /etc/sddm.conf.d/99-mocha-wayland-kwin.conf aplicado ---
# Mocha 20260528-215308
# SDDM em Wayland/KWin. Não usa X11.
[General]
DisplayServer=wayland
GreeterEnvironment=QT_WAYLAND_SHELL_INTEGRATION=layer-shell
DefaultSession=plasma.desktop

[Wayland]
CompositorCommand=kwin_wayland --drm --no-lockscreen --no-global-shortcuts --locale1

[Theme]
Current=breeze


== Resetando último estado do SDDM para sessão Plasma Wayland ==
Backup: /var/lib/sddm/state.conf.mocha-bak-20260528-215308
[Last]
User=hal
Session=plasma.desktop

== Movendo auth files antigas do usuário, sem apagar ==

== Configurando NVIDIA DRM/KMS para Wayland ==
# Mocha — NVIDIA Wayland/KMS
options nvidia_drm modeset=1 fbdev=1
blacklist nouveau
options nouveau modeset=0

== Preparando kernels alvo: Cachy bore/lto + kernel atual ==
Kernels alvo:
  7.0.10-arch1-1
  7.0.10-1-cachyos-bore-lto

== Garantindo headers e DKMS NVIDIA quando o módulo faltar ==
--- Kernel alvo: 7.0.10-arch1-1 ---
Headers já instalados: linux-headers
FALTA: nvidia_drm não existe para 7.0.10-arch1-1. Tentando DKMS sem forçar remoção de pacote.
Tentando instalar nvidia-open-dkms + dkms. Se houver conflito com pacote pré-compilado, o pacman pode recusar sem remover nada.
atenção: dkms-3.4.1-1 está atualizado -- ignorando
resolvendo dependências...
procurando pacotes conflitantes...
:: nvidia-open-dkms-595.71.05-2 e linux-cachyos-bore-lto-nvidia-open-7.0.10-1 estão em conflito (NVIDIA-MODULE). Remover linux-cachyos-bore-lto-nvidia-open? [s/N] erro: conflito de pacotes não solucionável detectado
erro: falha ao preparar a transação (dependências conflitantes)

:: nvidia-open-dkms-595.71.05-2 e linux-cachyos-bore-lto-nvidia-open-7.0.10-1 estão em conflito
AVISO: instalação DKMS não foi concluída automaticamente. Não forcei remoção de pacote.
Rodando DKMS para 7.0.10-arch1-1
AVISO FORTE: nvidia_drm ainda não existe para 7.0.10-arch1-1. O log acima mostrará se faltou pacote/headers/driver.
--- Kernel alvo: 7.0.10-1-cachyos-bore-lto ---
Headers já instalados: linux-cachyos-bore-lto-headers
OK: nvidia_drm já existe para 7.0.10-1-cachyos-bore-lto.

== Inserindo módulos NVIDIA no initramfs mkinitcpio ==
AVISO: sem /etc/mkinitcpio.conf; pulando edição de MODULES.

== Criando hook pacman para regenerar initramfs após kernel/NVIDIA ==

== Adicionando parâmetros NVIDIA KMS nas entradas de boot ==

== Regenerando initramfs com progresso ==
dracut-install: Failed to find module 'nvidia'
dracut[E]: FAILED:  /usr/lib/dracut/dracut-install -D /var/tmp/dracut.dRCCRAi/initramfs -N ^nouveau$ --kerneldir /usr/lib/modules/7.0.10-arch1-1 -m nvidia nvidia_modeset nvidia_uvm nvidia_drm
dracut-install: Failed to find module 'nvidia'
dracut[E]: FAILED:  /usr/lib/dracut/dracut-install -D /var/tmp/dracut.dRCCRAi/initramfs -N ^nouveau$ --kerneldir /usr/lib/modules/7.0.10-arch1-1 -m nvidia nvidia_modeset nvidia_uvm nvidia_drm nvidia nvidia_modeset nvidia_uvm nvidia_drm
dracut-install: Failed to find module 'nvidia'
dracut[E]: FAILED:  /usr/lib/dracut/dracut-install -D /var/tmp/dracut.dleAE8K/initramfs -N ^nouveau$ --kerneldir /usr/lib/modules/7.0.10-zen1-1-zen -m nvidia nvidia_modeset nvidia_uvm nvidia_drm
dracut-install: Failed to find module 'nvidia'
dracut[E]: FAILED:  /usr/lib/dracut/dracut-install -D /var/tmp/dracut.dleAE8K/initramfs -N ^nouveau$ --kerneldir /usr/lib/modules/7.0.10-zen1-1-zen -m nvidia nvidia_modeset nvidia_uvm nvidia_drm nvidia nvidia_modeset nvidia_uvm nvidia_drm

== Regenerando configuração do bootloader quando aplicável ==
Skipping "/efi/EFI/systemd/systemd-bootx64.efi", same boot loader version in place already.
Skipping "/efi/EFI/BOOT/BOOTX64.EFI", same boot loader version in place already.

== Garantindo SDDM como display manager gráfico ==
● sddm.service - Simple Desktop Display Manager
     Loaded: loaded (/usr/lib/systemd/system/sddm.service; enabled; preset: disabled)
     Active: active (running) since Thu 2026-05-28 21:49:49 -03; 3min 50s ago
 Invocation: 006e8a28429b4b9eb371ea27d494f372
       Docs: man:sddm(1)
             man:sddm.conf(5)
   Main PID: 857 (sddm)
      Tasks: 2 (limit: 18886)
     Memory: 38.4M (peak: 57.9M)
        CPU: 114ms
     CGroup: /system.slice/sddm.service
             └─857 /usr/bin/sddm

mai 28 21:49:55 hal-systemproductname sddm-helper[1165]: pam_kwallet5(sddm:auth): pam_kwallet5: pam_sm_authenticate
mai 28 21:49:55 hal-systemproductname sddm-helper[1165]: [PAM] returning.
mai 28 21:49:55 hal-systemproductname sddm[857]: Authentication for user  "hal"  successful
mai 28 21:49:55 hal-systemproductname sddm-helper[1165]: pam_kwallet5(sddm:setcred): pam_kwallet5: pam_sm_setcred
mai 28 21:49:55 hal-systemproductname sddm-helper[1165]: pam_unix(sddm:session): session opened for user hal(uid=1000) by hal(uid=0)
mai 28 21:49:55 hal-systemproductname sddm[857]: Auth: sddm-helper exited successfully
mai 28 21:49:55 hal-systemproductname sddm[857]: Greeter stopped. SDDM::Auth::HELPER_SUCCESS
mai 28 21:49:55 hal-systemproductname sddm-helper[1165]: pam_kwallet5(sddm:session): pam_kwallet5: pam_sm_open_session
mai 28 21:49:55 hal-systemproductname sddm-helper[1165]: Starting Wayland user session: "/usr/share/sddm/scripts/wayland-session" "/usr/lib/plasma-dbus-run-session-if-needed /usr/bin/startplasma-wayland"
mai 28 21:49:55 hal-systemproductname sddm[857]: Session started true

== Pós-checagem NVIDIA para kernels alvo ==
--- 7.0.10-arch1-1 ---
AVISO: modinfo nvidia falhou para 7.0.10-arch1-1
AVISO: modinfo nvidia_drm falhou para 7.0.10-arch1-1
--- 7.0.10-1-cachyos-bore-lto ---
filename:       /lib/modules/7.0.10-1-cachyos-bore-lto/extramodules/nvidia.ko.zst
firmware:       nvidia/595.71.05/gsp_ga10x.bin
firmware:       nvidia/595.71.05/gsp_tu10x.bin
license:        Dual MIT/GPL
supported:      external
version:        595.71.05
description:    NVIDIA core GPU kernel module
alias:          char-major-195-*
import_ns:      DMA_BUF
softdep:        pre: ecdh_generic,ecdsa_generic
name:           nvidia
depends:        
alias:          of:N*T*Cnvidia,tegra234-display
alias:          of:N*T*Cnvidia,tegra234-displayC*
alias:          of:N*T*Cnvidia,tegra264-display
alias:          of:N*T*Cnvidia,tegra264-displayC*
alias:          pci:v000010DEd*sv*sd*bc03sc00i00*
alias:          pci:v000010DEd*sv*sd*bc03sc02i00*
alias:          pci:v000010DEd*sv*sd*bc06sc80i00*
srcversion:     58D233B8E3F4A2973D73151
filename:       /lib/modules/7.0.10-1-cachyos-bore-lto/extramodules/nvidia-drm.ko.zst
license:        Dual MIT/GPL
supported:      external
version:        595.71.05
description:    NVIDIA DRM kernel module
name:           nvidia_drm
depends:        nvidia-modeset,drm_ttm_helper
alias:          pci:v000010DEd*sv*sd*bc03sc00i00*
alias:          pci:v000010DEd*sv*sd*bc03sc02i00*
alias:          pci:v000010DEd*sv*sd*bc06sc80i00*
srcversion:     76B91C545DFE1D16B60C7C8
vermagic:       7.0.10-1-cachyos-bore-lto SMP preempt mod_unload 
retpoline:      Y
sig_id:         PKCS#7
signer:         Build time autogenerated kernel key
sig_key:        08:B1:CF:A6:D5:0F:4E:9B:6F:F7:EF:4E:16:C0:AD:D5:E4:AE:0C:1A
sig_hashalgo:   sha512
signature:      30:65:02:30:27:CF:B2:CD:D4:B9:47:26:AE:F0:0F:3B:62:8C:64:47:
		5B:A2:E8:31:D6:7A:3C:38:94:04:DA:6C:AA:E8:41:B3:56:7A:57:21:
		96:5C:9E:2B:33:ED:0A:7A:2E:85:53:7C:02:31:00:FA:F2:76:AE:18:

== Pós-checagem parâmetros atuais, quando módulo estiver carregado ==

== Copiando log para FAST/MochaArch se existir ==
