
============================================================
 Mocha — aplicar tema canônico KDE + SDDM
============================================================
Usuário: mocha
Home:    /home/mocha
Base:    /media/mochafast/MochaArch
Log:     /media/mochafast/MochaArch/ativo/logs/20260627-173345-aplicar-tema-mocha-kde-sddm.log
Backup:  /media/mochafast/MochaArch/ativo/backups/tema-mocha-kde-sddm/20260627-173345

[2026-06-27 17:33:45] Validando fontes canônicas
ColorScheme KDE: /media/mochafast/MochaArch/ativo/kde/esquemas-cores-aprovados/MochaDark.colors
Plasma theme:    /media/mochafast/MochaArch/ativo/kde/plasma-style-barra-mocha/MochaPanelSolidCanonico
Wallpaper:       /media/mochafast/MochaArch/ativo/kde/wallpapers/mocha-wallpaper-canonico.png
Tema SDDM base:  /usr/share/sddm/themes/breeze
Tema SDDM novo:  /usr/share/sddm/themes/mocha

[2026-06-27 17:33:45] Backup das configurações atuais

[2026-06-27 17:33:45] Instalando assets Mocha no sistema

[2026-06-27 17:33:45] Instalando assets Mocha no usuário atual

[2026-06-27 17:33:45] Instalando defaults em /etc/skel

[2026-06-27 17:33:45] Aplicando configuração KDE no usuário atual
Detected locale "C" with character encoding "ANSI_X3.4-1968", which is not UTF-8.
Qt depends on a UTF-8 locale, and has switched to "C.UTF-8" instead.
If this causes problems, reconfigure your locale. See the locale(1) manual
for more information.
Detected locale "C" with character encoding "ANSI_X3.4-1968", which is not UTF-8.
Qt depends on a UTF-8 locale, and has switched to "C.UTF-8" instead.
If this causes problems, reconfigure your locale. See the locale(1) manual
for more information.
Detected locale "C" with character encoding "ANSI_X3.4-1968", which is not UTF-8.
Qt depends on a UTF-8 locale, and has switched to "C.UTF-8" instead.
If this causes problems, reconfigure your locale. See the locale(1) manual
for more information.

[2026-06-27 17:33:45] Aplicando configuração KDE no /etc/skel
Detected locale "C" with character encoding "ANSI_X3.4-1968", which is not UTF-8.
Qt depends on a UTF-8 locale, and has switched to "C.UTF-8" instead.
If this causes problems, reconfigure your locale. See the locale(1) manual
for more information.
Detected locale "C" with character encoding "ANSI_X3.4-1968", which is not UTF-8.
Qt depends on a UTF-8 locale, and has switched to "C.UTF-8" instead.
If this causes problems, reconfigure your locale. See the locale(1) manual
for more information.
Detected locale "C" with character encoding "ANSI_X3.4-1968", which is not UTF-8.
Qt depends on a UTF-8 locale, and has switched to "C.UTF-8" instead.
If this causes problems, reconfigure your locale. See the locale(1) manual
for more information.

[2026-06-27 17:33:45] Aplicando wallpaper no Plasma sem mexer na geometria da barra
Detected locale "C" with character encoding "ANSI_X3.4-1968", which is not UTF-8.
Qt depends on a UTF-8 locale, and has switched to "C.UTF-8" instead.
If this causes problems, reconfigure your locale. See the locale(1) manual
for more information.
Successfully set the wallpaper for all desktops to the image /home/mocha/.local/share/wallpapers/mocha-wallpaper-canonico.png

[2026-06-27 17:33:45] Criando tema SDDM Mocha

[2026-06-27 17:33:45] Configurando SDDM para usar tema Mocha

[2026-06-27 17:33:45] Chamando ferramentas KDE se disponíveis
Detected locale "C" with character encoding "ANSI_X3.4-1968", which is not UTF-8.
Qt depends on a UTF-8 locale, and has switched to "C.UTF-8" instead.
If this causes problems, reconfigure your locale. See the locale(1) manual
for more information.
The requested theme "MochaDark" is already set as the theme for the current Plasma session.
Detected locale "C" with character encoding "ANSI_X3.4-1968", which is not UTF-8.
Qt depends on a UTF-8 locale, and has switched to "C.UTF-8" instead.
If this causes problems, reconfigure your locale. See the locale(1) manual
for more information.
The requested theme "MochaPanelSolidCanonico" is already set as the theme for the current Plasma session.
Detected locale "C" with character encoding "ANSI_X3.4-1968", which is not UTF-8.
Qt depends on a UTF-8 locale, and has switched to "C.UTF-8" instead.
If this causes problems, reconfigure your locale. See the locale(1) manual
for more information.

[2026-06-27 17:33:45] Limpando cache KSVG/Plasma
Detected locale "C" with character encoding "ANSI_X3.4-1968", which is not UTF-8.
Qt depends on a UTF-8 locale, and has switched to "C.UTF-8" instead.
If this causes problems, reconfigure your locale. See the locale(1) manual
for more information.
kbuildsycoca6 running...

[2026-06-27 17:33:45] Reiniciando somente o plasmashell; SDDM será visto no próximo logout/login
Detected locale "C" with character encoding "ANSI_X3.4-1968", which is not UTF-8.
Qt depends on a UTF-8 locale, and has switched to "C.UTF-8" instead.
If this causes problems, reconfigure your locale. See the locale(1) manual
for more information.

[2026-06-27 17:33:48] Validação final

[1] KDE — sistema:
drwxr-xr-x 9 root root 4096 Jun 10 14:17 /usr/share/plasma/desktoptheme/MochaPanelSolidCanonico
-rw-r--r-- 1 root root 2899 Jun 27 17:33 /usr/share/color-schemes/MochaDark.colors
-rw-r--r-- 1 root root 132 Jun 27 17:33 /usr/share/wallpapers/mocha-wallpaper-canonico.png

[2] KDE — usuário:
drwxr-xr-x 9 mocha mocha 4096 Jun 10 14:17 /home/mocha/.local/share/plasma/desktoptheme/MochaPanelSolidCanonico
-rw-r--r-- 1 mocha mocha 2899 Jun 27 17:33 /home/mocha/.local/share/color-schemes/MochaDark.colors
-rw-r--r-- 1 mocha mocha 132 Jun 27 17:33 /home/mocha/.local/share/wallpapers/mocha-wallpaper-canonico.png

[3] KDE — configs:
139:LookAndFeelPackage=org.kde.breezedark.desktop

[4] SDDM — tema criado:
drwxr-xr-x 4 root root 4096 Jun 27 17:33 /usr/share/sddm/themes/mocha
-rw-r--r-- 1 root root 132 Jun 27 17:33 /usr/share/sddm/themes/mocha/backgrounds/mocha-wallpaper-canonico.png
/usr/share/sddm/themes/mocha/theme.conf:9:background=backgrounds/mocha-wallpaper-canonico.png
/usr/share/sddm/themes/mocha/theme.conf:10:Background=backgrounds/mocha-wallpaper-canonico.png
/usr/share/sddm/themes/mocha/metadata.desktop:2:Name=Mocha
/usr/share/sddm/themes/mocha/metadata.desktop:3:Name[ar]=نسيم
/usr/share/sddm/themes/mocha/metadata.desktop:4:Name[az]=Breeze
/usr/share/sddm/themes/mocha/metadata.desktop:5:Name[be]=Breeze
/usr/share/sddm/themes/mocha/metadata.desktop:6:Name[bg]=Breeze
/usr/share/sddm/themes/mocha/metadata.desktop:7:Name[ca]=Brisa
/usr/share/sddm/themes/mocha/metadata.desktop:8:Name[ca@valencia]=Brisa
/usr/share/sddm/themes/mocha/metadata.desktop:9:Name[cs]=Breeze
/usr/share/sddm/themes/mocha/metadata.desktop:10:Name[da]=Breeze
/usr/share/sddm/themes/mocha/metadata.desktop:11:Name[de]=Breeze
/usr/share/sddm/themes/mocha/metadata.desktop:12:Name[el]=Breeze
/usr/share/sddm/themes/mocha/metadata.desktop:13:Name[en_GB]=Breeze
/usr/share/sddm/themes/mocha/metadata.desktop:14:Name[eo]=Breeze
/usr/share/sddm/themes/mocha/metadata.desktop:15:Name[es]=Brisa
/usr/share/sddm/themes/mocha/metadata.desktop:16:Name[eu]=Breeze
/usr/share/sddm/themes/mocha/metadata.desktop:17:Name[fi]=Breeze
/usr/share/sddm/themes/mocha/metadata.desktop:18:Name[fr]=Breeze
/usr/share/sddm/themes/mocha/metadata.desktop:19:Name[ga]=Gaoth
/usr/share/sddm/themes/mocha/metadata.desktop:20:Name[gl]=Brisa
/usr/share/sddm/themes/mocha/metadata.desktop:21:Name[he]=בריזה
/usr/share/sddm/themes/mocha/metadata.desktop:22:Name[hu]=Breeze
/usr/share/sddm/themes/mocha/metadata.desktop:23:Name[ia]=Breeze (Brisa)
/usr/share/sddm/themes/mocha/metadata.desktop:24:Name[id]=Breeze
/usr/share/sddm/themes/mocha/metadata.desktop:25:Name[is]=Breeze
/usr/share/sddm/themes/mocha/metadata.desktop:26:Name[it]=Brezza
/usr/share/sddm/themes/mocha/metadata.desktop:27:Name[ka]=Breeze
/usr/share/sddm/themes/mocha/metadata.desktop:28:Name[ko]=Breeze
/usr/share/sddm/themes/mocha/metadata.desktop:29:Name[lt]=Breeze
/usr/share/sddm/themes/mocha/metadata.desktop:30:Name[lv]=Breeze
/usr/share/sddm/themes/mocha/metadata.desktop:31:Name[nb]=Breeze
/usr/share/sddm/themes/mocha/metadata.desktop:32:Name[nl]=Breeze
/usr/share/sddm/themes/mocha/metadata.desktop:33:Name[nn]=Breeze
/usr/share/sddm/themes/mocha/metadata.desktop:34:Name[pa]=ਬਰੀਜ਼
/usr/share/sddm/themes/mocha/metadata.desktop:35:Name[pl]=Bryza
/usr/share/sddm/themes/mocha/metadata.desktop:36:Name[pt]=Brisa
/usr/share/sddm/themes/mocha/metadata.desktop:37:Name[pt_BR]=Breeze
/usr/share/sddm/themes/mocha/metadata.desktop:38:Name[ro]=Breeze
/usr/share/sddm/themes/mocha/metadata.desktop:39:Name[ru]=Breeze
/usr/share/sddm/themes/mocha/metadata.desktop:40:Name[sa]=वायुः
/usr/share/sddm/themes/mocha/metadata.desktop:41:Name[sk]=Vánok
/usr/share/sddm/themes/mocha/metadata.desktop:42:Name[sl]=Sapica
/usr/share/sddm/themes/mocha/metadata.desktop:43:Name[sv]=Breeze
/usr/share/sddm/themes/mocha/metadata.desktop:44:Name[ta]=பிரீஸ்
/usr/share/sddm/themes/mocha/metadata.desktop:45:Name[tr]=Esinti
/usr/share/sddm/themes/mocha/metadata.desktop:46:Name[ug]=مەيىن شامال
/usr/share/sddm/themes/mocha/metadata.desktop:47:Name[uk]=Breeze
/usr/share/sddm/themes/mocha/metadata.desktop:48:Name[zh_CN]=Breeze 微风
/usr/share/sddm/themes/mocha/metadata.desktop:49:Name[zh_TW]=Breeze
/usr/share/sddm/themes/mocha/metadata.desktop:50:Description=Mocha SDDM theme
/usr/share/sddm/themes/mocha/metadata.desktop:51:Description[ar]=نسيم
/usr/share/sddm/themes/mocha/metadata.desktop:52:Description[az]=Breeze
/usr/share/sddm/themes/mocha/metadata.desktop:53:Description[be]=Breeze
/usr/share/sddm/themes/mocha/metadata.desktop:54:Description[bg]=Breeze
/usr/share/sddm/themes/mocha/metadata.desktop:55:Description[ca]=Brisa
/usr/share/sddm/themes/mocha/metadata.desktop:56:Description[ca@valencia]=Brisa
/usr/share/sddm/themes/mocha/metadata.desktop:57:Description[cs]=Breeze
/usr/share/sddm/themes/mocha/metadata.desktop:58:Description[da]=Breeze
/usr/share/sddm/themes/mocha/metadata.desktop:59:Description[de]=Breeze
/usr/share/sddm/themes/mocha/metadata.desktop:60:Description[el]=Breeze
/usr/share/sddm/themes/mocha/metadata.desktop:61:Description[en_GB]=Breeze
/usr/share/sddm/themes/mocha/metadata.desktop:62:Description[eo]=Brizo
/usr/share/sddm/themes/mocha/metadata.desktop:63:Description[es]=Brisa
/usr/share/sddm/themes/mocha/metadata.desktop:64:Description[eu]=Brisa
/usr/share/sddm/themes/mocha/metadata.desktop:65:Description[fi]=Breeze
/usr/share/sddm/themes/mocha/metadata.desktop:66:Description[fr]=Breeze
/usr/share/sddm/themes/mocha/metadata.desktop:67:Description[ga]=Gaoth
/usr/share/sddm/themes/mocha/metadata.desktop:68:Description[gl]=Brisa.
/usr/share/sddm/themes/mocha/metadata.desktop:69:Description[he]=בריזה
/usr/share/sddm/themes/mocha/metadata.desktop:70:Description[hu]=Breeze
/usr/share/sddm/themes/mocha/metadata.desktop:71:Description[ia]=Breeze (Brisa)
/usr/share/sddm/themes/mocha/metadata.desktop:72:Description[id]=Breeze
/usr/share/sddm/themes/mocha/metadata.desktop:73:Description[is]=Breeze
/usr/share/sddm/themes/mocha/metadata.desktop:74:Description[it]=Brezza
/usr/share/sddm/themes/mocha/metadata.desktop:75:Description[ka]=Breeze
/usr/share/sddm/themes/mocha/metadata.desktop:76:Description[ko]=Breeze
/usr/share/sddm/themes/mocha/metadata.desktop:77:Description[lt]=Breeze
/usr/share/sddm/themes/mocha/metadata.desktop:78:Description[lv]=Breeze
/usr/share/sddm/themes/mocha/metadata.desktop:79:Description[nb]=Breeze
/usr/share/sddm/themes/mocha/metadata.desktop:80:Description[nl]=Breeze
/usr/share/sddm/themes/mocha/metadata.desktop:81:Description[nn]=Breeze
/usr/share/sddm/themes/mocha/metadata.desktop:82:Description[pa]=ਬਰੀਜ਼
/usr/share/sddm/themes/mocha/metadata.desktop:83:Description[pl]=Bryza
/usr/share/sddm/themes/mocha/metadata.desktop:84:Description[pt]=Brisa
/usr/share/sddm/themes/mocha/metadata.desktop:85:Description[pt_BR]=Breeze
/usr/share/sddm/themes/mocha/metadata.desktop:86:Description[ro]=Briză
/usr/share/sddm/themes/mocha/metadata.desktop:87:Description[ru]=Breeze
/usr/share/sddm/themes/mocha/metadata.desktop:88:Description[sa]=वायुः
/usr/share/sddm/themes/mocha/metadata.desktop:89:Description[sk]=Vánok
/usr/share/sddm/themes/mocha/metadata.desktop:90:Description[sl]=Sapica
/usr/share/sddm/themes/mocha/metadata.desktop:91:Description[sv]=Breeze
/usr/share/sddm/themes/mocha/metadata.desktop:92:Description[ta]=பிரீஸ்
/usr/share/sddm/themes/mocha/metadata.desktop:93:Description[tr]=Esinti
/usr/share/sddm/themes/mocha/metadata.desktop:94:Description[ug]=مەيىن شامال
/usr/share/sddm/themes/mocha/metadata.desktop:95:Description[uk]=Breeze
/usr/share/sddm/themes/mocha/metadata.desktop:96:Description[zh_CN]=Breeze 微风
/usr/share/sddm/themes/mocha/metadata.desktop:97:Description[zh_TW]=Breeze

[5] SDDM — config ativa:
/etc/sddm.conf
[Autologin]
Session=plasma

/etc/sddm.conf.d/10-mocha-theme.conf
[Theme]
Current=mocha
CursorTheme=breeze_cursors

[General]
InputMethod=

============================================================
 FIM — tema Mocha aplicado no KDE, /etc/skel e SDDM.
 Log: /media/mochafast/MochaArch/ativo/logs/20260627-173345-aplicar-tema-mocha-kde-sddm.log
 Backup: /media/mochafast/MochaArch/ativo/backups/tema-mocha-kde-sddm/20260627-173345
============================================================
