
============================================================
 Mocha — finalização wrapper/MangoHud/input V2
============================================================
Usuário: mocha
HOME:    /home/mocha
Backup:  /home/mocha/.local/share/mocha/backups/finaliza-wrapper-mangohud-input-v2-20260627-235235
Log:     /media/mochafast/MochaArch/ativo/logs/20260627-235235-finaliza-wrapper-mangohud-input-v2.log

[1] Fechando Steam/jogo para gravar localconfig limpo
[OK] Steam/jogo encerrados ou já ausentes.

[2] Backup do estado atual
[OK] Backup: /usr/local/bin/mocha-steam-game-run
[OK] Backup: /usr/local/share/mocha/mangohud/MangoHud.conf
[OK] Backup: /home/mocha/.config/MangoHud/MangoHud.conf

[3] Regravando MangoHud canônico
[OK] MangoHud mestre:  /usr/local/share/mocha/mangohud/MangoHud.conf
[OK] MangoHud usuário: /home/mocha/.config/MangoHud/MangoHud.conf

[4] Recriando wrapper oficial
[OK] Wrapper oficial instalado: /usr/local/bin/mocha-steam-game-run
[OK] Symlink usuário: /home/mocha/.local/bin/mocha-steam-game-run
[OK] Symlink skel: /etc/skel/.local/bin/mocha-steam-game-run

[5] Gravando launch option oficial no AppID 2169200
[CORRIGIDO] /home/mocha/.local/share/Steam/userdata/389303290/config/localconfig.vdf
[OK] /home/mocha/.steam/steam/userdata/389303290/config/localconfig.vdf

[6] Validação final

Wrapper instalado:
------------------------------------------------------------
#!/usr/bin/env bash
set -e

# Mocha — wrapper oficial dos jogos Steam
# Linha oficial:
# /usr/local/bin/mocha-steam-game-run %command%

MASTER_CONF="/usr/local/share/mocha/mangohud/MangoHud.conf"
USER_CONF="${XDG_CONFIG_HOME:-$HOME/.config}/MangoHud/MangoHud.conf"

mkdir -p "$(dirname "$USER_CONF")"

if [ -r "$MASTER_CONF" ]; then
  cp -f "$MASTER_CONF" "$USER_CONF" 2>/dev/null || true
fi

unset MANGOHUD_CONFIG
_BAD_VAR="MANGOHUD_$(printf '%s%s' 'DL' 'SYM')"
unset "$_BAD_VAR"
unset _BAD_VAR

export MANGOHUD_CONFIGFILE="$USER_CONF"

export SDL_VIDEO_MINIMIZE_ON_FOCUS_LOSS=0
export WINE_MOUSE_WARP_OVERRIDE=force
export MouseWarpOverride=force
export XMODIFIERS="@im=none"

exec mangohud "$@"
------------------------------------------------------------

MangoHud runtime:
------------------------------------------------------------
     1	# Mocha MangoHud — canônico
     2	# Uma linha, sem gráficos.
     3	# Ordem: FPS | frametime | CPU | GPU | RAM | VRAM | GameMode | HH:MM
     4	
     5	legacy_layout=0
     6	horizontal
     7	hud_no_margin
     8	position=top-left
     9	background_alpha=0.35
    10	round_corners=8
    11	font_size=18
    12	
    13	fps
    14	frametime
    15	cpu_stats
    16	gpu_stats
    17	ram
    18	vram
    19	gamemode
    20	time
    21	time_format=%H:%M
------------------------------------------------------------

Launch options encontradas:
------------------------------------------------------------
/home/mocha/.local/share/Steam/userdata/389303290/config/localconfig.vdf.bak-20260627-225059:582:						"LaunchOptions"		"/usr/local/bin/mocha-steam-game-run %command%"
/home/mocha/.local/share/Steam/userdata/389303290/config/localconfig.vdf.bak-20260627-225059:699:						"LaunchOptions"		"/usr/local/bin/mocha-steam-game-run %command%"
/home/mocha/.local/share/Steam/userdata/389303290/config/localconfig.vdf.bak-20260627-225059:737:						"LaunchOptions"		"/usr/local/bin/mocha-steam-game-run %command%"
/home/mocha/.local/share/Steam/userdata/389303290/config/localconfig.vdf.bak-20260627-225059:785:						"LaunchOptions"		"/usr/local/bin/mocha-steam-game-run %command%"
/home/mocha/.local/share/Steam/userdata/389303290/config/localconfig.vdf:582:						"LaunchOptions"		"/usr/local/bin/mocha-steam-game-run %command%"
/home/mocha/.local/share/Steam/userdata/389303290/config/localconfig.vdf:699:						"LaunchOptions"		"/usr/local/bin/mocha-steam-game-run %command%"
/home/mocha/.local/share/Steam/userdata/389303290/config/localconfig.vdf:737:						"LaunchOptions"		"/usr/local/bin/mocha-steam-game-run %command%"
/home/mocha/.local/share/Steam/userdata/389303290/config/localconfig.vdf:784:						"LaunchOptions"		"/usr/local/bin/mocha-steam-game-run %command%"
/home/mocha/.local/share/Steam/userdata/389303290/config/localconfig.vdf:786:						"LaunchOptions"		"/usr/local/bin/mocha-steam-game-run %command%"
/home/mocha/.local/share/Steam/userdata/389303290/config/localconfig.vdf:825:						"LaunchOptions"		"/usr/local/bin/mocha-steam-game-run %command%"
/home/mocha/.local/share/Steam/userdata/389303290/config/localconfig.vdf:830:						"LaunchOptions"		"/usr/local/bin/mocha-steam-game-run %command%"
/home/mocha/.local/share/Steam/userdata/389303290/config/localconfig.vdf:835:						"LaunchOptions"		"/usr/local/bin/mocha-steam-game-run %command%"
/home/mocha/.local/share/Steam/userdata/389303290/config/localconfig.vdf:839:						"LaunchOptions"		"/usr/local/bin/mocha-steam-game-run %command%"
/home/mocha/.steam/steam/userdata/389303290/config/localconfig.vdf.bak-20260627-225059:582:						"LaunchOptions"		"/usr/local/bin/mocha-steam-game-run %command%"
/home/mocha/.steam/steam/userdata/389303290/config/localconfig.vdf.bak-20260627-225059:699:						"LaunchOptions"		"/usr/local/bin/mocha-steam-game-run %command%"
/home/mocha/.steam/steam/userdata/389303290/config/localconfig.vdf.bak-20260627-225059:737:						"LaunchOptions"		"/usr/local/bin/mocha-steam-game-run %command%"
/home/mocha/.steam/steam/userdata/389303290/config/localconfig.vdf.bak-20260627-225059:785:						"LaunchOptions"		"/usr/local/bin/mocha-steam-game-run %command%"
/home/mocha/.steam/steam/userdata/389303290/config/localconfig.vdf:582:						"LaunchOptions"		"/usr/local/bin/mocha-steam-game-run %command%"
/home/mocha/.steam/steam/userdata/389303290/config/localconfig.vdf:699:						"LaunchOptions"		"/usr/local/bin/mocha-steam-game-run %command%"
/home/mocha/.steam/steam/userdata/389303290/config/localconfig.vdf:737:						"LaunchOptions"		"/usr/local/bin/mocha-steam-game-run %command%"
/home/mocha/.steam/steam/userdata/389303290/config/localconfig.vdf:784:						"LaunchOptions"		"/usr/local/bin/mocha-steam-game-run %command%"
/home/mocha/.steam/steam/userdata/389303290/config/localconfig.vdf:786:						"LaunchOptions"		"/usr/local/bin/mocha-steam-game-run %command%"
/home/mocha/.steam/steam/userdata/389303290/config/localconfig.vdf:825:						"LaunchOptions"		"/usr/local/bin/mocha-steam-game-run %command%"
/home/mocha/.steam/steam/userdata/389303290/config/localconfig.vdf:830:						"LaunchOptions"		"/usr/local/bin/mocha-steam-game-run %command%"
/home/mocha/.steam/steam/userdata/389303290/config/localconfig.vdf:835:						"LaunchOptions"		"/usr/local/bin/mocha-steam-game-run %command%"
/home/mocha/.steam/steam/userdata/389303290/config/localconfig.vdf:839:						"LaunchOptions"		"/usr/local/bin/mocha-steam-game-run %command%"
------------------------------------------------------------

============================================================
 Concluído
============================================================
Linha oficial:
  /usr/local/bin/mocha-steam-game-run %command%

Log:
  /media/mochafast/MochaArch/ativo/logs/20260627-235235-finaliza-wrapper-mangohud-input-v2.log
