
============================================================
 Mocha — atualizador Rust com CachyOS transitório V7
============================================================
Base:       /media/mochafast/MochaArch
Ativo:      /media/mochafast/MochaArch/ativo
Rust proj:  /media/mochafast/MochaArch/ativo/ferramentas/mocha-kernel-driver-manager-rust-hw-detect-transient
Helper:     /usr/local/lib/mocha/mocha-cachyos-transient-install
Quarentena: /media/mochafast/MochaArch/ativo/quarentena/atualizador-kernel-driver-pre-v7-20260627-193945
Log:        /media/mochafast/MochaArch/ativo/logs/20260627-193945-atualizador-rust-cachyos-transitorio-v7.log

[1] Quarentenando versões anteriores
Movido para quarentena: /usr/local/bin/mocha-kernel-driver-manager -> /media/mochafast/MochaArch/ativo/quarentena/atualizador-kernel-driver-pre-v7-20260627-193945/usr/local/bin/mocha-kernel-driver-manager
Movido para quarentena: /usr/local/bin/mocha-kernel-driver-updater -> /media/mochafast/MochaArch/ativo/quarentena/atualizador-kernel-driver-pre-v7-20260627-193945/usr/local/bin/mocha-kernel-driver-updater
Movido para quarentena: /usr/local/bin/mocha-kernel-driver-reinstaller -> /media/mochafast/MochaArch/ativo/quarentena/atualizador-kernel-driver-pre-v7-20260627-193945/usr/local/bin/mocha-kernel-driver-reinstaller
Movido para quarentena: /usr/local/bin/mocha-kernel-driver -> /media/mochafast/MochaArch/ativo/quarentena/atualizador-kernel-driver-pre-v7-20260627-193945/usr/local/bin/mocha-kernel-driver
Movido para quarentena: /usr/local/bin/mocha-kernel-driver-firstboot -> /media/mochafast/MochaArch/ativo/quarentena/atualizador-kernel-driver-pre-v7-20260627-193945/usr/local/bin/mocha-kernel-driver-firstboot
Movido para quarentena: /usr/share/applications/mocha-kernel-driver-manager.desktop -> /media/mochafast/MochaArch/ativo/quarentena/atualizador-kernel-driver-pre-v7-20260627-193945/usr/share/applications/mocha-kernel-driver-manager.desktop
Movido para quarentena: /etc/skel/Desktop/mocha-kernel-driver-manager.desktop -> /media/mochafast/MochaArch/ativo/quarentena/atualizador-kernel-driver-pre-v7-20260627-193945/etc/skel/Desktop/mocha-kernel-driver-manager.desktop
Movido para quarentena: /etc/xdg/autostart/mocha-kernel-driver-firstboot.desktop -> /media/mochafast/MochaArch/ativo/quarentena/atualizador-kernel-driver-pre-v7-20260627-193945/etc/xdg/autostart/mocha-kernel-driver-firstboot.desktop
Movido para quarentena: /media/mochafast/MochaArch/ativo/apps/mocha-kernel-driver-manager -> /media/mochafast/MochaArch/ativo/quarentena/atualizador-kernel-driver-pre-v7-20260627-193945/media/mochafast/MochaArch/ativo/apps/mocha-kernel-driver-manager
Movido para quarentena: /media/mochafast/MochaArch/ativo/calamares/payload/mocha-kernel-driver-manager -> /media/mochafast/MochaArch/ativo/quarentena/atualizador-kernel-driver-pre-v7-20260627-193945/media/mochafast/MochaArch/ativo/calamares/payload/mocha-kernel-driver-manager
[OK] Versões anteriores quarentenadas.

[2] Criando helper transitório do CachyOS
[OK] Helper instalado: /usr/local/lib/mocha/mocha-cachyos-transient-install

[3] Criando fonte Rust V7
[OK] Fonte Rust V7 criada.

[4] Compilando Rust V7
[AVISO] cargo não existe. Instalando rust temporariamente para compilar.
resolving dependencies...
looking for conflicting packages...

Packages (5) compiler-rt-22.1.6-1  libgit2-1:1.9.4-1  lld-22.1.6-1  llhttp-9.3.1-1  rust-1:1.96.0-1

Total Download Size:    81.97 MiB
Total Installed Size:  339.68 MiB

:: Proceed with installation? [Y/n] 
:: Retrieving packages...
 rust-1:1.96.0-1-x86_64 downloading...
 compiler-rt-22.1.6-1-x86_64 downloading...
 lld-22.1.6-1-x86_64 downloading...
 libgit2-1:1.9.4-1-x86_64 downloading...
 llhttp-9.3.1-1-x86_64 downloading...
checking keyring...
checking package integrity...
loading package files...
checking for file conflicts...
checking available disk space...
:: Processing package changes...
installing compiler-rt...
installing llhttp...
installing libgit2...
installing lld...
installing rust...
Optional dependencies for rust
    gdb: rust-gdb script [installed]
    lldb: rust-lldb script
:: Running post-transaction hooks...
(1/1) Arming ConditionNeedsUpdate...
   Compiling mocha-kernel-driver-manager v1.2.0 (/media/mochafast/MochaArch/ativo/ferramentas/mocha-kernel-driver-manager-rust-hw-detect-transient)
    Finished `release` profile [optimized] target(s) in 7.16s
[OK] Rust V7 compilado.

[5] Instalando V7 na matriz
[OK] Instalado: /usr/local/bin/mocha-kernel-driver-manager

[6] Recriando firstboot V7
[OK] Firstboot V7 instalado.

[7] Recriando atalhos V7
[OK] Atalhos V7 recriados.

[8] Regravando cópia canônica e payload
[OK] Payload ativo V7 regravado.

[9] Registrando nos manuais
[OK] Manual atualizado: /media/mochafast/MochaArch-Interno/ativo/MANUAL-UNICO-VIVO-MONTAGEM-MOCHA-ARCH-KDE.md
[OK] Manual atualizado: /media/mochafast/MochaArch/ativo/MANUAL-UNICO-VIVO-MONTAGEM-MOCHA-ARCH-KDE.md
[OK] Manual atualizado: /media/vmstore/MochaArch/iso/manual/PLANO-B-MATRIZ-CALAM-LIVE-ISO.md

[10] Removendo Rust temporário, se instalado só para compilar
checking dependencies...
:: kate optionally requires rust: Rust LSP support

Packages (5) compiler-rt-22.1.6-1  libgit2-1:1.9.4-1  lld-22.1.6-1  llhttp-9.3.1-1  rust-1:1.96.0-1

Total Removed Size:  339.68 MiB

:: Do you want to remove these packages? [Y/n] 
:: Processing package changes...
removing rust...
removing lld...
removing libgit2...
removing llhttp...
removing compiler-rt...
:: Running post-transaction hooks...
(1/1) Arming ConditionNeedsUpdate...

[11] Validação final forte
============================================================
 Mocha — Atualizador/Reinstalador de Kernel e Driver
 CachyOS transitório: entra só para instalar e sai depois
============================================================

[CPU detectada]
  Modelo: AMD Ryzen 7 5700G with Radeon Graphics
  Vendor: AuthenticAMD
  Nível x86-64 suportado: x86-64-v3
  Microcode recomendado: amd-ucode
  Recursos principais:
    SSE4.2: sim
    AES:    sim
    AVX:    sim
    AVX2:   sim
    FMA:    sim
    BMI2:   sim
    AVX512: não

[Kernel atual]
  uname -r: 7.0.13-arch1-2
  pacotes instalados:
  linux 7.0.13.arch1-2
    linux-headers 7.0.13.arch1-2

[GPU/driver de vídeo detectado]
  Vendor detectado: NVIDIA
  módulo NVIDIA: não detectado
  lspci/kernel driver:
  01:00.0 VGA compatible controller [0300]: NVIDIA Corporation GB206 [GeForce RTX 5060 Ti] [10de:2d04] (rev a1)
    Subsystem: Micro-Star International Co., Ltd. [MSI] Device [1462:5351]
    Kernel modules: nouveau

[Pacotes de vídeo atualmente instalados]
  mesa 1:26.1.3-2
    vulkan-icd-loader 1.4.350.1-1
    vulkan-radeon 1:26.1.3-2
    vulkan-intel 1:26.1.3-2
    mesa 1:26.1.3-2
    libva-intel-driver 2.4.5-1
    nvidia-utils 610.43.02-3
    egl-wayland 4:1.1.21-1
    libxnvctrl 610.43.02-1
    nvidia-settings 610.43.02-1
    xf86-video-amdgpu 25.0.0-1

[Plano sugerido pelo hardware detectado]
  amd-ucode
  egl-wayland
  lib32-mesa
  lib32-nvidia-utils
  lib32-vulkan-icd-loader
  libva-utils
  libxnvctrl
  linux-cachyos
  linux-cachyos-headers
  linux-cachyos-nvidia-open
  mesa
  nvidia-settings
  nvidia-utils
  opencl-nvidia
  vulkan-icd-loader
  vulkan-tools

[Disponível no canal CachyOS transitório]
  A consulta abaixo usa pacman.conf temporário.
  /etc/pacman.conf não é editado.

[mocha-cachyos-transient] Nível detectado para canal transitório CachyOS: v3
[mocha-cachyos-transient] Importando chave CachyOS para validar assinaturas.
gpg: key F3B607488DB35A47: public key "CachyOS <admin@cachyos.org>" imported
gpg: Total number processed: 1
gpg:               imported: 1
  -> Locally signed 1 key.
==> Updating trust database...
gpg: marginals needed: 3  completes needed: 1  trust model: pgp
gpg: depth: 0  valid:   1  signed:   6  trust: 0-, 0q, 0n, 0m, 0f, 1u
gpg: depth: 1  valid:   6  signed:  86  trust: 1-, 0q, 0n, 5m, 0f, 0u
gpg: depth: 2  valid:  75  signed:  25  trust: 75-, 0q, 0n, 0m, 0f, 0u
gpg: next trustdb check due at 2026-10-21
[mocha-cachyos-transient] Sincronizando bases CachyOS em DB temporário: /tmp/mocha-cachyos-transient.KrvU0d/db
:: Synchronizing package databases...
error: could not open file /tmp/mocha-cachyos-transient.KrvU0d/db/sync/download-t7IqCL/cachyos-v3.db.part: Permission denied
error: failed to setup a download payload for cachyos-v3.db
error: failed to synchronize all databases (failed to retrieve some files)

[AVISO] Consulta transitória retornou código: 1

Binário final:
-rwxr-xr-x 1 root root 416K Jun 27 19:39 /usr/local/bin/mocha-kernel-driver-manager
/usr/local/bin/mocha-kernel-driver-manager: ELF 64-bit LSB pie executable, x86-64, version 1 (SYSV), dynamically linked, interpreter /lib64/ld-linux-x86-64.so.2, for GNU/Linux 4.4.0, BuildID[sha1]=b04da1c027bdbe91d426bbaa6f9969cf93f382da, stripped
972f39ac4621ff006c756479ec020f65749cde551d64cae0702b549cbab87f1b  /usr/local/bin/mocha-kernel-driver-manager

Helper transitório:
-rwxr-xr-x 1 root root 6.7K Jun 27 19:39 /usr/local/lib/mocha/mocha-cachyos-transient-install
458510efa677c3bbd58c28b484bcbeca8a1a3f84a98dbb289a3f1ea7f0f2d892  /usr/local/lib/mocha/mocha-cachyos-transient-install

Verificação pacman.conf:
Hash: 8938d37ea01faafe28e01d96e9dbb5536448fcabbe5e758496d017f9031cef76
[OK] Nenhum bloco CachyOS em /etc/pacman.conf

Symlinks:
lrwxrwxrwx 1 root root     27 Jun 27 19:39 /usr/local/bin/mocha-kernel-driver -> mocha-kernel-driver-manager
-rwxr-xr-x 1 root root    856 Jun 27 19:39 /usr/local/bin/mocha-kernel-driver-firstboot
-rwxr-xr-x 1 root root 425584 Jun 27 19:39 /usr/local/bin/mocha-kernel-driver-manager
lrwxrwxrwx 1 root root     27 Jun 27 19:39 /usr/local/bin/mocha-kernel-driver-reinstaller -> mocha-kernel-driver-manager
lrwxrwxrwx 1 root root     27 Jun 27 19:39 /usr/local/bin/mocha-kernel-driver-updater -> mocha-kernel-driver-manager

Payload:
/media/mochafast/MochaArch/ativo/calamares/payload/mocha-kernel-driver-manager/etc/skel/Desktop/mocha-kernel-driver-manager.desktop
/media/mochafast/MochaArch/ativo/calamares/payload/mocha-kernel-driver-manager/etc/xdg/autostart/mocha-kernel-driver-firstboot.desktop
/media/mochafast/MochaArch/ativo/calamares/payload/mocha-kernel-driver-manager/usr/local/bin/mocha-kernel-driver
/media/mochafast/MochaArch/ativo/calamares/payload/mocha-kernel-driver-manager/usr/local/bin/mocha-kernel-driver-firstboot
/media/mochafast/MochaArch/ativo/calamares/payload/mocha-kernel-driver-manager/usr/local/bin/mocha-kernel-driver-manager
/media/mochafast/MochaArch/ativo/calamares/payload/mocha-kernel-driver-manager/usr/local/bin/mocha-kernel-driver-reinstaller
/media/mochafast/MochaArch/ativo/calamares/payload/mocha-kernel-driver-manager/usr/local/bin/mocha-kernel-driver-updater
/media/mochafast/MochaArch/ativo/calamares/payload/mocha-kernel-driver-manager/usr/local/lib/mocha/mocha-cachyos-transient-install
/media/mochafast/MochaArch/ativo/calamares/payload/mocha-kernel-driver-manager/usr/share/applications/mocha-kernel-driver-manager.desktop

Quarentena:
/media/mochafast/MochaArch/ativo/quarentena/atualizador-kernel-driver-pre-v7-20260627-193945/etc/skel/Desktop/mocha-kernel-driver-manager.desktop
/media/mochafast/MochaArch/ativo/quarentena/atualizador-kernel-driver-pre-v7-20260627-193945/etc/xdg/autostart/mocha-kernel-driver-firstboot.desktop
/media/mochafast/MochaArch/ativo/quarentena/atualizador-kernel-driver-pre-v7-20260627-193945/user-desktop/mocha-kernel-driver-manager.desktop
/media/mochafast/MochaArch/ativo/quarentena/atualizador-kernel-driver-pre-v7-20260627-193945/usr/local/bin/mocha-kernel-driver
/media/mochafast/MochaArch/ativo/quarentena/atualizador-kernel-driver-pre-v7-20260627-193945/usr/local/bin/mocha-kernel-driver-firstboot
/media/mochafast/MochaArch/ativo/quarentena/atualizador-kernel-driver-pre-v7-20260627-193945/usr/local/bin/mocha-kernel-driver-manager
/media/mochafast/MochaArch/ativo/quarentena/atualizador-kernel-driver-pre-v7-20260627-193945/usr/local/bin/mocha-kernel-driver-reinstaller
/media/mochafast/MochaArch/ativo/quarentena/atualizador-kernel-driver-pre-v7-20260627-193945/usr/local/bin/mocha-kernel-driver-updater
/media/mochafast/MochaArch/ativo/quarentena/atualizador-kernel-driver-pre-v7-20260627-193945/usr/share/applications/mocha-kernel-driver-manager.desktop

============================================================
[OK] V7 instalado.
[OK] CachyOS agora é canal transitório, não estado permanente.
[OK] /etc/pacman.conf não recebe bloco CachyOS.
[OK] O instalador usa somente pacotes explícitos de kernel/driver/microcode detectados.
[OK] Payload ativo do Calamares regravado.
[OK] Esta parte agora pode ser herdada pelo rootfs.
============================================================
