
============================================================
Mocha — finalizar rootfs aberto corrigindo gshadow
============================================================
Log: /media/mochafast/MochaArch/ativo/logs/20260627-210052-finaliza-rootfs-corrige-gshadow-v2.log

============================================================
1. Localizando rootfs aberto
============================================================
Rootfs: /media/vmstore/MochaArch/iso/build-rootfs-estado-atual-calamares-gamer-20260627-204738/rootfs
SFS:    /media/vmstore/MochaArch/iso/rootfs-out/airootfs-mocha-estado-atual-finalizado-20260627-210052.sfs
[OK] Rootfs localizado.

============================================================
2. Localizando Kernel/Driver pelo atalho
============================================================
Atalho encontrado: /etc/skel/Desktop/mocha-kernel-driver-manager.desktop
Kernel/Driver: /usr/local/bin/mocha-kernel-driver-manager-root
[OK] Kernel/Driver localizado.

============================================================
3. Garantindo payload do Calamares
============================================================
[OK] Payload garantido.

============================================================
4. Corrigindo usuário live sem chroot e sem leitura sem sudo do gshadow
============================================================
