
============================================================
 Mocha — MangoHud somente wrapper + conf canônica
============================================================
Log: /media/mochafast/MochaArch/ativo/logs/20260627-230416-mangohud-somente-wrapper-conf.log

[1/4] Procurando somente em caminhos explícitos...
Candidato: /media/mochafast/MochaArch/ativo/calamares/payload/tema-completo/usr/local/share/mocha/mangohud/MangoHud.conf

[CANÔNICO USADO]
/media/mochafast/MochaArch/ativo/calamares/payload/tema-completo/usr/local/share/mocha/mangohud/MangoHud.conf

[2/4] Instalando conf canônica em /usr/local/share/mocha/mangohud...
[OK] Backup: /usr/local/share/mocha/mangohud/MangoHud.conf.bak-20260627-230416
[OK] Aplicado: /usr/local/share/mocha/mangohud/MangoHud.conf
[OK] Aplicado no usuário atual
[OK] Aplicado em /etc/skel

[3/4] Regravando wrapper. Sem Steam. Sem Proton. Sem MANGOHUD_CONFIG inline.
[OK] Wrapper instalado: /usr/local/bin/mocha-steam-game-run

[4/4] Auditoria final...

--- MangoHud.conf aplicado ---
11:fps
12:frametime
13:cpu_stats
14:gpu_stats
15:vram
16:time
17:time_format=%H:%M
18:gamemode

--- Wrapper ---
4:CONF="/usr/local/share/mocha/mangohud/MangoHud.conf"
6:export MANGOHUD=1
7:export MANGOHUD_CONFIGFILE="$CONF"
10:export SDL_VIDEO_MINIMIZE_ON_FOCUS_LOSS=0
11:export WINE_MOUSE_WARP_OVERRIDE=force
12:export MouseWarpOverride=force
15:unset MANGOHUD_CONFIG
16:unset MANGOHUD_DLSYM
24:if command -v gamemoderun >/dev/null 2>&1; then
25:  exec gamemoderun env MANGOHUD_CONFIGFILE="$CONF" mangohud "$@"
27:  exec env MANGOHUD_CONFIGFILE="$CONF" mangohud "$@"

[OK] Conf aplicada tem hora/minuto.

[OK] Concluído. Nada foi alterado na Steam ou no Proton.

Launch option correta no jogo:

  /usr/local/bin/mocha-steam-game-run %command%

Log: /media/mochafast/MochaArch/ativo/logs/20260627-230416-mangohud-somente-wrapper-conf.log
