
============================================================
 Mocha — atualização geral sem kernel/driver de vídeo
============================================================
Data: Sun Jun 28 16:18:41 -03 2026
Log:  /media/mochafast/MochaArch/ativo/logs/20260628-161841-atualiza-base-sem-kernel-driver.log

[INFO] Gerando pacman.conf temporário sem repositórios CachyOS...
[OK] Nenhum canal CachyOS ativo detectado no /etc/pacman.conf real.

[INFO] Pacotes instalados que serão preservados nesta atualização:
 - linux
 - linux-headers
 - nvidia-utils
 - nvidia-settings
 - egl-wayland
 - libxnvctrl

[INFO] Estado atual de kernel e vídeo antes da atualização:
Linux Mocha 7.0.14-arch1-1 #1 SMP PREEMPT_DYNAMIC Sat, 27 Jun 2026 16:15:10 +0000 x86_64 GNU/Linux
egl-wayland 4:1.1.21-1
egl-wayland2 1.0.1-1
libxnvctrl 610.43.02-1
linux 7.0.14.arch1-1
linux-api-headers 7.1-1
linux-atm 2.5.2-9
linux-firmware 20260622-1
linux-firmware-amdgpu 20260622-1
linux-firmware-atheros 20260622-1
linux-firmware-broadcom 20260622-1
linux-firmware-cirrus 20260622-1
linux-firmware-intel 20260622-1
linux-firmware-mediatek 20260622-1
linux-firmware-nvidia 20260622-1
linux-firmware-other 20260622-1
linux-firmware-radeon 20260622-1
linux-firmware-realtek 20260622-1
linux-firmware-whence 20260622-1
linux-headers 7.0.14.arch1-1
mesa 1:26.1.3-2
mesa-demos 9.0.0-7
mesa-utils 9.0.0-7
nvidia-settings 610.43.02-1
nvidia-utils 610.43.02-3
vulkan-icd-loader 1.4.350.1-1
vulkan-tools 1.4.350.1-1

[INFO] Sincronizando e atualizando sistema Arch sem CachyOS e sem kernel/driver...
:: Synchronizing package databases...
 core downloading...
 extra downloading...
 multilib downloading...
:: Starting full system upgrade...
 there is nothing to do

[INFO] Removendo órfãos, se existirem...
[OK] Sem órfãos para remover.

[INFO] Limpando cache básico do pacman...
Packages to keep:
  All locally installed packages

Cache directory: /var/cache/pacman/pkg/
:: Do you want to remove all other packages from cache? [Y/n] 
removing old packages from cache...

Database directory: /var/lib/pacman/
:: Do you want to remove unused repositories? [Y/n] 
removing unused sync repositories...

[INFO] Atualizando Flatpak...
Looking for updates…

Nothing to update.
Updating appstream data for remote flathub

[INFO] Removendo runtimes Flatpak não usados...
Nothing unused to uninstall

[INFO] Serviços falhos após atualização:
  UNIT LOAD ACTIVE SUB DESCRIPTION

0 loaded units listed.

[INFO] Conferindo se CachyOS ficou fora desta execução:
[OK] Execução feita sem repositório CachyOS no pacman.conf temporário.

[INFO] Estado final de kernel e vídeo:
Linux Mocha 7.0.14-arch1-1 #1 SMP PREEMPT_DYNAMIC Sat, 27 Jun 2026 16:15:10 +0000 x86_64 GNU/Linux
egl-wayland 4:1.1.21-1
egl-wayland2 1.0.1-1
libxnvctrl 610.43.02-1
linux 7.0.14.arch1-1
linux-api-headers 7.1-1
linux-atm 2.5.2-9
linux-firmware 20260622-1
linux-firmware-amdgpu 20260622-1
linux-firmware-atheros 20260622-1
linux-firmware-broadcom 20260622-1
linux-firmware-cirrus 20260622-1
linux-firmware-intel 20260622-1
linux-firmware-mediatek 20260622-1
linux-firmware-nvidia 20260622-1
linux-firmware-other 20260622-1
linux-firmware-radeon 20260622-1
linux-firmware-realtek 20260622-1
linux-firmware-whence 20260622-1
linux-headers 7.0.14.arch1-1
mesa 1:26.1.3-2
mesa-demos 9.0.0-7
mesa-utils 9.0.0-7
nvidia-settings 610.43.02-1
nvidia-utils 610.43.02-3
vulkan-icd-loader 1.4.350.1-1
vulkan-tools 1.4.350.1-1

============================================================
[OK] Atualização geral concluída sem atualizar kernel/driver de vídeo.
Log: /media/mochafast/MochaArch/ativo/logs/20260628-161841-atualiza-base-sem-kernel-driver.log
============================================================
