
============================================================
 Mocha — corrigir atualizador kernel/driver Rust V3
============================================================
Base:    /media/mochafast/MochaArch
Ativo:   /media/mochafast/MochaArch/ativo
Fonte:   /media/mochafast/MochaArch/ativo/ferramentas/mocha-firstboot-stack
Alt bin: /media/mochafast/MochaArch/ativo/ferramentas/mocha-kernel-driver-updater/bin/mocha-firstboot-stack
Log:     /media/mochafast/MochaArch/ativo/logs/20260627-192604-corrige-atualizador-kernel-driver-rust-v3.log

[1] Estado atual antes da correção
-rwxr-xr-x 1 root root 1006 Jun 27 19:20 /usr/local/bin/mocha-kernel-driver-manager
/usr/local/bin/mocha-kernel-driver-manager: Bourne-Again shell script, Unicode text, UTF-8 text executable
2bd57c7c5863afba52cacbc116b55d57283f02ac41c3350f8925e131f2a4650f  /usr/local/bin/mocha-kernel-driver-manager

[2] Procurando binário Rust correto antes de compilar
Candidatos avaliados:
 - /media/mochafast/MochaArch/ativo/ferramentas/mocha-kernel-driver-updater/bin/mocha-firstboot-stack
 - /media/mochafast/MochaArch/ativo/ferramentas/mocha-firstboot-stack/target/release/mocha-firstboot-stack
 - /media/mochafast/MochaArch/ativo/ferramentas/mocha-firstboot-stack/target/release/.cargo-artifact-lock
 - /media/mochafast/MochaArch/ativo/ferramentas/mocha-firstboot-stack/target/release/.cargo-build-lock
 - /media/mochafast/MochaArch/ativo/ferramentas/mocha-firstboot-stack/target/release/.cargo-lock
 - /media/mochafast/MochaArch/ativo/ferramentas/mocha-firstboot-stack/target/release/mocha-firstboot-stack.d
 - /media/mochafast/MochaArch/ativo/apps/mocha-kernel-driver-manager/usr/local/bin/mocha-kernel-driver-firstboot
 - /media/mochafast/MochaArch/ativo/apps/mocha-kernel-driver-manager/usr/local/bin/mocha-kernel-driver-manager
 - /media/mochafast/MochaArch/ativo/calamares/payload/mocha-kernel-driver-manager/usr/local/bin/mocha-kernel-driver-firstboot
 - /media/mochafast/MochaArch/ativo/calamares/payload/mocha-kernel-driver-manager/usr/local/bin/mocha-kernel-driver-manager

[4] Binário Rust escolhido
Caminho: /media/mochafast/MochaArch/ativo/ferramentas/mocha-kernel-driver-updater/bin/mocha-firstboot-stack
Nome:    mocha-firstboot-stack
Tamanho: 575280 bytes
Tipo:    ELF 64-bit LSB pie executable, x86-64, version 1 (SYSV), dynamically linked, interpreter /lib64/ld-linux-x86-64.so.2, for GNU/Linux 4.4.0, BuildID[sha1]=e92b805f902fac072686e2bb96e889100763a28a, stripped
aa82172b0a7c91add2cc45c7127e26e136cbae401703ba6d3da385f506c088f1  /media/mochafast/MochaArch/ativo/ferramentas/mocha-kernel-driver-updater/bin/mocha-firstboot-stack
[OK] Binário Rust/ELF validado.

[5] Instalando no caminho canônico da matriz
[OK] Instalado: /usr/local/bin/mocha-kernel-driver-manager

[6] Recriando firstboot
[OK] Firstboot criado. Marcador criado só para o usuário atual não abrir agora.

[7] Recriando atalho gráfico
[OK] Atalhos recriados.

[8] Regravando cópia canônica e payload ativo
[OK] Fonte Rust preservada em: /media/mochafast/MochaArch/ativo/apps/mocha-kernel-driver-manager/source
[OK] Payload ativo regravado: /media/mochafast/MochaArch/ativo/calamares/payload/mocha-kernel-driver-manager

[9] Registrando nos manuais
[OK] Manual corrigido: /media/mochafast/MochaArch-Interno/ativo/MANUAL-UNICO-VIVO-MONTAGEM-MOCHA-ARCH-KDE.md
[OK] Manual corrigido: /media/mochafast/MochaArch/ativo/MANUAL-UNICO-VIVO-MONTAGEM-MOCHA-ARCH-KDE.md
[OK] Manual corrigido: /media/vmstore/MochaArch/iso/manual/PLANO-B-MATRIZ-CALAM-LIVE-ISO.md

[10] Validação final forte

Binário final:
-rwxr-xr-x 1 root root 562K Jun 27 19:26 /usr/local/bin/mocha-kernel-driver-manager
/usr/local/bin/mocha-kernel-driver-manager: ELF 64-bit LSB pie executable, x86-64, version 1 (SYSV), dynamically linked, interpreter /lib64/ld-linux-x86-64.so.2, for GNU/Linux 4.4.0, BuildID[sha1]=e92b805f902fac072686e2bb96e889100763a28a, stripped
aa82172b0a7c91add2cc45c7127e26e136cbae401703ba6d3da385f506c088f1  /usr/local/bin/mocha-kernel-driver-manager

Symlinks:
lrwxrwxrwx 1 root root     27 Jun 27 19:26 /usr/local/bin/mocha-kernel-driver -> mocha-kernel-driver-manager
-rwxr-xr-x 1 root root    562 Jun 27 19:26 /usr/local/bin/mocha-kernel-driver-firstboot
-rwxr-xr-x 1 root root 575280 Jun 27 19:26 /usr/local/bin/mocha-kernel-driver-manager
lrwxrwxrwx 1 root root     27 Jun 27 19:26 /usr/local/bin/mocha-kernel-driver-reinstaller -> mocha-kernel-driver-manager
lrwxrwxrwx 1 root root     27 Jun 27 19:26 /usr/local/bin/mocha-kernel-driver-updater -> mocha-kernel-driver-manager

Payload ativo:
/media/mochafast/MochaArch/ativo/calamares/payload/mocha-kernel-driver-manager/etc/skel/Desktop/mocha-kernel-driver-manager.desktop
/media/mochafast/MochaArch/ativo/calamares/payload/mocha-kernel-driver-manager/etc/xdg/autostart/mocha-kernel-driver-firstboot.desktop
/media/mochafast/MochaArch/ativo/calamares/payload/mocha-kernel-driver-manager/usr/local/bin/mocha-kernel-driver
/media/mochafast/MochaArch/ativo/calamares/payload/mocha-kernel-driver-manager/usr/local/bin/mocha-kernel-driver-firstboot
/media/mochafast/MochaArch/ativo/calamares/payload/mocha-kernel-driver-manager/usr/local/bin/mocha-kernel-driver-manager
/media/mochafast/MochaArch/ativo/calamares/payload/mocha-kernel-driver-manager/usr/local/bin/mocha-kernel-driver-reinstaller
/media/mochafast/MochaArch/ativo/calamares/payload/mocha-kernel-driver-manager/usr/local/bin/mocha-kernel-driver-updater
/media/mochafast/MochaArch/ativo/calamares/payload/mocha-kernel-driver-manager/usr/share/applications/mocha-kernel-driver-manager.desktop

Hashes matriz/canon/payload:
aa82172b0a7c91add2cc45c7127e26e136cbae401703ba6d3da385f506c088f1  /usr/local/bin/mocha-kernel-driver-manager
aa82172b0a7c91add2cc45c7127e26e136cbae401703ba6d3da385f506c088f1  /media/mochafast/MochaArch/ativo/apps/mocha-kernel-driver-manager/usr/local/bin/mocha-kernel-driver-manager
aa82172b0a7c91add2cc45c7127e26e136cbae401703ba6d3da385f506c088f1  /media/mochafast/MochaArch/ativo/calamares/payload/mocha-kernel-driver-manager/usr/local/bin/mocha-kernel-driver-manager

============================================================
[OK] Corrigido: atualizador/reinstalador agora é binário Rust/ELF válido.
[OK] O script Bash errado foi sobrescrito.
[OK] Payload ativo do Calamares foi regravado.
[OK] Agora esta parte pode ser herdada pelo rootfs.
============================================================
