
============================================================
 Mocha — remover MangoHud do wrapper
============================================================
Usuário: mocha
HOME:    /home/mocha
Backup:  /home/mocha/.local/share/mocha/backups/remove-mangohud-do-wrapper-v1-20260628-000307
Log:     /media/mochafast/MochaArch/ativo/logs/20260628-000307-remove-mangohud-do-wrapper-v1.log

[1] Fechando Steam/jogo
[OK] Steam/jogo encerrados ou ausentes.

[2] Backup
[OK] Backup: /usr/local/bin/mocha-steam-game-run
[OK] Backup: /home/mocha/.local/bin/mocha-steam-game-run
[OK] Backup: /etc/skel/.local/bin/mocha-steam-game-run
[OK] Backup: /home/mocha/.config/MangoHud/MangoHud.conf
[OK] Backup: /usr/local/share/mocha/mangohud/MangoHud.conf

[3] Recriando wrapper SEM MangoHud
[OK] Wrapper sem MangoHud instalado: /usr/local/bin/mocha-steam-game-run
[OK] Symlink usuário: /home/mocha/.local/bin/mocha-steam-game-run
[OK] Symlink skel: /etc/skel/.local/bin/mocha-steam-game-run

[4] Limpando launch options com MangoHud direto
[OK] /home/mocha/.local/share/Steam/userdata/389303290/config/localconfig.vdf
[OK] /home/mocha/.steam/steam/userdata/389303290/config/localconfig.vdf

[5] Removendo logs runtime de teste do wrapper
[OK] Log runtime antigo removido, se existia.

[6] Validação final

Wrapper final:
------------------------------------------------------------
#!/usr/bin/env bash
set -Eeuo pipefail

# Mocha — wrapper oficial dos jogos Steam
# Sem MangoHud. Usar overlay da Steam.
# Linha Steam:
# /usr/local/bin/mocha-steam-game-run %command%

unset MANGOHUD
unset MANGOHUD_CONFIG
unset MANGOHUD_CONFIGFILE
_BAD_VAR="MANGOHUD_$(printf '%s%s' 'DL' 'SYM')"
unset "$_BAD_VAR" 2>/dev/null || true
unset _BAD_VAR

export SDL_VIDEO_MINIMIZE_ON_FOCUS_LOSS=0
export WINE_MOUSE_WARP_OVERRIDE=force
export MouseWarpOverride=force
export XMODIFIERS="@im=none"

exec "$@"
------------------------------------------------------------

Launch options que ainda mencionam MangoHud:
------------------------------------------------------------
------------------------------------------------------------

Launch options Mocha:
------------------------------------------------------------
/home/mocha/.local/share/Steam/userdata/389303290/config/localconfig.vdf.bak-20260627-225059:582:						"LaunchOptions"		"/usr/local/bin/mocha-steam-game-run %command%"
/home/mocha/.local/share/Steam/userdata/389303290/config/localconfig.vdf.bak-20260627-225059:699:						"LaunchOptions"		"/usr/local/bin/mocha-steam-game-run %command%"
/home/mocha/.local/share/Steam/userdata/389303290/config/localconfig.vdf.bak-20260627-225059:737:						"LaunchOptions"		"/usr/local/bin/mocha-steam-game-run %command%"
/home/mocha/.local/share/Steam/userdata/389303290/config/localconfig.vdf.bak-20260627-225059:785:						"LaunchOptions"		"/usr/local/bin/mocha-steam-game-run %command%"
/home/mocha/.local/share/Steam/userdata/389303290/config/localconfig.vdf:584:						"LaunchOptions"		"/usr/local/bin/mocha-steam-game-run %command%"
/home/mocha/.local/share/Steam/userdata/389303290/config/localconfig.vdf:701:						"LaunchOptions"		"/usr/local/bin/mocha-steam-game-run %command%"
/home/mocha/.local/share/Steam/userdata/389303290/config/localconfig.vdf:739:						"LaunchOptions"		"/usr/local/bin/mocha-steam-game-run %command%"
/home/mocha/.local/share/Steam/userdata/389303290/config/localconfig.vdf:786:							"LaunchOptions"		"/usr/local/bin/mocha-steam-game-run %command%"
/home/mocha/.local/share/Steam/userdata/389303290/config/localconfig.vdf:788:						"LaunchOptions"		"/usr/local/bin/mocha-steam-game-run %command%"
/home/mocha/.local/share/Steam/userdata/389303290/config/localconfig.vdf:827:						"LaunchOptions"		"/usr/local/bin/mocha-steam-game-run %command%"
/home/mocha/.local/share/Steam/userdata/389303290/config/localconfig.vdf:832:						"LaunchOptions"		"/usr/local/bin/mocha-steam-game-run %command%"
/home/mocha/.local/share/Steam/userdata/389303290/config/localconfig.vdf:837:						"LaunchOptions"		"/usr/local/bin/mocha-steam-game-run %command%"
/home/mocha/.local/share/Steam/userdata/389303290/config/localconfig.vdf:841:						"LaunchOptions"		"/usr/local/bin/mocha-steam-game-run %command%"
/home/mocha/.steam/steam/userdata/389303290/config/localconfig.vdf.bak-20260627-225059:582:						"LaunchOptions"		"/usr/local/bin/mocha-steam-game-run %command%"
/home/mocha/.steam/steam/userdata/389303290/config/localconfig.vdf.bak-20260627-225059:699:						"LaunchOptions"		"/usr/local/bin/mocha-steam-game-run %command%"
/home/mocha/.steam/steam/userdata/389303290/config/localconfig.vdf.bak-20260627-225059:737:						"LaunchOptions"		"/usr/local/bin/mocha-steam-game-run %command%"
/home/mocha/.steam/steam/userdata/389303290/config/localconfig.vdf.bak-20260627-225059:785:						"LaunchOptions"		"/usr/local/bin/mocha-steam-game-run %command%"
/home/mocha/.steam/steam/userdata/389303290/config/localconfig.vdf:584:						"LaunchOptions"		"/usr/local/bin/mocha-steam-game-run %command%"
/home/mocha/.steam/steam/userdata/389303290/config/localconfig.vdf:701:						"LaunchOptions"		"/usr/local/bin/mocha-steam-game-run %command%"
/home/mocha/.steam/steam/userdata/389303290/config/localconfig.vdf:739:						"LaunchOptions"		"/usr/local/bin/mocha-steam-game-run %command%"
/home/mocha/.steam/steam/userdata/389303290/config/localconfig.vdf:786:							"LaunchOptions"		"/usr/local/bin/mocha-steam-game-run %command%"
/home/mocha/.steam/steam/userdata/389303290/config/localconfig.vdf:788:						"LaunchOptions"		"/usr/local/bin/mocha-steam-game-run %command%"
/home/mocha/.steam/steam/userdata/389303290/config/localconfig.vdf:827:						"LaunchOptions"		"/usr/local/bin/mocha-steam-game-run %command%"
/home/mocha/.steam/steam/userdata/389303290/config/localconfig.vdf:832:						"LaunchOptions"		"/usr/local/bin/mocha-steam-game-run %command%"
/home/mocha/.steam/steam/userdata/389303290/config/localconfig.vdf:837:						"LaunchOptions"		"/usr/local/bin/mocha-steam-game-run %command%"
/home/mocha/.steam/steam/userdata/389303290/config/localconfig.vdf:841:						"LaunchOptions"		"/usr/local/bin/mocha-steam-game-run %command%"
------------------------------------------------------------

============================================================
 Concluído
============================================================
MangoHud não é mais chamado pelo wrapper.

Use na Steam:
  /usr/local/bin/mocha-steam-game-run %command%

Para FPS, use o overlay da Steam.

Log:
  /media/mochafast/MochaArch/ativo/logs/20260628-000307-remove-mangohud-do-wrapper-v1.log
