== Auditoria inicial somente leitura ==

-- Kernel atual --
Linux Mocha 7.0.10-arch1-1 #1 SMP PREEMPT_DYNAMIC Sat, 23 May 2026 14:21:20 +0000 x86_64 GNU/Linux

-- GPU NVIDIA --
01:00.0 VGA compatible controller [0300]: NVIDIA Corporation GB206 [GeForce RTX 5060 Ti] [10de:2d04] (rev a1)
	Subsystem: Micro-Star International Co., Ltd. [MSI] Device [1462:5351]
	Kernel driver in use: nvidia
	Kernel modules: nouveau, nvidia_drm, nvidia
01:00.1 Audio device [0403]: NVIDIA Corporation GB206 High Definition Audio Controller [10de:22eb] (rev a1)
	Subsystem: NVIDIA Corporation Device [10de:0000]
	Kernel driver in use: snd_hda_intel
	Kernel modules: snd_hda_intel
02:00.0 USB controller [0c03]: Advanced Micro Devices, Inc. [AMD] A520 Series Chipset USB 3.1 XHCI Controller [1022:43ec]
	Subsystem: ASMedia Technology Inc. Device [1b21:1142]

-- Pacotes de kernel/NVIDIA já instalados --
dkms 3.4.1-1
lib32-nvidia-utils 595.71.05-1
linux-api-headers 6.19-1
linux-atm 2.5.2-9
linux-firmware 20260519-1
linux-firmware-amdgpu 20260519-1
linux-firmware-atheros 20260519-1
linux-firmware-broadcom 20260519-1
linux-firmware-cirrus 20260519-1
linux-firmware-intel 20260519-1
linux-firmware-mediatek 20260519-1
linux-firmware-nvidia 20260519-1
linux-firmware-other 20260519-1
linux-firmware-radeon 20260519-1
linux-firmware-realtek 20260519-1
linux-firmware-whence 20260519-1
linux-headers 7.0.10.arch1-1
nvidia-open-dkms 595.71.05-2
nvidia-settings 595.71.05-1
nvidia-utils 595.71.05-2

-- Bootloader detectado --
grub

== Conferindo nomes reais dos pacotes no pacman local ==
Verificando pacote: linux-zen
Verificando pacote: linux-zen-headers
Verificando pacote: dkms

Verificando pacote NVIDIA DKMS escolhido: nvidia-open-dkms

== Pacotes que serão garantidos ==
linux-zen
linux-zen-headers
dkms
nvidia-open-dkms

== Instalando Kernel Zen e suporte DKMS ==
Observação: se o pacman perguntar sobre substituir nvidia/nvidia-open por pacote DKMS equivalente,
aceite a troca. Isso é necessário para o módulo NVIDIA acompanhar o kernel Zen.
:: Synchronizing package databases...
 core downloading...
 extra downloading...
 multilib downloading...
warning: dkms-3.4.1-1 is up to date -- skipping
warning: nvidia-open-dkms-595.71.05-2 is up to date -- skipping
:: Starting full system upgrade...
resolving dependencies...
looking for conflicting packages...

Packages (4) id3lib-3.8.3-20  imath-3.2.2-6  linux-zen-7.0.10.zen1-1  linux-zen-headers-7.0.10.zen1-1

Total Download Size:   218.16 MiB
Total Installed Size:  461.17 MiB
Net Upgrade Size:      434.23 MiB

:: Proceed with installation? [Y/n] :: Retrieving packages...
 linux-zen-7.0.10.zen1-1-x86_64 downloading...
 linux-zen-headers-7.0.10.zen1-1-x86_64 downloading...
 imath-3.2.2-6-x86_64 downloading...
 id3lib-3.8.3-20-x86_64 downloading...
checking keyring...
checking package integrity...
loading package files...
checking for file conflicts...
checking available disk space...
:: Processing package changes...
installing linux-zen...
Optional dependencies for linux-zen
    linux-zen-headers: headers and scripts for building modules [pending]
    linux-firmware: firmware images needed for some devices [installed]
    scx-scheds: to use sched-ext schedulers
    wireless-regdb: to set the correct wireless channels of your country [installed]
installing linux-zen-headers...
upgrading id3lib...
upgrading imath...
:: Running post-transaction hooks...
(1/4) Arming ConditionNeedsUpdate...
(2/4) Updating module dependencies...
(3/4) Install DKMS modules
==> dkms install --no-depmod broadcom-wl/6.30.223.271 -k 7.0.10-zen1-1-zen
==> dkms install --no-depmod nvidia/595.71.05 -k 7.0.10-zen1-1-zen
==> depmod 7.0.10-zen1-1-zen
(4/4) Updating linux initcpios...
==> Building image from preset: /etc/mkinitcpio.d/linux-zen.preset: 'default'
==> Using default configuration file: '/etc/mkinitcpio.conf'
  -> -k /boot/vmlinuz-linux-zen -g /boot/initramfs-linux-zen.img
==> Starting build: '7.0.10-zen1-1-zen'
  -> Running build hook: [base]
  -> Running build hook: [udev]
  -> Running build hook: [autodetect]
  -> Running build hook: [microcode]
  -> Running build hook: [kms]
  -> Running build hook: [modconf]
  -> Running build hook: [block]
  -> Running build hook: [keyboard]
  -> Running build hook: [keymap]
  -> Running build hook: [consolefont]
==> WARNING: consolefont: no font found in configuration
  -> Running build hook: [filesystems]
==> Generating module dependencies
==> Creating zstd-compressed initcpio image: '/boot/initramfs-linux-zen.img'
  -> Early uncompressed CPIO image generation successful
==> Initcpio image generation successful
bash: line 112: k: command not found
bash: line 114: syntax error near unexpected token `)'
