
============================================================
Mocha — finalizar rootfs aberto sem chroot/useradd/usermod/passwd
============================================================
Base:       /media/mochafast/MochaArch
VMISO:      /media/vmstore/MochaArch/iso
Rootfs out: /media/vmstore/MochaArch/iso/rootfs-out
Reserva:    /media/vmstore/MochaArch/iso/rootfs-reserva
Log:        /media/mochafast/MochaArch/ativo/logs/20260627-205836-finaliza-rootfs-sem-chroot-user.log

============================================================
1. Localizando rootfs aberto
============================================================
Rootfs:
  /media/vmstore/MochaArch/iso/build-rootfs-estado-atual-calamares-gamer-20260627-204738/rootfs

SFS:
  /media/vmstore/MochaArch/iso/rootfs-out/airootfs-mocha-estado-atual-finalizado-20260627-205836.sfs
[OK] Rootfs localizado.

============================================================
2. Localizando Kernel/Driver pelo atalho
============================================================
Atalho encontrado:
  /etc/skel/Desktop/mocha-kernel-driver-manager.desktop
Kernel/Driver:
  /usr/local/bin/mocha-kernel-driver-manager-root
[OK] Kernel/Driver localizado.

============================================================
3. Garantindo payload do Calamares
============================================================
[OK] Payload garantido.

============================================================
4. Configurando usuário live editando arquivos diretamente
============================================================
awk: fatal: cannot open file `/media/vmstore/MochaArch/iso/build-rootfs-estado-atual-calamares-gamer-20260627-204738/rootfs/etc/gshadow' for reading: Permission denied
awk: fatal: cannot open file `/media/vmstore/MochaArch/iso/build-rootfs-estado-atual-calamares-gamer-20260627-204738/rootfs/etc/gshadow' for reading: Permission denied
awk: fatal: cannot open file `/media/vmstore/MochaArch/iso/build-rootfs-estado-atual-calamares-gamer-20260627-204738/rootfs/etc/gshadow' for reading: Permission denied
awk: fatal: cannot open file `/media/vmstore/MochaArch/iso/build-rootfs-estado-atual-calamares-gamer-20260627-204738/rootfs/etc/gshadow' for reading: Permission denied
awk: fatal: cannot open file `/media/vmstore/MochaArch/iso/build-rootfs-estado-atual-calamares-gamer-20260627-204738/rootfs/etc/gshadow' for reading: Permission denied
awk: fatal: cannot open file `/media/vmstore/MochaArch/iso/build-rootfs-estado-atual-calamares-gamer-20260627-204738/rootfs/etc/gshadow' for reading: Permission denied
awk: fatal: cannot open file `/media/vmstore/MochaArch/iso/build-rootfs-estado-atual-calamares-gamer-20260627-204738/rootfs/etc/gshadow' for reading: Permission denied
