== Preflight ==
FAST montado: OK
Pasta ativa: /media/mochafast/MochaArch/ativo

== Backup do manual anterior, se existir ==
Nenhum manual anterior com nome fixo.

== Gerando auditoria do estado atual ==
Auditoria salva:
  /media/mochafast/MochaArch/ativo/logs/20260529-154304-auditoria-estado-atual-para-manual.md

== Extraindo evidências e comandos salvos por tema ==
Evidências extraídas:
  /media/mochafast/MochaArch/ativo/logs/20260529-154304-evidencias-extraidas-para-manual.md

== Criando script fixo para acrescentar novas entradas aprovadas ==
Script fixo:
  /media/mochafast/MochaArch/ativo/scripts/mocha-adicionar-entrada-aprovada-ao-manual.sh
Cópia timestampada:
  /media/mochafast/MochaArch/ativo/scripts/20260529-154304-mocha-adicionar-entrada-aprovada-ao-manual.sh

== Escrevendo manual vivo principal ==
bash: linha 991: $'text\n  echo Manual': comando não encontrado
Manual principal escrito:
  /media/mochafast/MochaArch/ativo/MANUAL-UNICO-VIVO-MONTAGEM-MOCHA-ARCH-KDE.md
Cópia timestampada:
  /media/mochafast/MochaArch/ativo/documentacao/20260529-154304-MANUAL-UNICO-VIVO-MONTAGEM-MOCHA-ARCH-KDE.md

== Criando manual específico da barra dentro da pasta aprovada, se a pasta existir ==
Manual específico da barra:
  /media/mochafast/MochaArch/ativo/kde/barra-win11-aprovada/MANUAL-BARRA-WIN11-MOCHA-APROVADA.md

== Validação final ==
1:# MANUAL ÚNICO VIVO — Montagem do Mocha Arch/KDE
98:### 3.2 Driver de vídeo NVIDIA funcional
874:### Driver de vídeo NVIDIA
160:### 3.4 Login manager / Wayland
405:/media/mochafast/MochaArch/ativo/scripts/mocha-adicionar-entrada-aprovada-ao-manual.sh "Login manager" "Plasma login validado em Wayland" <<'EOF'
422:1. Login manager final validado pós-boot.
530:### Login manager / display manager
973:### Login manager / display manager
1569:### Login manager / Wayland
1655:### Login manager / display manager
4013:### Login manager / display manager
194:### 3.5 Correção aprovada: Bluetooth e volume duplicados
675:### Correção Bluetooth e volume duplicados
2483:### Bluetooth e volume duplicados
2502:### Correção Bluetooth e volume duplicados
250:### 3.6 Barra Win11/Mocha aprovada
822:### Barra Win11/Mocha aprovada
2146:Barra Win11/Mocha aprovada restaurada.
2206:Barra Win11/Mocha aprovada restaurada.
3230:### Barra Win11/Mocha aprovada
3327:Barra Win11/Mocha aprovada restaurada.
3387:Barra Win11/Mocha aprovada restaurada.
4563:### Barra Win11/Mocha aprovada
4660:Barra Win11/Mocha aprovada restaurada.
5033:Barra Win11/Mocha aprovada restaurada.
299:### 3.7 Energia, CPU/GPU e agressividade
3754:### Energia, CPU/GPU e agressividade
63:### 3.1 Montagem obrigatória do FAST e VMSTORE
870:## Evidências extraídas dos documentos, scripts e logs do MochaArch

== Finalizado ==
Manual vivo definitivo:
  /media/mochafast/MochaArch/ativo/MANUAL-UNICO-VIVO-MONTAGEM-MOCHA-ARCH-KDE.md
Cópia timestampada:
  /media/mochafast/MochaArch/ativo/documentacao/20260529-154304-MANUAL-UNICO-VIVO-MONTAGEM-MOCHA-ARCH-KDE.md
Script para acrescentar novas entradas aprovadas:
  /media/mochafast/MochaArch/ativo/scripts/mocha-adicionar-entrada-aprovada-ao-manual.sh
Auditoria:
  /media/mochafast/MochaArch/ativo/logs/20260529-154304-auditoria-estado-atual-para-manual.md
Evidências:
  /media/mochafast/MochaArch/ativo/logs/20260529-154304-evidencias-extraidas-para-manual.md
Log:
  /media/mochafast/MochaArch/ativo/logs/20260529-154304-criar-manual-vivo-definitivo-mocha-arch-kde.log
