
============================================================
 Mocha — limpeza agressiva para matriz gamer enxuta
============================================================
Data: Sun Jun 28 16:25:50 -03 2026
Log:  /media/mochafast/MochaArch/ativo/logs/20260628-162550-limpeza-matriz-gamer-enxuta.log

[INFO] Capturando candidatos explícitos da lista de remoção...
[INFO] Capturando candidatos por grupos KDE de aplicativos não gamer...

[INFO] Regra aplicada:
 - preserva software de sistema/base
 - preserva KDE/Plasma essencial
 - preserva kernel e driver de vídeo
 - preserva Steam/stack gamer
 - remove aplicativos de usuário sem utilidade para matriz gamer
 - NÃO usa pacman -Rns
 - NÃO remove órfãos automaticamente

[INFO] Candidatos finais à remoção:
akonadi-calendar-tools
akonadi-import-wizard
akonadiconsole
akregator
alligator
angelfish
appstream-glib
arianna
artikulate
audex
audiocd-kio
audiotube
blinken
bomber
bovo
calligra
cantor
colord-kde
discover
dolphin-plugins
dragon
elisa
falkon
ffmpegthumbs
filelight
francis
freerdp
granatier
grantlee-editor
isoimagewriter
itinerary
juk
k3b
kaddressbook
kajongg
kalarm
kalgebra
kalk
kalm
kalzium
kamera
kamoso
kanagram
kapman
kapptemplate
kasts
katomic
kbackup
kblackbox
kblocks
kbounce
kbreakout
kbruch
kcachegrind
kcharselect
kclock
kcolorchooser
kde-dev-scripts
kde-dev-utils
kdebugsettings
kdeconnect
kdegraphics-thumbnailers
kdenetwork-filesharing
kdenlive
kdepim-addons
kdesdk-kio
kdesdk-thumbnailers
kdevelop
kdf
kdialog
kdiamond
keditbookmarks
keysmith
kfind
kfourinline
kgeography
kget
kgoldrunner
kgpg
kgraphviewer
khangman
kig
kigo
killbots
kimagemapeditor
kiriki
kiten
kjumpingcube
kleopatra
klettres
klickety
klines
kmag
kmahjongg
kmail
kmail-account-wizard
kmines
kmix
kmousetool
kmouth
kmplot
knavalbattle
knetwalk
knights
koko
kolf
kollision
kolourpaint
kompare
kongress
konqueror
konquest
kontact
konversation
korganizer
kpat
krdc
krdp
krecorder
kreversi
krfb
kruler
kshisen
ksirk
ksnakeduel
kspaceduel
ksquares
ksudoku
kteatime
ktimer
ktorrent
ktouch
ktrip
ktuberling
kturtle
kubrick
kwalletmanager
kwave
kweather
kwordquiz
libkdegames
libkmahjongg
libpamac
libpamac-aur
lokalize
lskat
marble
marble-common
markdownpart
massif-visualizer
mbox-importer
merkuro
minuet
mpv
neochat
palapeli
pamac
pamac-cli
parley
partitionmanager
picmi
pim-data-exporter
pim-sieve-editor
plasmatube
poxml
print-manager
qrca
rocs
signon-kwallet-extension
skanlite
skanpage
skladnik
step
svgpart
sweeper
telly-skout
tokodon
umbrello
yakuake
zanshin

[INFO] Removendo aplicativos fora do perfil Mocha Gamer...
error: target not found: libpamac
error: target not found: pamac
error: target not found: pamac-cli
