
============================================================
 Mocha — remover apps fora do stack sem tocar no sistema
============================================================
Data: Sun Jun 28 16:23:14 -03 2026
Log:  /media/mochafast/MochaArch/ativo/logs/20260628-162314-remove-apps-fora-stack-sem-sistema.log

[INFO] Regra desta limpeza:
 - NÃO remove kernel
 - NÃO remove driver de vídeo
 - NÃO remove KDE/Plasma base
 - NÃO remove SDDM
 - NÃO remove NetworkManager
 - NÃO remove pacman/sudo/systemd/bootloader
 - NÃO remove bibliotecas/dependências automaticamente
 - NÃO remove órfãos automaticamente
 - Remove apenas aplicativos explícitos fora do stack Mocha

[INFO] Aplicativos detectados para remoção:
 - akonadi-calendar-tools
 - akonadi-import-wizard
 - akonadiconsole
 - artikulate
 - blinken
 - bomber
 - bovo
 - calligra
 - cantor
 - dragon
 - elisa
 - filelight
 - granatier
 - grantlee-editor
 - gwenview
 - isoimagewriter
 - juk
 - k3b
 - kaddressbook
 - kalarm
 - kalgebra
 - kalk
 - kalm
 - kalzium
 - kamera
 - kamoso
 - kanagram
 - kapman
 - katomic
 - kblackbox
 - kblocks
 - kbounce
 - kbreakout
 - kbruch
 - kdenlive
 - kdepim-addons
 - kdevelop
 - kdiamond
 - kfourinline
 - kgeography
 - kgoldrunner
 - khangman
 - kig
 - kigo
 - killbots
 - kiriki
 - kiten
 - kjumpingcube
 - klettres
 - klickety
 - klines
 - kmahjongg
 - kmail
 - kmail-account-wizard
 - kmines
 - kmplot
 - knavalbattle
 - knetwalk
 - knights
 - kolf
 - kollision
 - konquest
 - kontact
 - korganizer
 - kpat
 - krdc
 - krdp
 - kreversi
 - krfb
 - kshisen
 - ksirk
 - ksnakeduel
 - kspaceduel
 - ksquares
 - ksudoku
 - ktouch
 - ktuberling
 - kturtle
 - kubrick
 - kwalletmanager
 - kwordquiz
 - lskat
 - marble
 - marble-common
 - mbox-importer
 - merkuro
 - minuet
 - palapeli
 - parley
 - picmi
 - pim-data-exporter
 - pim-sieve-editor
 - rocs
 - screenfetch
 - skanlite
 - skanpage
 - step
 - sweeper
 - yakuake

[INFO] Removendo apenas os aplicativos listados, sem -s e sem órfãos...
checking dependencies...
error: failed to prepare transaction (could not satisfy dependencies)
:: removing kdevelop breaks dependency 'kdevelop' required by kdevelop-php
:: removing kdevelop breaks dependency 'kdevelop' required by kdevelop-python
