
============================================================
 Mocha — Kernel/Driver Manager com sudo ao abrir
============================================================
Base:    /media/mochafast/MochaArch
Ativo:   /media/mochafast/MochaArch/ativo
Binário: /usr/local/bin/mocha-kernel-driver-manager
Log:     /media/mochafast/MochaArch/ativo/logs/20260627-200250-kernel-driver-sudo-ao-abrir.log

[1] Criando lançador root do programa
[OK] Lançador root criado: /usr/local/bin/mocha-kernel-driver-manager-root

[2] Criando política polkit própria
[OK] Política polkit criada: /usr/share/polkit-1/actions/org.mocha.kernel-driver-manager.policy

[3] Criando/reescrevendo atalho canônico
[OK] Atalho do menu atualizado: /usr/share/applications/mocha-kernel-driver-manager.desktop
[OK] Atalho do /etc/skel atualizado.

[4] Corrigindo atalhos antigos que chamavam o manager direto
[OK] Atalho corrigido: /media/mochafast/MochaArch/ativo/apps/mocha-kernel-driver-manager/etc/skel/Desktop/mocha-kernel-driver-manager.desktop
[OK] Atalho corrigido: /media/mochafast/MochaArch/ativo/apps/mocha-kernel-driver-manager/usr/share/applications/mocha-kernel-driver-manager.desktop
[OK] Atalho corrigido: /media/mochafast/MochaArch/ativo/calamares/payload/mocha-kernel-driver-manager/etc/skel/Desktop/mocha-kernel-driver-manager.desktop
[OK] Atalho corrigido: /media/mochafast/MochaArch/ativo/calamares/payload/mocha-kernel-driver-manager/usr/share/applications/mocha-kernel-driver-manager.desktop
[OK] Atalho corrigido: /media/mochafast/MochaArch/ativo/quarentena/atualizador-kernel-driver-pre-v7-20260627-193945/etc/skel/Desktop/mocha-kernel-driver-manager.desktop
[OK] Atalho corrigido: /media/mochafast/MochaArch/ativo/quarentena/atualizador-kernel-driver-pre-v7-20260627-193945/media/mochafast/MochaArch/ativo/apps/mocha-kernel-driver-manager/etc/skel/Desktop/mocha-kernel-driver-manager.desktop
[OK] Atalho corrigido: /media/mochafast/MochaArch/ativo/quarentena/atualizador-kernel-driver-pre-v7-20260627-193945/media/mochafast/MochaArch/ativo/apps/mocha-kernel-driver-manager/usr/share/applications/mocha-kernel-driver-manager.desktop
[OK] Atalho corrigido: /media/mochafast/MochaArch/ativo/quarentena/atualizador-kernel-driver-pre-v7-20260627-193945/media/mochafast/MochaArch/ativo/calamares/payload/mocha-kernel-driver-manager/etc/skel/Desktop/mocha-kernel-driver-manager.desktop
[OK] Atalho corrigido: /media/mochafast/MochaArch/ativo/quarentena/atualizador-kernel-driver-pre-v7-20260627-193945/media/mochafast/MochaArch/ativo/calamares/payload/mocha-kernel-driver-manager/usr/share/applications/mocha-kernel-driver-manager.desktop
[OK] Atalho corrigido: /media/mochafast/MochaArch/ativo/quarentena/atualizador-kernel-driver-pre-v7-20260627-193945/user-desktop/mocha-kernel-driver-manager.desktop
[OK] Atalho corrigido: /media/mochafast/MochaArch/ativo/quarentena/atualizador-kernel-driver-pre-v7-20260627-193945/usr/share/applications/mocha-kernel-driver-manager.desktop
[OK] Atalho corrigido: /media/mochafast/MochaArch/ativo/quarentena/atualizador-kernel-driver-pre-v8-20260627-194513/etc/skel/Desktop/mocha-kernel-driver-manager.desktop
[OK] Atalho corrigido: /media/mochafast/MochaArch/ativo/quarentena/atualizador-kernel-driver-pre-v8-20260627-194513/media/mochafast/MochaArch/ativo/apps/mocha-kernel-driver-manager/etc/skel/Desktop/mocha-kernel-driver-manager.desktop
[OK] Atalho corrigido: /media/mochafast/MochaArch/ativo/quarentena/atualizador-kernel-driver-pre-v8-20260627-194513/media/mochafast/MochaArch/ativo/apps/mocha-kernel-driver-manager/usr/share/applications/mocha-kernel-driver-manager.desktop
[OK] Atalho corrigido: /media/mochafast/MochaArch/ativo/quarentena/atualizador-kernel-driver-pre-v8-20260627-194513/media/mochafast/MochaArch/ativo/calamares/payload/mocha-kernel-driver-manager/etc/skel/Desktop/mocha-kernel-driver-manager.desktop
[OK] Atalho corrigido: /media/mochafast/MochaArch/ativo/quarentena/atualizador-kernel-driver-pre-v8-20260627-194513/media/mochafast/MochaArch/ativo/calamares/payload/mocha-kernel-driver-manager/usr/share/applications/mocha-kernel-driver-manager.desktop
[OK] Atalho corrigido: /media/mochafast/MochaArch/ativo/quarentena/atualizador-kernel-driver-pre-v8-20260627-194513/user-desktop/mocha-kernel-driver-manager.desktop
[OK] Atalho corrigido: /media/mochafast/MochaArch/ativo/quarentena/atualizador-kernel-driver-pre-v8-20260627-194513/usr/share/applications/mocha-kernel-driver-manager.desktop

[5] Sincronizando com diretório ativo e payload Calamares
[OK] Sincronizado: /media/mochafast/MochaArch/ativo/apps/mocha-kernel-driver-manager
[OK] Sincronizado: /media/mochafast/MochaArch/ativo/calamares/payload/mocha-kernel-driver-manager

[6] Registro no manual vivo
bash: line 267: /media/mochafast/MochaArch-Interno/ativo/MANUAL-UNICO-VIVO-MONTAGEM-MOCHA-ARCH-KDE.md: Permission denied
