
============================================================
 Mocha — conferir/corrigir usuário live no rootfs — V2
============================================================
Rootfs: /media/vmstore/MochaArch/iso/build-rootfs-estado-atual-calamares-gamer-20260627-204738/rootfs
Log:    /media/mochafast/MochaArch/ativo/logs/20260627-210425-confere-corrige-usuario-live-rootfs-v2.log

[1] Backup dos arquivos críticos
[OK] backups criados

[2] Garantindo grupos necessários
[OK] grupo já existe: users gid=982
[OK] grupo já existe: wheel gid=998
[OK] grupo já existe: audio gid=995
[OK] grupo já existe: video gid=983
[OK] grupo já existe: input gid=992
[OK] grupo já existe: storage gid=985
[OK] grupo já existe: power gid=98

[3] Recriando usuário live mocha limpo
[OK] passwd corrigido

[4] Recriando shadow com root travado e mocha sem senha
[OK] shadow corrigido

[5] Colocando mocha nos grupos live necessários
[OK] grupos corrigidos

[6] Recriando gshadow coerente com group
[OK] gshadow corrigido

[7] Garantindo sudo sem senha para live
/media/vmstore/MochaArch/iso/build-rootfs-estado-atual-calamares-gamer-20260627-204738/rootfs/etc/sudoers.d/10-mocha-live: parsed OK
[OK] sudoers.d validado

[8] Garantindo home do live
[OK] home /home/mocha corrigido

[9] Conferência final

-- passwd:
mocha:x:1000:982:Mocha Live:/home/mocha:/bin/bash

-- grupos:
users:x:982:mocha
wheel:x:998:mocha
audio:x:995:mocha
video:x:983:mocha
input:x:992:mocha
storage:x:985:mocha
power:x:98:mocha

-- shadow:
mocha::19800:0:99999:7:::

-- sudoers live:
-r--r----- 1 root root 35 Jun 27 21:04 /media/vmstore/MochaArch/iso/build-rootfs-estado-atual-calamares-gamer-20260627-204738/rootfs/etc/sudoers.d/10-mocha-live
%wheel ALL=(ALL:ALL) NOPASSWD: ALL

-- permissões críticas:
644 root:root /media/vmstore/MochaArch/iso/build-rootfs-estado-atual-calamares-gamer-20260627-204738/rootfs/etc/passwd
644 root:root /media/vmstore/MochaArch/iso/build-rootfs-estado-atual-calamares-gamer-20260627-204738/rootfs/etc/group
600 root:root /media/vmstore/MochaArch/iso/build-rootfs-estado-atual-calamares-gamer-20260627-204738/rootfs/etc/shadow
600 root:root /media/vmstore/MochaArch/iso/build-rootfs-estado-atual-calamares-gamer-20260627-204738/rootfs/etc/gshadow
440 root:root /media/vmstore/MochaArch/iso/build-rootfs-estado-atual-calamares-gamer-20260627-204738/rootfs/etc/sudoers.d/10-mocha-live
755 mocha:users /media/vmstore/MochaArch/iso/build-rootfs-estado-atual-calamares-gamer-20260627-204738/rootfs/home/mocha

[OK] Usuário live mocha corrigido e validado.
[OK] Log: /media/mochafast/MochaArch/ativo/logs/20260627-210425-confere-corrige-usuario-live-rootfs-v2.log
