
============================================================
 Mocha — fechar Calamares pré-rootfs V3 conservador
============================================================
Base: /media/mochafast/MochaArch
Log:  /media/mochafast/MochaArch/ativo/logs/20260627-191607-fechar-calamares-pre-rootfs-v3.log

[1] Validando fontes obrigatórias
[OK] Fontes principais conferidas

[2] Instalando/localizando somente o binário Calamares
Candidatos encontrados:
1782093731.7426332840 /media/vmstore/MochaArch/calamares/repo/mocha-calamares-config-1.0-2-any.pkg.tar.zst
1782093731.6996332120 /media/vmstore/MochaArch/iso/auditorias/repo-calamares-conf-final-v2-20260621-230210/build-mocha-calamares-config/mocha-calamares-config-1.0-2-any.pkg.tar.zst
1782073202.4173307340 /media/vmstore/MochaArch/calamares/repo/calamares-3.4.2-2-x86_64.pkg.tar.zst
1782053394.1902846300 /media/vmstore/MochaArch/iso/auditorias/corrige-calamares-debug-continua-20260621-171441/quarentena-pacotes-invalidos/calamares-3.4.2-2-x86_64.pkg.tar.zst
1782053394.1372855670 /media/vmstore/MochaArch/iso/auditorias/calamares-agressividade-primeiro-boot-20260621-114953/work/calamares-3.4.2-2-x86_64.pkg.tar.zst
1782052418.1110432420 /media/vmstore/MochaArch/iso/auditorias/calamares-agressividade-primeiro-boot-20260621-114953/backups/calamares-3.4.2-2-x86_64.pkg.tar.zst.bak
1782052418.0020440540 /media/vmstore/MochaArch/iso/auditorias/calamares-posinstall-fix-v2-20260621-113337/work/calamares-3.4.2-2-x86_64.pkg.tar.zst
1781927967.5552998700 /media/vmstore/MochaArch/calamares/src/calamares/calamares-debug-3.4.2-2-x86_64.pkg.tar.zst
1781927967.5552998700 /media/vmstore/MochaArch/calamares/repo/calamares-debug-3.4.2-2-x86_64.pkg.tar.zst
1781927967.5552998700 /media/vmstore/MochaArch/calamares/pkgs/calamares-debug-3.4.2-2-x86_64.pkg.tar.zst
1781927963.9120954360 /media/vmstore/MochaArch/iso/auditorias/calamares-posinstall-fix-v2-20260621-113337/backups/calamares-3.4.2-2-x86_64.pkg.tar.zst.bak
1781927963.9120954360 /media/vmstore/MochaArch/calamares/src/calamares/calamares-3.4.2-2-x86_64.pkg.tar.zst
1781927963.9120954360 /media/vmstore/MochaArch/calamares/pkgs/calamares-3.4.2-2-x86_64.pkg.tar.zst
1781141448.2514152000 /media/vmstore/MochaArch/calamares/pacotes/calamares-3.4.2-2-x86_64.pkg.tar.zst

Pacote Calamares selecionado:
/media/vmstore/MochaArch/calamares/repo/calamares-3.4.2-2-x86_64.pkg.tar.zst
loading packages...
resolving dependencies...
looking for conflicting packages...

Packages (4) cracklib-2.10.3-1  libpwquality-1.4.5-7  yaml-cpp-0.9.0-1  calamares-3.4.2-2

Total Download Size:    0.51 MiB
Total Installed Size:  11.57 MiB

:: Proceed with installation? [Y/n] 
:: Retrieving packages...
 cracklib-2.10.3-1-x86_64 downloading...
 yaml-cpp-0.9.0-1-x86_64 downloading...
 libpwquality-1.4.5-7-x86_64 downloading...
checking keyring...
checking package integrity...
loading package files...
checking for file conflicts...
checking available disk space...
:: Processing package changes...
installing cracklib...
installing libpwquality...
Optional dependencies for libpwquality
    python: Python bindings [installed]
installing yaml-cpp...
installing calamares...
:: Running post-transaction hooks...
(1/3) Arming ConditionNeedsUpdate...
(2/3) Updating icon theme caches...
(3/3) Updating the desktop file MIME type cache...
[OK] Calamares instalado: /usr/bin/calamares

[3] Montando configuração em staging, sem copiar cegamente para /etc
Fonte de staging:
/media/mochafast/MochaArch/calamares/mocha-calamares/etc/calamares
[OK] Staging criado em /tmp/mocha-calamares-v3-20260627-191607/etc-calamares-stage

[4] Corrigindo unpackfs no staging
49:#   -   source: "/path/to/filesystem.sqfs"
58:#   -   source: "/path/to/another/filesystem.img"
61:#   -   source: "/path/to/another/filesystem2.img"
68:#    -   source: ./example.sqfs
78:#    -   source: ../CHANGES
81:#    -   source: ../src/modules/dummycpp
91:    -   source: ../CHANGES
95:    -   source: src/qml/calamares/slideshow
[FALHA] Caminho correto do airootfs.sfs não apareceu no staging
