
============================================================
 Mocha — corrigir consulta CachyOS transitória V8.1
============================================================
Base:    /media/mochafast/MochaArch
Ativo:   /media/mochafast/MochaArch/ativo
Helper:  /usr/local/lib/mocha/mocha-cachyos-transient-install
Log:     /media/mochafast/MochaArch/ativo/logs/20260627-194739-corrige-helper-cachyos-available-v81.log

[1] Backup do helper atual

[2] Regravando helper com --available usando sudo pacman

[3] Regravando helper corrigido no canônico e payload

[4] Validação forte
Mocha — Kernel e Driver
Interface Mocha/KDE com CachyOS transitório

[CPU]
Modelo: AMD Ryzen 7 5700G with Radeon Graphics
Vendor: AuthenticAMD
Nível x86-64: x86-64-v3
Microcode recomendado: amd-ucode
AVX: sim | AVX2: sim | AVX512: não | FMA: sim | AES: sim

[Kernel atual]
uname -r: 7.0.13-arch1-2
Pacotes:
  linux 7.0.13.arch1-2
    linux-headers 7.0.13.arch1-2

[GPU/driver atual]
Vendor detectado: NVIDIA
Módulo NVIDIA: não detectado
lspci/kernel driver:
  01:00.0 VGA compatible controller [0300]: NVIDIA Corporation GB206 [GeForce RTX 5060 Ti] [10de:2d04] (rev a1)
    Subsystem: Micro-Star International Co., Ltd. [MSI] Device [1462:5351]
    Kernel modules: nouveau

[Pacotes de vídeo instalados]
  mesa 1:26.1.3-2
    vulkan-icd-loader 1.4.350.1-1
    vulkan-radeon 1:26.1.3-2
    vulkan-intel 1:26.1.3-2
    mesa 1:26.1.3-2
    libva-intel-driver 2.4.5-1
    nvidia-utils 610.43.02-3
    egl-wayland 4:1.1.21-1
    libxnvctrl 610.43.02-1
    nvidia-settings 610.43.02-1
    xf86-video-amdgpu 25.0.0-1

[Plano sugerido pelo hardware]
  amd-ucode
  egl-wayland
  lib32-mesa
  lib32-nvidia-utils
  lib32-vulkan-icd-loader
  libva-utils
  libxnvctrl
  linux-cachyos
  linux-cachyos-headers
  linux-cachyos-nvidia-open
  mesa
  nvidia-settings
  nvidia-utils
  opencl-nvidia
  vulkan-icd-loader
  vulkan-tools

[Regra de segurança]
CachyOS será usado somente por pacman.conf temporário.
/etc/pacman.conf não será editado.
Não será executado pacman -Syu geral.

[Disponível no CachyOS transitório]
Consulta transitória falhou.

STDOUT:
[mocha-cachyos-transient] Canal CachyOS transitório detectado: v3
[mocha-cachyos-transient] Chave CachyOS já presente.
[mocha-cachyos-transient] Sincronizando DB transitório em: /tmp/mocha-cachyos-transient.PDQTwo/db
:: Synchronizing package databases...


STDERR:
error: could not open file /tmp/mocha-cachyos-transient.PDQTwo/db/sync/download-IjVNIj/cachyos-v3.db.part: Permission denied
error: failed to setup a download payload for cachyos-v3.db
error: failed to synchronize all databases (failed to retrieve some files)


[FALHA] Consulta transitória ainda falhou.
