
============================================================
 Mocha — restaurar barra padrão do KDE
============================================================
Usuário: hal
Home:    /home/hal
Backup:  /media/mochafast/MochaArch/ativo/backups/reset-barra-padrao-kde-20260628-172752
Log:     /media/mochafast/MochaArch/ativo/logs/20260628-172752-restaura-barra-padrao-kde-factory.log


============================================================
 1) Backup do layout Plasma atual
============================================================
[OK] backup: /home/hal/.config/plasma-org.kde.plasma.desktop-appletsrc
[AVISO] ausente: /home/hal/.config/plasma-org.kde.plasma.desktop-appletsrc.lock
[OK] backup: /home/hal/.config/plasmarc

============================================================
 2) Parar plasmashell
============================================================
[OK] plasmashell parado

============================================================
 3) Remover layout quebrado para o KDE recriar o padrão
============================================================
[OK] layout Plasma removido do local ativo

============================================================
 4) Forçar tema Plasma KDE padrão visível
============================================================
[OK] tema Plasma definido como default

============================================================
 5) Limpar cache visual do Plasma
============================================================
[OK] cache limpo

============================================================
 6) Subir Plasma e deixar o KDE gerar a barra padrão
============================================================
[OK] plasmashell rodando

============================================================
 7) Verificação
============================================================
--- plasmashell ---
13679 plasmashell

--- novo arquivo Plasma ---
-rw------- 1 hal hal 4.0K Jun 28 17:27 /home/hal/.config/plasma-org.kde.plasma.desktop-appletsrc

--- painel padrão KDE detectado ---
25:plugin=org.kde.panel
30:plugin=org.kde.plasma.digitalclock
38:plugin=org.kde.plasma.kickoff
49:plugin=org.kde.plasma.icontasks
64:plugin=org.kde.plasma.systemtray
12:formfactor=0
14:lastScreen=0
15:location=0
21:formfactor=2
23:lastScreen=0
24:location=4
60:formfactor=0
62:lastScreen=-1
63:location=0

============================================================
 Resultado
============================================================
Layout Plasma antigo: movido para /media/mochafast/MochaArch/ativo/backups/reset-barra-padrao-kde-20260628-172752
Layout ativo:         recriado pelo KDE
Tema Plasma:          default/breeze visível
Log:                  /media/mochafast/MochaArch/ativo/logs/20260628-172752-restaura-barra-padrao-kde-factory.log
============================================================
