
============================================================
 Mocha — continuar fixação do wrapper canônico Alt+Tab
============================================================
Fonte: /media/mochafast/MochaArch/auditorias/backup-audio-alt-tab-definitivo-20260611-203707/mocha-steam-game-run.bak
Log:   /media/mochafast/MochaArch/ativo/logs/20260628-011105-continua-fixa-wrapper-canonico-alt-tab-v3.log

[1/5] Garantindo runtime e symlinks...
[OK] Backup runtime criado.
[OK] Runtime e symlinks conferidos.

[2/5] Reaplicando cópias canônicas com sudo onde precisar...
[OK] Cópia canônica: /media/mochafast/MochaArch/ativo/assets/mocha-steam/bin/mocha-steam-game-run
[OK] Cópia canônica: /media/mochafast/MochaArch/ativo/wrapper-steam/mocha-steam-game-run-canonico
[OK] Cópia canônica: /media/mochafast/MochaArch/ativo/wrapper-steam/mocha-steam-game-run-canonico-alt-tab-input-20260611
[OK] Cópia canônica: /media/mochafast/MochaArch/ativo/usr/local/bin/mocha-steam-game-run
[OK] Cópia canônica: /media/mochafast/MochaArch/ativo/etc/skel/.local/bin/mocha-steam-game-run
[OK] Cópia canônica: /media/mochafast/MochaArch/ativo/calamares/payload/usr/local/bin/mocha-steam-game-run
[OK] Cópia canônica: /media/mochafast/MochaArch/ativo/calamares/payload/etc/skel/.local/bin/mocha-steam-game-run
[OK] Cópia canônica: /media/mochafast/MochaArch/ativo/calamares/payload/tema-completo/usr/local/bin/mocha-steam-game-run
[OK] Cópia canônica: /media/mochafast/MochaArch/ativo/steam-wrapper-canonico/usr/local/bin/mocha-steam-game-run
[OK] Cópia canônica: /media/mochafast/MochaArch/ativo/steam-mangohud-canonico/usr/local/bin/mocha-steam-game-run

[3/5] Criando manifesto, nota e checksums...
[OK] Manifesto: /media/mochafast/MochaArch/ativo/wrapper-steam/WRAPPER-STEAM-CANONICO-ALT-TAB-INPUT.md
[OK] Nota: /media/mochafast/MochaArch/ativo/docs/20260628-011105-wrapper-steam-canonico-alt-tab-input.md
[OK] Checksums: /media/mochafast/MochaArch/ativo/wrapper-steam/mocha-steam-game-run-canonico.sha256

[4/5] Anotando nos manuais com sudo se necessário...
[OK] Anotado com sudo no manual: /media/mochafast/MochaArch-Interno/ativo/MANUAL-UNICO-VIVO-MONTAGEM-MOCHA-ARCH-KDE.md
[OK] Backup: /media/mochafast/MochaArch-Interno/ativo/MANUAL-UNICO-VIVO-MONTAGEM-MOCHA-ARCH-KDE.md.bak-20260628-011105
[OK] Anotado no manual: /media/mochafast/MochaArch/ativo/MANUAL-UNICO-VIVO-MONTAGEM-MOCHA-ARCH-KDE.md
[OK] Backup: /media/mochafast/MochaArch/ativo/MANUAL-UNICO-VIVO-MONTAGEM-MOCHA-ARCH-KDE.md.bak-20260628-011105
[AVISO] Manual não encontrado: /media/mochafast/MochaArch/ativo/manual/PLANO-B-MATRIZ-CALAM-LIVE-ISO.md
[OK] Anotado no manual: /media/vmstore/MochaArch/iso/manual/PLANO-B-MATRIZ-CALAM-LIVE-ISO.md
[OK] Backup: /media/vmstore/MochaArch/iso/manual/PLANO-B-MATRIZ-CALAM-LIVE-ISO.md.bak-20260628-011105

[5/5] Auditoria final...
Fonte SHA:  3d58607f9f7c3bd1aaa8e3924a9f4eb7e1f13531bf64c10fd5587aec271b0235
Runtime SHA: 3d58607f9f7c3bd1aaa8e3924a9f4eb7e1f13531bf64c10fd5587aec271b0235
[OK] Runtime confere com a fonte canônica.

Linha oficial Steam:
/usr/local/bin/mocha-steam-game-run %command%

[OK] Concluído. Wrapper Steam canônico fixado e documentado.
