
============================================================
 Mocha — aplicar tema já instalado e barra 48 px
============================================================
Usuário: hal
Home:    /home/hal
Log:     /media/mochafast/MochaArch/ativo/logs/20260628-164452-aplica-tema-instalado-barra-48.log

[OK] Backup salvo em: /media/mochafast/MochaArch/auditorias/backup-aplica-tema-instalado-barra-48-20260628-164452
Tema Plasma detectado: Mocha-Solid-Canonico
Cores detectadas:      nenhuma
Global theme detectado:nenhum
Wallpaper detectado:   nenhum
Detected locale "C" with character encoding "ANSI_X3.4-1968", which is not UTF-8.
Qt depends on a UTF-8 locale, and has switched to "C.UTF-8" instead.
If this causes problems, reconfigure your locale. See the locale(1) manual
for more information.
The current Plasma session's theme has been set to Mocha-Solid-Canonico
[OK] Tema Plasma aplicado: Mocha-Solid-Canonico
[OK] Barra ajustada ao vivo para 48 px.
[OK] Arquivo do painel corrigido para 48 px.
[OK] Skel atualizado: /etc/skel/.config/kdeglobals
[OK] Skel atualizado: /etc/skel/.config/plasmarc
[OK] Skel atualizado: /etc/skel/.config/plasmashellrc
[OK] Skel atualizado: /etc/skel/.config/plasma-org.kde.plasma.desktop-appletsrc
[AVISO] Não encontrei kquitapp/kstart; saia e entre novamente se não atualizar visualmente.

============================================================
 CONCLUÍDO
============================================================
[OK] Aplicação feita sem varrer FAST/VMSTORE inteiro.
[OK] Barra fixada em 48 px.
[OK] Log: /media/mochafast/MochaArch/ativo/logs/20260628-164452-aplica-tema-instalado-barra-48.log

