
============================================================
 Mocha — CachyOS v3 transitório: kernel + NVIDIA casados
============================================================
Data: Sun Jun 28 16:32:52 -03 2026
Log:  /media/mochafast/MochaArch/ativo/logs/20260628-163252-cachyos-v3-kernel-nvidia-casado.log

[INFO] CPU detectada:
AMD Ryzen 7 5700G with Radeon Graphics

[INFO] GPU detectada:
01:00.0 VGA compatible controller [0300]: NVIDIA Corporation GB206 [GeForce RTX 5060 Ti] [10de:2d04] (rev a1)

[INFO] Kernel em execução antes:
7.0.14-arch1-1

[OK] CPU suporta x86-64-v3.

[INFO] Estado atual de kernel/driver antes:
egl-wayland 4:1.1.21-1
egl-wayland2 1.0.1-1
libxnvctrl 610.43.02-1
linux 7.0.14.arch1-1
linux-api-headers 7.1-1
linux-atm 2.5.2-9
linux-firmware 20260622-1
linux-firmware-amdgpu 20260622-1
linux-firmware-atheros 20260622-1
linux-firmware-broadcom 20260622-1
linux-firmware-cirrus 20260622-1
linux-firmware-intel 20260622-1
linux-firmware-mediatek 20260622-1
linux-firmware-nvidia 20260622-1
linux-firmware-other 20260622-1
linux-firmware-radeon 20260622-1
linux-firmware-realtek 20260622-1
linux-firmware-whence 20260622-1
linux-headers 7.0.14.arch1-1
mesa 1:26.1.3-2
mesa-demos 9.0.0-7
mesa-utils 9.0.0-7
nvidia-settings 610.43.02-1
nvidia-utils 610.43.02-3
vulkan-icd-loader 1.4.350.1-1
vulkan-tools 1.4.350.1-1

[INFO] Backup do pacman.conf:
[OK] /etc/pacman.conf.mocha-pre-cachyos-v3-20260628-163252.bak

[INFO] Garantindo chave e mirrorlists CachyOS sem instalar pacman customizado...
gpg: key F3B607488DB35A47: public key "CachyOS <admin@cachyos.org>" imported
gpg: Total number processed: 1
gpg:               imported: 1
  -> Locally signed 1 key.
==> Updating trust database...
gpg: marginals needed: 3  completes needed: 1  trust model: pgp
gpg: depth: 0  valid:   1  signed:   6  trust: 0-, 0q, 0n, 0m, 0f, 1u
gpg: depth: 1  valid:   6  signed:  86  trust: 1-, 0q, 0n, 5m, 0f, 0u
gpg: depth: 2  valid:  75  signed:  25  trust: 75-, 0q, 0n, 0m, 0f, 0u
gpg: next trustdb check due at 2026-10-21
  % Total    % Received % Xferd  Average Speed  Time    Time    Time   Current
                                 Dload  Upload  Total   Spent   Left   Speed
  0      0   0      0   0      0      0      0                              0100   4967 100   4967   0      0  42692      0                              0100   4967 100   4967   0      0  42669      0                              0100   4967 100   4967   0      0  42649      0                              0
  % Total    % Received % Xferd  Average Speed  Time    Time    Time   Current
                                 Dload  Upload  Total   Spent   Left   Speed
  0      0   0      0   0      0      0      0                              0100   3630 100   3630   0      0  39161      0                              0100   3630 100   3630   0      0  39134      0                              0100   3630 100   3630   0      0  39110      0                              0
  % Total    % Received % Xferd  Average Speed  Time    Time    Time   Current
                                 Dload  Upload  Total   Spent   Left   Speed
  0      0   0      0   0      0      0      0                              0100   3650 100   3650   0      0  48535      0                              0100   3650 100   3650   0      0  48499      0                              0100   3650 100   3650   0      0  48470      0                              0
loading packages...
resolving dependencies...
looking for conflicting packages...

Packages (3) cachyos-keyring-20240331-1  cachyos-mirrorlist-27-1  cachyos-v3-mirrorlist-27-1

Total Installed Size:  0.01 MiB

:: Proceed with installation? [Y/n] 
checking keyring...
checking package integrity...
loading package files...
checking for file conflicts...
checking available disk space...
:: Processing package changes...
installing cachyos-keyring...
==> Appending keys from cachyos.gpg...
==> Updating trust database...
gpg: next trustdb check due at 2026-10-21
installing cachyos-mirrorlist...
installing cachyos-v3-mirrorlist...
:: Running post-transaction hooks...
(1/1) Arming ConditionNeedsUpdate...

[INFO] Removendo qualquer bloco Mocha CachyOS transitório antigo do pacman.conf...

[INFO] Inserindo canal CachyOS v3 acima dos repositórios Arch...
[OK] Canal CachyOS v3 ativado temporariamente.

[INFO] Sincronizando bancos. Não será feito pacman -Syu geral.
:: Synchronizing package databases...
 cachyos-v3 downloading...
 cachyos-core-v3 downloading...
 cachyos-extra-v3 downloading...
 cachyos downloading...
 core downloading...
 extra downloading...
 multilib downloading...

[INFO] Verificando pacotes disponíveis no canal v3...
[OK] linux-cachyos disponível
[OK] linux-cachyos-headers disponível
[OK] linux-cachyos-nvidia-open disponível
[OK] nvidia-utils disponível
[OK] lib32-nvidia-utils disponível
[OK] nvidia-settings disponível
[OK] opencl-nvidia disponível
[OK] egl-wayland disponível
[OK] libxnvctrl disponível
[OK] vulkan-icd-loader disponível
[OK] lib32-vulkan-icd-loader disponível
[OK] vulkan-tools disponível
[OK] libva-utils disponível

[INFO] Pacotes escolhidos para casamento:
Kernel:         linux-cachyos
Headers:        linux-cachyos-headers
NVIDIA kernel:  linux-cachyos-nvidia-open

[INFO] Versões disponíveis:
Repository      : cachyos-v3
Name            : linux-cachyos
Version         : 7.1.1-2
Provides        : VIRTUALBOX-GUEST-MODULES  WIREGUARD-MODULE  KSMBD-MODULE  V4L2LOOPBACK-MODULE  NTSYNC-MODULE  VHBA-MODULE  ADIOS-MODULE  linux-cachyos-lto=7.1.1-2
Depends On      : coreutils  kmod  initramfs
Conflicts With  : None
Repository      : cachyos
Name            : linux-cachyos
Version         : 7.0.11-1
Provides        : VIRTUALBOX-GUEST-MODULES  WIREGUARD-MODULE  KSMBD-MODULE  V4L2LOOPBACK-MODULE  NTSYNC-MODULE  VHBA-MODULE  ADIOS-MODULE  linux-cachyos-lto=7.0.11-1
Depends On      : coreutils  kmod  initramfs
Conflicts With  : None
Repository      : cachyos-v3
Name            : linux-cachyos-headers
Version         : 7.1.1-2
Provides        : LINUX-HEADERS  linux-cachyos-lto-headers=7.1.1-2
Depends On      : binutils  glibc  libelf  libgcc  openssl  pahole  xxhash  zlib  zstd  linux-cachyos  clang  llvm  lld
Conflicts With  : None
Repository      : cachyos
Name            : linux-cachyos-headers
Version         : 7.0.11-1
Provides        : LINUX-HEADERS  linux-cachyos-lto-headers=7.0.11-1
Depends On      : binutils  glibc  libelf  libgcc  openssl  pahole  xxhash  zlib  zstd  linux-cachyos  clang  llvm  lld
Conflicts With  : None
Repository      : cachyos-v3
Name            : linux-cachyos-nvidia-open
Version         : 7.1.1-2
Provides        : NVIDIA-MODULE
Depends On      : linux-cachyos=7.1.1-2  nvidia-utils=610.43.02  libglvnd
Conflicts With  : linux-cachyos-nvidia
Repository      : cachyos
Name            : linux-cachyos-nvidia-open
Version         : 7.0.11-1
Provides        : NVIDIA-MODULE
Depends On      : linux-cachyos=7.0.11-1  nvidia-utils=610.43.02  libglvnd
Conflicts With  : linux-cachyos-nvidia
Repository      : cachyos-v3
Name            : nvidia-utils
Version         : 610.43.02-3
Provides        : vulkan-driver  opengl-driver  nvidia-libgl
Depends On      : libglvnd  egl-wayland  egl-wayland2  egl-gbm  egl-x11
Conflicts With  : nvidia-libgl
Repository      : cachyos
Name            : nvidia-utils
Version         : 610.43.02-3
Provides        : vulkan-driver  opengl-driver  nvidia-libgl
Depends On      : libglvnd  egl-wayland  egl-wayland2  egl-gbm  egl-x11
Conflicts With  : nvidia-libgl
Repository      : extra
Name            : nvidia-utils
Version         : 610.43.02-3
Provides        : vulkan-driver  opengl-driver  nvidia-libgl
Depends On      : libglvnd  egl-wayland  egl-wayland2  egl-gbm  egl-x11
Conflicts With  : nvidia-libgl
Repository      : cachyos-v3
Name            : lib32-nvidia-utils
Version         : 610.43.02-1
Provides        : lib32-vulkan-driver  lib32-opengl-driver  lib32-nvidia-libgl
Depends On      : lib32-zlib  lib32-gcc-libs  lib32-libglvnd  nvidia-utils=610.43.02
Conflicts With  : lib32-nvidia-libgl
Repository      : cachyos
Name            : lib32-nvidia-utils
Version         : 610.43.02-1
Provides        : lib32-vulkan-driver  lib32-opengl-driver  lib32-nvidia-libgl
Depends On      : lib32-zlib  lib32-gcc-libs  lib32-libglvnd  nvidia-utils=610.43.02
Conflicts With  : lib32-nvidia-libgl
Repository      : multilib
Name            : lib32-nvidia-utils
Version         : 610.43.02-1
Provides        : lib32-vulkan-driver  lib32-opengl-driver  lib32-nvidia-libgl
Depends On      : lib32-zlib  lib32-gcc-libs  lib32-libglvnd  nvidia-utils=610.43.02
Conflicts With  : lib32-nvidia-libgl

[INFO] Destravando kernel/driver temporariamente em /etc/pacman.conf, se houver IgnorePkg...

[INFO] Instalando kernel CachyOS v3 e driver NVIDIA casado...
warning: nvidia-utils-610.43.02-3 is up to date -- skipping
warning: nvidia-settings-610.43.02-1 is up to date -- skipping
warning: libxnvctrl-610.43.02-1 is up to date -- skipping
error: failed to prepare transaction (package architecture is not valid)
:: package linux-cachyos-7.1.1-2-x86_64_v3 does not have a valid architecture
:: package linux-cachyos-headers-7.1.1-2-x86_64_v3 does not have a valid architecture
:: package linux-cachyos-nvidia-open-7.1.1-2-x86_64_v3 does not have a valid architecture
:: package lib32-nvidia-utils-610.43.02-1-x86_64_v3 does not have a valid architecture
:: package opencl-nvidia-610.43.02-3-x86_64_v3 does not have a valid architecture
:: package egl-wayland-4:1.1.21-1.1-x86_64_v3 does not have a valid architecture
:: package vulkan-icd-loader-1.4.350.1-1.1-x86_64_v3 does not have a valid architecture
:: package vulkan-tools-1.4.350.1-1.1-x86_64_v3 does not have a valid architecture
:: package libva-utils-2.23.0-1.1-x86_64_v3 does not have a valid architecture
