
============================================================
 Mocha — correção canônica MangoHud
============================================================
Log: /media/mochafast/MochaArch/ativo/logs/20260627-231750-corrige-mangohud-canonico.log

[1] Backup das configurações/wrappers existentes
[OK] Backup: /usr/local/share/mocha/mangohud/MangoHud.conf
[OK] Backup: /home/mocha/.config/MangoHud/MangoHud.conf
[OK] Backup: /etc/skel/.config/MangoHud/MangoHud.conf
[OK] Backup: /usr/local/bin/mocha-steam-game-run
[OK] Backup: /home/mocha/.local/bin/mocha-steam-game-run
[OK] Backup: /etc/skel/.local/bin/mocha-steam-game-run

[2] Escrevendo configuração canônica correta
[OK] Configuração aplicada em: /usr/local/share/mocha/mangohud/MangoHud.conf
[OK] Configuração replicada em: /home/mocha/.config/MangoHud/MangoHud.conf
[OK] Configuração replicada em: /etc/skel/.config/MangoHud/MangoHud.conf
[OK] Configuração replicada em: /etc/xdg/MangoHud/MangoHud.conf

[3] Corrigindo wrapper global Steam/Mocha
[OK] Wrapper global corrigido: /usr/local/bin/mocha-steam-game-run
[OK] Symlink do usuário corrigido: /home/mocha/.local/bin/mocha-steam-game-run
[OK] Symlink do skel corrigido: /etc/skel/.local/bin/mocha-steam-game-run

[4] Conferência contra sobrescrita inline no wrapper
[OK] Nenhum MANGOHUD_CONFIG inline encontrado no wrapper.
/usr/local/bin/mocha-steam-game-run:5:export MANGOHUD_CONFIGFILE="/usr/local/share/mocha/mangohud/MangoHud.conf"
/home/mocha/.local/bin/mocha-steam-game-run:5:export MANGOHUD_CONFIGFILE="/usr/local/share/mocha/mangohud/MangoHud.conf"
/etc/skel/.local/bin/mocha-steam-game-run:5:export MANGOHUD_CONFIGFILE="/usr/local/share/mocha/mangohud/MangoHud.conf"
[OK] Wrapper aponta para MANGOHUD_CONFIGFILE canônico.

[5] Prévia final da configuração
------------------------------------------------------------
     1	# Mocha MangoHud canonical
     2	# Layout: uma linha, sem gráficos.
     3	# Ordem visual: FPS | latência/frametime | CPU | GPU | VRAM | GameMode | hora HH:MM
     4	
     5	legacy_layout=0
     6	horizontal
     7	hud_compact
     8	
     9	position=top-left
    10	background_alpha=0.35
    11	round_corners=4
    12	font_size=24
    13	
    14	fps
    15	frametime
    16	cpu_stats
    17	gpu_stats
    18	vram
    19	gamemode
    20	time
    21	time_format=%H:%M
------------------------------------------------------------

[6] Verificação do MangoHud instalado
[OK] mangohud encontrado: /usr/local/bin/mangohud

============================================================
 Concluído
============================================================
Config canônica: /usr/local/share/mocha/mangohud/MangoHud.conf
Backup:          /home/mocha/.local/share/mocha/backups/mangohud-20260627-231750
Log:             /media/mochafast/MochaArch/ativo/logs/20260627-231750-corrige-mangohud-canonico.log

No Steam, a opção correta do jogo deve ser:
  mocha-steam-game-run %command%
