Backup salvo em:
  /media/mochafast/MochaArch/ativo/backups/plasma-barra/20260529-153335-plasma-org.kde.plasma.desktop-appletsrc.antes-restaurar-barra-win11
Parando Plasma Shell...
Aplicando appletsrc aprovado...
Reiniciando Plasma Shell...

Validação:
18:plugin=org.kde.plasma.digitalclock
33:plugin=org.kde.plasma.panelspacer
36:expanding=true
40:plugin=org.kde.plasma.panelspacer
43:expanding=true
47:plugin=org.kde.plasma.kickoff
65:plugin=org.kde.plasma.icontasks
80:plugin=org.kde.plasma.systemtray
161:AppletOrder=4;6;23;3;5;24;7;21;22

Barra Win11/Mocha aprovada restaurada.
Log:
  /media/mochafast/MochaArch/ativo/logs/20260529-153335-restaurar-barra-win11-mocha-aprovada.log
Backup:
  /media/mochafast/MochaArch/ativo/backups/plasma-barra/20260529-153335-plasma-org.kde.plasma.desktop-appletsrc.antes-restaurar-barra-win11
