
============================================================
 Mocha — commits fatiados
============================================================
Base: /media/mochafast/MochaArch
Log:  /media/mochafast/MochaArch/ativo/logs/20260629-033631-commits-fatiados.log
Updated Git hooks.
Git LFS initialized.

============================================================
 1) Snapshot de segurança
============================================================
[OK] Patch rastreados: /tmp/mocha-pre-commits-fatiados-20260629-033631.patch
[OK] Lista não rastreados: /tmp/mocha-untracked-pre-commits-fatiados-20260629-033631.txt

============================================================
 2) Conferência de bloqueios
============================================================
[OK] Sem deleções e sem typechanges.

============================================================
 3) Commit 1 — tema Mocha KDE, barra, cores e branding
============================================================
Unstaged changes after reset:
M	ativo/assets/branding/avatar.png
M	ativo/assets/branding/avatar/avatar.png
M	ativo/assets/branding/wallpaper/Wall.png
M	ativo/assets/mocha-steam/bin/mocha-steam-game-run
M	ativo/etc/skel/.local/bin/mocha-steam-game-run
M	ativo/kde/barra-win11-aprovada/20260529-200013-mocha-reaplicar-barra-aprovada-atual.sh
M	ativo/kde/barra-win11-aprovada/plasma-org.kde.plasma.desktop-appletsrc-aprovado-atual
M	ativo/kde/esquemas-cores-aprovados/MochaDark.colors
M	ativo/kde/plasma-style-barra-mocha/MochaPanelSolidCanonico/dialogs/background.svgz
M	ativo/kde/plasma-style-barra-mocha/MochaPanelSolidCanonico/icons/akonadi.svgz
M	ativo/kde/plasma-style-barra-mocha/MochaPanelSolidCanonico/icons/akregator.svgz
M	ativo/kde/plasma-style-barra-mocha/MochaPanelSolidCanonico/icons/amarok.svgz
M	ativo/kde/plasma-style-barra-mocha/MochaPanelSolidCanonico/icons/applications.svgz
M	ativo/kde/plasma-style-barra-mocha/MochaPanelSolidCanonico/icons/apport.svgz
M	ativo/kde/plasma-style-barra-mocha/MochaPanelSolidCanonico/icons/audio.svgz
M	ativo/kde/plasma-style-barra-mocha/MochaPanelSolidCanonico/icons/battery.svgz
M	ativo/kde/plasma-style-barra-mocha/MochaPanelSolidCanonico/icons/bookmarks.svgz
M	ativo/kde/plasma-style-barra-mocha/MochaPanelSolidCanonico/icons/cantata.svgz
M	ativo/kde/plasma-style-barra-mocha/MochaPanelSolidCanonico/icons/computer.svgz
M	ativo/kde/plasma-style-barra-mocha/MochaPanelSolidCanonico/icons/configure.svgz
M	ativo/kde/plasma-style-barra-mocha/MochaPanelSolidCanonico/icons/device.svgz
M	ativo/kde/plasma-style-barra-mocha/MochaPanelSolidCanonico/icons/disk.svgz
M	ativo/kde/plasma-style-barra-mocha/MochaPanelSolidCanonico/icons/distribute.svgz
M	ativo/kde/plasma-style-barra-mocha/MochaPanelSolidCanonico/icons/document.svgz
M	ativo/kde/plasma-style-barra-mocha/MochaPanelSolidCanonico/icons/drive.svgz
M	ativo/kde/plasma-style-barra-mocha/MochaPanelSolidCanonico/icons/edit.svgz
M	ativo/kde/plasma-style-barra-mocha/MochaPanelSolidCanonico/icons/fcitx.svgz
M	ativo/kde/plasma-style-barra-mocha/MochaPanelSolidCanonico/icons/go.svgz
M	ativo/kde/plasma-style-barra-mocha/MochaPanelSolidCanonico/icons/ime.svgz
M	ativo/kde/plasma-style-barra-mocha/MochaPanelSolidCanonico/icons/input.svgz
M	ativo/kde/plasma-style-barra-mocha/MochaPanelSolidCanonico/icons/kalarm.svgz
M	ativo/kde/plasma-style-barra-mocha/MochaPanelSolidCanonico/icons/kdeconnect.svgz
M	ativo/kde/plasma-style-barra-mocha/MochaPanelSolidCanonico/icons/keyboard.svgz
M	ativo/kde/plasma-style-barra-mocha/MochaPanelSolidCanonico/icons/kget.svgz
M	ativo/kde/plasma-style-barra-mocha/MochaPanelSolidCanonico/icons/kgpg.svgz
M	ativo/kde/plasma-style-barra-mocha/MochaPanelSolidCanonico/icons/kleopatra.svgz
M	ativo/kde/plasma-style-barra-mocha/MochaPanelSolidCanonico/icons/klipper.svgz
M	ativo/kde/plasma-style-barra-mocha/MochaPanelSolidCanonico/icons/kmail.svgz
M	ativo/kde/plasma-style-barra-mocha/MochaPanelSolidCanonico/icons/konv_message.svgz
M	ativo/kde/plasma-style-barra-mocha/MochaPanelSolidCanonico/icons/konversation.svgz
M	ativo/kde/plasma-style-barra-mocha/MochaPanelSolidCanonico/icons/kopete.svgz
M	ativo/kde/plasma-style-barra-mocha/MochaPanelSolidCanonico/icons/korgac.svgz
M	ativo/kde/plasma-style-barra-mocha/MochaPanelSolidCanonico/icons/kpackagekit.svgz
M	ativo/kde/plasma-style-barra-mocha/MochaPanelSolidCanonico/icons/kruler.svgz
M	ativo/kde/plasma-style-barra-mocha/MochaPanelSolidCanonico/icons/kteatime.svgz
M	ativo/kde/plasma-style-barra-mocha/MochaPanelSolidCanonico/icons/ktorrent.svgz
M	ativo/kde/plasma-style-barra-mocha/MochaPanelSolidCanonico/icons/kup.svgz
M	ativo/kde/plasma-style-barra-mocha/MochaPanelSolidCanonico/icons/list.svgz
M	ativo/kde/plasma-style-barra-mocha/MochaPanelSolidCanonico/icons/mail.svgz
M	ativo/kde/plasma-style-barra-mocha/MochaPanelSolidCanonico/icons/media.svgz
M	ativo/kde/plasma-style-barra-mocha/MochaPanelSolidCanonico/icons/mobile.svgz
M	ativo/kde/plasma-style-barra-mocha/MochaPanelSolidCanonico/icons/network.svgz
M	ativo/kde/plasma-style-barra-mocha/MochaPanelSolidCanonico/icons/notification.svgz
M	ativo/kde/plasma-style-barra-mocha/MochaPanelSolidCanonico/icons/osd.svgz
M	ativo/kde/plasma-style-barra-mocha/MochaPanelSolidCanonico/icons/phone.svgz
M	ativo/kde/plasma-style-barra-mocha/MochaPanelSolidCanonico/icons/plasmavault.svgz
M	ativo/kde/plasma-style-barra-mocha/MochaPanelSolidCanonico/icons/plasmavault_error.svgz
M	ativo/kde/plasma-style-barra-mocha/MochaPanelSolidCanonico/icons/preferences.svgz
M	ativo/kde/plasma-style-barra-mocha/MochaPanelSolidCanonico/icons/printer.svgz
M	ativo/kde/plasma-style-barra-mocha/MochaPanelSolidCanonico/icons/quassel.svgz
M	ativo/kde/plasma-style-barra-mocha/MochaPanelSolidCanonico/icons/search.svgz
M	ativo/kde/plasma-style-barra-mocha/MochaPanelSolidCanonico/icons/slc.svgz
M	ativo/kde/plasma-style-barra-mocha/MochaPanelSolidCanonico/icons/software.svgz
M	ativo/kde/plasma-style-barra-mocha/MochaPanelSolidCanonico/icons/start.svgz
M	ativo/kde/plasma-style-barra-mocha/MochaPanelSolidCanonico/icons/system.svgz
M	ativo/kde/plasma-style-barra-mocha/MochaPanelSolidCanonico/icons/touchpad.svgz
M	ativo/kde/plasma-style-barra-mocha/MochaPanelSolidCanonico/icons/user.svgz
M	ativo/kde/plasma-style-barra-mocha/MochaPanelSolidCanonico/icons/video-card.svgz
M	ativo/kde/plasma-style-barra-mocha/MochaPanelSolidCanonico/icons/video.svgz
M	ativo/kde/plasma-style-barra-mocha/MochaPanelSolidCanonico/icons/view.svgz
M	ativo/kde/plasma-style-barra-mocha/MochaPanelSolidCanonico/icons/vlc.svgz
M	ativo/kde/plasma-style-barra-mocha/MochaPanelSolidCanonico/icons/wallet.svgz
M	ativo/kde/plasma-style-barra-mocha/MochaPanelSolidCanonico/icons/window.svgz
M	ativo/kde/plasma-style-barra-mocha/MochaPanelSolidCanonico/icons/yakuake.svgz
M	ativo/kde/plasma-style-barra-mocha/MochaPanelSolidCanonico/icons/zoom.svgz
M	ativo/kde/plasma-style-barra-mocha/MochaPanelSolidCanonico/metadata.json
M	ativo/kde/plasma-style-barra-mocha/MochaPanelSolidCanonico/opaque/dialogs/background.svgz
M	ativo/kde/plasma-style-barra-mocha/MochaPanelSolidCanonico/opaque/widgets/panel-background.svgz
M	ativo/kde/plasma-style-barra-mocha/MochaPanelSolidCanonico/opaque/widgets/tooltip.svgz
M	ativo/kde/plasma-style-barra-mocha/MochaPanelSolidCanonico/plasmarc
M	ativo/kde/plasma-style-barra-mocha/MochaPanelSolidCanonico/solid/dialogs/background.svgz
M	ativo/kde/plasma-style-barra-mocha/MochaPanelSolidCanonico/solid/widgets/background.svgz
M	ativo/kde/plasma-style-barra-mocha/MochaPanelSolidCanonico/solid/widgets/panel-background.svgz
M	ativo/kde/plasma-style-barra-mocha/MochaPanelSolidCanonico/solid/widgets/tooltip.svgz
M	ativo/kde/plasma-style-barra-mocha/MochaPanelSolidCanonico/translucent/dialogs/background.svgz
M	ativo/kde/plasma-style-barra-mocha/MochaPanelSolidCanonico/translucent/widgets/background.svgz
M	ativo/kde/plasma-style-barra-mocha/MochaPanelSolidCanonico/translucent/widgets/panel-background.svgz
M	ativo/kde/plasma-style-barra-mocha/MochaPanelSolidCanonico/translucent/widgets/tooltip.svgz
M	ativo/kde/plasma-style-barra-mocha/MochaPanelSolidCanonico/widgets/action-overlays.svgz
M	ativo/kde/plasma-style-barra-mocha/MochaPanelSolidCanonico/widgets/actionbutton.svgz
M	ativo/kde/plasma-style-barra-mocha/MochaPanelSolidCanonico/widgets/analog_meter.svgz
M	ativo/kde/plasma-style-barra-mocha/MochaPanelSolidCanonico/widgets/arrows.svgz
M	ativo/kde/plasma-style-barra-mocha/MochaPanelSolidCanonico/widgets/background.svgz
M	ativo/kde/plasma-style-barra-mocha/MochaPanelSolidCanonico/widgets/bar_meter_horizontal.svgz
M	ativo/kde/plasma-style-barra-mocha/MochaPanelSolidCanonico/widgets/bar_meter_vertical.svgz
M	ativo/kde/plasma-style-barra-mocha/MochaPanelSolidCanonico/widgets/branding.svgz
M	ativo/kde/plasma-style-barra-mocha/MochaPanelSolidCanonico/widgets/busywidget.svgz
M	ativo/kde/plasma-style-barra-mocha/MochaPanelSolidCanonico/widgets/button.svgz
M	ativo/kde/plasma-style-barra-mocha/MochaPanelSolidCanonico/widgets/calendar.svgz
M	ativo/kde/plasma-style-barra-mocha/MochaPanelSolidCanonico/widgets/checkmarks.svgz
M	ativo/kde/plasma-style-barra-mocha/MochaPanelSolidCanonico/widgets/clock.svgz
M	ativo/kde/plasma-style-barra-mocha/MochaPanelSolidCanonico/widgets/configuration-icons.svgz
M	ativo/kde/plasma-style-barra-mocha/MochaPanelSolidCanonico/widgets/containment-controls.svgz
M	ativo/kde/plasma-style-barra-mocha/MochaPanelSolidCanonico/widgets/dragger.svgz
M	ativo/kde/plasma-style-barra-mocha/MochaPanelSolidCanonico/widgets/frame.svgz
M	ativo/kde/plasma-style-barra-mocha/MochaPanelSolidCanonico/widgets/glowbar.svgz
M	ativo/kde/plasma-style-barra-mocha/MochaPanelSolidCanonico/widgets/line.svgz
M	ativo/kde/plasma-style-barra-mocha/MochaPanelSolidCanonico/widgets/lineedit.svgz
M	ativo/kde/plasma-style-barra-mocha/MochaPanelSolidCanonico/widgets/listitem.svgz
M	ativo/kde/plasma-style-barra-mocha/MochaPanelSolidCanonico/widgets/margins-highlight.svgz
M	ativo/kde/plasma-style-barra-mocha/MochaPanelSolidCanonico/widgets/media-delegate.svgz
M	ativo/kde/plasma-style-barra-mocha/MochaPanelSolidCanonico/widgets/menubaritem.svgz
M	ativo/kde/plasma-style-barra-mocha/MochaPanelSolidCanonico/widgets/monitor.svgz
M	ativo/kde/plasma-style-barra-mocha/MochaPanelSolidCanonico/widgets/notes.svgz
M	ativo/kde/plasma-style-barra-mocha/MochaPanelSolidCanonico/widgets/pager.svgz
M	ativo/kde/plasma-style-barra-mocha/MochaPanelSolidCanonico/widgets/panel-background.svgz
M	ativo/kde/plasma-style-barra-mocha/MochaPanelSolidCanonico/widgets/picker.svgz
M	ativo/kde/plasma-style-barra-mocha/MochaPanelSolidCanonico/widgets/plasmoidheading.svgz
M	ativo/kde/plasma-style-barra-mocha/MochaPanelSolidCanonico/widgets/plot-background.svgz
M	ativo/kde/plasma-style-barra-mocha/MochaPanelSolidCanonico/widgets/radiobutton.svgz
M	ativo/kde/plasma-style-barra-mocha/MochaPanelSolidCanonico/widgets/scrollbar.svgz
M	ativo/kde/plasma-style-barra-mocha/MochaPanelSolidCanonico/widgets/scrollwidget.svgz
M	ativo/kde/plasma-style-barra-mocha/MochaPanelSolidCanonico/widgets/slider.svgz
M	ativo/kde/plasma-style-barra-mocha/MochaPanelSolidCanonico/widgets/switch.svgz
M	ativo/kde/plasma-style-barra-mocha/MochaPanelSolidCanonico/widgets/tabbar.svgz
M	ativo/kde/plasma-style-barra-mocha/MochaPanelSolidCanonico/widgets/tasks.svgz
M	ativo/kde/plasma-style-barra-mocha/MochaPanelSolidCanonico/widgets/toolbar.svgz
M	ativo/kde/plasma-style-barra-mocha/MochaPanelSolidCanonico/widgets/tooltip.svgz
M	ativo/kde/plasma-style-barra-mocha/MochaPanelSolidCanonico/widgets/translucentbackground.svgz
M	ativo/kde/plasma-style-barra-mocha/MochaPanelSolidCanonico/widgets/viewitem.svgz
M	ativo/software/perfis/mocha-gamer-default.flatpaklist
M	ativo/software/perfis/mocha-gamer-default.pkglist
M	calamares/base-calam-arch-installer-2026-06/usr/share/calamares/modules/users.conf
M	calamares/base-calam-arch-installer-2026-06/usr/share/calamares/settings.conf
M	calamares/identidade/extracao-identidade-calamares-mocha-20260605-153953/origem-airootfs/etc-calamares/modules/users.conf
M	calamares/identidade/extracao-identidade-calamares-mocha-20260605-153953/origem-airootfs/etc-calamares/settings.conf
M	calamares/identidade/extracao-identidade-calamares-mocha-20260605-153953/origem-airootfs/usr-share-calamares/modules/users.conf
M	calamares/identidade/extracao-identidade-calamares-mocha-20260605-153953/origem-airootfs/usr-share-calamares/settings.conf
M	calamares/identidade/extracao-identidade-calamares-mocha-20260605-153953/textos/etc-calamares/modules/users.conf
M	calamares/identidade/extracao-identidade-calamares-mocha-20260605-153953/textos/etc-calamares/settings.conf
M	calamares/identidade/extracao-identidade-calamares-mocha-20260605-153953/textos/usr-share-calamares/modules/users.conf
M	calamares/identidade/extracao-identidade-calamares-mocha-20260605-153953/textos/usr-share-calamares/settings.conf
M	calamares/identidade/extracao-identidade-calamares-mocha-20260605-153953/yaml-configs/etc-calamares/settings.conf
M	calamares/identidade/extracao-identidade-calamares-mocha-20260605-153953/yaml-configs/usr-share-calamares/settings.conf
M	calamares/mocha-calamares/etc/calamares/modules/users.conf
M	calamares/mocha-calamares/etc/calamares/settings.conf
M	calamares/origem-calam-arch-installer-2026-06-20260605-112415/usr/share/calamares/modules/users.conf
M	calamares/origem-calam-arch-installer-2026-06-20260605-112415/usr/share/calamares/settings.conf
M	calamares/trabalho-mocha-calamares-20260605-112806/usr/share/calamares/modules/users.conf
M	calamares/trabalho-mocha-calamares-20260605-112806/usr/share/calamares/settings.conf

------------------------------------------------------------
Commit:
tema: consolida Mocha KDE, barra, cores e branding
Arquivos staged:
M	ativo/assets/branding/avatar.png
M	ativo/assets/branding/avatar/avatar.png
M	ativo/assets/branding/wallpaper/Wall.png
M	ativo/kde/barra-win11-aprovada/20260529-200013-mocha-reaplicar-barra-aprovada-atual.sh
M	ativo/kde/barra-win11-aprovada/plasma-org.kde.plasma.desktop-appletsrc-aprovado-atual
A	ativo/kde/barra-win11-aprovada/plasma-org.kde.plasma.desktop-appletsrc-aprovado-atual-20260627-183751
A	ativo/kde/barra-win11-aprovada/plasma-org.kde.plasma.desktop-appletsrc-aprovado-atual-20260627-184000
A	ativo/kde/color-schemes/MochaDark.colors
M	ativo/kde/esquemas-cores-aprovados/MochaDark.colors
A	ativo/kde/plasma-style-barra-mocha/MochaPanelSolidCanonico/colors
M	ativo/kde/plasma-style-barra-mocha/MochaPanelSolidCanonico/dialogs/background.svgz
A	ativo/kde/plasma-style-barra-mocha/MochaPanelSolidCanonico/metadata.desktop
M	ativo/kde/plasma-style-barra-mocha/MochaPanelSolidCanonico/metadata.json
M	ativo/kde/plasma-style-barra-mocha/MochaPanelSolidCanonico/plasmarc
M	ativo/kde/plasma-style-barra-mocha/MochaPanelSolidCanonico/widgets/background.svgz
M	ativo/kde/plasma-style-barra-mocha/MochaPanelSolidCanonico/widgets/button.svgz
M	ativo/kde/plasma-style-barra-mocha/MochaPanelSolidCanonico/widgets/frame.svgz
M	ativo/kde/plasma-style-barra-mocha/MochaPanelSolidCanonico/widgets/lineedit.svgz
M	ativo/kde/plasma-style-barra-mocha/MochaPanelSolidCanonico/widgets/listitem.svgz
M	ativo/kde/plasma-style-barra-mocha/MochaPanelSolidCanonico/widgets/panel-background.svgz
M	ativo/kde/plasma-style-barra-mocha/MochaPanelSolidCanonico/widgets/tasks.svgz
M	ativo/kde/plasma-style-barra-mocha/MochaPanelSolidCanonico/widgets/viewitem.svgz
A	ativo/kde/plasma-style-barra-mocha/snapshots/MochaPanelSolidCanonico-20260627-183751/colors
A	ativo/kde/plasma-style-barra-mocha/snapshots/MochaPanelSolidCanonico-20260627-183751/dialogs/background.svgz
A	ativo/kde/plasma-style-barra-mocha/snapshots/MochaPanelSolidCanonico-20260627-183751/icons/akonadi.svgz
A	ativo/kde/plasma-style-barra-mocha/snapshots/MochaPanelSolidCanonico-20260627-183751/icons/akregator.svgz
A	ativo/kde/plasma-style-barra-mocha/snapshots/MochaPanelSolidCanonico-20260627-183751/icons/amarok.svgz
A	ativo/kde/plasma-style-barra-mocha/snapshots/MochaPanelSolidCanonico-20260627-183751/icons/applications.svgz
A	ativo/kde/plasma-style-barra-mocha/snapshots/MochaPanelSolidCanonico-20260627-183751/icons/apport.svgz
A	ativo/kde/plasma-style-barra-mocha/snapshots/MochaPanelSolidCanonico-20260627-183751/icons/audio.svgz
A	ativo/kde/plasma-style-barra-mocha/snapshots/MochaPanelSolidCanonico-20260627-183751/icons/battery.svgz
A	ativo/kde/plasma-style-barra-mocha/snapshots/MochaPanelSolidCanonico-20260627-183751/icons/bookmarks.svgz
A	ativo/kde/plasma-style-barra-mocha/snapshots/MochaPanelSolidCanonico-20260627-183751/icons/cantata.svgz
A	ativo/kde/plasma-style-barra-mocha/snapshots/MochaPanelSolidCanonico-20260627-183751/icons/computer.svgz
A	ativo/kde/plasma-style-barra-mocha/snapshots/MochaPanelSolidCanonico-20260627-183751/icons/configure.svgz
A	ativo/kde/plasma-style-barra-mocha/snapshots/MochaPanelSolidCanonico-20260627-183751/icons/device.svgz
A	ativo/kde/plasma-style-barra-mocha/snapshots/MochaPanelSolidCanonico-20260627-183751/icons/disk.svgz
A	ativo/kde/plasma-style-barra-mocha/snapshots/MochaPanelSolidCanonico-20260627-183751/icons/distribute.svgz
A	ativo/kde/plasma-style-barra-mocha/snapshots/MochaPanelSolidCanonico-20260627-183751/icons/document.svgz
A	ativo/kde/plasma-style-barra-mocha/snapshots/MochaPanelSolidCanonico-20260627-183751/icons/drive.svgz
A	ativo/kde/plasma-style-barra-mocha/snapshots/MochaPanelSolidCanonico-20260627-183751/icons/edit.svgz
A	ativo/kde/plasma-style-barra-mocha/snapshots/MochaPanelSolidCanonico-20260627-183751/icons/fcitx.svgz
A	ativo/kde/plasma-style-barra-mocha/snapshots/MochaPanelSolidCanonico-20260627-183751/icons/go.svgz
A	ativo/kde/plasma-style-barra-mocha/snapshots/MochaPanelSolidCanonico-20260627-183751/icons/ime.svgz
A	ativo/kde/plasma-style-barra-mocha/snapshots/MochaPanelSolidCanonico-20260627-183751/icons/input.svgz
A	ativo/kde/plasma-style-barra-mocha/snapshots/MochaPanelSolidCanonico-20260627-183751/icons/kalarm.svgz
A	ativo/kde/plasma-style-barra-mocha/snapshots/MochaPanelSolidCanonico-20260627-183751/icons/kdeconnect.svgz
A	ativo/kde/plasma-style-barra-mocha/snapshots/MochaPanelSolidCanonico-20260627-183751/icons/keyboard.svgz
A	ativo/kde/plasma-style-barra-mocha/snapshots/MochaPanelSolidCanonico-20260627-183751/icons/kget.svgz
A	ativo/kde/plasma-style-barra-mocha/snapshots/MochaPanelSolidCanonico-20260627-183751/icons/kgpg.svgz
A	ativo/kde/plasma-style-barra-mocha/snapshots/MochaPanelSolidCanonico-20260627-183751/icons/kleopatra.svgz
A	ativo/kde/plasma-style-barra-mocha/snapshots/MochaPanelSolidCanonico-20260627-183751/icons/klipper.svgz
A	ativo/kde/plasma-style-barra-mocha/snapshots/MochaPanelSolidCanonico-20260627-183751/icons/kmail.svgz
A	ativo/kde/plasma-style-barra-mocha/snapshots/MochaPanelSolidCanonico-20260627-183751/icons/konv_message.svgz
A	ativo/kde/plasma-style-barra-mocha/snapshots/MochaPanelSolidCanonico-20260627-183751/icons/konversation.svgz
A	ativo/kde/plasma-style-barra-mocha/snapshots/MochaPanelSolidCanonico-20260627-183751/icons/kopete.svgz
A	ativo/kde/plasma-style-barra-mocha/snapshots/MochaPanelSolidCanonico-20260627-183751/icons/korgac.svgz
A	ativo/kde/plasma-style-barra-mocha/snapshots/MochaPanelSolidCanonico-20260627-183751/icons/kpackagekit.svgz
A	ativo/kde/plasma-style-barra-mocha/snapshots/MochaPanelSolidCanonico-20260627-183751/icons/kruler.svgz
A	ativo/kde/plasma-style-barra-mocha/snapshots/MochaPanelSolidCanonico-20260627-183751/icons/kteatime.svgz
A	ativo/kde/plasma-style-barra-mocha/snapshots/MochaPanelSolidCanonico-20260627-183751/icons/ktorrent.svgz
A	ativo/kde/plasma-style-barra-mocha/snapshots/MochaPanelSolidCanonico-20260627-183751/icons/kup.svgz
A	ativo/kde/plasma-style-barra-mocha/snapshots/MochaPanelSolidCanonico-20260627-183751/icons/list.svgz
A	ativo/kde/plasma-style-barra-mocha/snapshots/MochaPanelSolidCanonico-20260627-183751/icons/mail.svgz
A	ativo/kde/plasma-style-barra-mocha/snapshots/MochaPanelSolidCanonico-20260627-183751/icons/media.svgz
A	ativo/kde/plasma-style-barra-mocha/snapshots/MochaPanelSolidCanonico-20260627-183751/icons/mobile.svgz
A	ativo/kde/plasma-style-barra-mocha/snapshots/MochaPanelSolidCanonico-20260627-183751/icons/network.svgz
A	ativo/kde/plasma-style-barra-mocha/snapshots/MochaPanelSolidCanonico-20260627-183751/icons/notification.svgz
A	ativo/kde/plasma-style-barra-mocha/snapshots/MochaPanelSolidCanonico-20260627-183751/icons/osd.svgz
A	ativo/kde/plasma-style-barra-mocha/snapshots/MochaPanelSolidCanonico-20260627-183751/icons/phone.svgz
A	ativo/kde/plasma-style-barra-mocha/snapshots/MochaPanelSolidCanonico-20260627-183751/icons/plasmavault.svgz
A	ativo/kde/plasma-style-barra-mocha/snapshots/MochaPanelSolidCanonico-20260627-183751/icons/plasmavault_error.svgz
A	ativo/kde/plasma-style-barra-mocha/snapshots/MochaPanelSolidCanonico-20260627-183751/icons/preferences.svgz
A	ativo/kde/plasma-style-barra-mocha/snapshots/MochaPanelSolidCanonico-20260627-183751/icons/printer.svgz
A	ativo/kde/plasma-style-barra-mocha/snapshots/MochaPanelSolidCanonico-20260627-183751/icons/quassel.svgz
A	ativo/kde/plasma-style-barra-mocha/snapshots/MochaPanelSolidCanonico-20260627-183751/icons/search.svgz
A	ativo/kde/plasma-style-barra-mocha/snapshots/MochaPanelSolidCanonico-20260627-183751/icons/slc.svgz
A	ativo/kde/plasma-style-barra-mocha/snapshots/MochaPanelSolidCanonico-20260627-183751/icons/software.svgz
A	ativo/kde/plasma-style-barra-mocha/snapshots/MochaPanelSolidCanonico-20260627-183751/icons/start.svgz
A	ativo/kde/plasma-style-barra-mocha/snapshots/MochaPanelSolidCanonico-20260627-183751/icons/system.svgz
A	ativo/kde/plasma-style-barra-mocha/snapshots/MochaPanelSolidCanonico-20260627-183751/icons/touchpad.svgz
A	ativo/kde/plasma-style-barra-mocha/snapshots/MochaPanelSolidCanonico-20260627-183751/icons/user.svgz
A	ativo/kde/plasma-style-barra-mocha/snapshots/MochaPanelSolidCanonico-20260627-183751/icons/video-card.svgz
A	ativo/kde/plasma-style-barra-mocha/snapshots/MochaPanelSolidCanonico-20260627-183751/icons/video.svgz
A	ativo/kde/plasma-style-barra-mocha/snapshots/MochaPanelSolidCanonico-20260627-183751/icons/view.svgz
A	ativo/kde/plasma-style-barra-mocha/snapshots/MochaPanelSolidCanonico-20260627-183751/icons/vlc.svgz
A	ativo/kde/plasma-style-barra-mocha/snapshots/MochaPanelSolidCanonico-20260627-183751/icons/wallet.svgz
A	ativo/kde/plasma-style-barra-mocha/snapshots/MochaPanelSolidCanonico-20260627-183751/icons/window.svgz
A	ativo/kde/plasma-style-barra-mocha/snapshots/MochaPanelSolidCanonico-20260627-183751/icons/yakuake.svgz
A	ativo/kde/plasma-style-barra-mocha/snapshots/MochaPanelSolidCanonico-20260627-183751/icons/zoom.svgz
A	ativo/kde/plasma-style-barra-mocha/snapshots/MochaPanelSolidCanonico-20260627-183751/metadata.desktop
A	ativo/kde/plasma-style-barra-mocha/snapshots/MochaPanelSolidCanonico-20260627-183751/metadata.json
A	ativo/kde/plasma-style-barra-mocha/snapshots/MochaPanelSolidCanonico-20260627-183751/opaque/dialogs/background.svgz
A	ativo/kde/plasma-style-barra-mocha/snapshots/MochaPanelSolidCanonico-20260627-183751/opaque/widgets/panel-background.svgz
A	ativo/kde/plasma-style-barra-mocha/snapshots/MochaPanelSolidCanonico-20260627-183751/opaque/widgets/tooltip.svgz
A	ativo/kde/plasma-style-barra-mocha/snapshots/MochaPanelSolidCanonico-20260627-183751/plasmarc
A	ativo/kde/plasma-style-barra-mocha/snapshots/MochaPanelSolidCanonico-20260627-183751/solid/dialogs/background.svgz
A	ativo/kde/plasma-style-barra-mocha/snapshots/MochaPanelSolidCanonico-20260627-183751/solid/widgets/background.svgz
A	ativo/kde/plasma-style-barra-mocha/snapshots/MochaPanelSolidCanonico-20260627-183751/solid/widgets/panel-background.svgz
A	ativo/kde/plasma-style-barra-mocha/snapshots/MochaPanelSolidCanonico-20260627-183751/solid/widgets/tooltip.svgz
A	ativo/kde/plasma-style-barra-mocha/snapshots/MochaPanelSolidCanonico-20260627-183751/translucent/dialogs/background.svgz
A	ativo/kde/plasma-style-barra-mocha/snapshots/MochaPanelSolidCanonico-20260627-183751/translucent/widgets/background.svgz
A	ativo/kde/plasma-style-barra-mocha/snapshots/MochaPanelSolidCanonico-20260627-183751/translucent/widgets/panel-background.svgz
A	ativo/kde/plasma-style-barra-mocha/snapshots/MochaPanelSolidCanonico-20260627-183751/translucent/widgets/tooltip.svgz
A	ativo/kde/plasma-style-barra-mocha/snapshots/MochaPanelSolidCanonico-20260627-183751/widgets/action-overlays.svgz
A	ativo/kde/plasma-style-barra-mocha/snapshots/MochaPanelSolidCanonico-20260627-183751/widgets/actionbutton.svgz
A	ativo/kde/plasma-style-barra-mocha/snapshots/MochaPanelSolidCanonico-20260627-183751/widgets/analog_meter.svgz
A	ativo/kde/plasma-style-barra-mocha/snapshots/MochaPanelSolidCanonico-20260627-183751/widgets/arrows.svgz
A	ativo/kde/plasma-style-barra-mocha/snapshots/MochaPanelSolidCanonico-20260627-183751/widgets/background.svgz
A	ativo/kde/plasma-style-barra-mocha/snapshots/MochaPanelSolidCanonico-20260627-183751/widgets/bar_meter_horizontal.svgz
A	ativo/kde/plasma-style-barra-mocha/snapshots/MochaPanelSolidCanonico-20260627-183751/widgets/bar_meter_vertical.svgz
A	ativo/kde/plasma-style-barra-mocha/snapshots/MochaPanelSolidCanonico-20260627-183751/widgets/branding.svgz
A	ativo/kde/plasma-style-barra-mocha/snapshots/MochaPanelSolidCanonico-20260627-183751/widgets/busywidget.svgz
A	ativo/kde/plasma-style-barra-mocha/snapshots/MochaPanelSolidCanonico-20260627-183751/widgets/button.svgz
A	ativo/kde/plasma-style-barra-mocha/snapshots/MochaPanelSolidCanonico-20260627-183751/widgets/calendar.svgz
A	ativo/kde/plasma-style-barra-mocha/snapshots/MochaPanelSolidCanonico-20260627-183751/widgets/checkmarks.svgz
A	ativo/kde/plasma-style-barra-mocha/snapshots/MochaPanelSolidCanonico-20260627-183751/widgets/clock.svgz
A	ativo/kde/plasma-style-barra-mocha/snapshots/MochaPanelSolidCanonico-20260627-183751/widgets/configuration-icons.svgz
A	ativo/kde/plasma-style-barra-mocha/snapshots/MochaPanelSolidCanonico-20260627-183751/widgets/containment-controls.svgz
A	ativo/kde/plasma-style-barra-mocha/snapshots/MochaPanelSolidCanonico-20260627-183751/widgets/dragger.svgz
A	ativo/kde/plasma-style-barra-mocha/snapshots/MochaPanelSolidCanonico-20260627-183751/widgets/frame.svgz
A	ativo/kde/plasma-style-barra-mocha/snapshots/MochaPanelSolidCanonico-20260627-183751/widgets/glowbar.svgz
A	ativo/kde/plasma-style-barra-mocha/snapshots/MochaPanelSolidCanonico-20260627-183751/widgets/line.svgz
A	ativo/kde/plasma-style-barra-mocha/snapshots/MochaPanelSolidCanonico-20260627-183751/widgets/lineedit.svgz
A	ativo/kde/plasma-style-barra-mocha/snapshots/MochaPanelSolidCanonico-20260627-183751/widgets/listitem.svgz
A	ativo/kde/plasma-style-barra-mocha/snapshots/MochaPanelSolidCanonico-20260627-183751/widgets/margins-highlight.svgz
A	ativo/kde/plasma-style-barra-mocha/snapshots/MochaPanelSolidCanonico-20260627-183751/widgets/media-delegate.svgz
A	ativo/kde/plasma-style-barra-mocha/snapshots/MochaPanelSolidCanonico-20260627-183751/widgets/menubaritem.svgz
A	ativo/kde/plasma-style-barra-mocha/snapshots/MochaPanelSolidCanonico-20260627-183751/widgets/monitor.svgz
A	ativo/kde/plasma-style-barra-mocha/snapshots/MochaPanelSolidCanonico-20260627-183751/widgets/notes.svgz
A	ativo/kde/plasma-style-barra-mocha/snapshots/MochaPanelSolidCanonico-20260627-183751/widgets/pager.svgz
A	ativo/kde/plasma-style-barra-mocha/snapshots/MochaPanelSolidCanonico-20260627-183751/widgets/panel-background.svgz
A	ativo/kde/plasma-style-barra-mocha/snapshots/MochaPanelSolidCanonico-20260627-183751/widgets/picker.svgz
A	ativo/kde/plasma-style-barra-mocha/snapshots/MochaPanelSolidCanonico-20260627-183751/widgets/plasmoidheading.svgz
A	ativo/kde/plasma-style-barra-mocha/snapshots/MochaPanelSolidCanonico-20260627-183751/widgets/plot-background.svgz
A	ativo/kde/plasma-style-barra-mocha/snapshots/MochaPanelSolidCanonico-20260627-183751/widgets/radiobutton.svgz
A	ativo/kde/plasma-style-barra-mocha/snapshots/MochaPanelSolidCanonico-20260627-183751/widgets/scrollbar.svgz
A	ativo/kde/plasma-style-barra-mocha/snapshots/MochaPanelSolidCanonico-20260627-183751/widgets/scrollwidget.svgz
A	ativo/kde/plasma-style-barra-mocha/snapshots/MochaPanelSolidCanonico-20260627-183751/widgets/slider.svgz
A	ativo/kde/plasma-style-barra-mocha/snapshots/MochaPanelSolidCanonico-20260627-183751/widgets/switch.svgz
A	ativo/kde/plasma-style-barra-mocha/snapshots/MochaPanelSolidCanonico-20260627-183751/widgets/tabbar.svgz
A	ativo/kde/plasma-style-barra-mocha/snapshots/MochaPanelSolidCanonico-20260627-183751/widgets/tasks.svgz
A	ativo/kde/plasma-style-barra-mocha/snapshots/MochaPanelSolidCanonico-20260627-183751/widgets/toolbar.svgz
A	ativo/kde/plasma-style-barra-mocha/snapshots/MochaPanelSolidCanonico-20260627-183751/widgets/tooltip.svgz
A	ativo/kde/plasma-style-barra-mocha/snapshots/MochaPanelSolidCanonico-20260627-183751/widgets/translucentbackground.svgz
A	ativo/kde/plasma-style-barra-mocha/snapshots/MochaPanelSolidCanonico-20260627-183751/widgets/viewitem.svgz
A	ativo/kde/plasma-style-barra-mocha/snapshots/MochaPanelSolidCanonico-20260627-184000/colors
A	ativo/kde/plasma-style-barra-mocha/snapshots/MochaPanelSolidCanonico-20260627-184000/dialogs/background.svgz
A	ativo/kde/plasma-style-barra-mocha/snapshots/MochaPanelSolidCanonico-20260627-184000/icons/akonadi.svgz
A	ativo/kde/plasma-style-barra-mocha/snapshots/MochaPanelSolidCanonico-20260627-184000/icons/akregator.svgz
A	ativo/kde/plasma-style-barra-mocha/snapshots/MochaPanelSolidCanonico-20260627-184000/icons/amarok.svgz
A	ativo/kde/plasma-style-barra-mocha/snapshots/MochaPanelSolidCanonico-20260627-184000/icons/applications.svgz
A	ativo/kde/plasma-style-barra-mocha/snapshots/MochaPanelSolidCanonico-20260627-184000/icons/apport.svgz
A	ativo/kde/plasma-style-barra-mocha/snapshots/MochaPanelSolidCanonico-20260627-184000/icons/audio.svgz
A	ativo/kde/plasma-style-barra-mocha/snapshots/MochaPanelSolidCanonico-20260627-184000/icons/battery.svgz
A	ativo/kde/plasma-style-barra-mocha/snapshots/MochaPanelSolidCanonico-20260627-184000/icons/bookmarks.svgz
A	ativo/kde/plasma-style-barra-mocha/snapshots/MochaPanelSolidCanonico-20260627-184000/icons/cantata.svgz
A	ativo/kde/plasma-style-barra-mocha/snapshots/MochaPanelSolidCanonico-20260627-184000/icons/computer.svgz
A	ativo/kde/plasma-style-barra-mocha/snapshots/MochaPanelSolidCanonico-20260627-184000/icons/configure.svgz
A	ativo/kde/plasma-style-barra-mocha/snapshots/MochaPanelSolidCanonico-20260627-184000/icons/device.svgz
A	ativo/kde/plasma-style-barra-mocha/snapshots/MochaPanelSolidCanonico-20260627-184000/icons/disk.svgz
A	ativo/kde/plasma-style-barra-mocha/snapshots/MochaPanelSolidCanonico-20260627-184000/icons/distribute.svgz
A	ativo/kde/plasma-style-barra-mocha/snapshots/MochaPanelSolidCanonico-20260627-184000/icons/document.svgz
A	ativo/kde/plasma-style-barra-mocha/snapshots/MochaPanelSolidCanonico-20260627-184000/icons/drive.svgz
A	ativo/kde/plasma-style-barra-mocha/snapshots/MochaPanelSolidCanonico-20260627-184000/icons/edit.svgz
A	ativo/kde/plasma-style-barra-mocha/snapshots/MochaPanelSolidCanonico-20260627-184000/icons/fcitx.svgz
A	ativo/kde/plasma-style-barra-mocha/snapshots/MochaPanelSolidCanonico-20260627-184000/icons/go.svgz
A	ativo/kde/plasma-style-barra-mocha/snapshots/MochaPanelSolidCanonico-20260627-184000/icons/ime.svgz
A	ativo/kde/plasma-style-barra-mocha/snapshots/MochaPanelSolidCanonico-20260627-184000/icons/input.svgz
A	ativo/kde/plasma-style-barra-mocha/snapshots/MochaPanelSolidCanonico-20260627-184000/icons/kalarm.svgz
A	ativo/kde/plasma-style-barra-mocha/snapshots/MochaPanelSolidCanonico-20260627-184000/icons/kdeconnect.svgz
A	ativo/kde/plasma-style-barra-mocha/snapshots/MochaPanelSolidCanonico-20260627-184000/icons/keyboard.svgz
A	ativo/kde/plasma-style-barra-mocha/snapshots/MochaPanelSolidCanonico-20260627-184000/icons/kget.svgz
A	ativo/kde/plasma-style-barra-mocha/snapshots/MochaPanelSolidCanonico-20260627-184000/icons/kgpg.svgz
A	ativo/kde/plasma-style-barra-mocha/snapshots/MochaPanelSolidCanonico-20260627-184000/icons/kleopatra.svgz
A	ativo/kde/plasma-style-barra-mocha/snapshots/MochaPanelSolidCanonico-20260627-184000/icons/klipper.svgz
A	ativo/kde/plasma-style-barra-mocha/snapshots/MochaPanelSolidCanonico-20260627-184000/icons/kmail.svgz
A	ativo/kde/plasma-style-barra-mocha/snapshots/MochaPanelSolidCanonico-20260627-184000/icons/konv_message.svgz
A	ativo/kde/plasma-style-barra-mocha/snapshots/MochaPanelSolidCanonico-20260627-184000/icons/konversation.svgz
A	ativo/kde/plasma-style-barra-mocha/snapshots/MochaPanelSolidCanonico-20260627-184000/icons/kopete.svgz
A	ativo/kde/plasma-style-barra-mocha/snapshots/MochaPanelSolidCanonico-20260627-184000/icons/korgac.svgz
A	ativo/kde/plasma-style-barra-mocha/snapshots/MochaPanelSolidCanonico-20260627-184000/icons/kpackagekit.svgz
A	ativo/kde/plasma-style-barra-mocha/snapshots/MochaPanelSolidCanonico-20260627-184000/icons/kruler.svgz
A	ativo/kde/plasma-style-barra-mocha/snapshots/MochaPanelSolidCanonico-20260627-184000/icons/kteatime.svgz
A	ativo/kde/plasma-style-barra-mocha/snapshots/MochaPanelSolidCanonico-20260627-184000/icons/ktorrent.svgz
A	ativo/kde/plasma-style-barra-mocha/snapshots/MochaPanelSolidCanonico-20260627-184000/icons/kup.svgz
A	ativo/kde/plasma-style-barra-mocha/snapshots/MochaPanelSolidCanonico-20260627-184000/icons/list.svgz
A	ativo/kde/plasma-style-barra-mocha/snapshots/MochaPanelSolidCanonico-20260627-184000/icons/mail.svgz
A	ativo/kde/plasma-style-barra-mocha/snapshots/MochaPanelSolidCanonico-20260627-184000/icons/media.svgz
A	ativo/kde/plasma-style-barra-mocha/snapshots/MochaPanelSolidCanonico-20260627-184000/icons/mobile.svgz
A	ativo/kde/plasma-style-barra-mocha/snapshots/MochaPanelSolidCanonico-20260627-184000/icons/network.svgz
A	ativo/kde/plasma-style-barra-mocha/snapshots/MochaPanelSolidCanonico-20260627-184000/icons/notification.svgz
A	ativo/kde/plasma-style-barra-mocha/snapshots/MochaPanelSolidCanonico-20260627-184000/icons/osd.svgz
A	ativo/kde/plasma-style-barra-mocha/snapshots/MochaPanelSolidCanonico-20260627-184000/icons/phone.svgz
A	ativo/kde/plasma-style-barra-mocha/snapshots/MochaPanelSolidCanonico-20260627-184000/icons/plasmavault.svgz
A	ativo/kde/plasma-style-barra-mocha/snapshots/MochaPanelSolidCanonico-20260627-184000/icons/plasmavault_error.svgz
A	ativo/kde/plasma-style-barra-mocha/snapshots/MochaPanelSolidCanonico-20260627-184000/icons/preferences.svgz
A	ativo/kde/plasma-style-barra-mocha/snapshots/MochaPanelSolidCanonico-20260627-184000/icons/printer.svgz
A	ativo/kde/plasma-style-barra-mocha/snapshots/MochaPanelSolidCanonico-20260627-184000/icons/quassel.svgz
A	ativo/kde/plasma-style-barra-mocha/snapshots/MochaPanelSolidCanonico-20260627-184000/icons/search.svgz
A	ativo/kde/plasma-style-barra-mocha/snapshots/MochaPanelSolidCanonico-20260627-184000/icons/slc.svgz
A	ativo/kde/plasma-style-barra-mocha/snapshots/MochaPanelSolidCanonico-20260627-184000/icons/software.svgz
A	ativo/kde/plasma-style-barra-mocha/snapshots/MochaPanelSolidCanonico-20260627-184000/icons/start.svgz
A	ativo/kde/plasma-style-barra-mocha/snapshots/MochaPanelSolidCanonico-20260627-184000/icons/system.svgz
A	ativo/kde/plasma-style-barra-mocha/snapshots/MochaPanelSolidCanonico-20260627-184000/icons/touchpad.svgz
A	ativo/kde/plasma-style-barra-mocha/snapshots/MochaPanelSolidCanonico-20260627-184000/icons/user.svgz
A	ativo/kde/plasma-style-barra-mocha/snapshots/MochaPanelSolidCanonico-20260627-184000/icons/video-card.svgz
A	ativo/kde/plasma-style-barra-mocha/snapshots/MochaPanelSolidCanonico-20260627-184000/icons/video.svgz
A	ativo/kde/plasma-style-barra-mocha/snapshots/MochaPanelSolidCanonico-20260627-184000/icons/view.svgz
A	ativo/kde/plasma-style-barra-mocha/snapshots/MochaPanelSolidCanonico-20260627-184000/icons/vlc.svgz
A	ativo/kde/plasma-style-barra-mocha/snapshots/MochaPanelSolidCanonico-20260627-184000/icons/wallet.svgz
A	ativo/kde/plasma-style-barra-mocha/snapshots/MochaPanelSolidCanonico-20260627-184000/icons/window.svgz
A	ativo/kde/plasma-style-barra-mocha/snapshots/MochaPanelSolidCanonico-20260627-184000/icons/yakuake.svgz
A	ativo/kde/plasma-style-barra-mocha/snapshots/MochaPanelSolidCanonico-20260627-184000/icons/zoom.svgz
A	ativo/kde/plasma-style-barra-mocha/snapshots/MochaPanelSolidCanonico-20260627-184000/metadata.desktop
A	ativo/kde/plasma-style-barra-mocha/snapshots/MochaPanelSolidCanonico-20260627-184000/metadata.json
A	ativo/kde/plasma-style-barra-mocha/snapshots/MochaPanelSolidCanonico-20260627-184000/opaque/dialogs/background.svgz
A	ativo/kde/plasma-style-barra-mocha/snapshots/MochaPanelSolidCanonico-20260627-184000/opaque/widgets/panel-background.svgz
A	ativo/kde/plasma-style-barra-mocha/snapshots/MochaPanelSolidCanonico-20260627-184000/opaque/widgets/tooltip.svgz
A	ativo/kde/plasma-style-barra-mocha/snapshots/MochaPanelSolidCanonico-20260627-184000/plasmarc
A	ativo/kde/plasma-style-barra-mocha/snapshots/MochaPanelSolidCanonico-20260627-184000/solid/dialogs/background.svgz
A	ativo/kde/plasma-style-barra-mocha/snapshots/MochaPanelSolidCanonico-20260627-184000/solid/widgets/background.svgz
A	ativo/kde/plasma-style-barra-mocha/snapshots/MochaPanelSolidCanonico-20260627-184000/solid/widgets/panel-background.svgz
A	ativo/kde/plasma-style-barra-mocha/snapshots/MochaPanelSolidCanonico-20260627-184000/solid/widgets/tooltip.svgz
A	ativo/kde/plasma-style-barra-mocha/snapshots/MochaPanelSolidCanonico-20260627-184000/translucent/dialogs/background.svgz
A	ativo/kde/plasma-style-barra-mocha/snapshots/MochaPanelSolidCanonico-20260627-184000/translucent/widgets/background.svgz
A	ativo/kde/plasma-style-barra-mocha/snapshots/MochaPanelSolidCanonico-20260627-184000/translucent/widgets/panel-background.svgz
A	ativo/kde/plasma-style-barra-mocha/snapshots/MochaPanelSolidCanonico-20260627-184000/translucent/widgets/tooltip.svgz
A	ativo/kde/plasma-style-barra-mocha/snapshots/MochaPanelSolidCanonico-20260627-184000/widgets/action-overlays.svgz
A	ativo/kde/plasma-style-barra-mocha/snapshots/MochaPanelSolidCanonico-20260627-184000/widgets/actionbutton.svgz
A	ativo/kde/plasma-style-barra-mocha/snapshots/MochaPanelSolidCanonico-20260627-184000/widgets/analog_meter.svgz
A	ativo/kde/plasma-style-barra-mocha/snapshots/MochaPanelSolidCanonico-20260627-184000/widgets/arrows.svgz
A	ativo/kde/plasma-style-barra-mocha/snapshots/MochaPanelSolidCanonico-20260627-184000/widgets/background.svgz
A	ativo/kde/plasma-style-barra-mocha/snapshots/MochaPanelSolidCanonico-20260627-184000/widgets/bar_meter_horizontal.svgz
A	ativo/kde/plasma-style-barra-mocha/snapshots/MochaPanelSolidCanonico-20260627-184000/widgets/bar_meter_vertical.svgz
A	ativo/kde/plasma-style-barra-mocha/snapshots/MochaPanelSolidCanonico-20260627-184000/widgets/branding.svgz
A	ativo/kde/plasma-style-barra-mocha/snapshots/MochaPanelSolidCanonico-20260627-184000/widgets/busywidget.svgz
A	ativo/kde/plasma-style-barra-mocha/snapshots/MochaPanelSolidCanonico-20260627-184000/widgets/button.svgz
A	ativo/kde/plasma-style-barra-mocha/snapshots/MochaPanelSolidCanonico-20260627-184000/widgets/calendar.svgz
A	ativo/kde/plasma-style-barra-mocha/snapshots/MochaPanelSolidCanonico-20260627-184000/widgets/checkmarks.svgz
A	ativo/kde/plasma-style-barra-mocha/snapshots/MochaPanelSolidCanonico-20260627-184000/widgets/clock.svgz
A	ativo/kde/plasma-style-barra-mocha/snapshots/MochaPanelSolidCanonico-20260627-184000/widgets/configuration-icons.svgz
A	ativo/kde/plasma-style-barra-mocha/snapshots/MochaPanelSolidCanonico-20260627-184000/widgets/containment-controls.svgz
A	ativo/kde/plasma-style-barra-mocha/snapshots/MochaPanelSolidCanonico-20260627-184000/widgets/dragger.svgz
A	ativo/kde/plasma-style-barra-mocha/snapshots/MochaPanelSolidCanonico-20260627-184000/widgets/frame.svgz
A	ativo/kde/plasma-style-barra-mocha/snapshots/MochaPanelSolidCanonico-20260627-184000/widgets/glowbar.svgz
A	ativo/kde/plasma-style-barra-mocha/snapshots/MochaPanelSolidCanonico-20260627-184000/widgets/line.svgz
A	ativo/kde/plasma-style-barra-mocha/snapshots/MochaPanelSolidCanonico-20260627-184000/widgets/lineedit.svgz
A	ativo/kde/plasma-style-barra-mocha/snapshots/MochaPanelSolidCanonico-20260627-184000/widgets/listitem.svgz
A	ativo/kde/plasma-style-barra-mocha/snapshots/MochaPanelSolidCanonico-20260627-184000/widgets/margins-highlight.svgz
A	ativo/kde/plasma-style-barra-mocha/snapshots/MochaPanelSolidCanonico-20260627-184000/widgets/media-delegate.svgz
A	ativo/kde/plasma-style-barra-mocha/snapshots/MochaPanelSolidCanonico-20260627-184000/widgets/menubaritem.svgz
A	ativo/kde/plasma-style-barra-mocha/snapshots/MochaPanelSolidCanonico-20260627-184000/widgets/monitor.svgz
A	ativo/kde/plasma-style-barra-mocha/snapshots/MochaPanelSolidCanonico-20260627-184000/widgets/notes.svgz
A	ativo/kde/plasma-style-barra-mocha/snapshots/MochaPanelSolidCanonico-20260627-184000/widgets/pager.svgz
A	ativo/kde/plasma-style-barra-mocha/snapshots/MochaPanelSolidCanonico-20260627-184000/widgets/panel-background.svgz
A	ativo/kde/plasma-style-barra-mocha/snapshots/MochaPanelSolidCanonico-20260627-184000/widgets/picker.svgz
A	ativo/kde/plasma-style-barra-mocha/snapshots/MochaPanelSolidCanonico-20260627-184000/widgets/plasmoidheading.svgz
A	ativo/kde/plasma-style-barra-mocha/snapshots/MochaPanelSolidCanonico-20260627-184000/widgets/plot-background.svgz
A	ativo/kde/plasma-style-barra-mocha/snapshots/MochaPanelSolidCanonico-20260627-184000/widgets/radiobutton.svgz
A	ativo/kde/plasma-style-barra-mocha/snapshots/MochaPanelSolidCanonico-20260627-184000/widgets/scrollbar.svgz
A	ativo/kde/plasma-style-barra-mocha/snapshots/MochaPanelSolidCanonico-20260627-184000/widgets/scrollwidget.svgz
A	ativo/kde/plasma-style-barra-mocha/snapshots/MochaPanelSolidCanonico-20260627-184000/widgets/slider.svgz
A	ativo/kde/plasma-style-barra-mocha/snapshots/MochaPanelSolidCanonico-20260627-184000/widgets/switch.svgz
A	ativo/kde/plasma-style-barra-mocha/snapshots/MochaPanelSolidCanonico-20260627-184000/widgets/tabbar.svgz
A	ativo/kde/plasma-style-barra-mocha/snapshots/MochaPanelSolidCanonico-20260627-184000/widgets/tasks.svgz
A	ativo/kde/plasma-style-barra-mocha/snapshots/MochaPanelSolidCanonico-20260627-184000/widgets/toolbar.svgz
A	ativo/kde/plasma-style-barra-mocha/snapshots/MochaPanelSolidCanonico-20260627-184000/widgets/tooltip.svgz
A	ativo/kde/plasma-style-barra-mocha/snapshots/MochaPanelSolidCanonico-20260627-184000/widgets/translucentbackground.svgz
A	ativo/kde/plasma-style-barra-mocha/snapshots/MochaPanelSolidCanonico-20260627-184000/widgets/viewitem.svgz
A	ativo/kde/plasma-style-barra-mocha/svgz-criticos-MochaPanelSolidCanonico-20260627-183751/dialogs/background.svgz
A	ativo/kde/plasma-style-barra-mocha/svgz-criticos-MochaPanelSolidCanonico-20260627-183751/widgets/background.svgz
A	ativo/kde/plasma-style-barra-mocha/svgz-criticos-MochaPanelSolidCanonico-20260627-183751/widgets/button.svgz
A	ativo/kde/plasma-style-barra-mocha/svgz-criticos-MochaPanelSolidCanonico-20260627-183751/widgets/frame.svgz
A	ativo/kde/plasma-style-barra-mocha/svgz-criticos-MochaPanelSolidCanonico-20260627-183751/widgets/lineedit.svgz
A	ativo/kde/plasma-style-barra-mocha/svgz-criticos-MochaPanelSolidCanonico-20260627-183751/widgets/listitem.svgz
A	ativo/kde/plasma-style-barra-mocha/svgz-criticos-MochaPanelSolidCanonico-20260627-183751/widgets/panel-background.svgz
A	ativo/kde/plasma-style-barra-mocha/svgz-criticos-MochaPanelSolidCanonico-20260627-183751/widgets/tasks.svgz
A	ativo/kde/plasma-style-barra-mocha/svgz-criticos-MochaPanelSolidCanonico-20260627-183751/widgets/viewitem.svgz
A	ativo/kde/plasma-style-barra-mocha/svgz-criticos-MochaPanelSolidCanonico-20260627-184000/dialogs/background.svgz
A	ativo/kde/plasma-style-barra-mocha/svgz-criticos-MochaPanelSolidCanonico-20260627-184000/widgets/background.svgz
A	ativo/kde/plasma-style-barra-mocha/svgz-criticos-MochaPanelSolidCanonico-20260627-184000/widgets/button.svgz
A	ativo/kde/plasma-style-barra-mocha/svgz-criticos-MochaPanelSolidCanonico-20260627-184000/widgets/frame.svgz
A	ativo/kde/plasma-style-barra-mocha/svgz-criticos-MochaPanelSolidCanonico-20260627-184000/widgets/lineedit.svgz
A	ativo/kde/plasma-style-barra-mocha/svgz-criticos-MochaPanelSolidCanonico-20260627-184000/widgets/listitem.svgz
A	ativo/kde/plasma-style-barra-mocha/svgz-criticos-MochaPanelSolidCanonico-20260627-184000/widgets/panel-background.svgz
A	ativo/kde/plasma-style-barra-mocha/svgz-criticos-MochaPanelSolidCanonico-20260627-184000/widgets/tasks.svgz
A	ativo/kde/plasma-style-barra-mocha/svgz-criticos-MochaPanelSolidCanonico-20260627-184000/widgets/viewitem.svgz
A	ativo/kde/plasma-style-barra-mocha/svgz-criticos-atuais/dialogs/background.svgz
A	ativo/kde/plasma-style-barra-mocha/svgz-criticos-atuais/widgets/background.svgz
A	ativo/kde/plasma-style-barra-mocha/svgz-criticos-atuais/widgets/button.svgz
A	ativo/kde/plasma-style-barra-mocha/svgz-criticos-atuais/widgets/frame.svgz
A	ativo/kde/plasma-style-barra-mocha/svgz-criticos-atuais/widgets/lineedit.svgz
A	ativo/kde/plasma-style-barra-mocha/svgz-criticos-atuais/widgets/listitem.svgz
A	ativo/kde/plasma-style-barra-mocha/svgz-criticos-atuais/widgets/panel-background.svgz
A	ativo/kde/plasma-style-barra-mocha/svgz-criticos-atuais/widgets/tasks.svgz
A	ativo/kde/plasma-style-barra-mocha/svgz-criticos-atuais/widgets/viewitem.svgz
A	ativo/scripts/20260529-200013-mocha-reaplicar-barra-aprovada-atual.sh
A	ativo/scripts/20260627-183751-mocha-reaplicar-tema-completo-usuarios.sh
A	ativo/scripts/20260627-184000-mocha-reaplicar-tema-completo-usuarios.sh
A	ativo/scripts/mocha-reaplicar-tema-completo-usuarios.sh
[main 769b4ec] tema: consolida Mocha KDE, barra, cores e branding
 301 files changed, 2436 insertions(+), 166 deletions(-)
 create mode 100644 ativo/kde/barra-win11-aprovada/plasma-org.kde.plasma.desktop-appletsrc-aprovado-atual-20260627-183751
 create mode 100644 ativo/kde/barra-win11-aprovada/plasma-org.kde.plasma.desktop-appletsrc-aprovado-atual-20260627-184000
 create mode 100644 ativo/kde/color-schemes/MochaDark.colors
 create mode 100644 ativo/kde/plasma-style-barra-mocha/MochaPanelSolidCanonico/colors
 create mode 100644 ativo/kde/plasma-style-barra-mocha/MochaPanelSolidCanonico/metadata.desktop
 create mode 100644 ativo/kde/plasma-style-barra-mocha/snapshots/MochaPanelSolidCanonico-20260627-183751/colors
 create mode 100644 ativo/kde/plasma-style-barra-mocha/snapshots/MochaPanelSolidCanonico-20260627-183751/dialogs/background.svgz
 create mode 100644 ativo/kde/plasma-style-barra-mocha/snapshots/MochaPanelSolidCanonico-20260627-183751/icons/akonadi.svgz
 create mode 100644 ativo/kde/plasma-style-barra-mocha/snapshots/MochaPanelSolidCanonico-20260627-183751/icons/akregator.svgz
 create mode 100644 ativo/kde/plasma-style-barra-mocha/snapshots/MochaPanelSolidCanonico-20260627-183751/icons/amarok.svgz
 create mode 100644 ativo/kde/plasma-style-barra-mocha/snapshots/MochaPanelSolidCanonico-20260627-183751/icons/applications.svgz
 create mode 100644 ativo/kde/plasma-style-barra-mocha/snapshots/MochaPanelSolidCanonico-20260627-183751/icons/apport.svgz
 create mode 100644 ativo/kde/plasma-style-barra-mocha/snapshots/MochaPanelSolidCanonico-20260627-183751/icons/audio.svgz
 create mode 100644 ativo/kde/plasma-style-barra-mocha/snapshots/MochaPanelSolidCanonico-20260627-183751/icons/battery.svgz
 create mode 100644 ativo/kde/plasma-style-barra-mocha/snapshots/MochaPanelSolidCanonico-20260627-183751/icons/bookmarks.svgz
 create mode 100644 ativo/kde/plasma-style-barra-mocha/snapshots/MochaPanelSolidCanonico-20260627-183751/icons/cantata.svgz
 create mode 100644 ativo/kde/plasma-style-barra-mocha/snapshots/MochaPanelSolidCanonico-20260627-183751/icons/computer.svgz
 create mode 100644 ativo/kde/plasma-style-barra-mocha/snapshots/MochaPanelSolidCanonico-20260627-183751/icons/configure.svgz
 create mode 100644 ativo/kde/plasma-style-barra-mocha/snapshots/MochaPanelSolidCanonico-20260627-183751/icons/device.svgz
 create mode 100644 ativo/kde/plasma-style-barra-mocha/snapshots/MochaPanelSolidCanonico-20260627-183751/icons/disk.svgz
 create mode 100644 ativo/kde/plasma-style-barra-mocha/snapshots/MochaPanelSolidCanonico-20260627-183751/icons/distribute.svgz
 create mode 100644 ativo/kde/plasma-style-barra-mocha/snapshots/MochaPanelSolidCanonico-20260627-183751/icons/document.svgz
 create mode 100644 ativo/kde/plasma-style-barra-mocha/snapshots/MochaPanelSolidCanonico-20260627-183751/icons/drive.svgz
 create mode 100644 ativo/kde/plasma-style-barra-mocha/snapshots/MochaPanelSolidCanonico-20260627-183751/icons/edit.svgz
 create mode 100644 ativo/kde/plasma-style-barra-mocha/snapshots/MochaPanelSolidCanonico-20260627-183751/icons/fcitx.svgz
 create mode 100644 ativo/kde/plasma-style-barra-mocha/snapshots/MochaPanelSolidCanonico-20260627-183751/icons/go.svgz
 create mode 100644 ativo/kde/plasma-style-barra-mocha/snapshots/MochaPanelSolidCanonico-20260627-183751/icons/ime.svgz
 create mode 100644 ativo/kde/plasma-style-barra-mocha/snapshots/MochaPanelSolidCanonico-20260627-183751/icons/input.svgz
 create mode 100644 ativo/kde/plasma-style-barra-mocha/snapshots/MochaPanelSolidCanonico-20260627-183751/icons/kalarm.svgz
 create mode 100644 ativo/kde/plasma-style-barra-mocha/snapshots/MochaPanelSolidCanonico-20260627-183751/icons/kdeconnect.svgz
 create mode 100644 ativo/kde/plasma-style-barra-mocha/snapshots/MochaPanelSolidCanonico-20260627-183751/icons/keyboard.svgz
 create mode 100644 ativo/kde/plasma-style-barra-mocha/snapshots/MochaPanelSolidCanonico-20260627-183751/icons/kget.svgz
 create mode 100644 ativo/kde/plasma-style-barra-mocha/snapshots/MochaPanelSolidCanonico-20260627-183751/icons/kgpg.svgz
 create mode 100644 ativo/kde/plasma-style-barra-mocha/snapshots/MochaPanelSolidCanonico-20260627-183751/icons/kleopatra.svgz
 create mode 100644 ativo/kde/plasma-style-barra-mocha/snapshots/MochaPanelSolidCanonico-20260627-183751/icons/klipper.svgz
 create mode 100644 ativo/kde/plasma-style-barra-mocha/snapshots/MochaPanelSolidCanonico-20260627-183751/icons/kmail.svgz
 create mode 100644 ativo/kde/plasma-style-barra-mocha/snapshots/MochaPanelSolidCanonico-20260627-183751/icons/konv_message.svgz
 create mode 100644 ativo/kde/plasma-style-barra-mocha/snapshots/MochaPanelSolidCanonico-20260627-183751/icons/konversation.svgz
 create mode 100644 ativo/kde/plasma-style-barra-mocha/snapshots/MochaPanelSolidCanonico-20260627-183751/icons/kopete.svgz
 create mode 100644 ativo/kde/plasma-style-barra-mocha/snapshots/MochaPanelSolidCanonico-20260627-183751/icons/korgac.svgz
 create mode 100644 ativo/kde/plasma-style-barra-mocha/snapshots/MochaPanelSolidCanonico-20260627-183751/icons/kpackagekit.svgz
 create mode 100644 ativo/kde/plasma-style-barra-mocha/snapshots/MochaPanelSolidCanonico-20260627-183751/icons/kruler.svgz
 create mode 100644 ativo/kde/plasma-style-barra-mocha/snapshots/MochaPanelSolidCanonico-20260627-183751/icons/kteatime.svgz
 create mode 100644 ativo/kde/plasma-style-barra-mocha/snapshots/MochaPanelSolidCanonico-20260627-183751/icons/ktorrent.svgz
 create mode 100644 ativo/kde/plasma-style-barra-mocha/snapshots/MochaPanelSolidCanonico-20260627-183751/icons/kup.svgz
 create mode 100644 ativo/kde/plasma-style-barra-mocha/snapshots/MochaPanelSolidCanonico-20260627-183751/icons/list.svgz
 create mode 100644 ativo/kde/plasma-style-barra-mocha/snapshots/MochaPanelSolidCanonico-20260627-183751/icons/mail.svgz
 create mode 100644 ativo/kde/plasma-style-barra-mocha/snapshots/MochaPanelSolidCanonico-20260627-183751/icons/media.svgz
 create mode 100644 ativo/kde/plasma-style-barra-mocha/snapshots/MochaPanelSolidCanonico-20260627-183751/icons/mobile.svgz
 create mode 100644 ativo/kde/plasma-style-barra-mocha/snapshots/MochaPanelSolidCanonico-20260627-183751/icons/network.svgz
 create mode 100644 ativo/kde/plasma-style-barra-mocha/snapshots/MochaPanelSolidCanonico-20260627-183751/icons/notification.svgz
 create mode 100644 ativo/kde/plasma-style-barra-mocha/snapshots/MochaPanelSolidCanonico-20260627-183751/icons/osd.svgz
 create mode 100644 ativo/kde/plasma-style-barra-mocha/snapshots/MochaPanelSolidCanonico-20260627-183751/icons/phone.svgz
 create mode 100644 ativo/kde/plasma-style-barra-mocha/snapshots/MochaPanelSolidCanonico-20260627-183751/icons/plasmavault.svgz
 create mode 100644 ativo/kde/plasma-style-barra-mocha/snapshots/MochaPanelSolidCanonico-20260627-183751/icons/plasmavault_error.svgz
 create mode 100644 ativo/kde/plasma-style-barra-mocha/snapshots/MochaPanelSolidCanonico-20260627-183751/icons/preferences.svgz
 create mode 100644 ativo/kde/plasma-style-barra-mocha/snapshots/MochaPanelSolidCanonico-20260627-183751/icons/printer.svgz
 create mode 100644 ativo/kde/plasma-style-barra-mocha/snapshots/MochaPanelSolidCanonico-20260627-183751/icons/quassel.svgz
 create mode 100644 ativo/kde/plasma-style-barra-mocha/snapshots/MochaPanelSolidCanonico-20260627-183751/icons/search.svgz
 create mode 100644 ativo/kde/plasma-style-barra-mocha/snapshots/MochaPanelSolidCanonico-20260627-183751/icons/slc.svgz
 create mode 100644 ativo/kde/plasma-style-barra-mocha/snapshots/MochaPanelSolidCanonico-20260627-183751/icons/software.svgz
 create mode 100644 ativo/kde/plasma-style-barra-mocha/snapshots/MochaPanelSolidCanonico-20260627-183751/icons/start.svgz
 create mode 100644 ativo/kde/plasma-style-barra-mocha/snapshots/MochaPanelSolidCanonico-20260627-183751/icons/system.svgz
 create mode 100644 ativo/kde/plasma-style-barra-mocha/snapshots/MochaPanelSolidCanonico-20260627-183751/icons/touchpad.svgz
 create mode 100644 ativo/kde/plasma-style-barra-mocha/snapshots/MochaPanelSolidCanonico-20260627-183751/icons/user.svgz
 create mode 100644 ativo/kde/plasma-style-barra-mocha/snapshots/MochaPanelSolidCanonico-20260627-183751/icons/video-card.svgz
 create mode 100644 ativo/kde/plasma-style-barra-mocha/snapshots/MochaPanelSolidCanonico-20260627-183751/icons/video.svgz
 create mode 100644 ativo/kde/plasma-style-barra-mocha/snapshots/MochaPanelSolidCanonico-20260627-183751/icons/view.svgz
 create mode 100644 ativo/kde/plasma-style-barra-mocha/snapshots/MochaPanelSolidCanonico-20260627-183751/icons/vlc.svgz
 create mode 100644 ativo/kde/plasma-style-barra-mocha/snapshots/MochaPanelSolidCanonico-20260627-183751/icons/wallet.svgz
 create mode 100644 ativo/kde/plasma-style-barra-mocha/snapshots/MochaPanelSolidCanonico-20260627-183751/icons/window.svgz
 create mode 100644 ativo/kde/plasma-style-barra-mocha/snapshots/MochaPanelSolidCanonico-20260627-183751/icons/yakuake.svgz
 create mode 100644 ativo/kde/plasma-style-barra-mocha/snapshots/MochaPanelSolidCanonico-20260627-183751/icons/zoom.svgz
 create mode 100644 ativo/kde/plasma-style-barra-mocha/snapshots/MochaPanelSolidCanonico-20260627-183751/metadata.desktop
 create mode 100644 ativo/kde/plasma-style-barra-mocha/snapshots/MochaPanelSolidCanonico-20260627-183751/metadata.json
 create mode 100644 ativo/kde/plasma-style-barra-mocha/snapshots/MochaPanelSolidCanonico-20260627-183751/opaque/dialogs/background.svgz
 create mode 100644 ativo/kde/plasma-style-barra-mocha/snapshots/MochaPanelSolidCanonico-20260627-183751/opaque/widgets/panel-background.svgz
 create mode 100644 ativo/kde/plasma-style-barra-mocha/snapshots/MochaPanelSolidCanonico-20260627-183751/opaque/widgets/tooltip.svgz
 create mode 100644 ativo/kde/plasma-style-barra-mocha/snapshots/MochaPanelSolidCanonico-20260627-183751/plasmarc
 create mode 100644 ativo/kde/plasma-style-barra-mocha/snapshots/MochaPanelSolidCanonico-20260627-183751/solid/dialogs/background.svgz
 create mode 100644 ativo/kde/plasma-style-barra-mocha/snapshots/MochaPanelSolidCanonico-20260627-183751/solid/widgets/background.svgz
 create mode 100644 ativo/kde/plasma-style-barra-mocha/snapshots/MochaPanelSolidCanonico-20260627-183751/solid/widgets/panel-background.svgz
 create mode 100644 ativo/kde/plasma-style-barra-mocha/snapshots/MochaPanelSolidCanonico-20260627-183751/solid/widgets/tooltip.svgz
 create mode 100644 ativo/kde/plasma-style-barra-mocha/snapshots/MochaPanelSolidCanonico-20260627-183751/translucent/dialogs/background.svgz
 create mode 100644 ativo/kde/plasma-style-barra-mocha/snapshots/MochaPanelSolidCanonico-20260627-183751/translucent/widgets/background.svgz
 create mode 100644 ativo/kde/plasma-style-barra-mocha/snapshots/MochaPanelSolidCanonico-20260627-183751/translucent/widgets/panel-background.svgz
 create mode 100644 ativo/kde/plasma-style-barra-mocha/snapshots/MochaPanelSolidCanonico-20260627-183751/translucent/widgets/tooltip.svgz
 create mode 100644 ativo/kde/plasma-style-barra-mocha/snapshots/MochaPanelSolidCanonico-20260627-183751/widgets/action-overlays.svgz
 create mode 100644 ativo/kde/plasma-style-barra-mocha/snapshots/MochaPanelSolidCanonico-20260627-183751/widgets/actionbutton.svgz
 create mode 100644 ativo/kde/plasma-style-barra-mocha/snapshots/MochaPanelSolidCanonico-20260627-183751/widgets/analog_meter.svgz
 create mode 100644 ativo/kde/plasma-style-barra-mocha/snapshots/MochaPanelSolidCanonico-20260627-183751/widgets/arrows.svgz
 create mode 100644 ativo/kde/plasma-style-barra-mocha/snapshots/MochaPanelSolidCanonico-20260627-183751/widgets/background.svgz
 create mode 100644 ativo/kde/plasma-style-barra-mocha/snapshots/MochaPanelSolidCanonico-20260627-183751/widgets/bar_meter_horizontal.svgz
 create mode 100644 ativo/kde/plasma-style-barra-mocha/snapshots/MochaPanelSolidCanonico-20260627-183751/widgets/bar_meter_vertical.svgz
 create mode 100644 ativo/kde/plasma-style-barra-mocha/snapshots/MochaPanelSolidCanonico-20260627-183751/widgets/branding.svgz
 create mode 100644 ativo/kde/plasma-style-barra-mocha/snapshots/MochaPanelSolidCanonico-20260627-183751/widgets/busywidget.svgz
 create mode 100644 ativo/kde/plasma-style-barra-mocha/snapshots/MochaPanelSolidCanonico-20260627-183751/widgets/button.svgz
 create mode 100644 ativo/kde/plasma-style-barra-mocha/snapshots/MochaPanelSolidCanonico-20260627-183751/widgets/calendar.svgz
 create mode 100644 ativo/kde/plasma-style-barra-mocha/snapshots/MochaPanelSolidCanonico-20260627-183751/widgets/checkmarks.svgz
 create mode 100644 ativo/kde/plasma-style-barra-mocha/snapshots/MochaPanelSolidCanonico-20260627-183751/widgets/clock.svgz
 create mode 100644 ativo/kde/plasma-style-barra-mocha/snapshots/MochaPanelSolidCanonico-20260627-183751/widgets/configuration-icons.svgz
 create mode 100644 ativo/kde/plasma-style-barra-mocha/snapshots/MochaPanelSolidCanonico-20260627-183751/widgets/containment-controls.svgz
 create mode 100644 ativo/kde/plasma-style-barra-mocha/snapshots/MochaPanelSolidCanonico-20260627-183751/widgets/dragger.svgz
 create mode 100644 ativo/kde/plasma-style-barra-mocha/snapshots/MochaPanelSolidCanonico-20260627-183751/widgets/frame.svgz
 create mode 100644 ativo/kde/plasma-style-barra-mocha/snapshots/MochaPanelSolidCanonico-20260627-183751/widgets/glowbar.svgz
 create mode 100644 ativo/kde/plasma-style-barra-mocha/snapshots/MochaPanelSolidCanonico-20260627-183751/widgets/line.svgz
 create mode 100644 ativo/kde/plasma-style-barra-mocha/snapshots/MochaPanelSolidCanonico-20260627-183751/widgets/lineedit.svgz
 create mode 100644 ativo/kde/plasma-style-barra-mocha/snapshots/MochaPanelSolidCanonico-20260627-183751/widgets/listitem.svgz
 create mode 100644 ativo/kde/plasma-style-barra-mocha/snapshots/MochaPanelSolidCanonico-20260627-183751/widgets/margins-highlight.svgz
 create mode 100644 ativo/kde/plasma-style-barra-mocha/snapshots/MochaPanelSolidCanonico-20260627-183751/widgets/media-delegate.svgz
 create mode 100644 ativo/kde/plasma-style-barra-mocha/snapshots/MochaPanelSolidCanonico-20260627-183751/widgets/menubaritem.svgz
 create mode 100644 ativo/kde/plasma-style-barra-mocha/snapshots/MochaPanelSolidCanonico-20260627-183751/widgets/monitor.svgz
 create mode 100644 ativo/kde/plasma-style-barra-mocha/snapshots/MochaPanelSolidCanonico-20260627-183751/widgets/notes.svgz
 create mode 100644 ativo/kde/plasma-style-barra-mocha/snapshots/MochaPanelSolidCanonico-20260627-183751/widgets/pager.svgz
 create mode 100644 ativo/kde/plasma-style-barra-mocha/snapshots/MochaPanelSolidCanonico-20260627-183751/widgets/panel-background.svgz
 create mode 100644 ativo/kde/plasma-style-barra-mocha/snapshots/MochaPanelSolidCanonico-20260627-183751/widgets/picker.svgz
 create mode 100644 ativo/kde/plasma-style-barra-mocha/snapshots/MochaPanelSolidCanonico-20260627-183751/widgets/plasmoidheading.svgz
 create mode 100644 ativo/kde/plasma-style-barra-mocha/snapshots/MochaPanelSolidCanonico-20260627-183751/widgets/plot-background.svgz
 create mode 100644 ativo/kde/plasma-style-barra-mocha/snapshots/MochaPanelSolidCanonico-20260627-183751/widgets/radiobutton.svgz
 create mode 100644 ativo/kde/plasma-style-barra-mocha/snapshots/MochaPanelSolidCanonico-20260627-183751/widgets/scrollbar.svgz
 create mode 100644 ativo/kde/plasma-style-barra-mocha/snapshots/MochaPanelSolidCanonico-20260627-183751/widgets/scrollwidget.svgz
 create mode 100644 ativo/kde/plasma-style-barra-mocha/snapshots/MochaPanelSolidCanonico-20260627-183751/widgets/slider.svgz
 create mode 100644 ativo/kde/plasma-style-barra-mocha/snapshots/MochaPanelSolidCanonico-20260627-183751/widgets/switch.svgz
 create mode 100644 ativo/kde/plasma-style-barra-mocha/snapshots/MochaPanelSolidCanonico-20260627-183751/widgets/tabbar.svgz
 create mode 100644 ativo/kde/plasma-style-barra-mocha/snapshots/MochaPanelSolidCanonico-20260627-183751/widgets/tasks.svgz
 create mode 100644 ativo/kde/plasma-style-barra-mocha/snapshots/MochaPanelSolidCanonico-20260627-183751/widgets/toolbar.svgz
 create mode 100644 ativo/kde/plasma-style-barra-mocha/snapshots/MochaPanelSolidCanonico-20260627-183751/widgets/tooltip.svgz
 create mode 100644 ativo/kde/plasma-style-barra-mocha/snapshots/MochaPanelSolidCanonico-20260627-183751/widgets/translucentbackground.svgz
 create mode 100644 ativo/kde/plasma-style-barra-mocha/snapshots/MochaPanelSolidCanonico-20260627-183751/widgets/viewitem.svgz
 create mode 100644 ativo/kde/plasma-style-barra-mocha/snapshots/MochaPanelSolidCanonico-20260627-184000/colors
 create mode 100644 ativo/kde/plasma-style-barra-mocha/snapshots/MochaPanelSolidCanonico-20260627-184000/dialogs/background.svgz
 create mode 100644 ativo/kde/plasma-style-barra-mocha/snapshots/MochaPanelSolidCanonico-20260627-184000/icons/akonadi.svgz
 create mode 100644 ativo/kde/plasma-style-barra-mocha/snapshots/MochaPanelSolidCanonico-20260627-184000/icons/akregator.svgz
 create mode 100644 ativo/kde/plasma-style-barra-mocha/snapshots/MochaPanelSolidCanonico-20260627-184000/icons/amarok.svgz
 create mode 100644 ativo/kde/plasma-style-barra-mocha/snapshots/MochaPanelSolidCanonico-20260627-184000/icons/applications.svgz
 create mode 100644 ativo/kde/plasma-style-barra-mocha/snapshots/MochaPanelSolidCanonico-20260627-184000/icons/apport.svgz
 create mode 100644 ativo/kde/plasma-style-barra-mocha/snapshots/MochaPanelSolidCanonico-20260627-184000/icons/audio.svgz
 create mode 100644 ativo/kde/plasma-style-barra-mocha/snapshots/MochaPanelSolidCanonico-20260627-184000/icons/battery.svgz
 create mode 100644 ativo/kde/plasma-style-barra-mocha/snapshots/MochaPanelSolidCanonico-20260627-184000/icons/bookmarks.svgz
 create mode 100644 ativo/kde/plasma-style-barra-mocha/snapshots/MochaPanelSolidCanonico-20260627-184000/icons/cantata.svgz
 create mode 100644 ativo/kde/plasma-style-barra-mocha/snapshots/MochaPanelSolidCanonico-20260627-184000/icons/computer.svgz
 create mode 100644 ativo/kde/plasma-style-barra-mocha/snapshots/MochaPanelSolidCanonico-20260627-184000/icons/configure.svgz
 create mode 100644 ativo/kde/plasma-style-barra-mocha/snapshots/MochaPanelSolidCanonico-20260627-184000/icons/device.svgz
 create mode 100644 ativo/kde/plasma-style-barra-mocha/snapshots/MochaPanelSolidCanonico-20260627-184000/icons/disk.svgz
 create mode 100644 ativo/kde/plasma-style-barra-mocha/snapshots/MochaPanelSolidCanonico-20260627-184000/icons/distribute.svgz
 create mode 100644 ativo/kde/plasma-style-barra-mocha/snapshots/MochaPanelSolidCanonico-20260627-184000/icons/document.svgz
 create mode 100644 ativo/kde/plasma-style-barra-mocha/snapshots/MochaPanelSolidCanonico-20260627-184000/icons/drive.svgz
 create mode 100644 ativo/kde/plasma-style-barra-mocha/snapshots/MochaPanelSolidCanonico-20260627-184000/icons/edit.svgz
 create mode 100644 ativo/kde/plasma-style-barra-mocha/snapshots/MochaPanelSolidCanonico-20260627-184000/icons/fcitx.svgz
 create mode 100644 ativo/kde/plasma-style-barra-mocha/snapshots/MochaPanelSolidCanonico-20260627-184000/icons/go.svgz
 create mode 100644 ativo/kde/plasma-style-barra-mocha/snapshots/MochaPanelSolidCanonico-20260627-184000/icons/ime.svgz
 create mode 100644 ativo/kde/plasma-style-barra-mocha/snapshots/MochaPanelSolidCanonico-20260627-184000/icons/input.svgz
 create mode 100644 ativo/kde/plasma-style-barra-mocha/snapshots/MochaPanelSolidCanonico-20260627-184000/icons/kalarm.svgz
 create mode 100644 ativo/kde/plasma-style-barra-mocha/snapshots/MochaPanelSolidCanonico-20260627-184000/icons/kdeconnect.svgz
 create mode 100644 ativo/kde/plasma-style-barra-mocha/snapshots/MochaPanelSolidCanonico-20260627-184000/icons/keyboard.svgz
 create mode 100644 ativo/kde/plasma-style-barra-mocha/snapshots/MochaPanelSolidCanonico-20260627-184000/icons/kget.svgz
 create mode 100644 ativo/kde/plasma-style-barra-mocha/snapshots/MochaPanelSolidCanonico-20260627-184000/icons/kgpg.svgz
 create mode 100644 ativo/kde/plasma-style-barra-mocha/snapshots/MochaPanelSolidCanonico-20260627-184000/icons/kleopatra.svgz
 create mode 100644 ativo/kde/plasma-style-barra-mocha/snapshots/MochaPanelSolidCanonico-20260627-184000/icons/klipper.svgz
 create mode 100644 ativo/kde/plasma-style-barra-mocha/snapshots/MochaPanelSolidCanonico-20260627-184000/icons/kmail.svgz
 create mode 100644 ativo/kde/plasma-style-barra-mocha/snapshots/MochaPanelSolidCanonico-20260627-184000/icons/konv_message.svgz
 create mode 100644 ativo/kde/plasma-style-barra-mocha/snapshots/MochaPanelSolidCanonico-20260627-184000/icons/konversation.svgz
 create mode 100644 ativo/kde/plasma-style-barra-mocha/snapshots/MochaPanelSolidCanonico-20260627-184000/icons/kopete.svgz
 create mode 100644 ativo/kde/plasma-style-barra-mocha/snapshots/MochaPanelSolidCanonico-20260627-184000/icons/korgac.svgz
 create mode 100644 ativo/kde/plasma-style-barra-mocha/snapshots/MochaPanelSolidCanonico-20260627-184000/icons/kpackagekit.svgz
 create mode 100644 ativo/kde/plasma-style-barra-mocha/snapshots/MochaPanelSolidCanonico-20260627-184000/icons/kruler.svgz
 create mode 100644 ativo/kde/plasma-style-barra-mocha/snapshots/MochaPanelSolidCanonico-20260627-184000/icons/kteatime.svgz
 create mode 100644 ativo/kde/plasma-style-barra-mocha/snapshots/MochaPanelSolidCanonico-20260627-184000/icons/ktorrent.svgz
 create mode 100644 ativo/kde/plasma-style-barra-mocha/snapshots/MochaPanelSolidCanonico-20260627-184000/icons/kup.svgz
 create mode 100644 ativo/kde/plasma-style-barra-mocha/snapshots/MochaPanelSolidCanonico-20260627-184000/icons/list.svgz
 create mode 100644 ativo/kde/plasma-style-barra-mocha/snapshots/MochaPanelSolidCanonico-20260627-184000/icons/mail.svgz
 create mode 100644 ativo/kde/plasma-style-barra-mocha/snapshots/MochaPanelSolidCanonico-20260627-184000/icons/media.svgz
 create mode 100644 ativo/kde/plasma-style-barra-mocha/snapshots/MochaPanelSolidCanonico-20260627-184000/icons/mobile.svgz
 create mode 100644 ativo/kde/plasma-style-barra-mocha/snapshots/MochaPanelSolidCanonico-20260627-184000/icons/network.svgz
 create mode 100644 ativo/kde/plasma-style-barra-mocha/snapshots/MochaPanelSolidCanonico-20260627-184000/icons/notification.svgz
 create mode 100644 ativo/kde/plasma-style-barra-mocha/snapshots/MochaPanelSolidCanonico-20260627-184000/icons/osd.svgz
 create mode 100644 ativo/kde/plasma-style-barra-mocha/snapshots/MochaPanelSolidCanonico-20260627-184000/icons/phone.svgz
 create mode 100644 ativo/kde/plasma-style-barra-mocha/snapshots/MochaPanelSolidCanonico-20260627-184000/icons/plasmavault.svgz
 create mode 100644 ativo/kde/plasma-style-barra-mocha/snapshots/MochaPanelSolidCanonico-20260627-184000/icons/plasmavault_error.svgz
 create mode 100644 ativo/kde/plasma-style-barra-mocha/snapshots/MochaPanelSolidCanonico-20260627-184000/icons/preferences.svgz
 create mode 100644 ativo/kde/plasma-style-barra-mocha/snapshots/MochaPanelSolidCanonico-20260627-184000/icons/printer.svgz
 create mode 100644 ativo/kde/plasma-style-barra-mocha/snapshots/MochaPanelSolidCanonico-20260627-184000/icons/quassel.svgz
 create mode 100644 ativo/kde/plasma-style-barra-mocha/snapshots/MochaPanelSolidCanonico-20260627-184000/icons/search.svgz
 create mode 100644 ativo/kde/plasma-style-barra-mocha/snapshots/MochaPanelSolidCanonico-20260627-184000/icons/slc.svgz
 create mode 100644 ativo/kde/plasma-style-barra-mocha/snapshots/MochaPanelSolidCanonico-20260627-184000/icons/software.svgz
 create mode 100644 ativo/kde/plasma-style-barra-mocha/snapshots/MochaPanelSolidCanonico-20260627-184000/icons/start.svgz
 create mode 100644 ativo/kde/plasma-style-barra-mocha/snapshots/MochaPanelSolidCanonico-20260627-184000/icons/system.svgz
 create mode 100644 ativo/kde/plasma-style-barra-mocha/snapshots/MochaPanelSolidCanonico-20260627-184000/icons/touchpad.svgz
 create mode 100644 ativo/kde/plasma-style-barra-mocha/snapshots/MochaPanelSolidCanonico-20260627-184000/icons/user.svgz
 create mode 100644 ativo/kde/plasma-style-barra-mocha/snapshots/MochaPanelSolidCanonico-20260627-184000/icons/video-card.svgz
 create mode 100644 ativo/kde/plasma-style-barra-mocha/snapshots/MochaPanelSolidCanonico-20260627-184000/icons/video.svgz
 create mode 100644 ativo/kde/plasma-style-barra-mocha/snapshots/MochaPanelSolidCanonico-20260627-184000/icons/view.svgz
 create mode 100644 ativo/kde/plasma-style-barra-mocha/snapshots/MochaPanelSolidCanonico-20260627-184000/icons/vlc.svgz
 create mode 100644 ativo/kde/plasma-style-barra-mocha/snapshots/MochaPanelSolidCanonico-20260627-184000/icons/wallet.svgz
 create mode 100644 ativo/kde/plasma-style-barra-mocha/snapshots/MochaPanelSolidCanonico-20260627-184000/icons/window.svgz
 create mode 100644 ativo/kde/plasma-style-barra-mocha/snapshots/MochaPanelSolidCanonico-20260627-184000/icons/yakuake.svgz
 create mode 100644 ativo/kde/plasma-style-barra-mocha/snapshots/MochaPanelSolidCanonico-20260627-184000/icons/zoom.svgz
 create mode 100644 ativo/kde/plasma-style-barra-mocha/snapshots/MochaPanelSolidCanonico-20260627-184000/metadata.desktop
 create mode 100644 ativo/kde/plasma-style-barra-mocha/snapshots/MochaPanelSolidCanonico-20260627-184000/metadata.json
 create mode 100644 ativo/kde/plasma-style-barra-mocha/snapshots/MochaPanelSolidCanonico-20260627-184000/opaque/dialogs/background.svgz
 create mode 100644 ativo/kde/plasma-style-barra-mocha/snapshots/MochaPanelSolidCanonico-20260627-184000/opaque/widgets/panel-background.svgz
 create mode 100644 ativo/kde/plasma-style-barra-mocha/snapshots/MochaPanelSolidCanonico-20260627-184000/opaque/widgets/tooltip.svgz
 create mode 100644 ativo/kde/plasma-style-barra-mocha/snapshots/MochaPanelSolidCanonico-20260627-184000/plasmarc
 create mode 100644 ativo/kde/plasma-style-barra-mocha/snapshots/MochaPanelSolidCanonico-20260627-184000/solid/dialogs/background.svgz
 create mode 100644 ativo/kde/plasma-style-barra-mocha/snapshots/MochaPanelSolidCanonico-20260627-184000/solid/widgets/background.svgz
 create mode 100644 ativo/kde/plasma-style-barra-mocha/snapshots/MochaPanelSolidCanonico-20260627-184000/solid/widgets/panel-background.svgz
 create mode 100644 ativo/kde/plasma-style-barra-mocha/snapshots/MochaPanelSolidCanonico-20260627-184000/solid/widgets/tooltip.svgz
 create mode 100644 ativo/kde/plasma-style-barra-mocha/snapshots/MochaPanelSolidCanonico-20260627-184000/translucent/dialogs/background.svgz
 create mode 100644 ativo/kde/plasma-style-barra-mocha/snapshots/MochaPanelSolidCanonico-20260627-184000/translucent/widgets/background.svgz
 create mode 100644 ativo/kde/plasma-style-barra-mocha/snapshots/MochaPanelSolidCanonico-20260627-184000/translucent/widgets/panel-background.svgz
 create mode 100644 ativo/kde/plasma-style-barra-mocha/snapshots/MochaPanelSolidCanonico-20260627-184000/translucent/widgets/tooltip.svgz
 create mode 100644 ativo/kde/plasma-style-barra-mocha/snapshots/MochaPanelSolidCanonico-20260627-184000/widgets/action-overlays.svgz
 create mode 100644 ativo/kde/plasma-style-barra-mocha/snapshots/MochaPanelSolidCanonico-20260627-184000/widgets/actionbutton.svgz
 create mode 100644 ativo/kde/plasma-style-barra-mocha/snapshots/MochaPanelSolidCanonico-20260627-184000/widgets/analog_meter.svgz
 create mode 100644 ativo/kde/plasma-style-barra-mocha/snapshots/MochaPanelSolidCanonico-20260627-184000/widgets/arrows.svgz
 create mode 100644 ativo/kde/plasma-style-barra-mocha/snapshots/MochaPanelSolidCanonico-20260627-184000/widgets/background.svgz
 create mode 100644 ativo/kde/plasma-style-barra-mocha/snapshots/MochaPanelSolidCanonico-20260627-184000/widgets/bar_meter_horizontal.svgz
 create mode 100644 ativo/kde/plasma-style-barra-mocha/snapshots/MochaPanelSolidCanonico-20260627-184000/widgets/bar_meter_vertical.svgz
 create mode 100644 ativo/kde/plasma-style-barra-mocha/snapshots/MochaPanelSolidCanonico-20260627-184000/widgets/branding.svgz
 create mode 100644 ativo/kde/plasma-style-barra-mocha/snapshots/MochaPanelSolidCanonico-20260627-184000/widgets/busywidget.svgz
 create mode 100644 ativo/kde/plasma-style-barra-mocha/snapshots/MochaPanelSolidCanonico-20260627-184000/widgets/button.svgz
 create mode 100644 ativo/kde/plasma-style-barra-mocha/snapshots/MochaPanelSolidCanonico-20260627-184000/widgets/calendar.svgz
 create mode 100644 ativo/kde/plasma-style-barra-mocha/snapshots/MochaPanelSolidCanonico-20260627-184000/widgets/checkmarks.svgz
 create mode 100644 ativo/kde/plasma-style-barra-mocha/snapshots/MochaPanelSolidCanonico-20260627-184000/widgets/clock.svgz
 create mode 100644 ativo/kde/plasma-style-barra-mocha/snapshots/MochaPanelSolidCanonico-20260627-184000/widgets/configuration-icons.svgz
 create mode 100644 ativo/kde/plasma-style-barra-mocha/snapshots/MochaPanelSolidCanonico-20260627-184000/widgets/containment-controls.svgz
 create mode 100644 ativo/kde/plasma-style-barra-mocha/snapshots/MochaPanelSolidCanonico-20260627-184000/widgets/dragger.svgz
 create mode 100644 ativo/kde/plasma-style-barra-mocha/snapshots/MochaPanelSolidCanonico-20260627-184000/widgets/frame.svgz
 create mode 100644 ativo/kde/plasma-style-barra-mocha/snapshots/MochaPanelSolidCanonico-20260627-184000/widgets/glowbar.svgz
 create mode 100644 ativo/kde/plasma-style-barra-mocha/snapshots/MochaPanelSolidCanonico-20260627-184000/widgets/line.svgz
 create mode 100644 ativo/kde/plasma-style-barra-mocha/snapshots/MochaPanelSolidCanonico-20260627-184000/widgets/lineedit.svgz
 create mode 100644 ativo/kde/plasma-style-barra-mocha/snapshots/MochaPanelSolidCanonico-20260627-184000/widgets/listitem.svgz
 create mode 100644 ativo/kde/plasma-style-barra-mocha/snapshots/MochaPanelSolidCanonico-20260627-184000/widgets/margins-highlight.svgz
 create mode 100644 ativo/kde/plasma-style-barra-mocha/snapshots/MochaPanelSolidCanonico-20260627-184000/widgets/media-delegate.svgz
 create mode 100644 ativo/kde/plasma-style-barra-mocha/snapshots/MochaPanelSolidCanonico-20260627-184000/widgets/menubaritem.svgz
 create mode 100644 ativo/kde/plasma-style-barra-mocha/snapshots/MochaPanelSolidCanonico-20260627-184000/widgets/monitor.svgz
 create mode 100644 ativo/kde/plasma-style-barra-mocha/snapshots/MochaPanelSolidCanonico-20260627-184000/widgets/notes.svgz
 create mode 100644 ativo/kde/plasma-style-barra-mocha/snapshots/MochaPanelSolidCanonico-20260627-184000/widgets/pager.svgz
 create mode 100644 ativo/kde/plasma-style-barra-mocha/snapshots/MochaPanelSolidCanonico-20260627-184000/widgets/panel-background.svgz
 create mode 100644 ativo/kde/plasma-style-barra-mocha/snapshots/MochaPanelSolidCanonico-20260627-184000/widgets/picker.svgz
 create mode 100644 ativo/kde/plasma-style-barra-mocha/snapshots/MochaPanelSolidCanonico-20260627-184000/widgets/plasmoidheading.svgz
 create mode 100644 ativo/kde/plasma-style-barra-mocha/snapshots/MochaPanelSolidCanonico-20260627-184000/widgets/plot-background.svgz
 create mode 100644 ativo/kde/plasma-style-barra-mocha/snapshots/MochaPanelSolidCanonico-20260627-184000/widgets/radiobutton.svgz
 create mode 100644 ativo/kde/plasma-style-barra-mocha/snapshots/MochaPanelSolidCanonico-20260627-184000/widgets/scrollbar.svgz
 create mode 100644 ativo/kde/plasma-style-barra-mocha/snapshots/MochaPanelSolidCanonico-20260627-184000/widgets/scrollwidget.svgz
 create mode 100644 ativo/kde/plasma-style-barra-mocha/snapshots/MochaPanelSolidCanonico-20260627-184000/widgets/slider.svgz
 create mode 100644 ativo/kde/plasma-style-barra-mocha/snapshots/MochaPanelSolidCanonico-20260627-184000/widgets/switch.svgz
 create mode 100644 ativo/kde/plasma-style-barra-mocha/snapshots/MochaPanelSolidCanonico-20260627-184000/widgets/tabbar.svgz
 create mode 100644 ativo/kde/plasma-style-barra-mocha/snapshots/MochaPanelSolidCanonico-20260627-184000/widgets/tasks.svgz
 create mode 100644 ativo/kde/plasma-style-barra-mocha/snapshots/MochaPanelSolidCanonico-20260627-184000/widgets/toolbar.svgz
 create mode 100644 ativo/kde/plasma-style-barra-mocha/snapshots/MochaPanelSolidCanonico-20260627-184000/widgets/tooltip.svgz
 create mode 100644 ativo/kde/plasma-style-barra-mocha/snapshots/MochaPanelSolidCanonico-20260627-184000/widgets/translucentbackground.svgz
 create mode 100644 ativo/kde/plasma-style-barra-mocha/snapshots/MochaPanelSolidCanonico-20260627-184000/widgets/viewitem.svgz
 create mode 100644 ativo/kde/plasma-style-barra-mocha/svgz-criticos-MochaPanelSolidCanonico-20260627-183751/dialogs/background.svgz
 create mode 100644 ativo/kde/plasma-style-barra-mocha/svgz-criticos-MochaPanelSolidCanonico-20260627-183751/widgets/background.svgz
 create mode 100644 ativo/kde/plasma-style-barra-mocha/svgz-criticos-MochaPanelSolidCanonico-20260627-183751/widgets/button.svgz
 create mode 100644 ativo/kde/plasma-style-barra-mocha/svgz-criticos-MochaPanelSolidCanonico-20260627-183751/widgets/frame.svgz
 create mode 100644 ativo/kde/plasma-style-barra-mocha/svgz-criticos-MochaPanelSolidCanonico-20260627-183751/widgets/lineedit.svgz
 create mode 100644 ativo/kde/plasma-style-barra-mocha/svgz-criticos-MochaPanelSolidCanonico-20260627-183751/widgets/listitem.svgz
 create mode 100644 ativo/kde/plasma-style-barra-mocha/svgz-criticos-MochaPanelSolidCanonico-20260627-183751/widgets/panel-background.svgz
 create mode 100644 ativo/kde/plasma-style-barra-mocha/svgz-criticos-MochaPanelSolidCanonico-20260627-183751/widgets/tasks.svgz
 create mode 100644 ativo/kde/plasma-style-barra-mocha/svgz-criticos-MochaPanelSolidCanonico-20260627-183751/widgets/viewitem.svgz
 create mode 100644 ativo/kde/plasma-style-barra-mocha/svgz-criticos-MochaPanelSolidCanonico-20260627-184000/dialogs/background.svgz
 create mode 100644 ativo/kde/plasma-style-barra-mocha/svgz-criticos-MochaPanelSolidCanonico-20260627-184000/widgets/background.svgz
 create mode 100644 ativo/kde/plasma-style-barra-mocha/svgz-criticos-MochaPanelSolidCanonico-20260627-184000/widgets/button.svgz
 create mode 100644 ativo/kde/plasma-style-barra-mocha/svgz-criticos-MochaPanelSolidCanonico-20260627-184000/widgets/frame.svgz
 create mode 100644 ativo/kde/plasma-style-barra-mocha/svgz-criticos-MochaPanelSolidCanonico-20260627-184000/widgets/lineedit.svgz
 create mode 100644 ativo/kde/plasma-style-barra-mocha/svgz-criticos-MochaPanelSolidCanonico-20260627-184000/widgets/listitem.svgz
 create mode 100644 ativo/kde/plasma-style-barra-mocha/svgz-criticos-MochaPanelSolidCanonico-20260627-184000/widgets/panel-background.svgz
 create mode 100644 ativo/kde/plasma-style-barra-mocha/svgz-criticos-MochaPanelSolidCanonico-20260627-184000/widgets/tasks.svgz
 create mode 100644 ativo/kde/plasma-style-barra-mocha/svgz-criticos-MochaPanelSolidCanonico-20260627-184000/widgets/viewitem.svgz
 create mode 100644 ativo/kde/plasma-style-barra-mocha/svgz-criticos-atuais/dialogs/background.svgz
 create mode 100644 ativo/kde/plasma-style-barra-mocha/svgz-criticos-atuais/widgets/background.svgz
 create mode 100644 ativo/kde/plasma-style-barra-mocha/svgz-criticos-atuais/widgets/button.svgz
 create mode 100644 ativo/kde/plasma-style-barra-mocha/svgz-criticos-atuais/widgets/frame.svgz
 create mode 100644 ativo/kde/plasma-style-barra-mocha/svgz-criticos-atuais/widgets/lineedit.svgz
 create mode 100644 ativo/kde/plasma-style-barra-mocha/svgz-criticos-atuais/widgets/listitem.svgz
 create mode 100644 ativo/kde/plasma-style-barra-mocha/svgz-criticos-atuais/widgets/panel-background.svgz
 create mode 100644 ativo/kde/plasma-style-barra-mocha/svgz-criticos-atuais/widgets/tasks.svgz
 create mode 100644 ativo/kde/plasma-style-barra-mocha/svgz-criticos-atuais/widgets/viewitem.svgz
 create mode 100755 ativo/scripts/20260529-200013-mocha-reaplicar-barra-aprovada-atual.sh
 create mode 100755 ativo/scripts/20260627-183751-mocha-reaplicar-tema-completo-usuarios.sh
 create mode 100755 ativo/scripts/20260627-184000-mocha-reaplicar-tema-completo-usuarios.sh
 create mode 100755 ativo/scripts/mocha-reaplicar-tema-completo-usuarios.sh

============================================================
 4) Commit 2 — wrapper Steam canônico e MangoHud
============================================================
Unstaged changes after reset:
M	ativo/assets/mocha-steam/bin/mocha-steam-game-run
M	ativo/etc/skel/.local/bin/mocha-steam-game-run
M	ativo/software/perfis/mocha-gamer-default.flatpaklist
M	ativo/software/perfis/mocha-gamer-default.pkglist
M	calamares/base-calam-arch-installer-2026-06/usr/share/calamares/modules/users.conf
M	calamares/base-calam-arch-installer-2026-06/usr/share/calamares/settings.conf
M	calamares/identidade/extracao-identidade-calamares-mocha-20260605-153953/origem-airootfs/etc-calamares/modules/users.conf
M	calamares/identidade/extracao-identidade-calamares-mocha-20260605-153953/origem-airootfs/etc-calamares/settings.conf
M	calamares/identidade/extracao-identidade-calamares-mocha-20260605-153953/origem-airootfs/usr-share-calamares/modules/users.conf
M	calamares/identidade/extracao-identidade-calamares-mocha-20260605-153953/origem-airootfs/usr-share-calamares/settings.conf
M	calamares/identidade/extracao-identidade-calamares-mocha-20260605-153953/textos/etc-calamares/modules/users.conf
M	calamares/identidade/extracao-identidade-calamares-mocha-20260605-153953/textos/etc-calamares/settings.conf
M	calamares/identidade/extracao-identidade-calamares-mocha-20260605-153953/textos/usr-share-calamares/modules/users.conf
M	calamares/identidade/extracao-identidade-calamares-mocha-20260605-153953/textos/usr-share-calamares/settings.conf
M	calamares/identidade/extracao-identidade-calamares-mocha-20260605-153953/yaml-configs/etc-calamares/settings.conf
M	calamares/identidade/extracao-identidade-calamares-mocha-20260605-153953/yaml-configs/usr-share-calamares/settings.conf
M	calamares/mocha-calamares/etc/calamares/modules/users.conf
M	calamares/mocha-calamares/etc/calamares/settings.conf
M	calamares/origem-calam-arch-installer-2026-06-20260605-112415/usr/share/calamares/modules/users.conf
M	calamares/origem-calam-arch-installer-2026-06-20260605-112415/usr/share/calamares/settings.conf
M	calamares/trabalho-mocha-calamares-20260605-112806/usr/share/calamares/modules/users.conf
M	calamares/trabalho-mocha-calamares-20260605-112806/usr/share/calamares/settings.conf

------------------------------------------------------------
Commit:
steam: preserva wrapper canonico Alt-Tab input
Arquivos staged:
M	ativo/assets/mocha-steam/bin/mocha-steam-game-run
M	ativo/etc/skel/.local/bin/mocha-steam-game-run
A	ativo/steam-mangohud-canonico/usr/local/bin/mocha-steam-game-run
A	ativo/steam-wrapper-canonico/usr/local/bin/mocha-steam-game-run
A	ativo/wrapper-steam/WRAPPER-STEAM-CANONICO-ALT-TAB-INPUT.md
A	ativo/wrapper-steam/mocha-steam-game-run-canonico
A	ativo/wrapper-steam/mocha-steam-game-run-canonico-alt-tab-input-20260611
A	ativo/wrapper-steam/mocha-steam-game-run-canonico.sha256
A	ativo/wrappers/mocha-steam-game-run
[main c09248d] steam: preserva wrapper canonico Alt-Tab input
 9 files changed, 947 insertions(+), 170 deletions(-)
 create mode 100755 ativo/steam-mangohud-canonico/usr/local/bin/mocha-steam-game-run
 create mode 100755 ativo/steam-wrapper-canonico/usr/local/bin/mocha-steam-game-run
 create mode 100644 ativo/wrapper-steam/WRAPPER-STEAM-CANONICO-ALT-TAB-INPUT.md
 create mode 100755 ativo/wrapper-steam/mocha-steam-game-run-canonico
 create mode 100755 ativo/wrapper-steam/mocha-steam-game-run-canonico-alt-tab-input-20260611
 create mode 100644 ativo/wrapper-steam/mocha-steam-game-run-canonico.sha256
 create mode 100755 ativo/wrappers/mocha-steam-game-run

============================================================
 5) Commit 3 — Calamares e finalizador Mocha
============================================================
Unstaged changes after reset:
M	ativo/software/perfis/mocha-gamer-default.flatpaklist
M	ativo/software/perfis/mocha-gamer-default.pkglist
M	calamares/base-calam-arch-installer-2026-06/usr/share/calamares/modules/users.conf
M	calamares/base-calam-arch-installer-2026-06/usr/share/calamares/settings.conf
M	calamares/identidade/extracao-identidade-calamares-mocha-20260605-153953/origem-airootfs/etc-calamares/modules/users.conf
M	calamares/identidade/extracao-identidade-calamares-mocha-20260605-153953/origem-airootfs/etc-calamares/settings.conf
M	calamares/identidade/extracao-identidade-calamares-mocha-20260605-153953/origem-airootfs/usr-share-calamares/modules/users.conf
M	calamares/identidade/extracao-identidade-calamares-mocha-20260605-153953/origem-airootfs/usr-share-calamares/settings.conf
M	calamares/identidade/extracao-identidade-calamares-mocha-20260605-153953/textos/etc-calamares/modules/users.conf
M	calamares/identidade/extracao-identidade-calamares-mocha-20260605-153953/textos/etc-calamares/settings.conf
M	calamares/identidade/extracao-identidade-calamares-mocha-20260605-153953/textos/usr-share-calamares/modules/users.conf
M	calamares/identidade/extracao-identidade-calamares-mocha-20260605-153953/textos/usr-share-calamares/settings.conf
M	calamares/identidade/extracao-identidade-calamares-mocha-20260605-153953/yaml-configs/etc-calamares/settings.conf
M	calamares/identidade/extracao-identidade-calamares-mocha-20260605-153953/yaml-configs/usr-share-calamares/settings.conf
M	calamares/mocha-calamares/etc/calamares/modules/users.conf
M	calamares/mocha-calamares/etc/calamares/settings.conf
M	calamares/origem-calam-arch-installer-2026-06-20260605-112415/usr/share/calamares/modules/users.conf
M	calamares/origem-calam-arch-installer-2026-06-20260605-112415/usr/share/calamares/settings.conf
M	calamares/trabalho-mocha-calamares-20260605-112806/usr/share/calamares/modules/users.conf
M	calamares/trabalho-mocha-calamares-20260605-112806/usr/share/calamares/settings.conf
error: open("ativo/calamares/payload/tema-completo/etc/skel/.config/kscreenlockerrc"): Permission denied
error: unable to index file 'ativo/calamares/payload/tema-completo/etc/skel/.config/kscreenlockerrc'
fatal: adding files failed
