
============================================================
 Mocha — reset total MangoHud canônico
============================================================
Usuário: mocha
HOME:    /home/mocha
Backup:  /home/mocha/.local/share/mocha/backups/mangohud-reset-total-20260627-232221
Log:     /media/mochafast/MochaArch/ativo/logs/20260627-232221-reset-total-mangohud-canonico.log

[1] Localizando arquivos de configuração MangoHud
Arquivos encontrados:
  - /etc/skel/.config/MangoHud/MangoHud.conf
  - /etc/xdg/MangoHud/MangoHud.conf
  - /home/mocha/.config/MangoHud/MangoHud.conf
  - /media/mochafast/MochaArch/ativo/assets/mocha-steam/config/MangoHud/MangoHud.conf
  - /media/mochafast/MochaArch/ativo/backups/wrapper-mangohud-correcao-20260627-190756/etc/skel/.config/MangoHud/MangoHud.conf
  - /media/mochafast/MochaArch/ativo/backups/wrapper-mangohud-correcao-20260627-190756/home/mocha/.config/MangoHud/MangoHud.conf
  - /media/mochafast/MochaArch/ativo/backups/wrapper-mangohud-correcao-20260627-190756/media/mochafast/MochaArch/ativo/calamares/payload/tema-completo/etc/skel/.config/MangoHud/MangoHud.conf
  - /media/mochafast/MochaArch/ativo/backups/wrapper-mangohud-correcao-20260627-190756/media/mochafast/MochaArch/ativo/calamares/payload/tema-completo/usr/local/share/mocha/mangohud/MangoHud.conf
  - /media/mochafast/MochaArch/ativo/backups/wrapper-mangohud-correcao-20260627-190756/usr/local/share/mocha/mangohud/MangoHud.conf
  - /media/mochafast/MochaArch/ativo/calamares/payload/tema-completo/etc/skel/.config/MangoHud/MangoHud.conf
  - /media/mochafast/MochaArch/ativo/calamares/payload/tema-completo/usr/local/share/mocha/mangohud/MangoHud.conf
  - /media/mochafast/MochaArch/ativo/etc/skel/.config/MangoHud/MangoHud.conf
  - /media/mochafast/MochaArch/ativo/steam-mangohud-canonico/usr/local/share/mocha/mangohud/MangoHud.conf
  - /usr/local/share/mocha/mangohud/MangoHud.conf

[2] Fazendo backup e apagando todos os MangoHud.conf encontrados
[OK] Apagado: /etc/skel/.config/MangoHud/MangoHud.conf
[OK] Apagado: /etc/xdg/MangoHud/MangoHud.conf
[OK] Apagado: /home/mocha/.config/MangoHud/MangoHud.conf
[OK] Apagado: /media/mochafast/MochaArch/ativo/assets/mocha-steam/config/MangoHud/MangoHud.conf
[OK] Apagado: /media/mochafast/MochaArch/ativo/backups/wrapper-mangohud-correcao-20260627-190756/etc/skel/.config/MangoHud/MangoHud.conf
[OK] Apagado: /media/mochafast/MochaArch/ativo/backups/wrapper-mangohud-correcao-20260627-190756/home/mocha/.config/MangoHud/MangoHud.conf
[OK] Apagado: /media/mochafast/MochaArch/ativo/backups/wrapper-mangohud-correcao-20260627-190756/media/mochafast/MochaArch/ativo/calamares/payload/tema-completo/etc/skel/.config/MangoHud/MangoHud.conf
[OK] Apagado: /media/mochafast/MochaArch/ativo/backups/wrapper-mangohud-correcao-20260627-190756/media/mochafast/MochaArch/ativo/calamares/payload/tema-completo/usr/local/share/mocha/mangohud/MangoHud.conf
[OK] Apagado: /media/mochafast/MochaArch/ativo/backups/wrapper-mangohud-correcao-20260627-190756/usr/local/share/mocha/mangohud/MangoHud.conf
[OK] Apagado: /media/mochafast/MochaArch/ativo/calamares/payload/tema-completo/etc/skel/.config/MangoHud/MangoHud.conf
[OK] Apagado: /media/mochafast/MochaArch/ativo/calamares/payload/tema-completo/usr/local/share/mocha/mangohud/MangoHud.conf
[OK] Apagado: /media/mochafast/MochaArch/ativo/etc/skel/.config/MangoHud/MangoHud.conf
[OK] Apagado: /media/mochafast/MochaArch/ativo/steam-mangohud-canonico/usr/local/share/mocha/mangohud/MangoHud.conf
[OK] Apagado: /usr/local/share/mocha/mangohud/MangoHud.conf

[3] Recriando somente a configuração canônica correta
[OK] Canônico recriado: /usr/local/share/mocha/mangohud/MangoHud.conf
[OK] Cópia do usuário recriada: /home/mocha/.config/MangoHud/MangoHud.conf
[OK] Cópia skel recriada: /etc/skel/.config/MangoHud/MangoHud.conf
[OK] Cópia XDG recriada: /etc/xdg/MangoHud/MangoHud.conf

[4] Corrigindo wrapper canônico
[OK] Wrapper corrigido: /usr/local/bin/mocha-steam-game-run
[OK] Linha oficial preservada: /usr/local/bin/mocha-steam-game-run %command%

[5] Removendo qualquer MANGOHUD_CONFIG inline em arquivos Mocha conhecidos
[OK] Nenhum MANGOHUD_CONFIG inline nos wrappers conhecidos.

[6] Conferência final

Arquivo canônico:
  /usr/local/share/mocha/mangohud/MangoHud.conf

     1	# Mocha MangoHud — configuração canônica
     2	# Uma linha. Sem gráficos.
     3	# Ordem desejada: FPS | latência/frametime | CPU | GPU | VRAM | GameMode | hora HH:MM
     4	
     5	legacy_layout=false
     6	horizontal
     7	position=top-left
     8	background_alpha=0.35
     9	round_corners=4
    10	font_size=24
    11	
    12	fps
    13	frametime
    14	cpu_stats
    15	gpu_stats
    16	vram
    17	gamemode
    18	time
    19	time_format=%H:%M

Wrapper:
------------------------------------------------------------
#!/usr/bin/env bash
set -e

# Mocha — wrapper canônico Steam
# Linha oficial nas opções de inicialização:
# /usr/local/bin/mocha-steam-game-run %command%

export MANGOHUD=1
export MANGOHUD_CONFIGFILE="/usr/local/share/mocha/mangohud/MangoHud.conf"

export SDL_VIDEO_MINIMIZE_ON_FOCUS_LOSS=0
export MouseWarpOverride=force

exec mangohud "$@"
------------------------------------------------------------

[7] Testes objetivos
[OK] mangohud encontrado: /usr/local/bin/mangohud

============================================================
 Concluído
============================================================
Configuração única canônica:
  /usr/local/share/mocha/mangohud/MangoHud.conf

Linha oficial da Steam:
  /usr/local/bin/mocha-steam-game-run %command%

Backup:
  /home/mocha/.local/share/mocha/backups/mangohud-reset-total-20260627-232221

Log:
  /media/mochafast/MochaArch/ativo/logs/20260627-232221-reset-total-mangohud-canonico.log
