
============================================================
 Mocha — auditoria rootfs live antes de recompacotar
============================================================
Rootfs: /media/vmstore/MochaArch/iso/build-rootfs-estado-atual-calamares-gamer-20260627-204738/rootfs
Log:    /media/mochafast/MochaArch/ativo/logs/20260627-210522-audita-rootfs-live-pre-repack-v1.log

[1] Usuário live
mocha:x:1000:982:Mocha Live:/home/mocha:/bin/bash
mocha::19800:0:99999:7:::
users:x:982:mocha
wheel:x:998:mocha
audio:x:995:mocha
video:x:983:mocha
input:x:992:mocha
storage:x:985:mocha
power:x:98:mocha

[2] Sudoers
-r--r----- 1 root root 5031 Jun 16 06:31 /media/vmstore/MochaArch/iso/build-rootfs-estado-atual-calamares-gamer-20260627-204738/rootfs/etc/sudoers

/media/vmstore/MochaArch/iso/build-rootfs-estado-atual-calamares-gamer-20260627-204738/rootfs/etc/sudoers.d:
total 8
-r--r----- 1 root root 21 Jun 27 16:27 10-installer
-r--r----- 1 root root 35 Jun 27 21:04 10-mocha-live
/media/vmstore/MochaArch/iso/build-rootfs-estado-atual-calamares-gamer-20260627-204738/rootfs/etc/sudoers:## Uncomment to allow members of group wheel to execute any command
/media/vmstore/MochaArch/iso/build-rootfs-estado-atual-calamares-gamer-20260627-204738/rootfs/etc/sudoers:# %wheel ALL=(ALL:ALL) ALL
/media/vmstore/MochaArch/iso/build-rootfs-estado-atual-calamares-gamer-20260627-204738/rootfs/etc/sudoers:# %wheel ALL=(ALL:ALL) NOPASSWD: ALL
/media/vmstore/MochaArch/iso/build-rootfs-estado-atual-calamares-gamer-20260627-204738/rootfs/etc/sudoers:## Read drop-in files from /etc/sudoers.d
/media/vmstore/MochaArch/iso/build-rootfs-estado-atual-calamares-gamer-20260627-204738/rootfs/etc/sudoers:@includedir /etc/sudoers.d
/media/vmstore/MochaArch/iso/build-rootfs-estado-atual-calamares-gamer-20260627-204738/rootfs/etc/sudoers.d/10-installer:%wheel ALL=(ALL) ALL
/media/vmstore/MochaArch/iso/build-rootfs-estado-atual-calamares-gamer-20260627-204738/rootfs/etc/sudoers.d/10-mocha-live:%wheel ALL=(ALL:ALL) NOPASSWD: ALL

[3] SDDM/autologin
/media/vmstore/MochaArch/iso/build-rootfs-estado-atual-calamares-gamer-20260627-204738/rootfs/etc/sddm.conf
[Autologin]
Session=plasma

/media/vmstore/MochaArch/iso/build-rootfs-estado-atual-calamares-gamer-20260627-204738/rootfs/etc/sddm.conf.d/10-mocha-theme.conf
[Theme]
Current=mocha
CursorTheme=breeze_cursors

[General]
InputMethod=
/media/vmstore/MochaArch/iso/build-rootfs-estado-atual-calamares-gamer-20260627-204738/rootfs/etc/sddm.conf.d/99-mocha-theme.conf
[Theme]
Current=mocha
/media/vmstore/MochaArch/iso/build-rootfs-estado-atual-calamares-gamer-20260627-204738/rootfs/usr/lib/sddm/sddm.conf.d/default.conf
[Autologin]
# Whether sddm should automatically log back into sessions when they exit
Relogin=false

# Name of session file for autologin session (if empty try last logged in)
Session=

# Username for autologin session
User=


[General]
# Which display server should be used.
# Valid values are: x11, x11-user, wayland. Wayland support is experimental
DisplayServer=x11

# Comma-separated list of environment variables to be set
GreeterEnvironment=

# Halt command
HaltCommand=/usr/bin/systemctl poweroff

# Input method module
InputMethod=

# Comma-separated list of Linux namespaces for user session to enter
Namespaces=

# Initial NumLock state. Can be on, off or none.
# If property is set to none, numlock won't be changed
# NOTE: Currently ignored if autologin is enabled.
Numlock=none

# Reboot command
RebootCommand=/usr/bin/systemctl reboot


[Theme]
# Current theme name
Current=

# Cursor size used in the greeter
CursorSize=

# Cursor theme used in the greeter
CursorTheme=

# Number of users to use as threshold
# above which avatars are disabled
# unless explicitly enabled with EnableAvatars
DisableAvatarsThreshold=7

# Enable display of custom user avatars
EnableAvatars=true

# Global directory for user avatars
# The files should be named <username>.face.icon
FacesDir=/usr/share/sddm/faces

# Font used in the greeter
Font=

# Theme directory path
ThemeDir=/usr/share/sddm/themes


[Users]
# Default $PATH for logged in users
DefaultPath=/usr/local/sbin:/usr/local/bin:/usr/bin

# Comma-separated list of shells.
# Users with these shells as their default won't be listed
HideShells=

# Comma-separated list of users that should not be listed
HideUsers=

# Maximum user id for displayed users
MaximumUid=60513

# Minimum user id for displayed users
MinimumUid=1000

# Remember the session of the last successfully logged in user
RememberLastSession=true

# Remember the last successfully logged in user
RememberLastUser=true

# When logging in as the same user twice, restore the original session, rather than create a new one
ReuseSession=true


[Wayland]
# Path of the Wayland compositor to execute when starting the greeter
CompositorCommand=weston --shell=kiosk

# Enable Qt's automatic high-DPI scaling
EnableHiDPI=true

# Path to a script to execute when starting the desktop session
SessionCommand=/usr/share/sddm/scripts/wayland-session

# Comma-separated list of directories containing available Wayland sessions
SessionDir=/usr/local/share/wayland-sessions,/usr/share/wayland-sessions

# Path to the user session log file
SessionLogFile=.local/share/sddm/wayland-session.log


[X11]
# Path to a script to execute when starting the display server
DisplayCommand=/usr/share/sddm/scripts/Xsetup

# Path to a script to execute when stopping the display server
DisplayStopCommand=/usr/share/sddm/scripts/Xstop

# Enable Qt's automatic high-DPI scaling
EnableHiDPI=true

# Arguments passed to the X server invocation
ServerArguments=-nolisten tcp

# Path to X server binary
ServerPath=/usr/bin/X

# Path to a script to execute when starting the desktop session
SessionCommand=/usr/share/sddm/scripts/Xsession

# Comma-separated list of directories containing available X sessions
SessionDir=/usr/local/share/xsessions,/usr/share/xsessions

# Path to the user session log file
SessionLogFile=.local/share/sddm/xorg-session.log

# Path to Xephyr binary
XephyrPath=/usr/bin/Xephyr



[4] Sessões disponíveis
/media/vmstore/MochaArch/iso/build-rootfs-estado-atual-calamares-gamer-20260627-204738/rootfs/usr/share/wayland-sessions/plasma.desktop
[Desktop Entry]
Exec=/usr/lib/plasma-dbus-run-session-if-needed /usr/bin/startplasma-wayland
TryExec=/usr/bin/startplasma-wayland
DesktopNames=KDE
Name=Plasma (Wayland)
Name[ar]=بلازما (ويلاند)
Name[ast]=Plasma (Wayland)
Name[az]=Plasma (Wayland)
Name[be]=Plasma (Wayland)
Name[bg]=Plasma (Wayland)
Name[ca]=Plasma (Wayland)
Name[ca@valencia]=Plasma (Wayland)
Name[cs]=Plasma (Wayland)
Name[da]=Plasma (Wayland)
Name[de]=Plasma (Wayland)
Name[el]=Plasma (Wayland)
Name[en_GB]=Plasma (Wayland)
Name[eo]=Plasma (Wayland)
Name[es]=Plasma (Wayland)
Name[et]=Plasma (Wayland)
Name[eu]=Plasma (Wayland)
Name[fi]=Plasma (Wayland)
Name[fr]=Plasma (Wayland)
Name[ga]=Plasma (Wayland)
Name[gl]=Plasma (Wayland)
Name[he]=פלזמה (Wayland)
Name[hi]=प्लाज़्मा (वेलैंड)
Name[hsb]=Plasma (Wayland)
Name[hu]=Plasma (Wayland)
Name[ia]=Plasma (Wayland)
Name[id]=Plasma (Wayland)
Name[is]=Plasma (Wayland)
Name[it]=Plasma (Wayland)
Name[ja]=Plasma (Wayland)
Name[ka]=Plasma (Wayland)
Name[ko]=Plasma(Wayland)
Name[lt]=Plasma (Wayland)
Name[lv]=Plasma (Wayland)
Name[ml]=പ്ലാസ്മ (വേലാൻഡ്)
Name[nb]=Plasma (Wayland)
Name[nl]=Plasma (Wayland)
Name[nn]=Plasma (Wayland)
Name[pa]=ਪਲਾਜ਼ਮਾ (ਵੇਅਲੈਂਡ)
Name[pl]=Plazma (Wayland)
Name[pt]=Plasma (Wayland)
Name[pt_BR]=Plasma (Wayland)
Name[ro]=Plasma (Wayland)
Name[ru]=Plasma (Wayland)
Name[sa]=प्लाज्मा (वेलैण्ड्)
Name[sk]=Plasma (Wayland)
Name[sl]=Plasma (Wayland)
Name[sv]=Plasma (Wayland)
Name[ta]=பிளாஸ்மா (Wayland)
Name[tg]=Плазма (Вэйленд)
Name[th]=Plasma (Wayland)
Name[tr]=Plasma (Wayland)
Name[ug]=Plasma (Wayland)
Name[uk]=Плазма (Wayland)
Name[vi]=Plasma (Wayland)
Name[zh_CN]=Plasma (Wayland)
Name[zh_TW]=Plasma (Wayland)
Comment=Plasma by KDE
Comment[ar]=بلازما كِيدِي
Comment[az]=KDE Plasma
Comment[be]=Plasma KDE
Comment[bg]=Plasma от KDE
Comment[bs]=Plazma od strane KDe
Comment[ca]=Plasma, creat per la comunitat KDE
Comment[ca@valencia]=Plasma, creat per la comunitat KDE
Comment[cs]=Plasma z KDE
Comment[da]=Plasma fra KDE
Comment[de]=Plasma von KDE
Comment[el]=Plasma από το KDE
Comment[en_GB]=Plasma by KDE
Comment[eo]=Plasma de KDE
Comment[es]=Plasma, por KDE
Comment[et]=KDE Plasma
Comment[eu]=KDEren Plasma
Comment[fi]=Plasma KDE:ltä
Comment[fr]=Plasma, par KDE
Comment[ga]=Plasma le KDE
Comment[gl]=Plasma, de KDE.
Comment[he]=פלזמה מבית KDE
Comment[hi]=केडीइ द्वारा प्लाज़्मा
Comment[hsb]=Plasma wot KDE
Comment[hu]=Plasma a KDE-től
Comment[ia]=Plasma per KDE
Comment[id]=Plasma oleh KDE
Comment[is]=Plasma frá KDE
Comment[it]=Plasma di KDE
Comment[ja]=Plasma by KDE
Comment[ka]=Plasma, KDE-სგან
Comment[ko]=KDE Plasma
Comment[lt]=Plasma pagal KDE
Comment[lv]=„Plasma“ no KDE
Comment[ml]=കെഡിഇയുടെ പ്ലാസ്മ
Comment[nb]=Plasma fra KDE
Comment[nds]=Plasma vun KDE
Comment[nl]=Plasma door KDE
Comment[nn]=Plasma frå KDE
Comment[pa]=KDE ਵਲੋਂ ਪਲਾਜ਼ਮਾ
Comment[pl]=Plazma dzięki KDE
Comment[pt]=Plasma do KDE
Comment[pt_BR]=Plasma pela KDE
Comment[ro]=Plasma, de către KDE
Comment[ru]=KDE Plasma
Comment[sa]=KDE इत्यस्मात् प्लाज्मा
Comment[sk]=Plasma od KDE
Comment[sl]=KDE Plasma
Comment[sr]=Плазма од КДЕ‑а
Comment[sr@ijekavian]=Плазма од КДЕ‑а
Comment[sr@ijekavianlatin]=Plasma od KDE‑a
Comment[sr@latin]=Plasma od KDE‑a
Comment[sv]=Plasma av KDE
Comment[ta]=கே.டீ.யீ. வழங்கும் பிளாஸ்மா
Comment[tg]=Plasma аз ҷониби KDE
Comment[th]=Plasma โดย KDE
Comment[tr]=KDE Plasma
Comment[ug]=KDE Plasma
Comment[uk]=Плазма KDE

[5] Calamares — binário/config
/media/vmstore/MochaArch/iso/build-rootfs-estado-atual-calamares-gamer-20260627-204738/rootfs/usr/share/calamares/branding/default/banner.png
/media/vmstore/MochaArch/iso/build-rootfs-estado-atual-calamares-gamer-20260627-204738/rootfs/usr/share/calamares/branding/default/banner.png.license
/media/vmstore/MochaArch/iso/build-rootfs-estado-atual-calamares-gamer-20260627-204738/rootfs/usr/share/calamares/branding/default/branding.desc
/media/vmstore/MochaArch/iso/build-rootfs-estado-atual-calamares-gamer-20260627-204738/rootfs/usr/share/calamares/branding/default/languages.png
/media/vmstore/MochaArch/iso/build-rootfs-estado-atual-calamares-gamer-20260627-204738/rootfs/usr/share/calamares/branding/default/languages.png.license
/media/vmstore/MochaArch/iso/build-rootfs-estado-atual-calamares-gamer-20260627-204738/rootfs/usr/share/calamares/branding/default/show.qml
/media/vmstore/MochaArch/iso/build-rootfs-estado-atual-calamares-gamer-20260627-204738/rootfs/usr/share/calamares/branding/default/squid.png
/media/vmstore/MochaArch/iso/build-rootfs-estado-atual-calamares-gamer-20260627-204738/rootfs/usr/share/calamares/branding/default/squid.png.license
/media/vmstore/MochaArch/iso/build-rootfs-estado-atual-calamares-gamer-20260627-204738/rootfs/usr/share/calamares/branding/default/stylesheet.qss
/media/vmstore/MochaArch/iso/build-rootfs-estado-atual-calamares-gamer-20260627-204738/rootfs/usr/share/calamares/modules/bootloader.conf
/media/vmstore/MochaArch/iso/build-rootfs-estado-atual-calamares-gamer-20260627-204738/rootfs/usr/share/calamares/modules/contextualprocess.conf
/media/vmstore/MochaArch/iso/build-rootfs-estado-atual-calamares-gamer-20260627-204738/rootfs/usr/share/calamares/modules/displaymanager.conf
/media/vmstore/MochaArch/iso/build-rootfs-estado-atual-calamares-gamer-20260627-204738/rootfs/usr/share/calamares/modules/finished.conf
/media/vmstore/MochaArch/iso/build-rootfs-estado-atual-calamares-gamer-20260627-204738/rootfs/usr/share/calamares/modules/finishedq.conf
/media/vmstore/MochaArch/iso/build-rootfs-estado-atual-calamares-gamer-20260627-204738/rootfs/usr/share/calamares/modules/fsresizer.conf
/media/vmstore/MochaArch/iso/build-rootfs-estado-atual-calamares-gamer-20260627-204738/rootfs/usr/share/calamares/modules/fstab.conf
/media/vmstore/MochaArch/iso/build-rootfs-estado-atual-calamares-gamer-20260627-204738/rootfs/usr/share/calamares/modules/grubcfg.conf
/media/vmstore/MochaArch/iso/build-rootfs-estado-atual-calamares-gamer-20260627-204738/rootfs/usr/share/calamares/modules/initcpio.conf
/media/vmstore/MochaArch/iso/build-rootfs-estado-atual-calamares-gamer-20260627-204738/rootfs/usr/share/calamares/modules/initcpiocfg.conf
/media/vmstore/MochaArch/iso/build-rootfs-estado-atual-calamares-gamer-20260627-204738/rootfs/usr/share/calamares/modules/keyboard.conf
/media/vmstore/MochaArch/iso/build-rootfs-estado-atual-calamares-gamer-20260627-204738/rootfs/usr/share/calamares/modules/keyboardq.conf
/media/vmstore/MochaArch/iso/build-rootfs-estado-atual-calamares-gamer-20260627-204738/rootfs/usr/share/calamares/modules/license.conf
/media/vmstore/MochaArch/iso/build-rootfs-estado-atual-calamares-gamer-20260627-204738/rootfs/usr/share/calamares/modules/locale.conf
/media/vmstore/MochaArch/iso/build-rootfs-estado-atual-calamares-gamer-20260627-204738/rootfs/usr/share/calamares/modules/localeq.conf
/media/vmstore/MochaArch/iso/build-rootfs-estado-atual-calamares-gamer-20260627-204738/rootfs/usr/share/calamares/modules/luksbootkeyfile.conf
/media/vmstore/MochaArch/iso/build-rootfs-estado-atual-calamares-gamer-20260627-204738/rootfs/usr/share/calamares/modules/luksopenswaphookcfg.conf
/media/vmstore/MochaArch/iso/build-rootfs-estado-atual-calamares-gamer-20260627-204738/rootfs/usr/share/calamares/modules/machineid.conf
/media/vmstore/MochaArch/iso/build-rootfs-estado-atual-calamares-gamer-20260627-204738/rootfs/usr/share/calamares/modules/mount.conf
/media/vmstore/MochaArch/iso/build-rootfs-estado-atual-calamares-gamer-20260627-204738/rootfs/usr/share/calamares/modules/netinstall.conf
/media/vmstore/MochaArch/iso/build-rootfs-estado-atual-calamares-gamer-20260627-204738/rootfs/usr/share/calamares/modules/notesqml.conf
/media/vmstore/MochaArch/iso/build-rootfs-estado-atual-calamares-gamer-20260627-204738/rootfs/usr/share/calamares/modules/oemid.conf
/media/vmstore/MochaArch/iso/build-rootfs-estado-atual-calamares-gamer-20260627-204738/rootfs/usr/share/calamares/modules/openrcdmcryptcfg.conf
/media/vmstore/MochaArch/iso/build-rootfs-estado-atual-calamares-gamer-20260627-204738/rootfs/usr/share/calamares/modules/packages.conf
/media/vmstore/MochaArch/iso/build-rootfs-estado-atual-calamares-gamer-20260627-204738/rootfs/usr/share/calamares/modules/partition.conf
/media/vmstore/MochaArch/iso/build-rootfs-estado-atual-calamares-gamer-20260627-204738/rootfs/usr/share/calamares/modules/plasmalnf.conf
/media/vmstore/MochaArch/iso/build-rootfs-estado-atual-calamares-gamer-20260627-204738/rootfs/usr/share/calamares/modules/plymouthcfg.conf
/media/vmstore/MochaArch/iso/build-rootfs-estado-atual-calamares-gamer-20260627-204738/rootfs/usr/share/calamares/modules/preservefiles.conf
/media/vmstore/MochaArch/iso/build-rootfs-estado-atual-calamares-gamer-20260627-204738/rootfs/usr/share/calamares/modules/rawfs.conf
/media/vmstore/MochaArch/iso/build-rootfs-estado-atual-calamares-gamer-20260627-204738/rootfs/usr/share/calamares/modules/removeuser.conf
/media/vmstore/MochaArch/iso/build-rootfs-estado-atual-calamares-gamer-20260627-204738/rootfs/usr/share/calamares/modules/services-systemd.conf
/media/vmstore/MochaArch/iso/build-rootfs-estado-atual-calamares-gamer-20260627-204738/rootfs/usr/share/calamares/modules/shellprocess.conf
/media/vmstore/MochaArch/iso/build-rootfs-estado-atual-calamares-gamer-20260627-204738/rootfs/usr/share/calamares/modules/tracking.conf
/media/vmstore/MochaArch/iso/build-rootfs-estado-atual-calamares-gamer-20260627-204738/rootfs/usr/share/calamares/modules/umount.conf
/media/vmstore/MochaArch/iso/build-rootfs-estado-atual-calamares-gamer-20260627-204738/rootfs/usr/share/calamares/modules/unpackfs.conf
/media/vmstore/MochaArch/iso/build-rootfs-estado-atual-calamares-gamer-20260627-204738/rootfs/usr/share/calamares/modules/unpackfsc.conf
/media/vmstore/MochaArch/iso/build-rootfs-estado-atual-calamares-gamer-20260627-204738/rootfs/usr/share/calamares/modules/users.conf
/media/vmstore/MochaArch/iso/build-rootfs-estado-atual-calamares-gamer-20260627-204738/rootfs/usr/share/calamares/modules/usersq.conf
/media/vmstore/MochaArch/iso/build-rootfs-estado-atual-calamares-gamer-20260627-204738/rootfs/usr/share/calamares/modules/welcome.conf
/media/vmstore/MochaArch/iso/build-rootfs-estado-atual-calamares-gamer-20260627-204738/rootfs/usr/share/calamares/modules/welcomeq.conf
/media/vmstore/MochaArch/iso/build-rootfs-estado-atual-calamares-gamer-20260627-204738/rootfs/usr/share/calamares/modules/zfs.conf
/media/vmstore/MochaArch/iso/build-rootfs-estado-atual-calamares-gamer-20260627-204738/rootfs/usr/share/calamares/settings.conf
