
============================================================
 Mocha — fixar wrapper Steam canônico Alt+Tab/input
============================================================
Fonte canônica: /media/mochafast/MochaArch/auditorias/backup-audio-alt-tab-definitivo-20260611-203707/mocha-steam-game-run.bak
Destino runtime: /usr/local/bin/mocha-steam-game-run
Log: /media/mochafast/MochaArch/ativo/logs/20260628-010955-fixa-wrapper-steam-canonico-alt-tab-multilocal.log

[1/7] Fechando Steam...
[OK] Steam fechada ou não estava aberta.

[2/7] Backup do wrapper atual...
[OK] Backup criado: /media/mochafast/MochaArch/ativo/backups/wrapper-steam/mocha-steam-game-run.20260628-010955.antes-canonico-alt-tab.bak

[3/7] Instalando wrapper canônico no sistema...
[OK] Runtime instalado: /usr/local/bin/mocha-steam-game-run
[OK] Symlink usuário: /home/mocha/.local/bin/mocha-steam-game-run
[OK] Symlink skel: /etc/skel/.local/bin/mocha-steam-game-run

[4/7] Replicando em múltiplos locais canônicos do projeto...
[OK] Cópia canônica: /media/mochafast/MochaArch/ativo/assets/mocha-steam/bin/mocha-steam-game-run
[OK] Cópia canônica: /media/mochafast/MochaArch/ativo/wrapper-steam/mocha-steam-game-run-canonico
[OK] Cópia canônica: /media/mochafast/MochaArch/ativo/wrapper-steam/mocha-steam-game-run-canonico-alt-tab-input-20260611
[OK] Cópia canônica: /media/mochafast/MochaArch/ativo/usr/local/bin/mocha-steam-game-run
[OK] Cópia canônica: /media/mochafast/MochaArch/ativo/etc/skel/.local/bin/mocha-steam-game-run
[OK] Cópia canônica: /media/mochafast/MochaArch/ativo/calamares/payload/usr/local/bin/mocha-steam-game-run
[OK] Cópia canônica: /media/mochafast/MochaArch/ativo/calamares/payload/etc/skel/.local/bin/mocha-steam-game-run
install: cannot remove '/media/mochafast/MochaArch/ativo/calamares/payload/tema-completo/usr/local/bin/mocha-steam-game-run': Permission denied
