
============================================================
 Mocha — abortar tentativa travada e aplicar cores direto
============================================================
Usuário: hal
Home:    /home/hal
Log:     /media/mochafast/MochaArch/ativo/logs/20260628-172134-aborta-tentativa-aplica-cores-direto.log

============================================================
 1) Matar somente a tentativa Mocha travada
============================================================
[OK] tentativa anterior encerrada se ainda estava viva

============================================================
 2) Garantir plasmashell vivo
============================================================
[OK] plasmashell rodando

============================================================
 3) Localizar arquivo real de cores Mocha
============================================================
[OK] cores encontradas: /media/mochafast/MochaArch/ativo/kde/color-schemes/MochaDark.colors

============================================================
 4) Instalar cores Mocha no usuário, sistema, skel e payload
============================================================
cp: '/media/mochafast/MochaArch/ativo/kde/color-schemes/MochaDark.colors' and '/media/mochafast/MochaArch/ativo/kde/color-schemes/MochaDark.colors' are the same file
