
============================================================
 Mocha — instalar stack gamer canônico
============================================================
FAST:                 /media/mochafast/MochaArch
VM:                   /media/vmstore/MochaArch
Manual vivo:          /media/mochafast/MochaArch-Interno/ativo/MANUAL-UNICO-VIVO-MONTAGEM-MOCHA-ARCH-KDE.md
Roteiro:              /media/mochafast/MochaArch/passos a seguir.md
Wrapper canônico:     /media/mochafast/MochaArch/auditorias/backup-audio-alt-tab-definitivo-20260611-203707/mocha-steam-game-run.bak
Destino wrapper:      /usr/local/bin/mocha-steam-game-run
Launch option Steam:  /usr/local/bin/mocha-steam-game-run %command%
Log:                  /media/mochafast/MochaArch/ativo/logs/20260628-174554-instala-stack-gamer-mocha-canonico-alt-tab.log
============================================================

[OK] Manual vivo confirma o wrapper canônico ALT+TAB/input.
[AVISO] Roteiro não encontrado em: /media/mochafast/MochaArch/passos a seguir.md

============================================================
 1) Instalar pacotes do stack gamer sem remover nada
============================================================
[INFO] Pacotes encontrados no pacman:
  steam
  mangohud
  lib32-mangohud
  gamemode
  lib32-gamemode
  goverlay
  protontricks
  winetricks
  wine
  wine-mono
  wine-gecko
  lutris
  vulkan-tools
  vulkan-icd-loader
  lib32-vulkan-icd-loader
  vkmark
  glmark2
  piper
  libratbag
  antimicrox
  evtest
  linuxconsole
  openal
  lib32-openal
  alsa-plugins
  lib32-alsa-plugins
  libpulse
  lib32-libpulse
  pipewire
  pipewire-alsa
  pipewire-pulse
  wireplumber
  tuned
  system76-scheduler
warning: config file /etc/pacman.conf, line 103: directive 'IgnorePkg' in section 'multilib' not recognized.
warning: vulkan-tools-1.4.350.1-1 is up to date -- skipping
warning: vulkan-icd-loader-1.4.350.1-1 is up to date -- skipping
warning: openal-1.25.2-1 is up to date -- skipping
warning: alsa-plugins-1:1.2.12-5 is up to date -- skipping
warning: libpulse-17.0+r98+gb096704c0-1 is up to date -- skipping
warning: pipewire-1:1.6.7-1 is up to date -- skipping
warning: wireplumber-0.5.15-1 is up to date -- skipping
resolving dependencies...
:: There are 72 providers available for ttf-font-nerd:
:: Repository extra
   1) otf-atkinsonhyperlegiblemono-nerd  2) otf-aurulent-nerd  3) otf-codenewroman-nerd  4) otf-comicshanns-nerd  5) otf-commit-mono-nerd  6) otf-droid-nerd  7) otf-firamono-nerd  8) otf-geist-mono-nerd  9) otf-hasklig-nerd  10) otf-hermit-nerd  11) otf-monaspace-nerd  12) otf-monaspace-nerdfonts  13) otf-opendyslexic-nerd  14) otf-overpass-nerd  15) ttf-0xproto-nerd  16) ttf-3270-nerd  17) ttf-adwaitamono-nerd  18) ttf-agave-nerd  19) ttf-anonymouspro-nerd  20) ttf-arimo-nerd  21) ttf-bigblueterminal-nerd  22) ttf-bitstream-vera-mono-nerd  23) ttf-cascadia-code  24) ttf-cascadia-code-nerd  25) ttf-cascadia-mono-nerd  26) ttf-cousine-nerd  27) ttf-d2coding-nerd  28) ttf-daddytime-mono-nerd  29) ttf-dejavu-nerd  30) ttf-envycoder-nerd  31) ttf-fantasque-nerd  32) ttf-firacode-nerd  33) ttf-go-nerd  34) ttf-gohu-nerd  35) ttf-hack-nerd  36) ttf-heavydata-nerd  37) ttf-iawriter-nerd  38) ttf-ibmplex-mono-nerd  39) ttf-inconsolata-go-nerd  40) ttf-inconsolata-lgc-nerd  41) ttf-inconsolata-nerd  42) ttf-input-nerd  43) ttf-intone-nerd  44) ttf-iosevka-nerd  45) ttf-iosevkaterm-nerd  46) ttf-iosevkatermslab-nerd  47) ttf-jetbrains-mono-nerd  48) ttf-lekton-nerd  49) ttf-liberation-mono-nerd  50) ttf-lilex-nerd  51) ttf-martian-mono-nerd  52) ttf-meslo-nerd  53) ttf-monofur-nerd  54) ttf-monoid-nerd  55) ttf-mononoki-nerd  56) ttf-mplus-nerd  57) ttf-nerd-fonts-symbols  58) ttf-nerd-fonts-symbols-mono  59) ttf-noto-nerd  60) ttf-profont-nerd  61) ttf-proggyclean-nerd  62) ttf-recursive-nerd  63) ttf-roboto-mono-nerd  64) ttf-sharetech-mono-nerd  65) ttf-sourcecodepro-nerd  66) ttf-space-mono-nerd  67) ttf-terminus-nerd  68) ttf-tinos-nerd  69) ttf-ubuntu-mono-nerd  70) ttf-ubuntu-nerd  71) ttf-victor-mono-nerd  72) ttf-zed-mono-nerd

Enter a number (default=1): 
looking for conflicting packages...
:: pipewire-pulse-1:1.6.7-1 and pulseaudio-17.0+r98+gb096704c0-1 are in conflict. Remove pulseaudio? [y/N] error: unresolvable package conflicts detected
error: failed to prepare transaction (conflicting dependencies)

:: pipewire-pulse-1:1.6.7-1 and pulseaudio-17.0+r98+gb096704c0-1 are in conflict
