
============================================================
 Mocha — restaurar wrapper último bom ou mínimo seguro
============================================================
Wrapper: /usr/local/bin/mocha-steam-game-run
Log:     /media/mochafast/MochaArch/ativo/logs/20260628-005821-restaura-wrapper-ultimo-bom-ou-minimo.log
Backup:  /media/mochafast/MochaArch/ativo/backups/wrapper-steam

[1/5] Fechando Steam...
[OK] Steam fechada ou não estava aberta.

[2/5] Backup do wrapper atual...
[OK] Backup criado: /media/mochafast/MochaArch/ativo/backups/wrapper-steam/mocha-steam-game-run.20260628-005821.antes-rollback.bak

[3/5] Procurando wrappers antigos úteis...

[Candidatos encontrados]
     1	/media/mochafast/MochaArch/ativo/assets/mocha-steam/bin/mocha-steam-game-run
     2	/media/mochafast/MochaArch/ativo/backups/steam-proton-alt-tab/mocha-steam-game-run.20260628-001805.bak
     3	/media/mochafast/MochaArch/ativo/backups/wrapper-mangohud-correcao-20260627-190756/usr/local/bin/mocha-steam-game-run
     4	/media/mochafast/MochaArch/ativo/backups/wrapper-steam/mocha-steam-game-run.20260628-000956.bak
     5	/media/mochafast/MochaArch/ativo/backups/wrapper-steam/mocha-steam-game-run.20260628-005821.antes-rollback.bak
     6	/media/mochafast/MochaArch/ativo/docs/20260602-104316-mocha-steam-wrapper-mangohud-modo-steam-overlay.md
     7	/media/mochafast/MochaArch/ativo/documentacao/20260529-154451-wrapper-steam-auditoria-e-implantacao.md
     8	/media/mochafast/MochaArch/ativo/documentacao/20260529-154612-wrapper-steam-corrigido-falso-positivo.md
     9	/media/mochafast/MochaArch/ativo/etc/skel/.local/bin/mocha-steam-game-run
    10	/media/mochafast/MochaArch/ativo/logs/20260628-000956-restaura-wrapper-steam-alt-tab-canonico.log
    11	/media/mochafast/MochaArch/ativo/quarentena/wrappers/20260529-200013-mocha-steam-game-run-wrapper-antigo-quarentena
    12	/media/mochafast/MochaArch/ativo/relatorios/20260602-103924-auditoria-wrapper-steam-vs-gamemoderun.log
    13	/media/mochafast/MochaArch/ativo/relatorios/20260602-110334-auditoria-rede-firewall-dns-steam-gamemode-mangohud-wrapper.log
    14	/media/mochafast/MochaArch/ativo/scripts/20260529-154612-mocha-instalar-wrapper-steam-limpo-corrigido.sh
    15	/media/mochafast/MochaArch/ativo/scripts/20260529-200013-mocha-reaplicar-wrapper-steam-limpo.sh
    16	/media/mochafast/MochaArch/ativo/steam-mangohud-canonico/usr/local/bin/mocha-steam-game-run
    17	/media/mochafast/MochaArch/ativo/wrapper-steam/backups/mocha-steam-game-run-backup-20260529-154612
    18	/media/mochafast/MochaArch/ativo/wrapper-steam/mocha-steam-game-run-aprovado-candidato-20260529-154451
    19	/media/mochafast/MochaArch/ativo/wrapper-steam/mocha-steam-game-run-aprovado-candidato-20260529-154612
    20	/media/mochafast/MochaArch/auditorias/backup-audio-alt-tab-definitivo-20260611-203707/mocha-steam-game-run.bak
    21	/media/mochafast/MochaArch/auditorias/backup-fps-agressividade-energia-20260617-194048/mocha-steam-game-run.bak
    22	/media/mochafast/MochaArch/auditorias/backup-fps-gpu-gamemode-agressivo-20260618-003242/mocha-steam-game-run.bak
    23	/media/mochafast/MochaArch/auditorias/mocha-commit-push-ativo-interno-wrapper-steam-20260619-145127.log
    24	/media/mochafast/MochaArch/auditorias/mocha-commit-wrapper-steam-validador-corrigido-20260619-145541.log
    25	/media/mochafast/MochaArch/auditorias/mocha-cria-wrapper-atalho-steam-mangohud-20260619-144336.log
    26	/media/mochafast/MochaArch/auditorias/mocha-fixa-wrapper-steam-no-ativo-20260619-144738.log
    27	/media/vmstore/MochaArch/auditorias/correcao-calamares-mocha-sem-aspas-frageis-20260623-212101/05-steam-wrapper.txt
    28	/media/vmstore/MochaArch/snapshots/estado-reprodutivel-mocha-20260610-225651/mocha-scripts/ativo/docs/20260602-104316-mocha-steam-wrapper-mangohud-modo-steam-overlay.md
    29	/media/vmstore/MochaArch/snapshots/estado-reprodutivel-mocha-20260610-225651/mocha-scripts/ativo/documentacao/20260529-154451-wrapper-steam-auditoria-e-implantacao.md
    30	/media/vmstore/MochaArch/snapshots/estado-reprodutivel-mocha-20260610-225651/mocha-scripts/ativo/documentacao/20260529-154612-wrapper-steam-corrigido-falso-positivo.md
    31	/media/vmstore/MochaArch/snapshots/estado-reprodutivel-mocha-20260610-225651/mocha-scripts/ativo/relatorios/20260602-103924-auditoria-wrapper-steam-vs-gamemoderun.log
    32	/media/vmstore/MochaArch/snapshots/estado-reprodutivel-mocha-20260610-225651/mocha-scripts/ativo/relatorios/20260602-110334-auditoria-rede-firewall-dns-steam-gamemode-mangohud-wrapper.log
    33	/media/vmstore/MochaArch/snapshots/estado-reprodutivel-mocha-20260610-225651/mocha-scripts/ativo/scripts/20260529-154612-mocha-instalar-wrapper-steam-limpo-corrigido.sh
    34	/media/vmstore/MochaArch/snapshots/estado-reprodutivel-mocha-20260610-225651/mocha-scripts/ativo/scripts/20260529-200013-mocha-reaplicar-wrapper-steam-limpo.sh
    35	/media/vmstore/MochaArch/snapshots/estado-reprodutivel-mocha-20260610-225651/mocha-scripts/ativo/wrapper-steam/mocha-steam-game-run-aprovado-candidato-20260529-154451
    36	/media/vmstore/MochaArch/snapshots/estado-reprodutivel-mocha-20260610-225651/mocha-scripts/ativo/wrapper-steam/mocha-steam-game-run-aprovado-candidato-20260529-154612
    37	/media/vmstore/MochaArch/work/mocha-prepara-stack-jogo-calamares-v2-20260611-092252/tmp/mocha-steam-game-run

[Wrappers aprovados]
     1	/media/mochafast/MochaArch/ativo/backups/steam-proton-alt-tab/mocha-steam-game-run.20260628-001805.bak
     2	/media/mochafast/MochaArch/ativo/backups/wrapper-mangohud-correcao-20260627-190756/usr/local/bin/mocha-steam-game-run
     3	/media/mochafast/MochaArch/ativo/backups/wrapper-steam/mocha-steam-game-run.20260628-000956.bak
     4	/media/mochafast/MochaArch/ativo/backups/wrapper-steam/mocha-steam-game-run.20260628-005821.antes-rollback.bak
     5	/media/mochafast/MochaArch/ativo/logs/20260628-000956-restaura-wrapper-steam-alt-tab-canonico.log
     6	/media/mochafast/MochaArch/auditorias/mocha-commit-wrapper-steam-validador-corrigido-20260619-145541.log
     7	/media/mochafast/MochaArch/auditorias/mocha-cria-wrapper-atalho-steam-mangohud-20260619-144336.log
     8	/media/mochafast/MochaArch/auditorias/mocha-fixa-wrapper-steam-no-ativo-20260619-144738.log
     9	/media/vmstore/MochaArch/auditorias/correcao-calamares-mocha-sem-aspas-frageis-20260623-212101/05-steam-wrapper.txt
[OK] Wrapper restaurado a partir de: /media/mochafast/MochaArch/ativo/backups/wrapper-steam/mocha-steam-game-run.20260628-005821.antes-rollback.bak

[4/5] Se não achou wrapper bom, gravar mínimo seguro...

[5/5] Auditoria final...

[Wrapper atual]
#!/usr/bin/env bash
# Mocha Steam Game Wrapper — sem MangoHud/overlay
# Linha oficial na Steam:
# /usr/local/bin/mocha-steam-game-run %command%

set -u

if [ "$#" -eq 0 ]; then
  printf "%s\n" "Uso: /usr/local/bin/mocha-steam-game-run %command%" >&2
  exit 64
fi

# Mitigação de foco/input ao alternar janela.
export SDL_VIDEO_MINIMIZE_ON_FOCUS_LOSS=0
export WINE_MOUSE_WARP_OVERRIDE=force

# Remove overlay/config herdado.
unset MANGOHUD
unset MANGOHUD_CONFIG
unset MANGOHUD_CONFIGFILE
unset MANGOHUD_DLSYM

unset ENABLE_VKBASALT
unset VKBASALT_CONFIG_FILE

exec "$@"

[Checagem]
14:export SDL_VIDEO_MINIMIZE_ON_FOCUS_LOSS=0
15:export WINE_MOUSE_WARP_OVERRIDE=force
26:exec "$@"

[Linha oficial Steam]
/usr/local/bin/mocha-steam-game-run %command%

[OK] Concluído.
