
============================================================
 Mocha — helper CachyOS transitório V8.3
============================================================
Base:    /media/mochafast/MochaArch
Ativo:   /media/mochafast/MochaArch/ativo
Helper:  /usr/local/lib/mocha/mocha-cachyos-transient-install
Log:     /media/mochafast/MochaArch/ativo/logs/20260627-195557-corrige-helper-cachyos-available-sem-sudo-v83.log

[1] Backup do helper atual

[2] Regravando helper: --available sem sudo/pacman-key

[3] Copiando helper corrigido para canônico e payload

[4] Validação forte: abrir/status sem sudo no helper
Mocha — Kernel e Driver
Interface Mocha/KDE com CachyOS transitório

[CPU]
Modelo: AMD Ryzen 7 5700G with Radeon Graphics
Vendor: AuthenticAMD
Nível x86-64: x86-64-v3
Microcode recomendado: amd-ucode
AVX: sim | AVX2: sim | AVX512: não | FMA: sim | AES: sim

[Kernel atual]
uname -r: 7.0.13-arch1-2
Pacotes:
  linux 7.0.13.arch1-2
    linux-headers 7.0.13.arch1-2

[GPU/driver atual]
Vendor detectado: NVIDIA
Módulo NVIDIA: não detectado
lspci/kernel driver:
  01:00.0 VGA compatible controller [0300]: NVIDIA Corporation GB206 [GeForce RTX 5060 Ti] [10de:2d04] (rev a1)
    Subsystem: Micro-Star International Co., Ltd. [MSI] Device [1462:5351]
    Kernel modules: nouveau

[Pacotes de vídeo instalados]
  mesa 1:26.1.3-2
    vulkan-icd-loader 1.4.350.1-1
    vulkan-radeon 1:26.1.3-2
    vulkan-intel 1:26.1.3-2
    mesa 1:26.1.3-2
    libva-intel-driver 2.4.5-1
    nvidia-utils 610.43.02-3
    egl-wayland 4:1.1.21-1
    libxnvctrl 610.43.02-1
    nvidia-settings 610.43.02-1
    xf86-video-amdgpu 25.0.0-1

[Plano sugerido pelo hardware]
  amd-ucode
  egl-wayland
  lib32-mesa
  lib32-nvidia-utils
  lib32-vulkan-icd-loader
  libva-utils
  libxnvctrl
  linux-cachyos
  linux-cachyos-headers
  linux-cachyos-nvidia-open
  mesa
  nvidia-settings
  nvidia-utils
  opencl-nvidia
  vulkan-icd-loader
  vulkan-tools

[Regra de segurança]
CachyOS será usado somente por pacman.conf temporário.
/etc/pacman.conf não será editado.
Não será executado pacman -Syu geral.

[Disponível no CachyOS transitório]
[mocha-cachyos-transient] Canal CachyOS transitório detectado: v3
[mocha-cachyos-transient] Consulta --available sem sudo/pacman-key; nada será instalado.

Pacotes solicitados:
 - v3
 - amd-ucode
 - egl-wayland
 - lib32-mesa
 - lib32-nvidia-utils
 - lib32-vulkan-icd-loader
 - libva-utils
 - libxnvctrl
 - linux-cachyos
 - linux-cachyos-headers
 - linux-cachyos-nvidia-open
 - mesa
 - nvidia-settings
 - nvidia-utils
 - opencl-nvidia
 - vulkan-icd-loader
 - vulkan-tools

Pacotes encontrados no canal transitório:
 - amd-ucode
 - egl-wayland
 - lib32-mesa
 - lib32-nvidia-utils
 - libva-utils
 - libxnvctrl
 - linux-cachyos
 - linux-cachyos-headers
 - linux-cachyos-nvidia-open
 - mesa
 - nvidia-settings
 - nvidia-utils
 - opencl-nvidia
 - vulkan-icd-loader
 - vulkan-tools

Pacotes não encontrados e ignorados:
 - v3
 - lib32-vulkan-icd-loader

Versões disponíveis no canal transitório:
 - amd-ucode: 1:20260622-1 [cachyos]
 - egl-wayland: 4:1.1.21-1.1 [cachyos-extra-v3]
 - lib32-mesa: 3:26.1.2-1 [cachyos]
 - lib32-nvidia-utils: 610.43.02-1 [cachyos-v3]
 - libva-utils: 2.23.0-1.1 [cachyos-extra-v3]
 - libxnvctrl: 610.43.02-1 [cachyos-v3]
 - linux-cachyos: 7.1.1-2 [cachyos-v3]
 - linux-cachyos-headers: 7.1.1-2 [cachyos-v3]
 - linux-cachyos-nvidia-open: 7.1.1-2 [cachyos-v3]
 - mesa: 3:26.1.2-1 [cachyos]
 - nvidia-settings: 610.43.02-1 [cachyos-v3]
 - nvidia-utils: 610.43.02-3 [cachyos-v3]
 - opencl-nvidia: 610.43.02-3 [cachyos-v3]
 - vulkan-icd-loader: 1.4.350.1-1.1 [cachyos-extra-v3]
 - vulkan-tools: 1.4.350.1-1.1 [cachyos-extra-v3]

[OK] Consulta transitória concluída. Nada instalado.


[FALHA] Status ainda tentou usar pacman-key.
