
============================================================
 Mocha — corrigir Steam LaunchOptions com Steam fechada
============================================================
Usuário: mocha
HOME:    /home/mocha
Backup:  /home/mocha/.local/share/mocha/backups/steam-launchoptions-fechada-20260627-233523
Log:     /media/mochafast/MochaArch/ativo/logs/20260627-233523-fix-steam-launchoptions-fechada.log

[1] Fechando Steam/jogos para impedir sobrescrita do localconfig.vdf
[AVISO] Ainda existem processos Steam/jogo. Encerrando processos restantes.
[OK] Steam/jogos fechados.

[2] Recriando MangoHud canônico Mocha
[OK] MangoHud canônico: /usr/local/share/mocha/mangohud/MangoHud.conf

[3] Recriando wrapper oficial
[OK] Wrapper oficial: /usr/local/bin/mocha-steam-game-run

[4] Recriando launcher Steam Mocha
[OK] Launcher Steam Mocha: /usr/local/bin/mocha-steam-client

[5] Forçando LaunchOptions no localconfig.vdf
[CORRIGIDO] /home/mocha/.local/share/Steam/userdata/389303290/config/localconfig.vdf
[OK] /home/mocha/.steam/steam/userdata/389303290/config/localconfig.vdf
[OK] Linha oficial aplicada:
     /usr/local/bin/mocha-steam-game-run %command%
[OK] AppIDs cobertos:
     228980 319630 690790 1029690 1070560 1493710 2169200 4183110

[6] Conferência bruta dos LaunchOptions

---- /home/mocha/.local/share/Steam/userdata/389303290/config/localconfig.vdf ----
581-						}
582:						"LaunchOptions"		"/usr/local/bin/mocha-steam-game-run %command%"
583-					}
--
698-						}
699:						"LaunchOptions"		"/usr/local/bin/mocha-steam-game-run %command%"
700-					}
--
736-						}
737:						"LaunchOptions"		"/usr/local/bin/mocha-steam-game-run %command%"
738-					}
--
784-						}
785:						"LaunchOptions"		"/usr/local/bin/mocha-steam-game-run %command%"
786-						"autocloud"
--
823-						"LastPlayed"		"1782608266"
824:													"LaunchOptions"		"/usr/local/bin/mocha-steam-game-run %command%"
825-}
--
828-						"LastPlayed"		"1782608688"
829:													"LaunchOptions"		"/usr/local/bin/mocha-steam-game-run %command%"
830-}
--
833-						"LastPlayed"		"1782608682"
834:													"LaunchOptions"		"/usr/local/bin/mocha-steam-game-run %command%"
835-}
--
838-					{
839:						"LaunchOptions"		"/usr/local/bin/mocha-steam-game-run %command%"
840-					}

---- /home/mocha/.steam/steam/userdata/389303290/config/localconfig.vdf ----
581-						}
582:						"LaunchOptions"		"/usr/local/bin/mocha-steam-game-run %command%"
583-					}
--
698-						}
699:						"LaunchOptions"		"/usr/local/bin/mocha-steam-game-run %command%"
700-					}
--
736-						}
737:						"LaunchOptions"		"/usr/local/bin/mocha-steam-game-run %command%"
738-					}
--
784-						}
785:						"LaunchOptions"		"/usr/local/bin/mocha-steam-game-run %command%"
786-						"autocloud"
--
823-						"LastPlayed"		"1782608266"
824:													"LaunchOptions"		"/usr/local/bin/mocha-steam-game-run %command%"
825-}
--
828-						"LastPlayed"		"1782608688"
829:													"LaunchOptions"		"/usr/local/bin/mocha-steam-game-run %command%"
830-}
--
833-						"LastPlayed"		"1782608682"
834:													"LaunchOptions"		"/usr/local/bin/mocha-steam-game-run %command%"
835-}
--
838-					{
839:						"LaunchOptions"		"/usr/local/bin/mocha-steam-game-run %command%"
840-					}
[OK] Linha oficial encontrada no localconfig.vdf.

[7] Removendo watchers antigos e instalando watcher simples
[OK] Watcher antigo neutralizado.

[8] Abrindo Steam pelo launcher Mocha

============================================================
 Concluído
============================================================
Agora abra o jogo de novo pela Steam.

Quando o jogo abrir, a cadeia correta deve conter:
  /usr/local/bin/mocha-steam-game-run

E o ambiente do jogo deve conter:
  MANGOHUD_CONFIGFILE=/usr/local/share/mocha/mangohud/MangoHud.conf
  SDL_VIDEO_MINIMIZE_ON_FOCUS_LOSS=0
  MouseWarpOverride=force
  WINE_MOUSE_WARP_OVERRIDE=force

Log:
  /media/mochafast/MochaArch/ativo/logs/20260627-233523-fix-steam-launchoptions-fechada.log
