
============================================================
Mocha — retomar rootfs aberto, finalizar Calamares e gerar SFS reserva
============================================================
Base:       /media/mochafast/MochaArch
VMISO:      /media/vmstore/MochaArch/iso
Rootfs out: /media/vmstore/MochaArch/iso/rootfs-out
Reserva:    /media/vmstore/MochaArch/iso/rootfs-reserva
Log:        /media/mochafast/MochaArch/ativo/logs/20260627-205630-retoma-rootfs-aberto-gera-sfs-reserva.log

============================================================
1. Localizando rootfs aberto já copiado
============================================================
Rootfs retomado:
  /media/vmstore/MochaArch/iso/build-rootfs-estado-atual-calamares-gamer-20260627-204738/rootfs

SFS novo:
  /media/vmstore/MochaArch/iso/rootfs-out/airootfs-mocha-estado-atual-retomado-20260627-205630.sfs
[OK] Rootfs aberto localizado.

============================================================
2. Localizando Kernel/Driver seguindo o atalho
============================================================
Atalho encontrado: /etc/skel/Desktop/mocha-kernel-driver-manager.desktop
Kernel/Driver:
  /usr/local/bin/mocha-kernel-driver-manager-root
[OK] Kernel/Driver localizado.

============================================================
3. Garantindo payload do Calamares
============================================================
[OK] Payload garantido.

============================================================
4. Configurando usuário live mocha de forma robusta
============================================================
[OK] mocha já usa UID 1000.
