
============================================================
 Mocha — stack gamer + agressividade CPU/GPU/TuneD
============================================================
Log: /media/mochafast/MochaArch/ativo/logs/20260627-222904-stack-gamer-agressivo.log

[1] Wrapper Steam
[OK] Wrapper existente preservado.

[2] Ativando multilib se necessário
[OK] multilib já ativo.

[3] Sincronizando pacman
:: Synchronizing package databases...
 core downloading...
 extra downloading...
 multilib downloading...

[4] Instalando stack gamer oficial
[AVISO] Pacote não encontrado nos repositórios ativos: steam-native-runtime
[AVISO] Pacote não encontrado nos repositórios ativos: protonup-qt
:: Synchronizing package databases...
 core downloading...
 extra downloading...
 multilib downloading...
warning: steam-1.0.0.86-1 is up to date -- skipping
warning: gamemode-1.8.2-3 is up to date -- skipping
warning: lib32-gamemode-1.8.2-1 is up to date -- skipping
warning: mangohud-0.8.4-1 is up to date -- skipping
warning: lib32-mangohud-0.8.4-1 is up to date -- skipping
warning: flatpak-1:1.18.0-1 is up to date -- skipping
warning: vulkan-tools-1.4.350.1-1 is up to date -- skipping
warning: vulkan-icd-loader-1.4.350.1-1 is up to date -- skipping
warning: lib32-vulkan-icd-loader-1.4.350.1-1 is up to date -- skipping
warning: mesa-utils-9.0.0-7 is up to date -- skipping
warning: libva-utils-2.23.0-1 is up to date -- skipping
warning: ffmpeg-2:8.1.2-7 is up to date -- skipping
warning: gst-plugins-base-1.28.4-2 is up to date -- skipping
warning: gst-plugins-good-1.28.4-2 is up to date -- skipping
warning: gst-plugins-bad-1.28.4-2 is up to date -- skipping
warning: gst-plugins-ugly-1.28.4-2 is up to date -- skipping
warning: gst-libav-1.28.4-2 is up to date -- skipping
warning: bluez-5.86-6 is up to date -- skipping
warning: lm_sensors-1:3.6.2-1 is up to date -- skipping
:: Starting full system upgrade...
warning: egl-wayland: local (4:1.1.21-1.1) is newer than extra (4:1.1.21-1)
resolving dependencies...
:: There are 72 providers available for ttf-font-nerd:
:: Repository extra
   1) otf-atkinsonhyperlegiblemono-nerd  2) otf-aurulent-nerd  3) otf-codenewroman-nerd  4) otf-comicshanns-nerd  5) otf-commit-mono-nerd  6) otf-droid-nerd  7) otf-firamono-nerd  8) otf-geist-mono-nerd  9) otf-hasklig-nerd  10) otf-hermit-nerd  11) otf-monaspace-nerd  12) otf-monaspace-nerdfonts  13) otf-opendyslexic-nerd  14) otf-overpass-nerd  15) ttf-0xproto-nerd  16) ttf-3270-nerd  17) ttf-adwaitamono-nerd  18) ttf-agave-nerd  19) ttf-anonymouspro-nerd  20) ttf-arimo-nerd  21) ttf-bigblueterminal-nerd  22) ttf-bitstream-vera-mono-nerd  23) ttf-cascadia-code  24) ttf-cascadia-code-nerd  25) ttf-cascadia-mono-nerd  26) ttf-cousine-nerd  27) ttf-d2coding-nerd  28) ttf-daddytime-mono-nerd  29) ttf-dejavu-nerd  30) ttf-envycoder-nerd  31) ttf-fantasque-nerd  32) ttf-firacode-nerd  33) ttf-go-nerd  34) ttf-gohu-nerd  35) ttf-hack-nerd  36) ttf-heavydata-nerd  37) ttf-iawriter-nerd  38) ttf-ibmplex-mono-nerd  39) ttf-inconsolata-go-nerd  40) ttf-inconsolata-lgc-nerd  41) ttf-inconsolata-nerd  42) ttf-input-nerd  43) ttf-intone-nerd  44) ttf-iosevka-nerd  45) ttf-iosevkaterm-nerd  46) ttf-iosevkatermslab-nerd  47) ttf-jetbrains-mono-nerd  48) ttf-lekton-nerd  49) ttf-liberation-mono-nerd  50) ttf-lilex-nerd  51) ttf-martian-mono-nerd  52) ttf-meslo-nerd  53) ttf-monofur-nerd  54) ttf-monoid-nerd  55) ttf-mononoki-nerd  56) ttf-mplus-nerd  57) ttf-nerd-fonts-symbols  58) ttf-nerd-fonts-symbols-mono  59) ttf-noto-nerd  60) ttf-profont-nerd  61) ttf-proggyclean-nerd  62) ttf-recursive-nerd  63) ttf-roboto-mono-nerd  64) ttf-sharetech-mono-nerd  65) ttf-sourcecodepro-nerd  66) ttf-space-mono-nerd  67) ttf-terminus-nerd  68) ttf-tinos-nerd  69) ttf-ubuntu-mono-nerd  70) ttf-ubuntu-nerd  71) ttf-victor-mono-nerd  72) ttf-zed-mono-nerd

Enter a number (default=1): 
looking for conflicting packages...

Packages (74) 7zip-26.02-1  c-ares-1.34.6-1  cabextract-1.11-3  curl-impersonate-1.5.6-1  gnome-desktop-1:44.5-1  gnome-desktop-common-1:44.5-1  hdparm-9.65-3  libev-4.33-5  libpfm-4.13.0+r83+g91970fe-1  libprocps-3.3.17-4  libtraceevent-1:1.9.0-1  numactl-2.0.19-1  otf-atkinsonhyperlegiblemono-nerd-3.4.0-2  peg-0.1.19-1  perf-7.1.1-1  python-autocommand-2.2.2-9  python-beautifulsoup4-4.15.0-1  python-brotli-1.2.0-1  python-cffi-2.0.0-2  python-charset-normalizer-3.4.7-1  python-configobj-5.0.9-6  python-curl-adapter-1.2.1-2  python-curl_cffi-0.15.0-3  python-distro-1.9.0-4  python-dnspython-1:2.8.0-3  python-evdev-1.9.3-1  python-eventlet-0.41.0-1  python-gevent-26.5.0-1  python-greenlet-3.5.1-1  python-idna-3.18-1  python-jaraco.collections-5.1.0-3  python-jaraco.context-6.1.2-1  python-jaraco.functools-4.1.0-3  python-jaraco.text-4.0.0-4  python-linux-procfs-0.7.4-2  python-lxml-6.1.1-1  python-markdown-it-py-4.0.0-2  python-mdurl-0.1.2-9  python-moddb-0.15.0-1  python-more-itertools-11.1.0-1  python-pkg_resources-81.0.0-1  python-platformdirs-4.10.0-1  python-pycparser-3.00-1  python-pycurl-7.46.0-1  python-pygments-2.20.0-1  python-pyudev-0.24.4-1  python-requests-2.34.2-1  python-rich-15.0.0-1  python-setuptools-1:82.0.1-1  python-soupsieve-2.8.4-1  python-vdf-4.0-5  python-wheel-0.47.0-1  python-yaml-6.0.3-2  python-zope-event-6.2-1  python-zope-interface-8.5-1  qt6pas-6.2.10-4  antimicrox-3.6.1-1  bluez-utils-5.86-6  cpupower-7.1.1-1  goverlay-1.8.4-2  intel-gpu-tools-2.4-1  irqbalance-1.9.5-3  libratbag-0.18-1  lutris-0.5.22-1  nvtop-3.3.2-1  piper-0.8-3  protontricks-1.14.1-1  radeontop-1.4-3  tuned-2.27.0-1  wine-11.11-1  wine-gecko-2.47.4-2  wine-mono-11.1.0-1  winetricks-20260125-2  zram-generator-1.2.1-1

Total Download Size:    248.99 MiB
Total Installed Size:  1273.38 MiB

:: Proceed with installation? [Y/n] 
:: Retrieving packages...
 wine-gecko-2.47.4-2-x86_64 downloading...
 wine-11.11-1-x86_64 downloading...
 wine-mono-11.1.0-1-x86_64 downloading...
 goverlay-1.8.4-2-x86_64 downloading...
 otf-atkinsonhyperlegiblemono-nerd-3.4.0-2-any downloading...
 intel-gpu-tools-2.4-1-x86_64 downloading...
 perf-7.1.1-1-x86_64 downloading...
 libratbag-0.18-1-x86_64 downloading...
 python-pygments-2.20.0-1-any downloading...
 lutris-0.5.22-1-any downloading...
 7zip-26.02-1-x86_64 downloading...
 python-gevent-26.5.0-1-x86_64 downloading...
 curl-impersonate-1.5.6-1-x86_64 downloading...
 python-lxml-6.1.1-1-x86_64 downloading...
 antimicrox-3.6.1-1-x86_64 downloading...
 python-setuptools-1:82.0.1-1-any downloading...
 bluez-utils-5.86-6-x86_64 downloading...
 python-eventlet-0.41.0-1-any downloading...
 python-rich-15.0.0-1-any downloading...
 python-dnspython-1:2.8.0-3-any downloading...
 qt6pas-6.2.10-4-x86_64 downloading...
 tuned-2.27.0-1-any downloading...
 gnome-desktop-common-1:44.5-1-x86_64 downloading...
 python-zope-interface-8.5-1-x86_64 downloading...
 libpfm-4.13.0+r83+g91970fe-1-x86_64 downloading...
 python-brotli-1.2.0-1-x86_64 downloading...
 zram-generator-1.2.1-1-x86_64 downloading...
 python-cffi-2.0.0-2-x86_64 downloading...
 piper-0.8-3-any downloading...
 c-ares-1.34.6-1-x86_64 downloading...
 python-charset-normalizer-3.4.7-1-x86_64 downloading...
 python-curl_cffi-0.15.0-3-x86_64 downloading...
 cpupower-7.1.1-1-x86_64 downloading...
 python-beautifulsoup4-4.15.0-1-any downloading...
 python-yaml-6.0.3-2-x86_64 downloading...
 libtraceevent-1:1.9.0-1-x86_64 downloading...
 winetricks-20260125-2-any downloading...
 python-markdown-it-py-4.0.0-2-any downloading...
 python-requests-2.34.2-1-any downloading...
 python-pyudev-0.24.4-1-any downloading...
 python-moddb-0.15.0-1-any downloading...
 protontricks-1.14.1-1-any downloading...
 python-pycurl-7.46.0-1-x86_64 downloading...
 python-greenlet-3.5.1-1-x86_64 downloading...
 python-more-itertools-11.1.0-1-any downloading...
 python-evdev-1.9.3-1-x86_64 downloading...
 libev-4.33-5-x86_64 downloading...
 gnome-desktop-1:44.5-1-x86_64 downloading...
 python-pycparser-3.00-1-any downloading...
 python-soupsieve-2.8.4-1-any downloading...
 python-pkg_resources-81.0.0-1-any downloading...
 python-idna-3.18-1-any downloading...
 hdparm-9.65-3-x86_64 downloading...
 nvtop-3.3.2-1-x86_64 downloading...
 numactl-2.0.19-1-x86_64 downloading...
 python-wheel-0.47.0-1-any downloading...
 python-configobj-5.0.9-6-any downloading...
 python-curl-adapter-1.2.1-2-any downloading...
 irqbalance-1.9.5-3-x86_64 downloading...
 python-platformdirs-4.10.0-1-any downloading...
 peg-0.1.19-1-x86_64 downloading...
 libprocps-3.3.17-4-x86_64 downloading...
 cabextract-1.11-3-x86_64 downloading...
 python-distro-1.9.0-4-any downloading...
 python-linux-procfs-0.7.4-2-any downloading...
 radeontop-1.4-3-x86_64 downloading...
 python-autocommand-2.2.2-9-any downloading...
 python-vdf-4.0-5-any downloading...
 python-jaraco.collections-5.1.0-3-any downloading...
 python-jaraco.text-4.0.0-4-any downloading...
 python-mdurl-0.1.2-9-any downloading...
 python-jaraco.functools-4.1.0-3-any downloading...
 python-jaraco.context-6.1.2-1-any downloading...
 python-zope-event-6.2-1-any downloading...
checking keyring...
checking package integrity...
loading package files...
checking for file conflicts...
checking available disk space...
:: Processing package changes...
installing qt6pas...
installing 7zip...
installing otf-atkinsonhyperlegiblemono-nerd...
installing goverlay...
Optional dependencies for goverlay
    mesa-utils: OpenGL preview [installed]
    vulkan-tools: Vulkan preview [installed]
    vkbasalt: Configure vkBasalt
    git: Clone reshade repository [installed]
installing hdparm...
installing numactl...
installing libtraceevent...
Optional dependencies for libtraceevent
    libtraceevent-docs: for documentation
installing libpfm...
installing perf...
installing python-configobj...
installing python-linux-procfs...
installing python-pyudev...
Optional dependencies for python-pyudev
    python-wxpython: WX integration
installing tuned...
Optional dependencies for tuned
    virt-what: Virtual machine detection
    systemtap: Detailed system monitoring
    tuned-ppd: power-profiles-daemon api translation
    wireless_tools: Wireless device power management [installed]
    x86_energy_perf_policy: Energy Performance Bias (EPB) support
installing zram-generator...
installing cpupower...
installing irqbalance...
installing cabextract...
installing gnome-desktop-common...
installing gnome-desktop...
installing python-distro...
installing python-evdev...
installing python-lxml...
Optional dependencies for python-lxml
    python-beautifulsoup4: support for beautifulsoup parser to parse not well formed HTML [pending]
    python-cssselect: support for cssselect
    python-html5lib: support for html5lib parser
    python-lxml-docs: offline docs
    python-lxml-html-clean: enable htmlclean feature
installing python-soupsieve...
installing python-beautifulsoup4...
Optional dependencies for python-beautifulsoup4
    python-cchardet: alternative to autodetect character encodings
    python-chardet: to autodetect character encodings
    python-lxml: alternative HTML parser [installed]
    python-html5lib: alternative HTML parser
installing python-brotli...
installing curl-impersonate...
installing python-pycparser...
installing python-cffi...
Optional dependencies for python-cffi
    python-setuptools: "limited api" version checking in cffi.setuptools_ext [pending]
installing python-dnspython...
Optional dependencies for python-dnspython
    python-cryptography: DNSSEC support
    python-requests-toolbelt: DoH support
    python-idna: support for updated IDNA 2008 [pending]
    python-curio: async support
    python-trio: async support
    python-sniffio: async support
installing python-greenlet...
installing python-eventlet...
Optional dependencies for python-eventlet
    python-httplib2: non-blocking HTTP support
    python-psycopg2: non-blocking PostgreSQL support
    python-pyopenssl: non-blocking SSL support
    python-pyzmq: non-blocking ZeroMQ support
installing c-ares...
installing libev...
installing python-more-itertools...
installing python-jaraco.functools...
installing python-jaraco.context...
installing python-autocommand...
installing python-jaraco.text...
Optional dependencies for python-jaraco.text
    python-inflect: for show-newlines script
installing python-jaraco.collections...
installing python-platformdirs...
installing python-wheel...
Optional dependencies for python-wheel
    python-keyring: for wheel.signatures
    python-xdg: for wheel.signatures
    python-setuptools: for legacy bdist_wheel subcommand [pending]
installing python-pkg_resources...
installing python-setuptools...
installing python-zope-event...
installing python-zope-interface...
installing python-gevent...
installing python-mdurl...
installing python-markdown-it-py...
Optional dependencies for python-markdown-it-py
    python-mdit_py_plugins: core plugins
    python-linkify-it-py: linkify extension
installing python-pygments...
installing python-rich...
installing python-curl_cffi...
Optional dependencies for python-curl_cffi
    python-orjson: speed and memory optimized JSON parsing [installed]
    python-markdownify
    python-lxml-html-clean
    python-readability-lxml
installing python-pycurl...
installing python-charset-normalizer...
installing python-idna...
installing python-requests...
Optional dependencies for python-requests
    python-chardet: alternative character encoding library
    python-pysocks: SOCKS proxy support
installing python-curl-adapter...
Optional dependencies for python-curl-adapter
    python-gevent: gevent support [installed]
installing python-moddb...
installing python-yaml...
installing lutris...
Optional dependencies for lutris
    fluidsynth: For games that have MIDI music [installed]
    gamemode: Allows games to request a temporary set of optimisations [installed]
    gvfs: GVFS backend [installed]
    innoextract: Extract Inno Setup installers
    libayatana-appindicator: tray icon support
    lib32-gamemode: Allows games to request a temporary set of optimisations [installed]
    lib32-gnutls: Required to login to some game platforms (e.g. Ubisoft Connect, EA Origin and GOG) [installed]
    lib32-mesa-libgl: OpenGL support [installed]
    lib32-vkd3d: DirectX 12 support
    lib32-vulkan-icd-loader: Vulkan support [installed]
    python-pefile: Display icons of Microsoft executable files
    python-protobuf: Battle.net support
    vkd3d: DirectX 12 support
    vulkan-icd-loader: Vulkan support [installed]
    vulkan-tools: Vulkan support [installed]
    wine: Windows support [pending]
    winetricks: Use system winetricks [pending]
    xorg-xgamma: Restore gamma on game exit
    umu-launcher: For running games through Proton
installing python-vdf...
installing wine...
Run 'systemctl restart systemd-binfmt' in order to make the wine binfmt available on your system.
Optional dependencies for wine
    alsa-lib [installed]
    alsa-plugins [installed]
    cups
    dosbox
    ffmpeg [installed]
    gnutls [installed]
    gst-plugins-bad [installed]
    gst-plugins-base [installed]
    gst-plugins-base-libs [installed]
    gst-plugins-good [installed]
    gst-plugins-ugly [installed]
    gstreamer [installed]
    libgphoto2 [installed]
    libpulse [installed]
    libusb [installed]
    libxcomposite [installed]
    libxinerama [installed]
    opencl-icd-loader [installed]
    pcsclite [installed]
    perl [installed]
    samba [installed]
    sane
    sdl2 [installed]
    unixodbc
    v4l-utils [installed]
    wine-gecko [pending]
    wine-mono [pending]
installing winetricks...
Optional dependencies for winetricks
    zenity: GUI for GNOME desktop [installed]
    kdialog: GUI for KDE desktop [installed]
installing protontricks...
Optional dependencies for protontricks
    yad: GUI for game selection
    zenity: GUI for winetricks [installed]
installing wine-mono...
installing wine-gecko...
installing libratbag...
Optional dependencies for libratbag
    linux: Linux 5.2 is required for Logitech wireless devices
installing piper...
installing antimicrox...
installing bluez-utils...
Optional dependencies for bluez-utils
    ell: for btpclient [installed]
installing nvtop...
installing radeontop...
installing libprocps...
installing peg...
installing intel-gpu-tools...
Optional dependencies for intel-gpu-tools
    python-dissect.cstruct: for intel-gfx-fw-info
:: Running post-transaction hooks...
( 1/13) Creating temporary files...
( 2/13) Registering binary formats...
( 3/13) Reloading system manager configuration...
( 4/13) Reloading user manager configuration...
( 5/13) Updating the MIME type database...
( 6/13) Reloading device manager configuration...
( 7/13) Arming ConditionNeedsUpdate...
( 8/13) Updating fontconfig configuration...
( 9/13) Reloading system bus configuration...
(10/13) Updating fontconfig cache...
(11/13) Updating 32-bit fontconfig cache...
(12/13) Updating icon theme caches...
(13/13) Updating the desktop file MIME type cache...
[OK] Stack gamer oficial instalado/verificado.

[5] Flatpak gamer
Installing runtime/net.davidotek.pupgui2.Locale/x86_64/stable
Installing runtime/org.freedesktop.Platform.GL.default/x86_64/24.08
Installing runtime/org.freedesktop.Platform.GL.default/x86_64/24.08extra
Installing runtime/org.freedesktop.Platform.GL.nvidia-610-43-02/x86_64/1.4
Installing runtime/org.freedesktop.Platform.openh264/x86_64/2.5.1
Installing runtime/org.kde.KStyle.Adwaita/x86_64/6.9
Installing runtime/org.kde.Platform.Locale/x86_64/6.9
Installing runtime/org.kde.Platform/x86_64/6.9
[?25h[AVISO] Flatpak falhou ou indisponível: net.davidotek.pupgui2
Installing runtime/org.freedesktop.Platform.Compat.i386/x86_64/25.08
[?25h[AVISO] Flatpak falhou ou indisponível: com.heroicgameslauncher.hgl
Installing runtime/com.usebottles.bottles.Locale/x86_64/stable
Installing runtime/org.freedesktop.Platform.Compat.i386/x86_64/25.08
