
============================================================
 Mocha — forçar MangoHud padrão canônico
============================================================
Log: /media/mochafast/MochaArch/ativo/logs/20260627-224714-forca-mangohud-canonico.log

[OK] Config canônica instalada em /usr/local/share/mocha/mangohud/MangoHud.conf
[OK] Config replicada para /etc/skel
[OK] Backup da config antiga do usuário atual criado
[OK] Config aplicada ao usuário atual: /home/mocha/.config/MangoHud/MangoHud.conf
[OK] Config aplicada para usuário: mocha
[OK] Wrapper global regravado: /usr/local/bin/mocha-steam-game-run
[OK] Symlinks do wrapper aplicados em usuário atual e /etc/skel

[AUDITORIA]

Wrapper: OK
MANGOHUD_CONFIGFILE no wrapper: OK
Config canônica existe: OK
Proibidos no wrapper: FALHA

[COMANDO CORRETO NA STEAM]
/usr/local/bin/mocha-steam-game-run %command%

[IMPORTANTE]
Se algum jogo estiver com 'mangohud %command%' ou wrapper antigo nas opções de inicialização,
ele pode ignorar o padrão Mocha. O correto é:

  mocha-steam-game-run %command%

ou:

  /usr/local/bin/mocha-steam-game-run %command%

[OK] MangoHud padrão Mocha forçado.
Log: /media/mochafast/MochaArch/ativo/logs/20260627-224714-forca-mangohud-canonico.log
