
============================================================
Mocha — fechamento final rootfs + Calamares
============================================================
Base:    /media/mochafast/MochaArch
Ativo:   /media/mochafast/MochaArch/ativo
VM ISO:  /media/vmstore/MochaArch/iso
Work:    /media/vmstore/MochaArch/iso/build-fechamento-rootfs-calamares-20260627-203738
Rootfs:  /media/vmstore/MochaArch/iso/build-fechamento-rootfs-calamares-20260627-203738/rootfs
Log:     /media/mochafast/MochaArch/ativo/logs/20260627-203738-fechamento-rootfs-calamares-final.log

============================================================
1. Conferindo ferramentas necessárias
============================================================
[OK] Ferramentas disponíveis.

============================================================
2. Localizando ISO-base funcional
============================================================
ISO-base: /media/vmstore/MochaArch/iso/out/isos-antigas-calamares-sfs-auto-v5-20260624-225604/Mocha-calamares-corrigido-20260624-204535.iso
[OK] ISO-base selecionada.

============================================================
3. Localizando programa Mocha Kernel/Driver
============================================================
