
============================================================
 Mocha — corrigir CachyOS v3 e instalar kernel/NVIDIA casados
============================================================
Data: Sun Jun 28 16:35:27 -03 2026
Log:  /media/mochafast/MochaArch/ativo/logs/20260628-163527-corrige-cachyos-v3-instala-casal.log

[INFO] CPU:
AMD Ryzen 7 5700G with Radeon Graphics

[INFO] GPU:
01:00.0 VGA compatible controller [0300]: NVIDIA Corporation GB206 [GeForce RTX 5060 Ti] [10de:2d04] (rev a1)

[OK] CPU suporta x86-64-v3.

[INFO] Estado antes:
7.0.14-arch1-1
egl-wayland 4:1.1.21-1
egl-wayland2 1.0.1-1
libxnvctrl 610.43.02-1
linux 7.0.14.arch1-1
linux-api-headers 7.1-1
linux-atm 2.5.2-9
linux-firmware 20260622-1
linux-firmware-amdgpu 20260622-1
linux-firmware-atheros 20260622-1
linux-firmware-broadcom 20260622-1
linux-firmware-cirrus 20260622-1
linux-firmware-intel 20260622-1
linux-firmware-mediatek 20260622-1
linux-firmware-nvidia 20260622-1
linux-firmware-other 20260622-1
linux-firmware-radeon 20260622-1
linux-firmware-realtek 20260622-1
linux-firmware-whence 20260622-1
linux-headers 7.0.14.arch1-1
nvidia-settings 610.43.02-1
nvidia-utils 610.43.02-3

[INFO] Backup do pacman.conf atual antes de corrigir:
[OK] /etc/pacman.conf.mocha-current-before-fix-20260628-163527.bak

[INFO] Limpando estado deixado pela tentativa anterior...
[INFO] Restaurando backup pré-CachyOS:
/etc/pacman.conf.mocha-pre-cachyos-v3-20260628-163252.bak

[INFO] Ajustando Architecture para aceitar Arch x86_64 + CachyOS x86_64_v3...
22:Architecture = x86_64 x86_64_v3

[INFO] Garantindo keyring/mirrorlists CachyOS...
gpg: key F3B607488DB35A47: "CachyOS <admin@cachyos.org>" not changed
gpg: Total number processed: 1
gpg:              unchanged: 1
  -> Locally signed 1 key.
==> Updating trust database...
gpg: next trustdb check due at 2026-10-21
[OK] Keyring/mirrorlists CachyOS já instalados.

[INFO] Removendo blocos transitórios antigos e inserindo CachyOS v3 temporário...

[INFO] Desativando IgnorePkg temporariamente para permitir casamento kernel/driver...

[INFO] Sincronizando bancos. Não será feito pacman -Syu geral.
:: Synchronizing package databases...
 cachyos-v3 downloading...
 cachyos-core-v3 downloading...
 cachyos-extra-v3 downloading...
 cachyos downloading...
 core downloading...
 extra downloading...
 multilib downloading...

[INFO] Pacotes escolhidos:
Kernel:        linux-cachyos
Headers:       linux-cachyos-headers
NVIDIA módulo: linux-cachyos-nvidia-open

Repository      : cachyos-v3
Name            : linux-cachyos
Version         : 7.1.1-2
Architecture    : x86_64_v3
Provides        : VIRTUALBOX-GUEST-MODULES  WIREGUARD-MODULE  KSMBD-MODULE  V4L2LOOPBACK-MODULE  NTSYNC-MODULE  VHBA-MODULE  ADIOS-MODULE  linux-cachyos-lto=7.1.1-2
Depends On      : coreutils  kmod  initramfs
Conflicts With  : None
Repository      : cachyos
Name            : linux-cachyos
Version         : 7.0.11-1
Architecture    : x86_64
Provides        : VIRTUALBOX-GUEST-MODULES  WIREGUARD-MODULE  KSMBD-MODULE  V4L2LOOPBACK-MODULE  NTSYNC-MODULE  VHBA-MODULE  ADIOS-MODULE  linux-cachyos-lto=7.0.11-1
Depends On      : coreutils  kmod  initramfs
Conflicts With  : None
Repository      : cachyos-v3
Name            : linux-cachyos-headers
Version         : 7.1.1-2
Architecture    : x86_64_v3
Provides        : LINUX-HEADERS  linux-cachyos-lto-headers=7.1.1-2
Depends On      : binutils  glibc  libelf  libgcc  openssl  pahole  xxhash  zlib  zstd  linux-cachyos  clang  llvm  lld
Conflicts With  : None
Repository      : cachyos
Name            : linux-cachyos-headers
Version         : 7.0.11-1
Architecture    : x86_64
Provides        : LINUX-HEADERS  linux-cachyos-lto-headers=7.0.11-1
Depends On      : binutils  glibc  libelf  libgcc  openssl  pahole  xxhash  zlib  zstd  linux-cachyos  clang  llvm  lld
Conflicts With  : None
Repository      : cachyos-v3
Name            : linux-cachyos-nvidia-open
Version         : 7.1.1-2
Architecture    : x86_64_v3
Provides        : NVIDIA-MODULE
Depends On      : linux-cachyos=7.1.1-2  nvidia-utils=610.43.02  libglvnd
Conflicts With  : linux-cachyos-nvidia
Repository      : cachyos
Name            : linux-cachyos-nvidia-open
Version         : 7.0.11-1
Architecture    : x86_64
Provides        : NVIDIA-MODULE
Depends On      : linux-cachyos=7.0.11-1  nvidia-utils=610.43.02  libglvnd
Conflicts With  : linux-cachyos-nvidia
Repository      : cachyos-v3
Name            : nvidia-utils
Version         : 610.43.02-3
Architecture    : x86_64_v3
Provides        : vulkan-driver  opengl-driver  nvidia-libgl
Depends On      : libglvnd  egl-wayland  egl-wayland2  egl-gbm  egl-x11
Conflicts With  : nvidia-libgl
Repository      : cachyos
Name            : nvidia-utils
Version         : 610.43.02-3
Architecture    : x86_64
Provides        : vulkan-driver  opengl-driver  nvidia-libgl
Depends On      : libglvnd  egl-wayland  egl-wayland2  egl-gbm  egl-x11
Conflicts With  : nvidia-libgl
Repository      : extra
Name            : nvidia-utils
Version         : 610.43.02-3
Architecture    : x86_64
Provides        : vulkan-driver  opengl-driver  nvidia-libgl
Depends On      : libglvnd  egl-wayland  egl-wayland2  egl-gbm  egl-x11
Conflicts With  : nvidia-libgl
Repository      : cachyos-v3
Name            : lib32-nvidia-utils
Version         : 610.43.02-1
Architecture    : x86_64_v3
Provides        : lib32-vulkan-driver  lib32-opengl-driver  lib32-nvidia-libgl
Depends On      : lib32-zlib  lib32-gcc-libs  lib32-libglvnd  nvidia-utils=610.43.02
Conflicts With  : lib32-nvidia-libgl
Repository      : cachyos
Name            : lib32-nvidia-utils
Version         : 610.43.02-1
Architecture    : x86_64
Provides        : lib32-vulkan-driver  lib32-opengl-driver  lib32-nvidia-libgl
Depends On      : lib32-zlib  lib32-gcc-libs  lib32-libglvnd  nvidia-utils=610.43.02
Conflicts With  : lib32-nvidia-libgl
Repository      : multilib
Name            : lib32-nvidia-utils
Version         : 610.43.02-1
Architecture    : x86_64
Provides        : lib32-vulkan-driver  lib32-opengl-driver  lib32-nvidia-libgl
Depends On      : lib32-zlib  lib32-gcc-libs  lib32-libglvnd  nvidia-utils=610.43.02
Conflicts With  : lib32-nvidia-libgl
Repository      : cachyos-v3
Name            : opencl-nvidia
Version         : 610.43.02-3
Architecture    : x86_64_v3
Provides        : opencl-driver
Depends On      : zlib
Conflicts With  : None
Repository      : cachyos
Name            : opencl-nvidia
Version         : 610.43.02-3
Architecture    : x86_64
Provides        : opencl-driver
Depends On      : zlib
Conflicts With  : None
Repository      : extra
Name            : opencl-nvidia
Version         : 610.43.02-3
Architecture    : x86_64
Provides        : opencl-driver
Depends On      : zlib
Conflicts With  : None
Repository      : cachyos-extra-v3
Name            : egl-wayland
Version         : 4:1.1.21-1.1
Architecture    : x86_64_v3
Provides        : libnvidia-egl-wayland.so=1-64
Depends On      : eglexternalplatform  glibc  libdrm  wayland
Conflicts With  : None
Repository      : extra
Name            : egl-wayland
Version         : 4:1.1.21-1
Architecture    : x86_64
Provides        : libnvidia-egl-wayland.so=1-64
Depends On      : eglexternalplatform  glibc  libdrm  wayland
Conflicts With  : None
Repository      : cachyos-v3
Name            : libxnvctrl
Version         : 610.43.02-1
Architecture    : x86_64_v3
Provides        : libXNVCtrl.so=0-64
Depends On      : libxext
Conflicts With  : None
Repository      : cachyos-extra-v3
Name            : libxnvctrl
Version         : 610.43.02-1.1
Architecture    : x86_64_v3
Provides        : libXNVCtrl.so=0-64
Depends On      : libxext
Conflicts With  : None
Repository      : cachyos
Name            : libxnvctrl
Version         : 595.71.05-1
Architecture    : x86_64
Provides        : libXNVCtrl.so=0-64
Depends On      : libxext
Conflicts With  : None
Repository      : extra
Name            : libxnvctrl
Version         : 610.43.02-1
Architecture    : x86_64
Provides        : libXNVCtrl.so=0-64
Depends On      : libxext
Conflicts With  : None

[INFO] Instalando somente kernel CachyOS v3 + NVIDIA casados...
warning: nvidia-utils-610.43.02-3 is up to date -- skipping
warning: nvidia-settings-610.43.02-1 is up to date -- skipping
warning: libxnvctrl-610.43.02-1 is up to date -- skipping
resolving dependencies...
looking for conflicting packages...

Packages (55) lib32-brotli-1.1.0-1  lib32-bzip2-1.0.8-4  lib32-curl-8.21.0-1  lib32-e2fsprogs-1.47.4-1  lib32-expat-2.8.2-1  lib32-gcc-libs-16.1.1+r346+g4e03491b401d-2  lib32-glibc-2.43+r37+gfdf10644d6ee-2  lib32-gmp-6.3.0-2  lib32-gnutls-3.8.13-3  lib32-icu-78.3-1  lib32-json-c-0.19-1  lib32-keyutils-1.6.3-4  lib32-krb5-1.22.2-1  lib32-libdrm-2.4.134-1  lib32-libelf-0.195-1  lib32-libffi-3.6.0-1  lib32-libglvnd-1.7.0-1  lib32-libidn2-2.3.8-1  lib32-libldap-2.6.13-1  lib32-libnghttp2-1.69.0-1  lib32-libnghttp3-1.17.0-1  lib32-libngtcp2-1.24.0-1  lib32-libpciaccess-0.19-1  lib32-libpsl-0.21.5-1  lib32-libssh2-1.11.1-3  lib32-libtasn1-4.21.0-1  lib32-libunistring-1.4.2-1  lib32-libx11-1.8.13-1  lib32-libxau-1.0.12-1  lib32-libxcb-1.17.0-1  lib32-libxcrypt-4.5.2-1  lib32-libxdmcp-1.1.5-1  lib32-libxext-1.3.7-1  lib32-libxml2-2.15.3-1  lib32-libxshmfence-1.3.3-1  lib32-libxxf86vm-1.1.5-2  lib32-llvm-libs-1:22.1.6-1  lib32-lm_sensors-1:3.6.2-2  lib32-mesa-3:26.1.3-1  lib32-ncurses-6.6-2  lib32-nettle-4.0-2  lib32-openssl-1:3.6.3-1  lib32-p11-kit-0.26.2-1  lib32-spirv-tools-1:1.4.350.1-1  lib32-wayland-1.25.0-1  lib32-xz-5.8.3-1  lib32-zlib-1.3.2-1  lib32-zstd-1.5.7-2  lld-22.1.6-1.1  egl-wayland-4:1.1.21-1.1  lib32-nvidia-utils-610.43.02-1  linux-cachyos-7.1.1-2  linux-cachyos-headers-7.1.1-2  linux-cachyos-nvidia-open-7.1.1-2  opencl-nvidia-610.43.02-3

Total Download Size:    403.57 MiB
Total Installed Size:  1339.30 MiB
Net Upgrade Size:      1339.20 MiB

:: Proceed with installation? [Y/n] 
:: Retrieving packages...
 linux-cachyos-7.1.1-2-x86_64_v3 downloading...
 lib32-nvidia-utils-610.43.02-1-x86_64_v3 downloading...
 lib32-llvm-libs-1:22.1.6-1-x86_64 downloading...
 linux-cachyos-headers-7.1.1-2-x86_64_v3 downloading...
 lib32-mesa-3:26.1.3-1-x86_64 downloading...
 lib32-gcc-libs-16.1.1+r346+g4e03491b401d-2-x86_64_v3 downloading...
 lib32-icu-78.3-1-x86_64 downloading...
 linux-cachyos-nvidia-open-7.1.1-2-x86_64_v3 downloading...
 opencl-nvidia-610.43.02-3-x86_64_v3 downloading...
 lib32-glibc-2.43+r37+gfdf10644d6ee-2-x86_64_v3 downloading...
 lld-22.1.6-1.1-x86_64_v3 downloading...
 lib32-openssl-1:3.6.3-1-x86_64 downloading...
 lib32-spirv-tools-1:1.4.350.1-1-x86_64 downloading...
 lib32-gnutls-3.8.13-3-x86_64 downloading...
 lib32-krb5-1.22.2-1-x86_64 downloading...
 lib32-libx11-1.8.13-1-x86_64 downloading...
 lib32-libunistring-1.4.2-1-x86_64 downloading...
 lib32-libxml2-2.15.3-1-x86_64 downloading...
 lib32-p11-kit-0.26.2-1-x86_64 downloading...
 lib32-curl-8.21.0-1-x86_64 downloading...
 lib32-zstd-1.5.7-2-x86_64_v3 downloading...
 lib32-brotli-1.1.0-1-x86_64 downloading...
 lib32-nettle-4.0-2-x86_64 downloading...
 lib32-libelf-0.195-1-x86_64 downloading...
 lib32-gmp-6.3.0-2-x86_64 downloading...
 lib32-e2fsprogs-1.47.4-1-x86_64 downloading...
 lib32-ncurses-6.6-2-x86_64 downloading...
 lib32-libglvnd-1.7.0-1-x86_64 downloading...
 lib32-libngtcp2-1.24.0-1-x86_64 downloading...
 lib32-libxcb-1.17.0-1-x86_64 downloading...
 lib32-libldap-2.6.13-1-x86_64 downloading...
 lib32-libdrm-2.4.134-1-x86_64 downloading...
 lib32-libssh2-1.11.1-3-x86_64 downloading...
 lib32-xz-5.8.3-1-x86_64 downloading...
 lib32-expat-2.8.2-1-x86_64 downloading...
 lib32-libxcrypt-4.5.2-1-x86_64 downloading...
 lib32-libnghttp3-1.17.0-1-x86_64 downloading...
 lib32-libnghttp2-1.69.0-1-x86_64 downloading...
 lib32-wayland-1.25.0-1-x86_64 downloading...
 lib32-libpsl-0.21.5-1-x86_64 downloading...
 lib32-libidn2-2.3.8-1-x86_64 downloading...
 lib32-zlib-1.3.2-1-x86_64 downloading...
 egl-wayland-4:1.1.21-1.1-x86_64_v3 downloading...
 lib32-json-c-0.19-1-x86_64 downloading...
 lib32-libtasn1-4.21.0-1-x86_64 downloading...
 lib32-bzip2-1.0.8-4-x86_64 downloading...
 lib32-libxext-1.3.7-1-x86_64 downloading...
 lib32-lm_sensors-1:3.6.2-2-x86_64 downloading...
 lib32-libffi-3.6.0-1-x86_64 downloading...
 lib32-libpciaccess-0.19-1-x86_64 downloading...
 lib32-libxdmcp-1.1.5-1-x86_64 downloading...
 lib32-libxxf86vm-1.1.5-2-x86_64 downloading...
 lib32-keyutils-1.6.3-4-x86_64 downloading...
 lib32-libxau-1.0.12-1-x86_64 downloading...
 lib32-libxshmfence-1.3.3-1-x86_64 downloading...
error: failed retrieving file 'lib32-gcc-libs-16.1.1+r346+g4e03491b401d-2-x86_64_v3.pkg.tar.zst' from cdn77.cachyos.org : The requested URL returned error: 404
error: failed retrieving file 'lib32-glibc-2.43+r37+gfdf10644d6ee-2-x86_64_v3.pkg.tar.zst' from cdn77.cachyos.org : The requested URL returned error: 404
checking keyring...
checking package integrity...
loading package files...
checking for file conflicts...
checking available disk space...
:: Processing package changes...
installing linux-cachyos...
Optional dependencies for linux-cachyos
    wireless-regdb: to set the correct wireless channels of your country [installed]
    linux-firmware: firmware images needed for some devices [installed]
    modprobed-db: Keeps track of EVERY kernel module that has ever been probed - useful for those of us who make localmodconfig
    scx-scheds: to use sched-ext schedulers
installing lld...
installing linux-cachyos-headers...
upgrading egl-wayland...
installing linux-cachyos-nvidia-open...
installing lib32-glibc...
installing lib32-zlib...
installing lib32-gcc-libs...
installing lib32-libxdmcp...
installing lib32-libxau...
installing lib32-libxcb...
installing lib32-libx11...
installing lib32-libxext...
installing lib32-expat...
installing lib32-libpciaccess...
installing lib32-libdrm...
installing lib32-bzip2...
installing lib32-brotli...
installing lib32-e2fsprogs...
installing lib32-keyutils...
installing lib32-openssl...
Optional dependencies for lib32-openssl
    ca-certificates [installed]
installing lib32-libxcrypt...
installing lib32-libldap...
installing lib32-krb5...
installing lib32-libunistring...
installing lib32-libidn2...
installing lib32-libnghttp2...
installing lib32-libnghttp3...
installing lib32-gmp...
installing lib32-nettle...
installing lib32-libffi...
installing lib32-libtasn1...
installing lib32-p11-kit...
installing lib32-zstd...
installing lib32-gnutls...
installing lib32-libngtcp2...
installing lib32-libpsl...
installing lib32-libssh2...
installing lib32-curl...
installing lib32-json-c...
installing lib32-xz...
installing lib32-libelf...
installing lib32-libxshmfence...
installing lib32-libxxf86vm...
installing lib32-ncurses...
installing lib32-icu...
installing lib32-libxml2...
installing lib32-llvm-libs...
installing lib32-lm_sensors...
installing lib32-spirv-tools...
installing lib32-wayland...
installing lib32-mesa...
Optional dependencies for lib32-mesa
    opengl-man-pages: for the OpenGL API man pages
installing lib32-libglvnd...
installing lib32-nvidia-utils...
Optional dependencies for lib32-nvidia-utils
    lib32-opencl-nvidia
installing opencl-nvidia...
Optional dependencies for opencl-nvidia
    opencl-headers: headers necessary for OpenCL development
:: Running post-transaction hooks...
(1/4) Arming ConditionNeedsUpdate...
(2/4) Updating module dependencies...
(3/4) Install DKMS modules
==> dkms install --no-depmod broadcom-wl/6.30.223.271 -k 7.1.1-2-cachyos
==> depmod 7.1.1-2-cachyos
(4/4) Updating linux initcpios...
==> Building image from preset: /etc/mkinitcpio.d/linux-cachyos.preset: 'default'
==> Using default configuration file: '/etc/mkinitcpio.conf'
  -> -k /boot/vmlinuz-linux-cachyos -g /boot/initramfs-linux-cachyos.img
==> Starting build: '7.1.1-2-cachyos'
  -> Running build hook: [base]
  -> Running build hook: [udev]
  -> Running build hook: [autodetect]
  -> Running build hook: [microcode]
  -> Running build hook: [kms]
  -> Running build hook: [modconf]
  -> Running build hook: [block]
  -> Running build hook: [keyboard]
  -> Running build hook: [keymap]
  -> Running build hook: [consolefont]
==> WARNING: consolefont: no font found in configuration
  -> Running build hook: [filesystems]
==> Generating module dependencies
==> Creating zstd-compressed initcpio image: '/boot/initramfs-linux-cachyos.img'
  -> Early uncompressed CPIO image generation successful
==> Initcpio image generation successful

[INFO] Regenerando initramfs...
==> Building image from preset: /etc/mkinitcpio.d/linux-cachyos.preset: 'default'
==> Using default configuration file: '/etc/mkinitcpio.conf'
  -> -k /boot/vmlinuz-linux-cachyos -g /boot/initramfs-linux-cachyos.img
==> Starting build: '7.1.1-2-cachyos'
  -> Running build hook: [base]
  -> Running build hook: [udev]
  -> Running build hook: [autodetect]
  -> Running build hook: [microcode]
  -> Running build hook: [kms]
  -> Running build hook: [modconf]
  -> Running build hook: [block]
  -> Running build hook: [keyboard]
  -> Running build hook: [keymap]
  -> Running build hook: [consolefont]
==> WARNING: consolefont: no font found in configuration
  -> Running build hook: [filesystems]
==> Generating module dependencies
==> Creating zstd-compressed initcpio image: '/boot/initramfs-linux-cachyos.img'
  -> Early uncompressed CPIO image generation successful
==> Initcpio image generation successful
==> Building image from preset: /etc/mkinitcpio.d/linux.preset: 'default'
==> Using default configuration file: '/etc/mkinitcpio.conf'
  -> -k /boot/vmlinuz-linux -g /boot/initramfs-linux.img
==> Starting build: '7.0.14-arch1-1'
  -> Running build hook: [base]
  -> Running build hook: [udev]
  -> Running build hook: [autodetect]
  -> Running build hook: [microcode]
  -> Running build hook: [kms]
  -> Running build hook: [modconf]
  -> Running build hook: [block]
  -> Running build hook: [keyboard]
  -> Running build hook: [keymap]
  -> Running build hook: [consolefont]
==> WARNING: consolefont: no font found in configuration
  -> Running build hook: [filesystems]
==> Generating module dependencies
==> Creating zstd-compressed initcpio image: '/boot/initramfs-linux.img'
  -> Early uncompressed CPIO image generation successful
==> Initcpio image generation successful

[INFO] Forçando CachyOS como kernel principal no GRUB, se GRUB estiver em uso...
Generating grub configuration file ...
Found linux image: /boot/vmlinuz-linux-cachyos
Found initrd image: /boot/intel-ucode.img /boot/amd-ucode.img /boot/initramfs-linux-cachyos.img
Found linux image: /boot/vmlinuz-linux
Found initrd image: /boot/intel-ucode.img /boot/amd-ucode.img /boot/initramfs-linux.img
Warning: os-prober will not be executed to detect other bootable partitions.
Systems on them will not be added to the GRUB boot configuration.
Check GRUB_DISABLE_OS_PROBER documentation entry.
Adding boot menu entry for UEFI Firmware Settings ...
done
[OK] GRUB atualizado.

[INFO] Removendo canal CachyOS transitório do pacman.conf...

[INFO] Aplicando trava kernel/driver...

[INFO] Limpando bancos CachyOS locais...

[INFO] Estado final instalado:
warning: config file /etc/pacman.conf, line 103: directive 'IgnorePkg' in section 'multilib' not recognized.
linux-cachyos 7.1.1-2
linux-cachyos-headers 7.1.1-2
linux-cachyos-nvidia-open 7.1.1-2
nvidia-utils 610.43.02-3
lib32-nvidia-utils 610.43.02-1
nvidia-settings 610.43.02-1
opencl-nvidia 610.43.02-3
egl-wayland 4:1.1.21-1.1
libxnvctrl 610.43.02-1

[INFO] Architecture atual:
23:Architecture = x86_64 x86_64_v3

[INFO] Repositórios CachyOS no pacman.conf:
[OK] Nenhum repositório CachyOS permanente.

[INFO] Trava registrada:
egl-wayland
lib32-nvidia-utils
libxnvctrl
linux-cachyos
linux-cachyos-headers
linux-cachyos-nvidia-open
nvidia-settings
nvidia-utils
opencl-nvidia

[INFO] Kernel em execução agora:
7.0.14-arch1-1

[INFO] Arquivos de kernel/initramfs em /boot:
find: '/boot/efi': Permission denied
/boot/initramfs-linux-cachyos.img
/boot/initramfs-linux.img
/boot/vmlinuz-linux
/boot/vmlinuz-linux-cachyos

============================================================
[OK] Kernel CachyOS v3 + NVIDIA open casados instalados.
[AVISO] Reinicie agora para carregar o novo kernel. Depois validar: uname -r ; nvidia-smi
Log: /media/mochafast/MochaArch/ativo/logs/20260628-163527-corrige-cachyos-v3-instala-casal.log
Trava: /etc/mocha-lock/kernel-video.pkgs
============================================================
