
============================================================
 Mocha — restaurar barra do backup exato
============================================================
Usuário: hal
Home:    /home/hal
Log:     /media/mochafast/MochaArch/ativo/logs/20260628-172346-restaura-barra-do-backup-exato.log


============================================================
 1) Matar tentativa travada anterior
============================================================
[OK] tentativas anteriores encerradas se ainda estavam vivas

============================================================
 2) Escolher backup exato criado antes da quebra
============================================================
[OK] backup escolhido: /media/mochafast/MochaArch/ativo/backups/estado-quebrado-barra-cores-20260628-171719/plasma-org.kde.plasma.desktop-appletsrc

============================================================
 3) Salvar o estado quebrado atual antes de restaurar
============================================================
[OK] estado quebrado salvo em: /media/mochafast/MochaArch/ativo/backups/estado-quebrado-antes-restauro-barra-20260628-172346

============================================================
 4) Parar Plasma, restaurar appletsrc e limpar cache de tema
============================================================
[OK] barra restaurada do backup

============================================================
 5) Relançar plasmashell
============================================================
[OK] plasmashell rodando

============================================================
 6) Verificação final
============================================================
--- plasmashell ---
13305 plasmashell

--- painel restaurado ---
28:plugin=org.kde.panel
78:plugin=org.kde.plasma.icontasks
13:immutability=1
25:immutability=1
33:immutability=1
44:immutability=1
48:immutability=1
55:immutability=1
62:immutability=1
73:immutability=1
77:immutability=1
84:immutability=1
90:immutability=1
99:immutability=1
103:immutability=1
107:immutability=1
111:immutability=1
115:immutability=1
119:immutability=1
123:immutability=1
127:immutability=1
131:immutability=1
135:immutability=1
139:immutability=1
146:immutability=1
150:immutability=1
154:immutability=1
158:immutability=1
162:immutability=1
166:immutability=1
170:immutability=1

============================================================
 Resultado
============================================================
Barra restaurada de: /media/mochafast/MochaArch/ativo/backups/estado-quebrado-barra-cores-20260628-171719/plasma-org.kde.plasma.desktop-appletsrc
Estado quebrado salvo em: /media/mochafast/MochaArch/ativo/backups/estado-quebrado-antes-restauro-barra-20260628-172346
Log: /media/mochafast/MochaArch/ativo/logs/20260628-172346-restaura-barra-do-backup-exato.log
============================================================
