
============================================================
 Mocha — aplicar somente cores Mocha pelo FAST
============================================================
Base:    /media/mochafast/MochaArch
Usuário: hal
Home:    /home/hal
Log:     /media/mochafast/MochaArch/ativo/logs/20260628-171108-aplica-somente-cores-mocha.log

[ESCOPO] Não mexe em formato, altura, posição, widgets ou layout da barra.
[ESCOPO] Não mexe em SDDM, GRUB, kernel, Steam, firewall ou boot.

============================================================
 1) Backup no FAST das configs de cor atuais
============================================================
[OK] backup: /home/hal/.config/kdeglobals
[OK] backup: /home/hal/.config/plasmarc
[OK] Backup: /media/mochafast/MochaArch/ativo/backups/cores-mocha-antes-20260628-171108

============================================================
 2) Procurar MochaDark.colors dentro do FAST
============================================================
2026-06-10 14:17       2899 /media/mochafast/MochaArch/ativo/kde/esquemas-cores-aprovados/MochaDark.colors
2026-06-10 14:17       3486 /media/mochafast/MochaArch/ativo/kde/esquemas-cores-aprovados/MochaKDE.colors
2026-06-10 14:17       3497 /media/mochafast/MochaArch/ativo/kde/esquemas-cores-aprovados/Mocha-Windows11.colors
2026-06-10 14:17       3531 /media/mochafast/MochaArch/ativo/calamares/payload/kde/skel/.local/share/color-schemes/color-schemes/MochaSolidCanonico.colors
2026-06-10 14:17       3531 /media/mochafast/MochaArch/ativo/calamares/payload/tema-completo/color-schemes/MochaSolidCanonico.colors
2026-06-10 14:17       3531 /media/mochafast/MochaArch/ativo/kde/esquemas-cores-aprovados/MochaSolidCanonico.colors
2026-06-27 17:33       2899 /media/mochafast/MochaArch/ativo/calamares/payload/kde/skel/.local/share/color-schemes/color-schemes/MochaDark.colors
2026-06-27 17:33       3486 /media/mochafast/MochaArch/ativo/calamares/payload/kde/skel/.local/share/color-schemes/color-schemes/MochaKDE.colors
2026-06-27 17:33       3497 /media/mochafast/MochaArch/ativo/calamares/payload/kde/skel/.local/share/color-schemes/color-schemes/Mocha-Windows11.colors
2026-06-28 16:47       3531 /media/mochafast/MochaArch/ativo/backups/cores-mocha-antes-20260628-171108/color-schemes/MochaSolidCanonico.colors
0250 /media/mochafast/MochaArch/ativo/kde/esquemas-cores-aprovados/MochaDark.colors
0250 /media/mochafast/MochaArch/ativo/calamares/payload/kde/skel/.local/share/color-schemes/color-schemes/MochaDark.colors
0080 /media/mochafast/MochaArch/ativo/kde/esquemas-cores-aprovados/MochaSolidCanonico.colors
0080 /media/mochafast/MochaArch/ativo/kde/esquemas-cores-aprovados/MochaKDE.colors
0080 /media/mochafast/MochaArch/ativo/kde/esquemas-cores-aprovados/Mocha-Windows11.colors
0080 /media/mochafast/MochaArch/ativo/calamares/payload/tema-completo/color-schemes/MochaSolidCanonico.colors
0080 /media/mochafast/MochaArch/ativo/calamares/payload/kde/skel/.local/share/color-schemes/color-schemes/MochaSolidCanonico.colors
0080 /media/mochafast/MochaArch/ativo/calamares/payload/kde/skel/.local/share/color-schemes/color-schemes/MochaKDE.colors
0080 /media/mochafast/MochaArch/ativo/calamares/payload/kde/skel/.local/share/color-schemes/color-schemes/Mocha-Windows11.colors
0080 /media/mochafast/MochaArch/ativo/backups/cores-mocha-antes-20260628-171108/color-schemes/MochaSolidCanonico.colors
[OK] Arquivo de cores escolhido: /media/mochafast/MochaArch/ativo/kde/esquemas-cores-aprovados/MochaDark.colors

============================================================
 3) Procurar Plasma Theme MochaPanelSolidCanonico dentro do FAST
============================================================
/media/mochafast/MochaArch/ativo/backups/tema-completo-antes-20260628-170618/usr-share/MochaPanelSolidCanonico
/media/mochafast/MochaArch/ativo/calamares/payload/kde/skel/.local/share/plasma/plasma/desktoptheme/MochaPanelSolidCanonico
/media/mochafast/MochaArch/ativo/calamares/payload/tema-completo/plasma/desktoptheme/MochaPanelSolidCanonico
/media/mochafast/MochaArch/ativo/kde/plasma-style-barra-mocha/MochaPanelSolidCanonico
0370 /media/mochafast/MochaArch/ativo/kde/plasma-style-barra-mocha/MochaPanelSolidCanonico
0320 /media/mochafast/MochaArch/ativo/calamares/payload/tema-completo/plasma/desktoptheme/MochaPanelSolidCanonico
0170 /media/mochafast/MochaArch/ativo/calamares/payload/kde/skel/.local/share/plasma/plasma/desktoptheme/MochaPanelSolidCanonico
0160 /media/mochafast/MochaArch/ativo/backups/tema-completo-antes-20260628-170618/usr-share/MochaPanelSolidCanonico
[OK] Plasma Theme escolhido: /media/mochafast/MochaArch/ativo/kde/plasma-style-barra-mocha/MochaPanelSolidCanonico

============================================================
 4) Instalar cores Mocha no sistema e no usuário
============================================================
cp: cannot create regular file '/usr/share/color-schemes/MochaDark.colors': Permission denied
