
============================================================
 Mocha — helper CachyOS root simples V2
============================================================
Log: /media/mochafast/MochaArch/ativo/logs/20260627-201335-helper-root-simples-v2.log

[1] Backup do helper atual
[OK] Backup salvo.

[2] Instalando helper simples, root e sem sandbox temporário
[OK] Helper instalado: /usr/local/lib/mocha/mocha-cachyos-transient-install

[3] Garantindo atalho com autenticação ao abrir
[OK] Atalho/polkit garantidos.

[4] Sincronizando canônico e payload
[OK] Sincronizado: /media/mochafast/MochaArch/ativo/apps/mocha-kernel-driver-manager
[OK] Sincronizado: /media/mochafast/MochaArch/ativo/calamares/payload/mocha-kernel-driver-manager

[5] Teste direto do helper
[mocha-cachyos-transient] Canal CachyOS transitório detectado: v3
[mocha-cachyos-transient] Consulta --available autenticada/root; nada será instalado.
[mocha-cachyos-transient] /etc/pacman.conf não será editado.

Pacotes solicitados:
 - linux-cachyos
 - linux-cachyos-headers
 - linux-cachyos-nvidia-open
 - nvidia-utils

Sincronizando bancos temporários:
:: Synchronizing package databases...
 cachyos-v3 downloading...
 cachyos-core-v3 downloading...
 cachyos-extra-v3 downloading...
 cachyos downloading...
 core downloading...
 extra downloading...
 multilib downloading...

Versões disponíveis no canal transitório:
linux-cachyos: 7.0.11-1 (cachyos)
linux-cachyos-headers: 7.0.11-1 (cachyos)
linux-cachyos-nvidia-open: 7.0.11-1 (cachyos)
nvidia-utils: 610.43.02-3 (extra)

Resumo:
Encontrados: 4
Ausentes:    0

[OK] Consulta transitória concluída. Nada instalado.

[6] Registro no manual vivo
[OK] Manual vivo atualizado.

[7] Validação final

Exec ativo:
6:Exec=/usr/local/bin/mocha-kernel-driver-manager-root

Arquivos ativos:
-rwxr-xr-x 1 root root  231 Jun 27 20:13 /usr/local/bin/mocha-kernel-driver-manager-root
-rwxr-xr-x 1 root root 7.3K Jun 27 20:13 /usr/local/lib/mocha/mocha-cachyos-transient-install
-rwxr-xr-x 1 root root  381 Jun 27 20:13 /usr/local/lib/mocha/mocha-kernel-driver-manager-pkexec
-rw-r--r-- 1 root root  299 Jun 27 20:13 /usr/share/applications/mocha-kernel-driver-manager.desktop
-rw-r--r-- 1 root root  949 Jun 27 20:13 /usr/share/polkit-1/actions/org.mocha.kernel-driver-manager.policy

============================================================
[OK] Corrigido.
[OK] Helper consulta CachyOS como root.
[OK] Permission denied do banco temporário corrigido.
[OK] Programa segue autenticando ao abrir.
[OK] Canônico e payload sincronizados.
============================================================
