
============================================================
 Mocha — reinstalar ferramenta de print do KDE
============================================================
Log: /media/mochafast/MochaArch/ativo/logs/20260628-164920-reinstala-spectacle-print.log

[OK] Reinstalando Spectacle e integração KDE/Wayland.
warning: config file /etc/pacman.conf, line 103: directive 'IgnorePkg' in section 'multilib' not recognized.
warning: xdg-desktop-portal-kde-6.7.1-1 is up to date -- skipping
resolving dependencies...
looking for conflicting packages...

Packages (1) spectacle-1:6.7.1-1

Total Download Size:   2.08 MiB
Total Installed Size:  6.15 MiB

:: Proceed with installation? [Y/n] 
:: Retrieving packages...
 spectacle-1:6.7.1-1-x86_64 downloading...
checking keyring...
checking package integrity...
loading package files...
checking for file conflicts...
checking available disk space...
:: Processing package changes...
installing spectacle...
:: Running post-transaction hooks...
(1/4) Reloading user manager configuration...
(2/4) Arming ConditionNeedsUpdate...
(3/4) Updating icon theme caches...
(4/4) Updating the desktop file MIME type cache...
[OK] Garantindo que o atalho de menu exista.
[OK] Atualizando cache do menu KDE.
[OK] Marcando Spectacle como ferramenta preservada do Mocha.

============================================================
 Validação
============================================================
warning: config file /etc/pacman.conf, line 103: directive 'IgnorePkg' in section 'multilib' not recognized.
spectacle 1:6.7.1-1
xdg-desktop-portal-kde 6.7.1-1
[OK] Binário encontrado: /usr/bin/spectacle
[OK] Atalho de menu encontrado: /usr/share/applications/org.kde.spectacle.desktop

============================================================
 CONCLUÍDO
============================================================
[OK] Spectacle reinstalado.
[OK] Ferramenta de print preservada como ferramenta de sistema.
[OK] Log: /media/mochafast/MochaArch/ativo/logs/20260628-164920-reinstala-spectacle-print.log

