== Estado atual ==
Linux Mocha 7.0.10-arch1-1 #1 SMP PREEMPT_DYNAMIC Sat, 23 May 2026 14:21:20 +0000 x86_64 GNU/Linux

linux-zen 7.0.10.zen1-1
linux-zen-headers 7.0.10.zen1-1
dkms 3.4.1-1
nvidia-open-dkms 595.71.05-2

broadcom-wl/6.30.223.271, 7.0.10-arch1-1, x86_64: installed
broadcom-wl/6.30.223.271, 7.0.10-zen1-1-zen, x86_64: installed
nvidia/595.71.05, 7.0.10-arch1-1, x86_64: installed
nvidia/595.71.05, 7.0.10-zen1-1-zen, x86_64: installed

== Conferindo arquivos obrigatórios do Zen ==
-rw-r--r-- 1 root root 18M May 29 18:23 /boot/vmlinuz-linux-zen
-rw------- 1 root root 205M May 29 18:23 /boot/initramfs-linux-zen.img

== Regerando initramfs para confirmar o Zen ==
==> Building image from preset: /etc/mkinitcpio.d/linux-zen.preset: 'default'
==> Using default configuration file: '/etc/mkinitcpio.conf'
  -> -k /boot/vmlinuz-linux-zen -g /boot/initramfs-linux-zen.img
==> Starting build: '7.0.10-zen1-1-zen'
  -> Running build hook: [base]
  -> Running build hook: [udev]
  -> Running build hook: [autodetect]
  -> Running build hook: [microcode]
  -> Running build hook: [kms]
  -> Running build hook: [modconf]
  -> Running build hook: [block]
  -> Running build hook: [keyboard]
  -> Running build hook: [keymap]
  -> Running build hook: [consolefont]
==> WARNING: consolefont: no font found in configuration
  -> Running build hook: [filesystems]
==> Generating module dependencies
==> Creating zstd-compressed initcpio image: '/boot/initramfs-linux-zen.img'
  -> Early uncompressed CPIO image generation successful
==> Initcpio image generation successful
==> Building image from preset: /etc/mkinitcpio.d/linux.preset: 'default'
==> Using default configuration file: '/etc/mkinitcpio.conf'
  -> -k /boot/vmlinuz-linux -g /boot/initramfs-linux.img
==> Starting build: '7.0.10-arch1-1'
  -> Running build hook: [base]
  -> Running build hook: [udev]
  -> Running build hook: [autodetect]
  -> Running build hook: [microcode]
  -> Running build hook: [kms]
  -> Running build hook: [modconf]
  -> Running build hook: [block]
  -> Running build hook: [keyboard]
  -> Running build hook: [keymap]
  -> Running build hook: [consolefont]
==> WARNING: consolefont: no font found in configuration
  -> Running build hook: [filesystems]
==> Generating module dependencies
==> Creating zstd-compressed initcpio image: '/boot/initramfs-linux.img'
  -> Early uncompressed CPIO image generation successful
==> Initcpio image generation successful

== Removendo entrada custom antiga do caminho ativo, se existir ==
== Gerando GRUB temporário sem a entrada custom, para capturar a entrada Zen real ==
Generating grub configuration file ...
Found linux image: /boot/vmlinuz-linux-zen
Found initrd image: /boot/intel-ucode.img /boot/amd-ucode.img /boot/initramfs-linux-zen.img
Found linux image: /boot/vmlinuz-linux
Found initrd image: /boot/intel-ucode.img /boot/amd-ucode.img /boot/initramfs-linux.img
Warning: os-prober will not be executed to detect other bootable partitions.
Systems on them will not be added to the GRUB boot configuration.
Check GRUB_DISABLE_OS_PROBER documentation entry.
Adding boot menu entry for UEFI Firmware Settings ...
done
awk: cmd. line:9: fatal: cannot open file `/boot/grub/grub.cfg' for reading: Permission denied
