== MOCHA ARCH — VERIFICAR ZEN E MARCAR DEFAULT COM SEGURANÇA ==
Data: 20260529-182750
Log: /media/mochafast/MochaArch/ativo/logs/20260529-182750-zen-verificar-e-marcar-default-seguro.log

== 1. Conferindo estado instalado, sem reinstalar nada ==
Linux Mocha 7.0.10-arch1-1 #1 SMP PREEMPT_DYNAMIC Sat, 23 May 2026 14:21:20 +0000 x86_64 GNU/Linux

linux-zen 7.0.10.zen1-1
linux-zen-headers 7.0.10.zen1-1
dkms 3.4.1-1
nvidia-open-dkms 595.71.05-2

broadcom-wl/6.30.223.271, 7.0.10-arch1-1, x86_64: installed
broadcom-wl/6.30.223.271, 7.0.10-zen1-1-zen, x86_64: installed
nvidia/595.71.05, 7.0.10-arch1-1, x86_64: installed
nvidia/595.71.05, 7.0.10-zen1-1-zen, x86_64: installed

== 2. Conferindo arquivos obrigatórios do Zen ==
-rw------- 1 root root 205M May 29 18:26 /boot/initramfs-linux-zen.img
-rw-r--r-- 1 root root  18M May 29 18:23 /boot/vmlinuz-linux-zen

== 3. Conferindo GRUB com sudo ==
Primeira entrada atual do GRUB:
Arch Linux

Conteúdo relevante da primeira entrada:
menuentry 'Arch Linux' --class arch --class gnu-linux --class gnu --class os $menuentry_id_option 'gnulinux-simple-f15a6f44-8c31-456d-97d2-771dd407fbb4' {
	linux	/boot/vmlinuz-linux-zen root=UUID=f15a6f44-8c31-456d-97d2-771dd407fbb4 rw  quiet splash loglevel=3 nvidia_drm.modeset=1
	initrd	/boot/intel-ucode.img /boot/amd-ucode.img /boot/initramfs-linux-zen.img

OK: a primeira entrada já é Zen normal, sem fallback.

== 4. Ajustando /etc/default/grub para selecionar a primeira entrada ==
Linhas finais em /etc/default/grub:
GRUB_DEFAULT=0
GRUB_SAVEDEFAULT=false

== 5. Regenerando GRUB uma vez e revalidando ==
Generating grub configuration file ...
Found linux image: /boot/vmlinuz-linux-zen
Found initrd image: /boot/intel-ucode.img /boot/amd-ucode.img /boot/initramfs-linux-zen.img
Found linux image: /boot/vmlinuz-linux
Found initrd image: /boot/intel-ucode.img /boot/amd-ucode.img /boot/initramfs-linux.img
Warning: os-prober will not be executed to detect other bootable partitions.
Systems on them will not be added to the GRUB boot configuration.
Check GRUB_DISABLE_OS_PROBER documentation entry.
Adding boot menu entry for UEFI Firmware Settings ...
done

Primeira entrada depois da regeneração:
Arch Linux

menuentry 'Arch Linux' --class arch --class gnu-linux --class gnu --class os $menuentry_id_option 'gnulinux-simple-f15a6f44-8c31-456d-97d2-771dd407fbb4' {
	linux	/boot/vmlinuz-linux-zen root=UUID=f15a6f44-8c31-456d-97d2-771dd407fbb4 rw  quiet splash loglevel=3 nvidia_drm.modeset=1
	initrd	/boot/intel-ucode.img /boot/amd-ucode.img /boot/initramfs-linux-zen.img

== 6. Documentando resultado ==
Documento salvo em:
/media/mochafast/MochaArch/ativo/documentacao/20260529-182750-zen-default-grub-seguro.md

== 7. Verificação final ==
Primeiras entradas do GRUB:
- Arch Linux
- Arch Linux, with Linux linux-zen
- Arch Linux, with Linux linux
- UEFI Firmware Settings
- Mocha SAFE — sem NVIDIA DKMS (fallback llvmpipe)

Concluído com segurança.
Agora sim: se a primeira entrada acima for Zen, pode reiniciar.
