
============================================================
 Mocha — aplicar tema Mocha e barra KDE 48 px
============================================================
Usuário: hal
Home:    /home/hal
Log:     /media/mochafast/MochaArch/ativo/logs/20260628-164249-aplica-tema-mocha-barra-48.log

[OK] Backup salvo em: /media/mochafast/MochaArch/auditorias/backup-tema-barra-48-20260628-164249
[OK] Instalado: /usr/share/plasma/desktoptheme/MochaPanelSolidCanonico
[OK] Instalado: /usr/share/plasma/desktoptheme/MochaPanelSolidCanonico
[OK] Instalado: /usr/share/plasma/desktoptheme/Mocha-Solid-Canonico
[OK] Instalado: /usr/share/plasma/desktoptheme/Mocha-Solid-Canonico
[OK] Instalado: /usr/share/plasma/desktoptheme/MochaPanelSolidCanonico
[OK] Instalado: /usr/share/plasma/desktoptheme/MochaPanelSolidCanonico
[OK] Instalado: /usr/share/icons/Bibata-Modern-Mocha
[OK] Instalado: /usr/share/icons/Bibata-Modern-Mocha
[OK] Instalado: /usr/share/icons/Bibata-Modern-Mocha
[OK] Instalado: /usr/share/icons/Bibata-Modern-Mocha
[OK] Instalado: /usr/share/icons/MochaPapirus-Dark
[OK] Instalado: /usr/share/plasma/desktoptheme/MochaArch
[OK] Instalado: /usr/share/plasma/desktoptheme/MochaArch
[OK] Instalado: /usr/share/plasma/desktoptheme/MochaPanelSolidCanonico
[OK] Instalado: /usr/share/plasma/desktoptheme/MochaArch
[OK] Instalado: /usr/share/plasma/desktoptheme/MochaArch
[OK] Instalado: /usr/share/plasma/desktoptheme/MochaPanelSolidCanonico
[OK] Instalado: /usr/share/sddm/themes/mocha
[OK] Instalado: /usr/share/plasma/desktoptheme/MochaArch
[OK] Instalado: /usr/share/plasma/desktoptheme/MochaPanelSolidCanonico
[OK] Instalado: /usr/share/plasma/desktoptheme/MochaArch
[OK] Instalado: /usr/share/plasma/desktoptheme/MochaPanelSolidCanonico
[OK] Instalado: /usr/share/plasma/desktoptheme/MochaArch
[OK] Instalado: /usr/share/plasma/desktoptheme/MochaArch
[OK] Instalado: /usr/share/plasma/desktoptheme/MochaPanelSolidCanonico
[OK] Instalado: /usr/share/sddm/themes/mocha
[OK] Instalado: /usr/share/plasma/desktoptheme/MochaArch
[OK] Instalado: /usr/share/plasma/desktoptheme/MochaPanelSolidCanonico
[OK] Instalado: /usr/share/plasma/desktoptheme/MochaArch
[OK] Instalado: /usr/share/plasma/desktoptheme/MochaArch
[OK] Instalado: /usr/share/plasma/desktoptheme/MochaPanelSolidCanonico
[OK] Instalado: /usr/share/sddm/themes/mocha
[OK] Instalado: /usr/share/plasma/desktoptheme/MochaArch
[OK] Instalado: /usr/share/plasma/desktoptheme/MochaPanelSolidCanonico
[OK] Instalado: /usr/share/plasma/desktoptheme/MochaArch
[OK] Instalado: /usr/share/plasma/desktoptheme/MochaArch
[OK] Instalado: /usr/share/plasma/desktoptheme/MochaPanelSolidCanonico
[OK] Instalado: /usr/share/sddm/themes/mocha
[OK] Instalado: /usr/share/plasma/desktoptheme/MochaArch
[OK] Instalado: /usr/share/plasma/desktoptheme/MochaPanelSolidCanonico
[OK] Instalado: /usr/share/plasma/desktoptheme/MochaArch
[OK] Instalado: /usr/share/plasma/desktoptheme/MochaArch
[OK] Instalado: /usr/share/plasma/desktoptheme/MochaPanelSolidCanonico
[OK] Instalado: /usr/share/sddm/themes/mocha
[OK] Instalado: /usr/share/plasma/desktoptheme/MochaArch
[OK] Instalado: /usr/share/plasma/desktoptheme/MochaPanelSolidCanonico
[OK] Instalado: /usr/share/plasma/desktoptheme/MochaArch
[OK] Instalado: /usr/share/plasma/desktoptheme/MochaArch
[OK] Instalado: /usr/share/plasma/desktoptheme/MochaPanelSolidCanonico
[OK] Instalado: /usr/share/sddm/themes/mocha
[OK] Instalado: /usr/share/plasma/desktoptheme/MochaArch
[OK] Instalado: /usr/share/plasma/desktoptheme/MochaPanelSolidCanonico
[OK] Instalado: /usr/share/plasma/desktoptheme/MochaArch
[OK] Instalado: /usr/share/plasma/desktoptheme/MochaArch
[OK] Instalado: /usr/share/plasma/desktoptheme/MochaPanelSolidCanonico
[OK] Instalado: /usr/share/sddm/themes/mocha
[OK] Instalado: /usr/share/plasma/desktoptheme/MochaArch
[OK] Instalado: /usr/share/plasma/desktoptheme/MochaArch
[OK] Instalado: /usr/share/plasma/desktoptheme/MochaPanelSolidCanonico
[OK] Instalado: /usr/share/plasma/desktoptheme/MochaArch
[OK] Instalado: /usr/share/plasma/desktoptheme/MochaArch
[OK] Instalado: /usr/share/plasma/desktoptheme/MochaPanelSolidCanonico
[OK] Instalado: /usr/share/sddm/themes/mocha
[OK] Instalado: /usr/share/plasma/desktoptheme/MochaPanelSolidCanonico
[OK] Instalado: /usr/share/plasma/desktoptheme/MochaArch
[OK] Instalado: /usr/share/plasma/desktoptheme/MochaArch
[OK] Instalado: /usr/share/sddm/themes/mocha
