
============================================================
 Mocha — limpeza por menu/categoria: só sistema + stack Mocha
============================================================
Data: Sun Jun 28 16:29:15 -03 2026
Log:  /media/mochafast/MochaArch/ativo/logs/20260628-162915-limpeza-menu-apps-fora-stack-v3.log

[INFO] Etapa 1/5 — candidatos por lista explícita...
[INFO] Etapa 2/5 — varrendo atalhos .desktop do sistema por categoria de menu...

[INFO] Candidatos por lista explícita:
akonadi-calendar-tools
akonadi-import-wizard
akonadiconsole
appstream-glib
artikulate
blinken
bomber
bovo
calligra
cantor
discover
dragon
elisa
filelight
freerdp
granatier
grantlee-editor
gwenview
isoimagewriter
itinerary
juk
k3b
kaddressbook
kalarm
kalgebra
kalk
kalm
kalzium
kamera
kamoso
kanagram
kapman
katomic
kblackbox
kblocks
kbounce
kbreakout
kbruch
kcalc
kdenlive
kdepim-addons
kdevelop
kdiamond
kfourinline
kgeography
kgoldrunner
khangman
kig
kigo
killbots
kiriki
kiten
kjumpingcube
kleopatra
klettres
klickety
klines
kmag
kmahjongg
kmail
kmail-account-wizard
kmines
kmousetool
kmouth
kmplot
knavalbattle
knetwalk
knights
kolf
kollision
kolourpaint
konquest
kontact
korganizer
kpat
krdc
krdp
kreversi
krfb
kshisen
ksirk
ksnakeduel
kspaceduel
ksquares
ksudoku
ktouch
ktuberling
kturtle
kubrick
kwalletmanager
kwordquiz
libkdegames
libkmahjongg
libpamac
libpamac-aur
lskat
marble
marble-common
mbox-importer
merkuro
minuet
mpv
palapeli
pamac
pamac-cli
parley
partitionmanager
picmi
pim-data-exporter
pim-sieve-editor
print-manager
qt6-tools
rocs
screenfetch
skanlite
skanpage
spectacle
step
sweeper
yakuake

[INFO] Candidatos por categorias .desktop:
accessibility-inspector	/usr/share/applications/org.kde.accessibilityinspector.desktop
akonadiconsole	/usr/share/applications/org.kde.akonadiconsole.desktop
arianna	/usr/share/applications/org.kde.arianna.desktop
artikulate	/usr/share/applications/org.kde.artikulate.desktop
audex	/usr/share/applications/org.kde.audex.desktop
audiotube	/usr/share/applications/org.kde.audiotube.desktop
blinken	/usr/share/applications/org.kde.blinken.desktop
bomber	/usr/share/applications/org.kde.bomber.desktop
bovo	/usr/share/applications/org.kde.bovo.desktop
calligra	/usr/share/applications/calligra.desktop
calligra	/usr/share/applications/okularApplication_doc_calligra.desktop
calligra	/usr/share/applications/okularApplication_docx_calligra.desktop
calligra	/usr/share/applications/okularApplication_odp_calligra.desktop
calligra	/usr/share/applications/okularApplication_odt_calligra.desktop
calligra	/usr/share/applications/okularApplication_powerpoint_calligra.desktop
calligra	/usr/share/applications/okularApplication_pptx_calligra.desktop
calligra	/usr/share/applications/okularApplication_rtf_calligra.desktop
calligra	/usr/share/applications/okularApplication_wpd_calligra.desktop
calligra	/usr/share/applications/org.kde.calligra.desktop
calligra	/usr/share/applications/org.kde.calligra.karbon.desktop
calligra	/usr/share/applications/org.kde.calligra.sheets.desktop
calligra	/usr/share/applications/org.kde.calligra.stage.desktop
calligra	/usr/share/applications/org.kde.calligra.words.desktop
calligra	/usr/share/applications/org.kde.calligrawords_ascii.desktop
cantor	/usr/share/applications/org.kde.cantor.desktop
dragon	/usr/share/applications/org.kde.dragonplayer.desktop
elisa	/usr/share/applications/org.kde.elisa.desktop
ghostwriter	/usr/share/applications/org.kde.ghostwriter.desktop
granatier	/usr/share/applications/org.kde.granatier.desktop
grantlee-editor	/usr/share/applications/org.kde.contactprintthemeeditor.desktop
grantlee-editor	/usr/share/applications/org.kde.contactthemeeditor.desktop
grantlee-editor	/usr/share/applications/org.kde.headerthemeeditor.desktop
gwenview	/usr/share/applications/org.kde.gwenview.desktop
juk	/usr/share/applications/org.kde.juk.desktop
k3b	/usr/share/applications/org.kde.k3b.desktop
kaddressbook	/usr/share/applications/kaddressbook-importer.desktop
kaddressbook	/usr/share/applications/kaddressbook-view.desktop
kaddressbook	/usr/share/applications/org.kde.kaddressbook.desktop
kajongg	/usr/share/applications/org.kde.kajongg.desktop
kalgebra	/usr/share/applications/org.kde.kalgebra.desktop
kalgebra	/usr/share/applications/org.kde.kalgebramobile.desktop
kalzium	/usr/share/applications/org.kde.kalzium.desktop
kamoso	/usr/share/applications/org.kde.kamoso.desktop
kanagram	/usr/share/applications/org.kde.kanagram.desktop
kapman	/usr/share/applications/org.kde.kapman.desktop
kapptemplate	/usr/share/applications/org.kde.kapptemplate.desktop
katomic	/usr/share/applications/org.kde.katomic.desktop
kblackbox	/usr/share/applications/org.kde.kblackbox.desktop
kblocks	/usr/share/applications/org.kde.kblocks.desktop
kbounce	/usr/share/applications/org.kde.kbounce.desktop
kbreakout	/usr/share/applications/org.kde.kbreakout.desktop
kbruch	/usr/share/applications/org.kde.kbruch.desktop
kcachegrind	/usr/share/applications/org.kde.kcachegrind.desktop
kcolorchooser	/usr/share/applications/org.kde.kcolorchooser.desktop
kde-dev-utils	/usr/share/applications/org.kde.kuiviewer.desktop
kdebugsettings	/usr/share/applications/org.kde.kdebugsettings.desktop
kdeconnect	/usr/share/applications/org.kde.kdeconnect.sms.desktop
kdenlive	/usr/share/applications/org.kde.kdenlive.desktop
kdevelop	/usr/share/applications/org.kde.kdevelop.desktop
kdevelop	/usr/share/applications/org.kde.kdevelop_bzr.desktop
kdevelop	/usr/share/applications/org.kde.kdevelop_git.desktop
kdevelop	/usr/share/applications/org.kde.kdevelop_kdev4.desktop
kdevelop	/usr/share/applications/org.kde.kdevelop_ps.desktop
kdevelop	/usr/share/applications/org.kde.kdevelop_svn.desktop
kdiamond	/usr/share/applications/org.kde.kdiamond.desktop
kfourinline	/usr/share/applications/org.kde.kfourinline.desktop
kgeography	/usr/share/applications/org.kde.kgeography.desktop
kget	/usr/share/applications/org.kde.kget.desktop
kgoldrunner	/usr/share/applications/org.kde.kgoldrunner.desktop
kgraphviewer	/usr/share/applications/org.kde.kgraphviewer.desktop
khangman	/usr/share/applications/org.kde.khangman.desktop
kig	/usr/share/applications/org.kde.kig.desktop
kigo	/usr/share/applications/org.kde.kigo.desktop
killbots	/usr/share/applications/org.kde.killbots.desktop
kimagemapeditor	/usr/share/applications/org.kde.kimagemapeditor.desktop
kiriki	/usr/share/applications/org.kde.kiriki.desktop
kiten	/usr/share/applications/org.kde.kiten.desktop
kiten	/usr/share/applications/org.kde.kitenkanjibrowser.desktop
kiten	/usr/share/applications/org.kde.kitenradselect.desktop
kjumpingcube	/usr/share/applications/org.kde.kjumpingcube.desktop
klettres	/usr/share/applications/org.kde.klettres.desktop
klickety	/usr/share/applications/org.kde.klickety.desktop
klickety	/usr/share/applications/org.kde.ksame.desktop
klines	/usr/share/applications/org.kde.klines.desktop
kmahjongg	/usr/share/applications/org.kde.kmahjongg.desktop
kmail	/usr/share/applications/org.kde.kmail-refresh-settings.desktop
kmail	/usr/share/applications/org.kde.kmail2.desktop
kmail	/usr/share/applications/org.kde.ktnef.desktop
kmail-account-wizard	/usr/share/applications/org.kde.accountwizard.desktop
kmines	/usr/share/applications/org.kde.kmines.desktop
kmix	/usr/share/applications/org.kde.kmix.desktop
kmplot	/usr/share/applications/org.kde.kmplot.desktop
knavalbattle	/usr/share/applications/org.kde.knavalbattle.desktop
knetwalk	/usr/share/applications/org.kde.knetwalk.desktop
knights	/usr/share/applications/org.kde.knights.desktop
koko	/usr/share/applications/org.kde.koko.desktop
kolf	/usr/share/applications/org.kde.kolf.desktop
kollision	/usr/share/applications/org.kde.kollision.desktop
kolourpaint	/usr/share/applications/org.kde.kolourpaint.desktop
kompare	/usr/share/applications/org.kde.kompare.desktop
kongress	/usr/share/applications/org.kde.kongress.desktop
konquest	/usr/share/applications/org.kde.konquest.desktop
kontact	/usr/share/applications/org.kde.kontact.desktop
kontrast	/usr/share/applications/org.kde.kontrast.desktop
korganizer	/usr/share/applications/org.kde.korganizer.desktop
kosmindoormap	/usr/share/applications/org.kde.kosmindoormap.desktop
kpat	/usr/share/applications/org.kde.kpat.desktop
krecorder	/usr/share/applications/org.kde.krecorder.desktop
kreversi	/usr/share/applications/org.kde.kreversi.desktop
kruler	/usr/share/applications/org.kde.kruler.desktop
kshisen	/usr/share/applications/org.kde.kshisen.desktop
ksirk	/usr/share/applications/org.kde.ksirk.desktop
ksirk	/usr/share/applications/org.kde.ksirkskineditor.desktop
ksnakeduel	/usr/share/applications/org.kde.ksnakeduel.desktop
kspaceduel	/usr/share/applications/org.kde.kspaceduel.desktop
ksquares	/usr/share/applications/org.kde.ksquares.desktop
ksudoku	/usr/share/applications/org.kde.ksudoku.desktop
ktorrent	/usr/share/applications/org.kde.ktorrent.desktop
ktouch	/usr/share/applications/org.kde.ktouch.desktop
ktuberling	/usr/share/applications/org.kde.ktuberling.desktop
kturtle	/usr/share/applications/org.kde.kturtle.desktop
kubrick	/usr/share/applications/org.kde.kubrick.desktop
kwave	/usr/share/applications/org.kde.kwave.desktop
kwordquiz	/usr/share/applications/org.kde.kwordquiz.desktop
lokalize	/usr/share/applications/org.kde.lokalize.desktop
lskat	/usr/share/applications/org.kde.lskat.desktop
marble	/usr/share/applications/org.kde.marble.desktop
marble-common	/usr/share/applications/marble_geojson.desktop
marble-common	/usr/share/applications/marble_gpx.desktop
marble-common	/usr/share/applications/marble_kml.desktop
marble-common	/usr/share/applications/marble_kmz.desktop
marble-common	/usr/share/applications/marble_shp.desktop
massif-visualizer	/usr/share/applications/org.kde.massif-visualizer.desktop
mbox-importer	/usr/share/applications/org.kde.mboximporter.desktop
merkuro	/usr/share/applications/org.kde.merkuro.calendar.desktop
merkuro	/usr/share/applications/org.kde.merkuro.contact.desktop
merkuro	/usr/share/applications/org.kde.merkuro.desktop
merkuro	/usr/share/applications/org.kde.merkuro.mail.desktop
minuet	/usr/share/applications/org.kde.minuet.desktop
mplayer	/usr/share/applications/mplayer.desktop
mpv	/usr/share/applications/mpv.desktop
neochat	/usr/share/applications/org.kde.neochat.desktop
palapeli	/usr/share/applications/org.kde.palapeli.desktop
parley	/usr/share/applications/org.kde.parley.desktop
picmi	/usr/share/applications/org.kde.picmi.desktop
pim-data-exporter	/usr/share/applications/org.kde.pimdataexporter.desktop
pim-sieve-editor	/usr/share/applications/org.kde.sieveeditor.desktop
plasmatube	/usr/share/applications/org.kde.plasmatube.desktop
qt6-tools	/usr/share/applications/assistant.desktop
qt6-tools	/usr/share/applications/designer.desktop
qt6-tools	/usr/share/applications/linguist.desktop
qt6-tools	/usr/share/applications/qdbusviewer.desktop
rocs	/usr/share/applications/org.kde.rocs.desktop
skanlite	/usr/share/applications/org.kde.skanlite.desktop
skanpage	/usr/share/applications/org.kde.skanpage.desktop
skladnik	/usr/share/applications/org.kde.skladnik.desktop
step	/usr/share/applications/org.kde.step.desktop
telly-skout	/usr/share/applications/org.kde.telly-skout.desktop
tokodon	/usr/share/applications/org.kde.tokodon.desktop
umbrello	/usr/share/applications/org.kde.umbrello.desktop
v4l-utils	/usr/share/applications/qv4l2.desktop
v4l-utils	/usr/share/applications/qvidcap.desktop

[INFO] Candidatos finais à remoção:
accessibility-inspector
akonadi-calendar-tools
akonadi-import-wizard
akonadiconsole
appstream-glib
arianna
artikulate
audex
audiotube
blinken
bomber
bovo
calligra
cantor
discover
dragon
elisa
filelight
freerdp
ghostwriter
granatier
grantlee-editor
gwenview
isoimagewriter
itinerary
juk
k3b
kaddressbook
kajongg
kalarm
kalgebra
kalk
kalm
kalzium
kamera
kamoso
kanagram
kapman
kapptemplate
katomic
kblackbox
kblocks
kbounce
kbreakout
kbruch
kcachegrind
kcalc
kcolorchooser
kde-dev-utils
kdebugsettings
kdeconnect
kdenlive
kdepim-addons
kdevelop
kdiamond
kfourinline
kgeography
kget
kgoldrunner
kgraphviewer
khangman
kig
kigo
killbots
kimagemapeditor
kiriki
kiten
kjumpingcube
kleopatra
klettres
klickety
klines
kmag
kmahjongg
kmail
kmail-account-wizard
kmines
kmix
kmousetool
kmouth
kmplot
knavalbattle
knetwalk
knights
koko
kolf
kollision
kolourpaint
kompare
kongress
konquest
kontact
kontrast
korganizer
kosmindoormap
kpat
krdc
krdp
krecorder
kreversi
krfb
kruler
kshisen
ksirk
ksnakeduel
kspaceduel
ksquares
ksudoku
ktorrent
ktouch
ktuberling
kturtle
kubrick
kwalletmanager
kwave
kwordquiz
libkdegames
libkmahjongg
libpamac
libpamac-aur
lokalize
lskat
marble
marble-common
massif-visualizer
mbox-importer
merkuro
minuet
mplayer
mpv
neochat
palapeli
pamac
pamac-cli
parley
partitionmanager
picmi
pim-data-exporter
pim-sieve-editor
plasmatube
print-manager
qt6-tools
rocs
screenfetch
skanlite
skanpage
skladnik
spectacle
step
sweeper
telly-skout
tokodon
umbrello
v4l-utils
yakuake

[INFO] Etapa 3/5 — removendo pacotes candidatos sem tocar em sistema/base...
error: target not found: libpamac
error: target not found: pamac
error: target not found: pamac-cli
[AVISO] Remoção em lote falhou por dependência/ordem. Tentando por passes individuais.

[INFO] Passe individual 1...
checking dependencies...

Packages (1) accessibility-inspector-26.04.2-1

Total Removed Size:  0.55 MiB

:: Do you want to remove these packages? [Y/n] 
:: Processing package changes...
removing accessibility-inspector...
:: Running post-transaction hooks...
(1/3) Arming ConditionNeedsUpdate...
(2/3) Updating icon theme caches...
(3/3) Updating the desktop file MIME type cache...
[OK] Removido: accessibility-inspector
checking dependencies...

Packages (1) akonadi-calendar-tools-26.04.2-1

Total Removed Size:  1.61 MiB

:: Do you want to remove these packages? [Y/n] 
:: Processing package changes...
removing akonadi-calendar-tools...
:: Running post-transaction hooks...
(1/3) Arming ConditionNeedsUpdate...
(2/3) Updating icon theme caches...
(3/3) Updating the desktop file MIME type cache...
[OK] Removido: akonadi-calendar-tools
checking dependencies...
error: failed to prepare transaction (could not satisfy dependencies)
:: removing akonadi-import-wizard breaks dependency 'akonadi-import-wizard' required by kdepim-addons
:: removing akonadi-import-wizard breaks dependency 'akonadi-import-wizard' required by kmail
[AVISO] Ainda não removido neste passe: akonadi-import-wizard
checking dependencies...

Packages (1) akonadiconsole-26.04.2-2

Total Removed Size:  1.82 MiB

:: Do you want to remove these packages? [Y/n] 
:: Processing package changes...
removing akonadiconsole...
:: Running post-transaction hooks...
(1/3) Arming ConditionNeedsUpdate...
(2/3) Updating icon theme caches...
(3/3) Updating the desktop file MIME type cache...
[OK] Removido: akonadiconsole
checking dependencies...
error: failed to prepare transaction (could not satisfy dependencies)
:: removing appstream-glib breaks dependency 'appstream-glib>=0.8.3' required by libpamac-aur
[AVISO] Ainda não removido neste passe: appstream-glib
checking dependencies...

Packages (1) arianna-26.04.2-1

Total Removed Size:  1.61 MiB

:: Do you want to remove these packages? [Y/n] 
:: Processing package changes...
removing arianna...
:: Running post-transaction hooks...
(1/3) Arming ConditionNeedsUpdate...
(2/3) Updating icon theme caches...
(3/3) Updating the desktop file MIME type cache...
[OK] Removido: arianna
checking dependencies...

Packages (1) artikulate-26.04.2-1

Total Removed Size:  3.56 MiB

:: Do you want to remove these packages? [Y/n] 
:: Processing package changes...
removing artikulate...
:: Running post-transaction hooks...
(1/3) Arming ConditionNeedsUpdate...
(2/3) Updating icon theme caches...
(3/3) Updating the desktop file MIME type cache...
[OK] Removido: artikulate
checking dependencies...

Packages (1) audex-26.04.2-1

Total Removed Size:  2.71 MiB

:: Do you want to remove these packages? [Y/n] 
:: Processing package changes...
removing audex...
:: Running post-transaction hooks...
(1/3) Arming ConditionNeedsUpdate...
(2/3) Updating icon theme caches...
(3/3) Updating the desktop file MIME type cache...
[OK] Removido: audex
checking dependencies...

Packages (1) audiotube-26.04.2-1

Total Removed Size:  3.21 MiB

:: Do you want to remove these packages? [Y/n] 
:: Processing package changes...
removing audiotube...
:: Running post-transaction hooks...
(1/3) Arming ConditionNeedsUpdate...
(2/3) Updating icon theme caches...
(3/3) Updating the desktop file MIME type cache...
[OK] Removido: audiotube
checking dependencies...

Packages (1) blinken-26.04.2-1

Total Removed Size:  2.98 MiB

:: Do you want to remove these packages? [Y/n] 
:: Processing package changes...
removing blinken...
:: Running post-transaction hooks...
(1/3) Arming ConditionNeedsUpdate...
(2/3) Updating icon theme caches...
(3/3) Updating the desktop file MIME type cache...
[OK] Removido: blinken
checking dependencies...

Packages (1) bomber-26.04.2-1

Total Removed Size:  1.22 MiB

:: Do you want to remove these packages? [Y/n] 
:: Processing package changes...
removing bomber...
:: Running post-transaction hooks...
(1/3) Arming ConditionNeedsUpdate...
(2/3) Updating icon theme caches...
(3/3) Updating the desktop file MIME type cache...
[OK] Removido: bomber
checking dependencies...

Packages (1) bovo-26.04.2-1

Total Removed Size:  0.74 MiB

:: Do you want to remove these packages? [Y/n] 
:: Processing package changes...
removing bovo...
:: Running post-transaction hooks...
(1/3) Arming ConditionNeedsUpdate...
(2/3) Updating icon theme caches...
(3/3) Updating the desktop file MIME type cache...
[OK] Removido: bovo
checking dependencies...

Packages (1) calligra-26.04.2-2

Total Removed Size:  113.65 MiB

:: Do you want to remove these packages? [Y/n] 
:: Processing package changes...
removing calligra...
:: Running post-transaction hooks...
(1/4) Updating the MIME type database...
(2/4) Arming ConditionNeedsUpdate...
(3/4) Updating icon theme caches...
(4/4) Updating the desktop file MIME type cache...
[OK] Removido: calligra
checking dependencies...

Packages (1) cantor-26.04.2-1

Total Removed Size:  9.42 MiB

:: Do you want to remove these packages? [Y/n] 
:: Processing package changes...
removing cantor...
:: Running post-transaction hooks...
(1/4) Updating the MIME type database...
(2/4) Arming ConditionNeedsUpdate...
(3/4) Updating icon theme caches...
(4/4) Updating the desktop file MIME type cache...
[OK] Removido: cantor
checking dependencies...
:: plasma-workspace optionally requires discover: manage applications installation from the launcher

Packages (1) discover-6.7.1-1

Total Removed Size:  7.29 MiB

:: Do you want to remove these packages? [Y/n] 
:: Processing package changes...
removing discover...
:: Running post-transaction hooks...
(1/3) Arming ConditionNeedsUpdate...
(2/3) Updating icon theme caches...
(3/3) Updating the desktop file MIME type cache...
[OK] Removido: discover
checking dependencies...

Packages (1) dragon-26.04.2-1

Total Removed Size:  0.64 MiB

:: Do you want to remove these packages? [Y/n] 
:: Processing package changes...
removing dragon...
:: Running post-transaction hooks...
(1/3) Arming ConditionNeedsUpdate...
(2/3) Updating icon theme caches...
(3/3) Updating the desktop file MIME type cache...
[OK] Removido: dragon
checking dependencies...

Packages (1) elisa-26.04.2-1

Total Removed Size:  6.44 MiB

:: Do you want to remove these packages? [Y/n] 
:: Processing package changes...
removing elisa...
:: Running post-transaction hooks...
(1/3) Arming ConditionNeedsUpdate...
(2/3) Updating icon theme caches...
(3/3) Updating the desktop file MIME type cache...
[OK] Removido: elisa
checking dependencies...
:: dolphin optionally requires filelight: detailed disk usage statistics

Packages (1) filelight-26.04.2-1

Total Removed Size:  1.49 MiB

:: Do you want to remove these packages? [Y/n] 
:: Processing package changes...
removing filelight...
:: Running post-transaction hooks...
(1/3) Arming ConditionNeedsUpdate...
(2/3) Updating icon theme caches...
(3/3) Updating the desktop file MIME type cache...
[OK] Removido: filelight
checking dependencies...
error: failed to prepare transaction (could not satisfy dependencies)
:: removing freerdp breaks dependency 'freerdp' required by krdp
[AVISO] Ainda não removido neste passe: freerdp
checking dependencies...

Packages (1) ghostwriter-26.04.2-1

Total Removed Size:  2.79 MiB

:: Do you want to remove these packages? [Y/n] 
:: Processing package changes...
removing ghostwriter...
:: Running post-transaction hooks...
(1/3) Arming ConditionNeedsUpdate...
(2/3) Updating icon theme caches...
(3/3) Updating the desktop file MIME type cache...
[OK] Removido: ghostwriter
checking dependencies...

Packages (1) granatier-26.04.2-1

Total Removed Size:  3.36 MiB

:: Do you want to remove these packages? [Y/n] 
:: Processing package changes...
removing granatier...
:: Running post-transaction hooks...
(1/3) Arming ConditionNeedsUpdate...
(2/3) Updating icon theme caches...
(3/3) Updating the desktop file MIME type cache...
[OK] Removido: granatier
checking dependencies...

Packages (1) grantlee-editor-26.04.2-2

Total Removed Size:  1.32 MiB

:: Do you want to remove these packages? [Y/n] 
:: Processing package changes...
removing grantlee-editor...
:: Running post-transaction hooks...
(1/2) Arming ConditionNeedsUpdate...
(2/2) Updating the desktop file MIME type cache...
[OK] Removido: grantlee-editor
checking dependencies...

Packages (1) gwenview-26.04.2-1

Total Removed Size:  11.39 MiB

:: Do you want to remove these packages? [Y/n] 
:: Processing package changes...
removing gwenview...
:: Running post-transaction hooks...
(1/3) Arming ConditionNeedsUpdate...
(2/3) Updating icon theme caches...
(3/3) Updating the desktop file MIME type cache...
[OK] Removido: gwenview
checking dependencies...

Packages (1) isoimagewriter-26.04.2-1

Total Removed Size:  0.62 MiB

:: Do you want to remove these packages? [Y/n] 
:: Processing package changes...
removing isoimagewriter...
:: Running post-transaction hooks...
(1/3) Arming ConditionNeedsUpdate...
(2/3) Updating icon theme caches...
(3/3) Updating the desktop file MIME type cache...
[OK] Removido: isoimagewriter
checking dependencies...

Packages (1) itinerary-26.04.2-1

Total Removed Size:  8.81 MiB

:: Do you want to remove these packages? [Y/n] 
:: Processing package changes...
removing itinerary...
:: Running post-transaction hooks...
(1/3) Arming ConditionNeedsUpdate...
(2/3) Updating icon theme caches...
(3/3) Updating the desktop file MIME type cache...
[OK] Removido: itinerary
checking dependencies...

Packages (1) juk-26.04.2-1

Total Removed Size:  4.98 MiB

:: Do you want to remove these packages? [Y/n] 
:: Processing package changes...
removing juk...
:: Running post-transaction hooks...
(1/3) Arming ConditionNeedsUpdate...
(2/3) Updating icon theme caches...
(3/3) Updating the desktop file MIME type cache...
[OK] Removido: juk
checking dependencies...

Packages (1) k3b-1:26.04.2-1

Total Removed Size:  34.98 MiB

:: Do you want to remove these packages? [Y/n] 
:: Processing package changes...
removing k3b...
:: Running post-transaction hooks...
(1/5) Updating the MIME type database...
(2/5) Arming ConditionNeedsUpdate...
(3/5) Reloading system bus configuration...
(4/5) Updating icon theme caches...
(5/5) Updating the desktop file MIME type cache...
[OK] Removido: k3b
checking dependencies...
:: kontact optionally requires kaddressbook

Packages (1) kaddressbook-26.04.2-1

Total Removed Size:  6.71 MiB

:: Do you want to remove these packages? [Y/n] 
:: Processing package changes...
removing kaddressbook...
:: Running post-transaction hooks...
(1/3) Arming ConditionNeedsUpdate...
(2/3) Updating icon theme caches...
(3/3) Updating the desktop file MIME type cache...
[OK] Removido: kaddressbook
checking dependencies...

Packages (1) kajongg-26.04.2-1

Total Removed Size:  11.02 MiB

:: Do you want to remove these packages? [Y/n] 
:: Processing package changes...
removing kajongg...
:: Running post-transaction hooks...
(1/3) Arming ConditionNeedsUpdate...
(2/3) Updating icon theme caches...
(3/3) Updating the desktop file MIME type cache...
[OK] Removido: kajongg
checking dependencies...

Packages (1) kalarm-26.04.2-3

Total Removed Size:  15.17 MiB

:: Do you want to remove these packages? [Y/n] 
:: Processing package changes...
removing kalarm...
:: Running post-transaction hooks...
(1/4) Arming ConditionNeedsUpdate...
(2/4) Reloading system bus configuration...
(3/4) Updating icon theme caches...
(4/4) Updating the desktop file MIME type cache...
[OK] Removido: kalarm
checking dependencies...

Packages (1) kalgebra-26.04.2-1

Total Removed Size:  2.30 MiB

:: Do you want to remove these packages? [Y/n] 
:: Processing package changes...
removing kalgebra...
:: Running post-transaction hooks...
(1/3) Arming ConditionNeedsUpdate...
(2/3) Updating icon theme caches...
(3/3) Updating the desktop file MIME type cache...
[OK] Removido: kalgebra
checking dependencies...

Packages (1) kalk-26.04.2-1

Total Removed Size:  0.81 MiB

:: Do you want to remove these packages? [Y/n] 
:: Processing package changes...
removing kalk...
:: Running post-transaction hooks...
(1/3) Arming ConditionNeedsUpdate...
(2/3) Updating icon theme caches...
(3/3) Updating the desktop file MIME type cache...
[OK] Removido: kalk
checking dependencies...

Packages (1) kalm-26.04.2-1

Total Removed Size:  0.52 MiB

:: Do you want to remove these packages? [Y/n] 
:: Processing package changes...
removing kalm...
:: Running post-transaction hooks...
(1/3) Arming ConditionNeedsUpdate...
(2/3) Updating icon theme caches...
(3/3) Updating the desktop file MIME type cache...
[OK] Removido: kalm
checking dependencies...

Packages (1) kalzium-26.04.2-1

Total Removed Size:  34.27 MiB

:: Do you want to remove these packages? [Y/n] 
:: Processing package changes...
removing kalzium...
:: Running post-transaction hooks...
(1/3) Arming ConditionNeedsUpdate...
(2/3) Updating icon theme caches...
(3/3) Updating the desktop file MIME type cache...
[OK] Removido: kalzium
checking dependencies...

Packages (1) kamera-26.04.2-1

Total Removed Size:  0.65 MiB

:: Do you want to remove these packages? [Y/n] 
:: Processing package changes...
removing kamera...
:: Running post-transaction hooks...
(1/2) Arming ConditionNeedsUpdate...
(2/2) Updating the desktop file MIME type cache...
[OK] Removido: kamera
checking dependencies...

Packages (1) kamoso-26.04.2-1

Total Removed Size:  0.63 MiB

:: Do you want to remove these packages? [Y/n] 
:: Processing package changes...
removing kamoso...
:: Running post-transaction hooks...
(1/3) Arming ConditionNeedsUpdate...
(2/3) Updating icon theme caches...
(3/3) Updating the desktop file MIME type cache...
[OK] Removido: kamoso
checking dependencies...

Packages (1) kanagram-26.04.2-1

Total Removed Size:  7.75 MiB

:: Do you want to remove these packages? [Y/n] 
:: Processing package changes...
removing kanagram...
:: Running post-transaction hooks...
(1/3) Arming ConditionNeedsUpdate...
(2/3) Updating icon theme caches...
(3/3) Updating the desktop file MIME type cache...
[OK] Removido: kanagram
checking dependencies...

Packages (1) kapman-26.04.2-1

Total Removed Size:  2.93 MiB

:: Do you want to remove these packages? [Y/n] 
:: Processing package changes...
removing kapman...
:: Running post-transaction hooks...
(1/3) Arming ConditionNeedsUpdate...
(2/3) Updating icon theme caches...
(3/3) Updating the desktop file MIME type cache...
[OK] Removido: kapman
checking dependencies...

Packages (1) kapptemplate-26.04.2-1

Total Removed Size:  1.12 MiB

:: Do you want to remove these packages? [Y/n] 
:: Processing package changes...
removing kapptemplate...
:: Running post-transaction hooks...
(1/3) Arming ConditionNeedsUpdate...
(2/3) Updating icon theme caches...
(3/3) Updating the desktop file MIME type cache...
[OK] Removido: kapptemplate
checking dependencies...

Packages (1) katomic-26.04.2-1

Total Removed Size:  2.10 MiB

:: Do you want to remove these packages? [Y/n] 
:: Processing package changes...
removing katomic...
:: Running post-transaction hooks...
(1/3) Arming ConditionNeedsUpdate...
(2/3) Updating icon theme caches...
(3/3) Updating the desktop file MIME type cache...
[OK] Removido: katomic
checking dependencies...

Packages (1) kblackbox-26.04.2-1

Total Removed Size:  1.88 MiB

:: Do you want to remove these packages? [Y/n] 
:: Processing package changes...
removing kblackbox...
:: Running post-transaction hooks...
(1/3) Arming ConditionNeedsUpdate...
(2/3) Updating icon theme caches...
(3/3) Updating the desktop file MIME type cache...
[OK] Removido: kblackbox
checking dependencies...

Packages (1) kblocks-26.04.2-1

Total Removed Size:  2.72 MiB

:: Do you want to remove these packages? [Y/n] 
:: Processing package changes...
removing kblocks...
:: Running post-transaction hooks...
(1/3) Arming ConditionNeedsUpdate...
(2/3) Updating icon theme caches...
(3/3) Updating the desktop file MIME type cache...
[OK] Removido: kblocks
checking dependencies...

Packages (1) kbounce-26.04.2-1

Total Removed Size:  3.78 MiB

:: Do you want to remove these packages? [Y/n] 
:: Processing package changes...
removing kbounce...
:: Running post-transaction hooks...
(1/3) Arming ConditionNeedsUpdate...
(2/3) Updating icon theme caches...
(3/3) Updating the desktop file MIME type cache...
[OK] Removido: kbounce
checking dependencies...

Packages (1) kbreakout-26.04.2-1

Total Removed Size:  3.50 MiB

:: Do you want to remove these packages? [Y/n] 
:: Processing package changes...
removing kbreakout...
:: Running post-transaction hooks...
(1/3) Arming ConditionNeedsUpdate...
(2/3) Updating icon theme caches...
(3/3) Updating the desktop file MIME type cache...
[OK] Removido: kbreakout
checking dependencies...

Packages (1) kbruch-26.04.2-1

Total Removed Size:  6.27 MiB

:: Do you want to remove these packages? [Y/n] 
:: Processing package changes...
removing kbruch...
:: Running post-transaction hooks...
(1/3) Arming ConditionNeedsUpdate...
(2/3) Updating icon theme caches...
(3/3) Updating the desktop file MIME type cache...
[OK] Removido: kbruch
checking dependencies...

Packages (1) kcachegrind-26.04.2-1

Total Removed Size:  1.31 MiB

:: Do you want to remove these packages? [Y/n] 
:: Processing package changes...
removing kcachegrind...
:: Running post-transaction hooks...
(1/2) Arming ConditionNeedsUpdate...
(2/2) Updating the desktop file MIME type cache...
[OK] Removido: kcachegrind
checking dependencies...

Packages (1) kcalc-26.04.2-1

Total Removed Size:  2.95 MiB

:: Do you want to remove these packages? [Y/n] 
:: Processing package changes...
removing kcalc...
:: Running post-transaction hooks...
(1/2) Arming ConditionNeedsUpdate...
(2/2) Updating the desktop file MIME type cache...
[OK] Removido: kcalc
checking dependencies...

Packages (1) kcolorchooser-26.04.2-1

Total Removed Size:  0.14 MiB

:: Do you want to remove these packages? [Y/n] 
:: Processing package changes...
removing kcolorchooser...
:: Running post-transaction hooks...
(1/3) Arming ConditionNeedsUpdate...
(2/3) Updating icon theme caches...
(3/3) Updating the desktop file MIME type cache...
[OK] Removido: kcolorchooser
checking dependencies...

Packages (1) kde-dev-utils-26.04.2-1

Total Removed Size:  0.40 MiB

:: Do you want to remove these packages? [Y/n] 
:: Processing package changes...
removing kde-dev-utils...
:: Running post-transaction hooks...
(1/3) Arming ConditionNeedsUpdate...
(2/3) Updating icon theme caches...
(3/3) Updating the desktop file MIME type cache...
[OK] Removido: kde-dev-utils
checking dependencies...

Packages (1) kdebugsettings-26.04.2-1

Total Removed Size:  0.79 MiB

:: Do you want to remove these packages? [Y/n] 
:: Processing package changes...
removing kdebugsettings...
:: Running post-transaction hooks...
(1/2) Arming ConditionNeedsUpdate...
(2/2) Updating the desktop file MIME type cache...
[OK] Removido: kdebugsettings
checking dependencies...
error: failed to prepare transaction (could not satisfy dependencies)
:: removing kdeconnect breaks dependency 'kdeconnect' required by plasma-bigscreen
[AVISO] Ainda não removido neste passe: kdeconnect
checking dependencies...

Packages (1) kdenlive-26.04.2-1

Total Removed Size:  89.81 MiB

:: Do you want to remove these packages? [Y/n] 
:: Processing package changes...
removing kdenlive...
:: Running post-transaction hooks...
(1/4) Updating the MIME type database...
(2/4) Arming ConditionNeedsUpdate...
(3/4) Updating icon theme caches...
(4/4) Updating the desktop file MIME type cache...
[OK] Removido: kdenlive
checking dependencies...
:: akonadi-import-wizard optionally requires kdepim-addons: additional import plugins
:: akregator optionally requires kdepim-addons: additional plugins
:: kmail optionally requires kdepim-addons: additional plugins
:: korganizer optionally requires kdepim-addons: additional plugins
:: plasma-workspace optionally requires kdepim-addons: displaying PIM events in the calendar

Packages (1) kdepim-addons-26.04.2-2

Total Removed Size:  25.31 MiB

:: Do you want to remove these packages? [Y/n] 
:: Processing package changes...
removing kdepim-addons...
:: Running post-transaction hooks...
(1/1) Arming ConditionNeedsUpdate...
[OK] Removido: kdepim-addons
checking dependencies...
error: failed to prepare transaction (could not satisfy dependencies)
:: removing kdevelop breaks dependency 'kdevelop' required by kdevelop-php
:: removing kdevelop breaks dependency 'kdevelop' required by kdevelop-python
[AVISO] Ainda não removido neste passe: kdevelop
checking dependencies...

Packages (1) kdiamond-26.04.2-1

Total Removed Size:  5.01 MiB

:: Do you want to remove these packages? [Y/n] 
:: Processing package changes...
removing kdiamond...
:: Running post-transaction hooks...
(1/3) Arming ConditionNeedsUpdate...
(2/3) Updating icon theme caches...
(3/3) Updating the desktop file MIME type cache...
[OK] Removido: kdiamond
checking dependencies...

Packages (1) kfourinline-26.04.2-1

Total Removed Size:  2.07 MiB

:: Do you want to remove these packages? [Y/n] 
:: Processing package changes...
removing kfourinline...
:: Running post-transaction hooks...
(1/3) Arming ConditionNeedsUpdate...
(2/3) Updating icon theme caches...
(3/3) Updating the desktop file MIME type cache...
[OK] Removido: kfourinline
checking dependencies...

Packages (1) kgeography-26.04.2-1

Total Removed Size:  31.54 MiB

:: Do you want to remove these packages? [Y/n] 
:: Processing package changes...
removing kgeography...
:: Running post-transaction hooks...
(1/3) Arming ConditionNeedsUpdate...
(2/3) Updating icon theme caches...
(3/3) Updating the desktop file MIME type cache...
[OK] Removido: kgeography
checking dependencies...

Packages (1) kget-26.04.2-1

Total Removed Size:  10.85 MiB

:: Do you want to remove these packages? [Y/n] 
:: Processing package changes...
removing kget...
:: Running post-transaction hooks...
(1/3) Arming ConditionNeedsUpdate...
(2/3) Updating icon theme caches...
(3/3) Updating the desktop file MIME type cache...
[OK] Removido: kget
checking dependencies...

Packages (1) kgoldrunner-26.04.2-1

Total Removed Size:  18.44 MiB

:: Do you want to remove these packages? [Y/n] 
:: Processing package changes...
removing kgoldrunner...
:: Running post-transaction hooks...
(1/3) Arming ConditionNeedsUpdate...
(2/3) Updating icon theme caches...
(3/3) Updating the desktop file MIME type cache...
[OK] Removido: kgoldrunner
checking dependencies...
:: massif-visualizer optionally requires kgraphviewer: call graph tab

Packages (1) kgraphviewer-26.04.2-1

Total Removed Size:  3.05 MiB

:: Do you want to remove these packages? [Y/n] 
:: Processing package changes...
removing kgraphviewer...
:: Running post-transaction hooks...
(1/3) Arming ConditionNeedsUpdate...
(2/3) Updating icon theme caches...
(3/3) Updating the desktop file MIME type cache...
[OK] Removido: kgraphviewer
checking dependencies...

Packages (1) khangman-26.04.2-1

Total Removed Size:  9.56 MiB

:: Do you want to remove these packages? [Y/n] 
:: Processing package changes...
removing khangman...
:: Running post-transaction hooks...
(1/3) Arming ConditionNeedsUpdate...
(2/3) Updating icon theme caches...
(3/3) Updating the desktop file MIME type cache...
[OK] Removido: khangman
checking dependencies...

Packages (1) kig-26.04.2-1

Total Removed Size:  10.72 MiB

:: Do you want to remove these packages? [Y/n] 
:: Processing package changes...
removing kig...
:: Running post-transaction hooks...
(1/3) Arming ConditionNeedsUpdate...
(2/3) Updating icon theme caches...
(3/3) Updating the desktop file MIME type cache...
[OK] Removido: kig
checking dependencies...

Packages (1) kigo-26.04.2-1

Total Removed Size:  5.94 MiB

:: Do you want to remove these packages? [Y/n] 
:: Processing package changes...
removing kigo...
:: Running post-transaction hooks...
(1/3) Arming ConditionNeedsUpdate...
(2/3) Updating icon theme caches...
(3/3) Updating the desktop file MIME type cache...
[OK] Removido: kigo
checking dependencies...

Packages (1) killbots-26.04.2-1

Total Removed Size:  2.54 MiB

:: Do you want to remove these packages? [Y/n] 
:: Processing package changes...
removing killbots...
:: Running post-transaction hooks...
(1/3) Arming ConditionNeedsUpdate...
(2/3) Updating icon theme caches...
(3/3) Updating the desktop file MIME type cache...
[OK] Removido: killbots
checking dependencies...

Packages (1) kimagemapeditor-26.04.2-1

Total Removed Size:  2.11 MiB

:: Do you want to remove these packages? [Y/n] 
:: Processing package changes...
removing kimagemapeditor...
:: Running post-transaction hooks...
(1/3) Arming ConditionNeedsUpdate...
(2/3) Updating icon theme caches...
(3/3) Updating the desktop file MIME type cache...
[OK] Removido: kimagemapeditor
checking dependencies...

Packages (1) kiriki-26.04.2-1

Total Removed Size:  0.96 MiB

:: Do you want to remove these packages? [Y/n] 
:: Processing package changes...
removing kiriki...
:: Running post-transaction hooks...
(1/3) Arming ConditionNeedsUpdate...
(2/3) Updating icon theme caches...
(3/3) Updating the desktop file MIME type cache...
[OK] Removido: kiriki
checking dependencies...

Packages (1) kiten-26.04.2-1

Total Removed Size:  31.63 MiB

:: Do you want to remove these packages? [Y/n] 
:: Processing package changes...
removing kiten...
:: Running post-transaction hooks...
(1/5) Arming ConditionNeedsUpdate...
(2/5) Updating fontconfig cache...
(3/5) Updating icon theme caches...
(4/5) Updating the desktop file MIME type cache...
(5/5) Updating X fontdir indices...
[OK] Removido: kiten
checking dependencies...

Packages (1) kjumpingcube-26.04.2-1

Total Removed Size:  1.29 MiB

:: Do you want to remove these packages? [Y/n] 
:: Processing package changes...
removing kjumpingcube...
:: Running post-transaction hooks...
(1/3) Arming ConditionNeedsUpdate...
(2/3) Updating icon theme caches...
(3/3) Updating the desktop file MIME type cache...
[OK] Removido: kjumpingcube
checking dependencies...
:: kmail optionally requires kleopatra: mail encryption support

Packages (1) kleopatra-26.04.2-2

Total Removed Size:  16.52 MiB

:: Do you want to remove these packages? [Y/n] 
:: Processing package changes...
removing kleopatra...
:: Running post-transaction hooks...
(1/4) Updating the MIME type database...
(2/4) Arming ConditionNeedsUpdate...
(3/4) Updating icon theme caches...
(4/4) Updating the desktop file MIME type cache...
[OK] Removido: kleopatra
checking dependencies...

Packages (1) klettres-26.04.2-1

Total Removed Size:  48.20 MiB

:: Do you want to remove these packages? [Y/n] 
:: Processing package changes...
removing klettres...
:: Running post-transaction hooks...
(1/3) Arming ConditionNeedsUpdate...
(2/3) Updating icon theme caches...
(3/3) Updating the desktop file MIME type cache...
[OK] Removido: klettres
checking dependencies...

Packages (1) klickety-26.04.2-1

Total Removed Size:  2.12 MiB

:: Do you want to remove these packages? [Y/n] 
:: Processing package changes...
removing klickety...
:: Running post-transaction hooks...
(1/3) Arming ConditionNeedsUpdate...
(2/3) Updating icon theme caches...
(3/3) Updating the desktop file MIME type cache...
[OK] Removido: klickety
checking dependencies...

Packages (1) klines-26.04.2-1

Total Removed Size:  2.14 MiB

:: Do you want to remove these packages? [Y/n] 
:: Processing package changes...
removing klines...
:: Running post-transaction hooks...
(1/3) Arming ConditionNeedsUpdate...
(2/3) Updating icon theme caches...
(3/3) Updating the desktop file MIME type cache...
[OK] Removido: klines
checking dependencies...

Packages (1) kmag-26.04.2-1

Total Removed Size:  1.55 MiB

:: Do you want to remove these packages? [Y/n] 
:: Processing package changes...
removing kmag...
:: Running post-transaction hooks...
(1/3) Arming ConditionNeedsUpdate...
(2/3) Updating icon theme caches...
(3/3) Updating the desktop file MIME type cache...
[OK] Removido: kmag
checking dependencies...

Packages (1) kmahjongg-26.04.2-1

Total Removed Size:  5.09 MiB

:: Do you want to remove these packages? [Y/n] 
:: Processing package changes...
removing kmahjongg...
:: Running post-transaction hooks...
(1/3) Arming ConditionNeedsUpdate...
(2/3) Updating icon theme caches...
(3/3) Updating the desktop file MIME type cache...
[OK] Removido: kmahjongg
checking dependencies...
:: kontact optionally requires kmail

Packages (1) kmail-26.04.2-2

Total Removed Size:  22.97 MiB

:: Do you want to remove these packages? [Y/n] 
:: Processing package changes...
removing kmail...
:: Running post-transaction hooks...
(1/3) Arming ConditionNeedsUpdate...
(2/3) Updating icon theme caches...
(3/3) Updating the desktop file MIME type cache...
[OK] Removido: kmail
checking dependencies...
error: failed to prepare transaction (could not satisfy dependencies)
:: removing kmail-account-wizard breaks dependency 'kmail-account-wizard' required by kontact
[AVISO] Ainda não removido neste passe: kmail-account-wizard
checking dependencies...

Packages (1) kmines-26.04.2-1

Total Removed Size:  1.62 MiB

:: Do you want to remove these packages? [Y/n] 
:: Processing package changes...
removing kmines...
:: Running post-transaction hooks...
(1/3) Arming ConditionNeedsUpdate...
(2/3) Updating icon theme caches...
(3/3) Updating the desktop file MIME type cache...
[OK] Removido: kmines
checking dependencies...

Packages (1) kmix-26.04.2-1

Total Removed Size:  3.11 MiB

:: Do you want to remove these packages? [Y/n] 
:: Processing package changes...
removing kmix...
:: Running post-transaction hooks...
(1/3) Arming ConditionNeedsUpdate...
(2/3) Updating icon theme caches...
(3/3) Updating the desktop file MIME type cache...
[OK] Removido: kmix
checking dependencies...

Packages (1) kmousetool-26.04.2-1

Total Removed Size:  0.60 MiB

:: Do you want to remove these packages? [Y/n] 
:: Processing package changes...
removing kmousetool...
:: Running post-transaction hooks...
(1/3) Arming ConditionNeedsUpdate...
(2/3) Updating icon theme caches...
(3/3) Updating the desktop file MIME type cache...
[OK] Removido: kmousetool
checking dependencies...

Packages (1) kmouth-26.04.2-1

Total Removed Size:  3.89 MiB

:: Do you want to remove these packages? [Y/n] 
:: Processing package changes...
removing kmouth...
:: Running post-transaction hooks...
(1/3) Arming ConditionNeedsUpdate...
(2/3) Updating icon theme caches...
(3/3) Updating the desktop file MIME type cache...
[OK] Removido: kmouth
checking dependencies...

Packages (1) kmplot-26.04.2-1

Total Removed Size:  7.32 MiB

:: Do you want to remove these packages? [Y/n] 
:: Processing package changes...
removing kmplot...
:: Running post-transaction hooks...
(1/3) Arming ConditionNeedsUpdate...
(2/3) Updating icon theme caches...
(3/3) Updating the desktop file MIME type cache...
[OK] Removido: kmplot
checking dependencies...

Packages (1) knavalbattle-26.04.2-1

Total Removed Size:  2.40 MiB

:: Do you want to remove these packages? [Y/n] 
:: Processing package changes...
removing knavalbattle...
:: Running post-transaction hooks...
(1/3) Arming ConditionNeedsUpdate...
(2/3) Updating icon theme caches...
(3/3) Updating the desktop file MIME type cache...
[OK] Removido: knavalbattle
checking dependencies...

Packages (1) knetwalk-26.04.2-1

Total Removed Size:  1.70 MiB

:: Do you want to remove these packages? [Y/n] 
:: Processing package changes...
removing knetwalk...
:: Running post-transaction hooks...
(1/3) Arming ConditionNeedsUpdate...
(2/3) Updating icon theme caches...
(3/3) Updating the desktop file MIME type cache...
[OK] Removido: knetwalk
checking dependencies...

Packages (1) knights-26.04.2-1

Total Removed Size:  5.20 MiB

:: Do you want to remove these packages? [Y/n] 
:: Processing package changes...
removing knights...
:: Running post-transaction hooks...
(1/3) Arming ConditionNeedsUpdate...
(2/3) Updating icon theme caches...
(3/3) Updating the desktop file MIME type cache...
[OK] Removido: knights
checking dependencies...

Packages (1) koko-26.04.2-1

Total Removed Size:  32.32 MiB

:: Do you want to remove these packages? [Y/n] 
:: Processing package changes...
removing koko...
:: Running post-transaction hooks...
(1/3) Arming ConditionNeedsUpdate...
(2/3) Updating icon theme caches...
(3/3) Updating the desktop file MIME type cache...
[OK] Removido: koko
checking dependencies...

Packages (1) kolf-26.04.2-1

Total Removed Size:  3.23 MiB

:: Do you want to remove these packages? [Y/n] 
:: Processing package changes...
removing kolf...
:: Running post-transaction hooks...
(1/3) Arming ConditionNeedsUpdate...
(2/3) Updating icon theme caches...
(3/3) Updating the desktop file MIME type cache...
[OK] Removido: kolf
checking dependencies...

Packages (1) kollision-26.04.2-1

Total Removed Size:  0.74 MiB

:: Do you want to remove these packages? [Y/n] 
:: Processing package changes...
removing kollision...
:: Running post-transaction hooks...
(1/3) Arming ConditionNeedsUpdate...
(2/3) Updating icon theme caches...
(3/3) Updating the desktop file MIME type cache...
[OK] Removido: kollision
checking dependencies...

Packages (1) kolourpaint-26.04.2-1

Total Removed Size:  9.30 MiB

:: Do you want to remove these packages? [Y/n] 
:: Processing package changes...
removing kolourpaint...
:: Running post-transaction hooks...
(1/3) Arming ConditionNeedsUpdate...
(2/3) Updating icon theme caches...
(3/3) Updating the desktop file MIME type cache...
[OK] Removido: kolourpaint
checking dependencies...
:: dolphin optionally requires kompare: comparing files menu action

Packages (1) kompare-26.04.2-1

Total Removed Size:  2.77 MiB

:: Do you want to remove these packages? [Y/n] 
:: Processing package changes...
removing kompare...
:: Running post-transaction hooks...
(1/3) Arming ConditionNeedsUpdate...
(2/3) Updating icon theme caches...
(3/3) Updating the desktop file MIME type cache...
[OK] Removido: kompare
checking dependencies...

Packages (1) kongress-26.04.2-1

Total Removed Size:  0.79 MiB

:: Do you want to remove these packages? [Y/n] 
:: Processing package changes...
removing kongress...
:: Running post-transaction hooks...
(1/3) Arming ConditionNeedsUpdate...
(2/3) Updating icon theme caches...
(3/3) Updating the desktop file MIME type cache...
[OK] Removido: kongress
checking dependencies...

Packages (1) konquest-26.04.2-1

Total Removed Size:  1.62 MiB

:: Do you want to remove these packages? [Y/n] 
:: Processing package changes...
removing konquest...
:: Running post-transaction hooks...
(1/3) Arming ConditionNeedsUpdate...
(2/3) Updating icon theme caches...
(3/3) Updating the desktop file MIME type cache...
[OK] Removido: konquest
checking dependencies...

Packages (1) kontact-26.04.2-1

Total Removed Size:  1.98 MiB

:: Do you want to remove these packages? [Y/n] 
:: Processing package changes...
removing kontact...
:: Running post-transaction hooks...
(1/3) Arming ConditionNeedsUpdate...
(2/3) Updating icon theme caches...
(3/3) Updating the desktop file MIME type cache...
[OK] Removido: kontact
checking dependencies...

Packages (1) kontrast-26.04.2-1

Total Removed Size:  0.62 MiB

:: Do you want to remove these packages? [Y/n] 
:: Processing package changes...
removing kontrast...
:: Running post-transaction hooks...
(1/3) Arming ConditionNeedsUpdate...
(2/3) Updating icon theme caches...
(3/3) Updating the desktop file MIME type cache...
[OK] Removido: kontrast
checking dependencies...

Packages (1) korganizer-26.04.2-2

Total Removed Size:  11.74 MiB

:: Do you want to remove these packages? [Y/n] 
:: Processing package changes...
removing korganizer...
:: Running post-transaction hooks...
(1/3) Arming ConditionNeedsUpdate...
(2/3) Updating icon theme caches...
(3/3) Updating the desktop file MIME type cache...
[OK] Removido: korganizer
checking dependencies...

Packages (1) kosmindoormap-26.04.2-3

Total Removed Size:  3.64 MiB

:: Do you want to remove these packages? [Y/n] 
:: Processing package changes...
removing kosmindoormap...
:: Running post-transaction hooks...
(1/2) Arming ConditionNeedsUpdate...
(2/2) Updating the desktop file MIME type cache...
[OK] Removido: kosmindoormap
checking dependencies...

Packages (1) kpat-26.04.2-1

Total Removed Size:  5.61 MiB

:: Do you want to remove these packages? [Y/n] 
:: Processing package changes...
removing kpat...
:: Running post-transaction hooks...
(1/4) Updating the MIME type database...
(2/4) Arming ConditionNeedsUpdate...
(3/4) Updating icon theme caches...
(4/4) Updating the desktop file MIME type cache...
[OK] Removido: kpat
checking dependencies...

Packages (1) krdc-26.04.2-1

Total Removed Size:  3.68 MiB

:: Do you want to remove these packages? [Y/n] 
:: Processing package changes...
removing krdc...
:: Running post-transaction hooks...
(1/4) Updating the MIME type database...
(2/4) Arming ConditionNeedsUpdate...
(3/4) Updating icon theme caches...
(4/4) Updating the desktop file MIME type cache...
[OK] Removido: krdc
checking dependencies...

Packages (1) krdp-6.7.1-1

Total Removed Size:  0.81 MiB

:: Do you want to remove these packages? [Y/n] 
:: Processing package changes...
removing krdp...
:: Running post-transaction hooks...
(1/3) Reloading user manager configuration...
(2/3) Arming ConditionNeedsUpdate...
(3/3) Updating the desktop file MIME type cache...
[OK] Removido: krdp
checking dependencies...

Packages (1) krecorder-26.04.2-1

Total Removed Size:  0.34 MiB

:: Do you want to remove these packages? [Y/n] 
:: Processing package changes...
removing krecorder...
:: Running post-transaction hooks...
(1/3) Arming ConditionNeedsUpdate...
(2/3) Updating icon theme caches...
(3/3) Updating the desktop file MIME type cache...
[OK] Removido: krecorder
checking dependencies...

Packages (1) kreversi-26.04.2-1

Total Removed Size:  1.90 MiB

:: Do you want to remove these packages? [Y/n] 
:: Processing package changes...
removing kreversi...
:: Running post-transaction hooks...
(1/3) Arming ConditionNeedsUpdate...
(2/3) Updating icon theme caches...
(3/3) Updating the desktop file MIME type cache...
[OK] Removido: kreversi
checking dependencies...

Packages (1) krfb-26.04.2-1

Total Removed Size:  2.60 MiB

:: Do you want to remove these packages? [Y/n] 
:: Processing package changes...
removing krfb...
:: Running post-transaction hooks...
(1/3) Arming ConditionNeedsUpdate...
(2/3) Updating icon theme caches...
(3/3) Updating the desktop file MIME type cache...
[OK] Removido: krfb
checking dependencies...

Packages (1) kruler-26.04.2-1

Total Removed Size:  0.61 MiB

:: Do you want to remove these packages? [Y/n] 
:: Processing package changes...
removing kruler...
:: Running post-transaction hooks...
(1/3) Arming ConditionNeedsUpdate...
(2/3) Updating icon theme caches...
(3/3) Updating the desktop file MIME type cache...
[OK] Removido: kruler
checking dependencies...

Packages (1) kshisen-26.04.2-1

Total Removed Size:  2.00 MiB

:: Do you want to remove these packages? [Y/n] 
:: Processing package changes...
removing kshisen...
:: Running post-transaction hooks...
(1/3) Arming ConditionNeedsUpdate...
(2/3) Updating icon theme caches...
(3/3) Updating the desktop file MIME type cache...
[OK] Removido: kshisen
checking dependencies...

Packages (1) ksirk-26.04.2-1

Total Removed Size:  10.12 MiB

:: Do you want to remove these packages? [Y/n] 
:: Processing package changes...
removing ksirk...
:: Running post-transaction hooks...
(1/3) Arming ConditionNeedsUpdate...
(2/3) Updating icon theme caches...
(3/3) Updating the desktop file MIME type cache...
[OK] Removido: ksirk
checking dependencies...

Packages (1) ksnakeduel-26.04.2-1

Total Removed Size:  0.99 MiB

:: Do you want to remove these packages? [Y/n] 
:: Processing package changes...
removing ksnakeduel...
:: Running post-transaction hooks...
(1/3) Arming ConditionNeedsUpdate...
(2/3) Updating icon theme caches...
(3/3) Updating the desktop file MIME type cache...
[OK] Removido: ksnakeduel
checking dependencies...

Packages (1) kspaceduel-26.04.2-1

Total Removed Size:  1.71 MiB

:: Do you want to remove these packages? [Y/n] 
:: Processing package changes...
removing kspaceduel...
:: Running post-transaction hooks...
(1/3) Arming ConditionNeedsUpdate...
(2/3) Updating icon theme caches...
(3/3) Updating the desktop file MIME type cache...
[OK] Removido: kspaceduel
checking dependencies...

Packages (1) ksquares-26.04.2-1

Total Removed Size:  1.01 MiB

:: Do you want to remove these packages? [Y/n] 
:: Processing package changes...
removing ksquares...
:: Running post-transaction hooks...
(1/3) Arming ConditionNeedsUpdate...
(2/3) Updating icon theme caches...
(3/3) Updating the desktop file MIME type cache...
[OK] Removido: ksquares
checking dependencies...

Packages (1) ksudoku-26.04.2-1

Total Removed Size:  3.61 MiB

:: Do you want to remove these packages? [Y/n] 
:: Processing package changes...
removing ksudoku...
:: Running post-transaction hooks...
(1/3) Arming ConditionNeedsUpdate...
(2/3) Updating icon theme caches...
(3/3) Updating the desktop file MIME type cache...
[OK] Removido: ksudoku
checking dependencies...

Packages (1) ktorrent-26.04.2-1

Total Removed Size:  12.37 MiB

:: Do you want to remove these packages? [Y/n] 
:: Processing package changes...
removing ktorrent...
:: Running post-transaction hooks...
(1/3) Arming ConditionNeedsUpdate...
(2/3) Updating icon theme caches...
(3/3) Updating the desktop file MIME type cache...
[OK] Removido: ktorrent
checking dependencies...

Packages (1) ktouch-26.04.2-1

Total Removed Size:  8.41 MiB

:: Do you want to remove these packages? [Y/n] 
:: Processing package changes...
removing ktouch...
:: Running post-transaction hooks...
(1/3) Arming ConditionNeedsUpdate...
(2/3) Updating icon theme caches...
(3/3) Updating the desktop file MIME type cache...
[OK] Removido: ktouch
checking dependencies...

Packages (1) ktuberling-26.04.2-1

Total Removed Size:  95.47 MiB

:: Do you want to remove these packages? [Y/n] 
:: Processing package changes...
removing ktuberling...
:: Running post-transaction hooks...
(1/3) Arming ConditionNeedsUpdate...
(2/3) Updating icon theme caches...
(3/3) Updating the desktop file MIME type cache...
[OK] Removido: ktuberling
checking dependencies...

Packages (1) kturtle-26.04.2-1

Total Removed Size:  5.27 MiB

:: Do you want to remove these packages? [Y/n] 
:: Processing package changes...
removing kturtle...
:: Running post-transaction hooks...
(1/3) Arming ConditionNeedsUpdate...
(2/3) Updating icon theme caches...
(3/3) Updating the desktop file MIME type cache...
[OK] Removido: kturtle
checking dependencies...

Packages (1) kubrick-26.04.2-1

Total Removed Size:  1.87 MiB

:: Do you want to remove these packages? [Y/n] 
:: Processing package changes...
removing kubrick...
:: Running post-transaction hooks...
(1/3) Arming ConditionNeedsUpdate...
(2/3) Updating icon theme caches...
(3/3) Updating the desktop file MIME type cache...
[OK] Removido: kubrick
checking dependencies...
:: kwallet optionally requires kwalletmanager: Configuration GUI

Packages (1) kwalletmanager-26.04.2-1

Total Removed Size:  2.77 MiB

:: Do you want to remove these packages? [Y/n] 
:: Processing package changes...
removing kwalletmanager...
:: Running post-transaction hooks...
(1/4) Arming ConditionNeedsUpdate...
(2/4) Reloading system bus configuration...
(3/4) Updating icon theme caches...
(4/4) Updating the desktop file MIME type cache...
[OK] Removido: kwalletmanager
checking dependencies...

Packages (1) kwave-26.04.2-1

Total Removed Size:  16.39 MiB

:: Do you want to remove these packages? [Y/n] 
:: Processing package changes...
removing kwave...
:: Running post-transaction hooks...
(1/3) Arming ConditionNeedsUpdate...
(2/3) Updating icon theme caches...
(3/3) Updating the desktop file MIME type cache...
[OK] Removido: kwave
checking dependencies...

Packages (1) kwordquiz-26.04.2-1

Total Removed Size:  4.21 MiB

:: Do you want to remove these packages? [Y/n] 
:: Processing package changes...
removing kwordquiz...
:: Running post-transaction hooks...
(1/3) Arming ConditionNeedsUpdate...
(2/3) Updating icon theme caches...
(3/3) Updating the desktop file MIME type cache...
[OK] Removido: kwordquiz
checking dependencies...
error: failed to prepare transaction (could not satisfy dependencies)
:: removing libkdegames breaks dependency 'libkdegames' required by lskat
:: removing libkdegames breaks dependency 'libkdegames' required by palapeli
:: removing libkdegames breaks dependency 'libkdegames' required by picmi
:: removing libkdegames breaks dependency 'libkdegames' required by skladnik
[AVISO] Ainda não removido neste passe: libkdegames
checking dependencies...

Packages (1) libkmahjongg-26.04.2-1

Total Removed Size:  1.77 MiB

:: Do you want to remove these packages? [Y/n] 
:: Processing package changes...
removing libkmahjongg...
:: Running post-transaction hooks...
(1/1) Arming ConditionNeedsUpdate...
[OK] Removido: libkmahjongg
error: target not found: libpamac
[AVISO] Ainda não removido neste passe: libpamac
checking dependencies...
error: failed to prepare transaction (could not satisfy dependencies)
:: removing libpamac-aur breaks dependency 'libpamac-aur>=11.7' required by pamac-aur
[AVISO] Ainda não removido neste passe: libpamac-aur
checking dependencies...

Packages (1) lokalize-26.04.2-1

Total Removed Size:  7.62 MiB

:: Do you want to remove these packages? [Y/n] 
:: Processing package changes...
removing lokalize...
:: Running post-transaction hooks...
(1/3) Arming ConditionNeedsUpdate...
(2/3) Updating icon theme caches...
(3/3) Updating the desktop file MIME type cache...
[OK] Removido: lokalize
checking dependencies...

Packages (1) lskat-26.04.2-1

Total Removed Size:  2.10 MiB

:: Do you want to remove these packages? [Y/n] 
:: Processing package changes...
removing lskat...
:: Running post-transaction hooks...
(1/3) Arming ConditionNeedsUpdate...
(2/3) Updating icon theme caches...
(3/3) Updating the desktop file MIME type cache...
[OK] Removido: lskat
checking dependencies...

Packages (1) marble-26.04.2-4

Total Removed Size:  0.88 MiB

:: Do you want to remove these packages? [Y/n] 
:: Processing package changes...
removing marble...
:: Running post-transaction hooks...
(1/2) Arming ConditionNeedsUpdate...
(2/2) Updating the desktop file MIME type cache...
[OK] Removido: marble
checking dependencies...

Packages (1) marble-common-26.04.2-4

Total Removed Size:  72.57 MiB

:: Do you want to remove these packages? [Y/n] 
:: Processing package changes...
removing marble-common...
:: Running post-transaction hooks...
(1/4) Updating the MIME type database...
(2/4) Arming ConditionNeedsUpdate...
(3/4) Updating icon theme caches...
(4/4) Updating the desktop file MIME type cache...
[OK] Removido: marble-common
checking dependencies...

Packages (1) massif-visualizer-26.04.2-1

Total Removed Size:  0.76 MiB

:: Do you want to remove these packages? [Y/n] 
:: Processing package changes...
removing massif-visualizer...
:: Running post-transaction hooks...
(1/4) Updating the MIME type database...
(2/4) Arming ConditionNeedsUpdate...
(3/4) Updating icon theme caches...
(4/4) Updating the desktop file MIME type cache...
[OK] Removido: massif-visualizer
checking dependencies...

Packages (1) mbox-importer-26.04.2-1

Total Removed Size:  0.12 MiB

:: Do you want to remove these packages? [Y/n] 
:: Processing package changes...
removing mbox-importer...
:: Running post-transaction hooks...
(1/2) Arming ConditionNeedsUpdate...
(2/2) Updating the desktop file MIME type cache...
[OK] Removido: mbox-importer
checking dependencies...

Packages (1) merkuro-26.04.2-2

Total Removed Size:  8.77 MiB

:: Do you want to remove these packages? [Y/n] 
:: Processing package changes...
removing merkuro...
:: Running post-transaction hooks...
(1/3) Arming ConditionNeedsUpdate...
(2/3) Updating icon theme caches...
(3/3) Updating the desktop file MIME type cache...
[OK] Removido: merkuro
checking dependencies...

Packages (1) minuet-26.04.2-1

Total Removed Size:  31.89 MiB

:: Do you want to remove these packages? [Y/n] 
:: Processing package changes...
removing minuet...
:: Running post-transaction hooks...
(1/3) Arming ConditionNeedsUpdate...
(2/3) Updating icon theme caches...
(3/3) Updating the desktop file MIME type cache...
[OK] Removido: minuet
checking dependencies...

Packages (1) mplayer-38542-6

Total Removed Size:  4.51 MiB

:: Do you want to remove these packages? [Y/n] 
:: Processing package changes...
removing mplayer...
:: Running post-transaction hooks...
(1/2) Arming ConditionNeedsUpdate...
(2/2) Updating the desktop file MIME type cache...
[OK] Removido: mplayer
checking dependencies...
error: failed to prepare transaction (could not satisfy dependencies)
:: removing mpv breaks dependency 'mpv' required by mpvqt
[AVISO] Ainda não removido neste passe: mpv
checking dependencies...

Packages (1) neochat-26.04.2-1

Total Removed Size:  12.79 MiB

:: Do you want to remove these packages? [Y/n] 
:: Processing package changes...
removing neochat...
:: Running post-transaction hooks...
(1/3) Arming ConditionNeedsUpdate...
(2/3) Updating icon theme caches...
(3/3) Updating the desktop file MIME type cache...
[OK] Removido: neochat
checking dependencies...

Packages (1) palapeli-26.04.2-1

Total Removed Size:  4.63 MiB

:: Do you want to remove these packages? [Y/n] 
:: Processing package changes...
removing palapeli...
:: Running post-transaction hooks...
(1/4) Updating the MIME type database...
(2/4) Arming ConditionNeedsUpdate...
(3/4) Updating icon theme caches...
(4/4) Updating the desktop file MIME type cache...
[OK] Removido: palapeli
error: target not found: pamac
[AVISO] Ainda não removido neste passe: pamac
error: target not found: pamac-cli
[AVISO] Ainda não removido neste passe: pamac-cli
checking dependencies...

Packages (1) parley-26.04.2-1

Total Removed Size:  12.05 MiB

:: Do you want to remove these packages? [Y/n] 
:: Processing package changes...
removing parley...
:: Running post-transaction hooks...
(1/3) Arming ConditionNeedsUpdate...
(2/3) Updating icon theme caches...
(3/3) Updating the desktop file MIME type cache...
[OK] Removido: parley
checking dependencies...

Packages (1) partitionmanager-26.04.2-1

Total Removed Size:  6.73 MiB

:: Do you want to remove these packages? [Y/n] 
:: Processing package changes...
removing partitionmanager...
:: Running post-transaction hooks...
(1/3) Arming ConditionNeedsUpdate...
(2/3) Updating icon theme caches...
(3/3) Updating the desktop file MIME type cache...
[OK] Removido: partitionmanager
checking dependencies...

Packages (1) picmi-26.04.2-1

Total Removed Size:  1.90 MiB

:: Do you want to remove these packages? [Y/n] 
:: Processing package changes...
removing picmi...
:: Running post-transaction hooks...
(1/3) Arming ConditionNeedsUpdate...
(2/3) Updating icon theme caches...
(3/3) Updating the desktop file MIME type cache...
[OK] Removido: picmi
checking dependencies...

Packages (1) pim-data-exporter-26.04.2-2

Total Removed Size:  1.84 MiB

:: Do you want to remove these packages? [Y/n] 
:: Processing package changes...
removing pim-data-exporter...
:: Running post-transaction hooks...
(1/2) Arming ConditionNeedsUpdate...
(2/2) Updating the desktop file MIME type cache...
[OK] Removido: pim-data-exporter
checking dependencies...

Packages (1) pim-sieve-editor-26.04.2-1

Total Removed Size:  1.40 MiB

:: Do you want to remove these packages? [Y/n] 
:: Processing package changes...
removing pim-sieve-editor...
:: Running post-transaction hooks...
(1/3) Arming ConditionNeedsUpdate...
(2/3) Updating icon theme caches...
(3/3) Updating the desktop file MIME type cache...
[OK] Removido: pim-sieve-editor
checking dependencies...

Packages (1) plasmatube-26.04.2-1

Total Removed Size:  2.54 MiB

:: Do you want to remove these packages? [Y/n] 
:: Processing package changes...
removing plasmatube...
:: Running post-transaction hooks...
(1/3) Arming ConditionNeedsUpdate...
(2/3) Updating icon theme caches...
(3/3) Updating the desktop file MIME type cache...
[OK] Removido: plasmatube
checking dependencies...

Packages (1) print-manager-1:6.7.1-1

Total Removed Size:  2.70 MiB

:: Do you want to remove these packages? [Y/n] 
:: Processing package changes...
removing print-manager...
:: Running post-transaction hooks...
(1/2) Arming ConditionNeedsUpdate...
(2/2) Updating the desktop file MIME type cache...
[OK] Removido: print-manager
checking dependencies...
error: failed to prepare transaction (could not satisfy dependencies)
:: removing qt6-tools breaks dependency 'qt6-tools' required by aurorae
:: removing qt6-tools breaks dependency 'qt6-tools' required by konversation
:: removing qt6-tools breaks dependency 'qt6-tools' required by kwin
:: removing qt6-tools breaks dependency 'qt6-tools' required by kwin-x11
:: removing qt6-tools breaks dependency 'qt6-tools' required by plasma-workspace
[AVISO] Ainda não removido neste passe: qt6-tools
checking dependencies...

Packages (1) rocs-26.04.2-1

Total Removed Size:  4.02 MiB

:: Do you want to remove these packages? [Y/n] 
:: Processing package changes...
removing rocs...
:: Running post-transaction hooks...
(1/3) Arming ConditionNeedsUpdate...
(2/3) Updating icon theme caches...
(3/3) Updating the desktop file MIME type cache...
[OK] Removido: rocs
checking dependencies...

Packages (1) screenfetch-3.9.9-1

Total Removed Size:  0.25 MiB

:: Do you want to remove these packages? [Y/n] 
:: Processing package changes...
removing screenfetch...
:: Running post-transaction hooks...
(1/1) Arming ConditionNeedsUpdate...
[OK] Removido: screenfetch
checking dependencies...

Packages (1) skanlite-26.04.2-1

Total Removed Size:  2.98 MiB

:: Do you want to remove these packages? [Y/n] 
:: Processing package changes...
removing skanlite...
:: Running post-transaction hooks...
(1/3) Arming ConditionNeedsUpdate...
(2/3) Updating icon theme caches...
(3/3) Updating the desktop file MIME type cache...
[OK] Removido: skanlite
checking dependencies...

Packages (1) skanpage-26.04.2-1

Total Removed Size:  0.89 MiB

:: Do you want to remove these packages? [Y/n] 
:: Processing package changes...
removing skanpage...
:: Running post-transaction hooks...
(1/3) Arming ConditionNeedsUpdate...
(2/3) Updating icon theme caches...
(3/3) Updating the desktop file MIME type cache...
[OK] Removido: skanpage
checking dependencies...

Packages (1) skladnik-26.04.2-1

Total Removed Size:  0.77 MiB

:: Do you want to remove these packages? [Y/n] 
:: Processing package changes...
removing skladnik...
:: Running post-transaction hooks...
(1/3) Arming ConditionNeedsUpdate...
(2/3) Updating icon theme caches...
(3/3) Updating the desktop file MIME type cache...
[OK] Removido: skladnik
checking dependencies...

Packages (1) spectacle-1:6.7.1-1

Total Removed Size:  6.15 MiB

:: Do you want to remove these packages? [Y/n] 
:: Processing package changes...
removing spectacle...
:: Running post-transaction hooks...
(1/4) Reloading user manager configuration...
(2/4) Arming ConditionNeedsUpdate...
(3/4) Updating icon theme caches...
(4/4) Updating the desktop file MIME type cache...
[OK] Removido: spectacle
checking dependencies...

Packages (1) step-26.04.2-1

Total Removed Size:  12.73 MiB

:: Do you want to remove these packages? [Y/n] 
:: Processing package changes...
removing step...
:: Running post-transaction hooks...
(1/4) Updating the MIME type database...
(2/4) Arming ConditionNeedsUpdate...
(3/4) Updating icon theme caches...
(4/4) Updating the desktop file MIME type cache...
[OK] Removido: step
checking dependencies...

Packages (1) sweeper-26.04.2-1

Total Removed Size:  0.84 MiB

:: Do you want to remove these packages? [Y/n] 
:: Processing package changes...
removing sweeper...
:: Running post-transaction hooks...
(1/3) Arming ConditionNeedsUpdate...
(2/3) Updating icon theme caches...
(3/3) Updating the desktop file MIME type cache...
[OK] Removido: sweeper
checking dependencies...

Packages (1) telly-skout-26.04.2-1

Total Removed Size:  0.70 MiB

:: Do you want to remove these packages? [Y/n] 
:: Processing package changes...
removing telly-skout...
:: Running post-transaction hooks...
(1/3) Arming ConditionNeedsUpdate...
(2/3) Updating icon theme caches...
(3/3) Updating the desktop file MIME type cache...
[OK] Removido: telly-skout
checking dependencies...

Packages (1) tokodon-26.04.2-1

Total Removed Size:  8.63 MiB

:: Do you want to remove these packages? [Y/n] 
:: Processing package changes...
removing tokodon...
:: Running post-transaction hooks...
(1/3) Arming ConditionNeedsUpdate...
(2/3) Updating icon theme caches...
(3/3) Updating the desktop file MIME type cache...
[OK] Removido: tokodon
checking dependencies...

Packages (1) umbrello-26.04.2-1

Total Removed Size:  14.40 MiB

:: Do you want to remove these packages? [Y/n] 
:: Processing package changes...
removing umbrello...
:: Running post-transaction hooks...
(1/3) Arming ConditionNeedsUpdate...
(2/3) Updating icon theme caches...
(3/3) Updating the desktop file MIME type cache...
[OK] Removido: umbrello
checking dependencies...
error: failed to prepare transaction (could not satisfy dependencies)
:: removing v4l-utils breaks dependency 'v4l-utils' required by ffmpeg
:: removing v4l-utils breaks dependency 'v4l-utils' required by gst-plugins-good
:: removing v4l-utils breaks dependency 'v4l-utils' required by sane
:: removing v4l-utils breaks dependency 'v4l-utils' required by zbar
[AVISO] Ainda não removido neste passe: v4l-utils
checking dependencies...

Packages (1) yakuake-26.04.2-1

Total Removed Size:  2.42 MiB

:: Do you want to remove these packages? [Y/n] 
:: Processing package changes...
removing yakuake...
:: Running post-transaction hooks...
(1/3) Arming ConditionNeedsUpdate...
(2/3) Updating icon theme caches...
(3/3) Updating the desktop file MIME type cache...
[OK] Removido: yakuake

[INFO] Passe individual 2...
checking dependencies...

Packages (1) akonadi-import-wizard-26.04.2-1

Total Removed Size:  1.89 MiB

:: Do you want to remove these packages? [Y/n] 
:: Processing package changes...
removing akonadi-import-wizard...
:: Running post-transaction hooks...
(1/3) Arming ConditionNeedsUpdate...
(2/3) Updating icon theme caches...
(3/3) Updating the desktop file MIME type cache...
[OK] Removido: akonadi-import-wizard
checking dependencies...
error: failed to prepare transaction (could not satisfy dependencies)
:: removing appstream-glib breaks dependency 'appstream-glib>=0.8.3' required by libpamac-aur
[AVISO] Ainda não removido neste passe: appstream-glib
checking dependencies...

Packages (1) freerdp-2:3.27.1-1

Total Removed Size:  9.14 MiB

:: Do you want to remove these packages? [Y/n] 
:: Processing package changes...
removing freerdp...
:: Running post-transaction hooks...
(1/1) Arming ConditionNeedsUpdate...
[OK] Removido: freerdp
checking dependencies...
error: failed to prepare transaction (could not satisfy dependencies)
:: removing kdeconnect breaks dependency 'kdeconnect' required by plasma-bigscreen
[AVISO] Ainda não removido neste passe: kdeconnect
checking dependencies...
error: failed to prepare transaction (could not satisfy dependencies)
:: removing kdevelop breaks dependency 'kdevelop' required by kdevelop-php
:: removing kdevelop breaks dependency 'kdevelop' required by kdevelop-python
[AVISO] Ainda não removido neste passe: kdevelop
checking dependencies...

Packages (1) kmail-account-wizard-26.04.2-2

Total Removed Size:  0.70 MiB

:: Do you want to remove these packages? [Y/n] 
:: Processing package changes...
removing kmail-account-wizard...
:: Running post-transaction hooks...
(1/2) Arming ConditionNeedsUpdate...
(2/2) Updating the desktop file MIME type cache...
[OK] Removido: kmail-account-wizard
checking dependencies...

Packages (1) libkdegames-26.04.2-1

Total Removed Size:  7.18 MiB

:: Do you want to remove these packages? [Y/n] 
:: Processing package changes...
removing libkdegames...
:: Running post-transaction hooks...
(1/1) Arming ConditionNeedsUpdate...
[OK] Removido: libkdegames
error: target not found: libpamac
[AVISO] Ainda não removido neste passe: libpamac
checking dependencies...
error: failed to prepare transaction (could not satisfy dependencies)
:: removing libpamac-aur breaks dependency 'libpamac-aur>=11.7' required by pamac-aur
[AVISO] Ainda não removido neste passe: libpamac-aur
checking dependencies...
error: failed to prepare transaction (could not satisfy dependencies)
:: removing mpv breaks dependency 'mpv' required by mpvqt
[AVISO] Ainda não removido neste passe: mpv
error: target not found: pamac
[AVISO] Ainda não removido neste passe: pamac
error: target not found: pamac-cli
[AVISO] Ainda não removido neste passe: pamac-cli
checking dependencies...
error: failed to prepare transaction (could not satisfy dependencies)
:: removing qt6-tools breaks dependency 'qt6-tools' required by aurorae
:: removing qt6-tools breaks dependency 'qt6-tools' required by konversation
:: removing qt6-tools breaks dependency 'qt6-tools' required by kwin
:: removing qt6-tools breaks dependency 'qt6-tools' required by kwin-x11
:: removing qt6-tools breaks dependency 'qt6-tools' required by plasma-workspace
[AVISO] Ainda não removido neste passe: qt6-tools
checking dependencies...
error: failed to prepare transaction (could not satisfy dependencies)
:: removing v4l-utils breaks dependency 'v4l-utils' required by ffmpeg
:: removing v4l-utils breaks dependency 'v4l-utils' required by gst-plugins-good
:: removing v4l-utils breaks dependency 'v4l-utils' required by sane
:: removing v4l-utils breaks dependency 'v4l-utils' required by zbar
[AVISO] Ainda não removido neste passe: v4l-utils

[INFO] Passe individual 3...
checking dependencies...
error: failed to prepare transaction (could not satisfy dependencies)
:: removing appstream-glib breaks dependency 'appstream-glib>=0.8.3' required by libpamac-aur
[AVISO] Ainda não removido neste passe: appstream-glib
checking dependencies...
error: failed to prepare transaction (could not satisfy dependencies)
:: removing kdeconnect breaks dependency 'kdeconnect' required by plasma-bigscreen
[AVISO] Ainda não removido neste passe: kdeconnect
checking dependencies...
error: failed to prepare transaction (could not satisfy dependencies)
:: removing kdevelop breaks dependency 'kdevelop' required by kdevelop-php
:: removing kdevelop breaks dependency 'kdevelop' required by kdevelop-python
[AVISO] Ainda não removido neste passe: kdevelop
error: target not found: libpamac
[AVISO] Ainda não removido neste passe: libpamac
checking dependencies...
error: failed to prepare transaction (could not satisfy dependencies)
:: removing libpamac-aur breaks dependency 'libpamac-aur>=11.7' required by pamac-aur
[AVISO] Ainda não removido neste passe: libpamac-aur
checking dependencies...
error: failed to prepare transaction (could not satisfy dependencies)
:: removing mpv breaks dependency 'mpv' required by mpvqt
[AVISO] Ainda não removido neste passe: mpv
error: target not found: pamac
[AVISO] Ainda não removido neste passe: pamac
error: target not found: pamac-cli
[AVISO] Ainda não removido neste passe: pamac-cli
checking dependencies...
error: failed to prepare transaction (could not satisfy dependencies)
:: removing qt6-tools breaks dependency 'qt6-tools' required by aurorae
:: removing qt6-tools breaks dependency 'qt6-tools' required by konversation
:: removing qt6-tools breaks dependency 'qt6-tools' required by kwin
:: removing qt6-tools breaks dependency 'qt6-tools' required by kwin-x11
:: removing qt6-tools breaks dependency 'qt6-tools' required by plasma-workspace
[AVISO] Ainda não removido neste passe: qt6-tools
checking dependencies...
error: failed to prepare transaction (could not satisfy dependencies)
:: removing v4l-utils breaks dependency 'v4l-utils' required by ffmpeg
:: removing v4l-utils breaks dependency 'v4l-utils' required by gst-plugins-good
:: removing v4l-utils breaks dependency 'v4l-utils' required by sane
:: removing v4l-utils breaks dependency 'v4l-utils' required by zbar
[AVISO] Ainda não removido neste passe: v4l-utils

[INFO] Etapa 4/5 — removendo Flatpaks de usuário fora do stack Mocha por categoria de menu...

[INFO] Etapa 5/5 — quarentena de atalhos .desktop soltos do usuário/skel em categorias removidas...

[INFO] Atualizando banco de menus...
Detected locale "C" with character encoding "ANSI_X3.4-1968", which is not UTF-8.
Qt depends on a UTF-8 locale, and has switched to "C.UTF-8" instead.
If this causes problems, reconfigure your locale. See the locale(1) manual
for more information.
kbuildsycoca6 running...

[INFO] Pacotes explicitamente removidos:
accessibility-inspector
akonadi-calendar-tools
akonadi-import-wizard
akonadiconsole
arianna
artikulate
audex
audiotube
blinken
bomber
bovo
calligra
cantor
discover
dragon
elisa
filelight
ghostwriter
granatier
grantlee-editor
gwenview
isoimagewriter
itinerary
juk
k3b
kaddressbook
kajongg
kalarm
kalgebra
kalk
kalm
kalzium
kamera
kamoso
kanagram
kapman
kapptemplate
katomic
kblackbox
kblocks
kbounce
kbreakout
kbruch
kcachegrind
kcalc
kcolorchooser
kde-dev-utils
kdebugsettings
kdenlive
kdepim-addons
kdiamond
kfourinline
kgeography
kget
kgoldrunner
kgraphviewer
khangman
kig
kigo
killbots
kimagemapeditor
kiriki
kiten
kjumpingcube
kleopatra
klettres
klickety
klines
kmag
kmahjongg
kmail
kmail-account-wizard
kmines
kmix
kmousetool
kmouth
kmplot
knavalbattle
knetwalk
knights
koko
kolf
kollision
kolourpaint
kompare
kongress
konquest
kontact
kontrast
korganizer
kpat
krdc
krdp
krecorder
kreversi
krfb
kruler
kshisen
ksirk
ksnakeduel
kspaceduel
ksquares
ksudoku
ktorrent
ktouch
ktuberling
kturtle
kubrick
kwalletmanager
kwave
kwordquiz
lokalize
lskat
marble
massif-visualizer
mbox-importer
merkuro
minuet
mplayer
neochat
palapeli
parley
partitionmanager
picmi
pim-data-exporter
pim-sieve-editor
plasmatube
print-manager
rocs
screenfetch
skanlite
skanpage
skladnik
spectacle
step
sweeper
telly-skout
tokodon
umbrello
yakuake

[INFO] Flatpaks removidos:
[OK] Nenhum Flatpak removido.

[INFO] Atalhos soltos colocados em quarentena:
[OK] Nenhum atalho solto em quarentena.

[INFO] Órfãos detectados, mas NÃO removidos automaticamente:
analitza
audiofile
bc
black-hole-solver
cauchy
cfitsio
cmark
enca
freecell-solver
gnugo
gsl
id3lib
incidenceeditor
kcachegrind-common
kddockwidgets
khealthcertificate
kimageannotator
kitinerary
kopeninghours
kplotting
kpmcore
kqtquickcharts
kquickimageeditor
ktnef
kunifiedpush
libkeduvocdocument
libksane
libksieve
libktorrent
libodfgen
libquotient
libvncserver
libxvmc
mailcommon
mimetreeparser
mlt
mpvqt
openbabel
opentimelineio
python-qtpy
python-ytmusicapi
qhull
recastnavigation
sdl3_ttf
vlc-plugin-ffmpeg

[INFO] Conferência de preservação estrutural e stack Mocha:
[OK] pacman preservado
[OK] sudo preservado
[OK] systemd preservado
[OK] networkmanager preservado
[OK] plasma-desktop preservado
[OK] plasma-workspace preservado
[OK] kwin preservado
[OK] sddm preservado
[OK] dolphin preservado
[OK] konsole preservado
[OK] kate preservado
[OK] okular preservado
[OK] firefox preservado
[AVISO] steam não está instalado
[AVISO] mangohud não está instalado
[AVISO] gamemode não está instalado
[AVISO] tuned não está instalado
[AVISO] piper não está instalado

============================================================
[OK] Limpeza concluída: menu deve ficar restrito a sistema/base + stack Mocha.
Log:                  /media/mochafast/MochaArch/ativo/logs/20260628-162915-limpeza-menu-apps-fora-stack-v3.log
Antes:                /media/mochafast/MochaArch/ativo/logs/20260628-162915-pacotes-explicitos-antes.txt
Depois:               /media/mochafast/MochaArch/ativo/logs/20260628-162915-pacotes-explicitos-depois.txt
Candidatos:           /media/mochafast/MochaArch/ativo/logs/20260628-162915-candidatos-remocao.txt
Por desktop:          /media/mochafast/MochaArch/ativo/logs/20260628-162915-candidatos-por-desktop.txt
Por lista:            /media/mochafast/MochaArch/ativo/logs/20260628-162915-candidatos-por-lista.txt
Removidos:            /media/mochafast/MochaArch/ativo/logs/20260628-162915-pacotes-removidos.txt
Flatpaks removidos:   /media/mochafast/MochaArch/ativo/logs/20260628-162915-flatpaks-removidos.txt
Desktop quarentena:   /media/mochafast/MochaArch/ativo/logs/20260628-162915-desktops-quarentenados.txt
Órfãos não removidos: /media/mochafast/MochaArch/ativo/logs/20260628-162915-orfaos-detectados-nao-removidos.txt
============================================================
