
============================================================
 Mocha — Kernel/Driver atalho Desktop canônico
============================================================
Log:        /media/mochafast/MochaArch/ativo/logs/20260627-202141-kernel-driver-desktop-canonico.log
Quarentena: /media/mochafast/MochaArch/ativo/quarentena/kernel-driver-atalhos-ruins-20260627-202141
Usuário:    mocha
Home:       /home/mocha

[1] Criando lançadores canônicos
[OK] Lançador root/pkexec/polkit instalados.

[2] Removendo atalhos ruins do Kernel/Driver na Área de Trabalho
[OK] Quarentenado: /home/mocha/Área de trabalho/mocha-kernel-driver-manager.desktop

[3] Instalando cópia funcional visível na Área de Trabalho
[OK] Atalho funcional instalado: /home/mocha/Área de trabalho/mocha-kernel-driver-manager.desktop
[OK] Atalho funcional instalado: /home/mocha/Desktop/mocha-kernel-driver-manager.desktop
[OK] Atalho funcional instalado: /home/mocha/Área de Trabalho/mocha-kernel-driver-manager.desktop

[4] Instalando no /etc/skel/Desktop para novos usuários
[OK] Atalho funcional instalado: /etc/skel/Desktop/mocha-kernel-driver-manager.desktop

[5] Sincronizando canônico e payload
[OK] Sincronizado: /media/mochafast/MochaArch/ativo/apps/mocha-kernel-driver-manager
[OK] Sincronizado: /media/mochafast/MochaArch/ativo/calamares/payload/mocha-kernel-driver-manager

[6] Validação

[7] Atualizando cache do KDE
[OK] kbuildsycoca6 executado.

[8] Registro no manual vivo
[OK] Manual vivo atualizado.

Atalhos Desktop ativos:

/home/mocha/Área de trabalho/mocha-kernel-driver-manager.desktop
-rwxr-xr-x 1 mocha mocha 299 Jun 27 20:21 /home/mocha/Área de trabalho/mocha-kernel-driver-manager.desktop
6:Exec=/usr/local/bin/mocha-kernel-driver-manager-root

/home/mocha/Desktop/mocha-kernel-driver-manager.desktop
-rwxr-xr-x 1 mocha mocha 299 Jun 27 20:21 /home/mocha/Desktop/mocha-kernel-driver-manager.desktop
6:Exec=/usr/local/bin/mocha-kernel-driver-manager-root

/home/mocha/Área de Trabalho/mocha-kernel-driver-manager.desktop
-rwxr-xr-x 1 mocha mocha 299 Jun 27 20:21 /home/mocha/Área de Trabalho/mocha-kernel-driver-manager.desktop
6:Exec=/usr/local/bin/mocha-kernel-driver-manager-root

/etc/skel/Desktop/mocha-kernel-driver-manager.desktop
-rwxr-xr-x 1 root root 299 Jun 27 20:21 /etc/skel/Desktop/mocha-kernel-driver-manager.desktop
6:Exec=/usr/local/bin/mocha-kernel-driver-manager-root

Arquivos de execução:
-rwxr-xr-x 1 root root 424K Jun 27 19:45 /usr/local/bin/mocha-kernel-driver-manager
-rwxr-xr-x 1 root root  231 Jun 27 20:21 /usr/local/bin/mocha-kernel-driver-manager-root
-rwxr-xr-x 1 root root  491 Jun 27 20:21 /usr/local/lib/mocha/mocha-kernel-driver-manager-pkexec
-rw-r--r-- 1 root root  299 Jun 27 20:21 /usr/share/applications/mocha-kernel-driver-manager.desktop
-rw-r--r-- 1 root root  949 Jun 27 20:21 /usr/share/polkit-1/actions/org.mocha.kernel-driver-manager.policy

============================================================
[OK] Kernel/Driver corrigido.
[OK] Atalho quebrado foi removido/quarentenado da Área de Trabalho.
[OK] Cópia funcional foi colocada na Área de Trabalho.
[OK] /etc/skel/Desktop também recebeu a cópia funcional.
[OK] Canônico e payload sincronizados.
============================================================
