
== Estado inicial resumido ==
Kernel atual: 7.0.10-arch1-1
Log: /media/mochafast/MochaArch/ativo/logs/20260529-205047-reparo-zen-nvidia-sem-carregar.log
Não vou executar nvidia-smi nem modprobe nvidia nesta sessão.
nvidia_drm            151552  101
nvidia_modeset       2195456  55 nvidia_drm
nvidia_uvm           2490368  0
nvidia              16568320  1043 nvidia_uvm,nvidia_modeset

== Registrando congelamento e regra no manual ==

== Validando pacotes já instalados ==

== Validando DKMS do NVIDIA para o Zen sem carregar módulo ==
Kernel Zen detectado: 7.0.10-zen1-1-zen
broadcom-wl/6.30.223.271, 7.0.10-arch1-1, x86_64: installed
broadcom-wl/6.30.223.271, 7.0.10-zen1-1-zen, x86_64: installed
nvidia/595.71.05, 7.0.10-arch1-1, x86_64: installed
nvidia/595.71.05, 7.0.10-zen1-1-zen, x86_64: installed

== Escrevendo configuração segura NVIDIA Wayland sem carregar driver agora ==

== Ajustando mkinitcpio: módulos NVIDIA cedo e sem hook kms puxando nouveau ==
Backup criado: /etc/mkinitcpio.conf.bak-20260529-205047
MODULES=(nvidia nvidia_modeset nvidia_uvm nvidia_drm)
HOOKS=(base udev autodetect microcode modconf block keyboard keymap consolefont filesystems)

== Aplicando receita Mocha CPU/memória/zram sem mexer em GPU runtime ==

== Ativando CPU/tuned/zram; GPU persistence fica para depois da validação ==
Created symlink '/etc/systemd/system/multi-user.target.wants/cpupower.service' → '/usr/lib/systemd/system/cpupower.service'.
Created symlink '/etc/systemd/system/multi-user.target.wants/tuned.service' → '/usr/lib/systemd/system/tuned.service'.
Job for cpupower.service canceled.

== Recriando initramfs ==
==> Building image from preset: /etc/mkinitcpio.d/linux.preset: 'default'
==> Using default configuration file: '/etc/mkinitcpio.conf'
  -> -k /boot/vmlinuz-linux -g /boot/initramfs-linux.img
==> Starting build: '7.0.10-arch1-1'
  -> Running build hook: [base]
  -> Running build hook: [udev]
  -> Running build hook: [autodetect]
  -> Running build hook: [microcode]
  -> Running build hook: [modconf]
  -> Running build hook: [block]
  -> Running build hook: [keyboard]
  -> Running build hook: [keymap]
  -> Running build hook: [consolefont]
==> WARNING: consolefont: no font found in configuration
  -> Running build hook: [filesystems]
==> Generating module dependencies
==> Creating zstd-compressed initcpio image: '/boot/initramfs-linux.img'
  -> Early uncompressed CPIO image generation successful
==> Initcpio image generation successful
==> Building image from preset: /etc/mkinitcpio.d/linux-zen.preset: 'default'
==> Using default configuration file: '/etc/mkinitcpio.conf'
  -> -k /boot/vmlinuz-linux-zen -g /boot/initramfs-linux-zen.img
==> Starting build: '7.0.10-zen1-1-zen'
  -> Running build hook: [base]
  -> Running build hook: [udev]
  -> Running build hook: [autodetect]
  -> Running build hook: [microcode]
  -> Running build hook: [modconf]
  -> Running build hook: [block]
  -> Running build hook: [keyboard]
  -> Running build hook: [keymap]
  -> Running build hook: [consolefont]
==> WARNING: consolefont: no font found in configuration
  -> Running build hook: [filesystems]
==> Generating module dependencies
==> Creating zstd-compressed initcpio image: '/boot/initramfs-linux-zen.img'
  -> Early uncompressed CPIO image generation successful
==> Initcpio image generation successful

== Configurando bootloader para Zen como primeira entrada ==
GRUB detectado.
Backup criado: /etc/default/grub.bak-20260529-205047
awk: lin. de com.:10: aviso: sequência de escape "\"" da regexp não é um operador de regexp conhecido
Gerando o arquivo de configuração do grub...
Imagem Linux encontrada: /boot/vmlinuz-linux-zen
Imagem initrd encontrada: /boot/intel-ucode.img /boot/amd-ucode.img /boot/initramfs-linux-zen.img
Imagem Linux encontrada: /boot/vmlinuz-linux
Imagem initrd encontrada: /boot/intel-ucode.img /boot/amd-ucode.img /boot/initramfs-linux.img
Aviso: os-prober não será executado para detectar outras partições de arranque.
Os sistemas nelas presentes não serão adicionados à configuração de arranque do GRUB.\Veja a documentação de GRUB_DISABLE_OS_PROBER.
A adicionar entrada de menu para UEFI Firmware Settings ...
concluído

== Validação final sem carregar NVIDIA ==

== Resumo ==
Zen preparado: 7.0.10-zen1-1-zen
Initramfs Zen: /boot/initramfs-linux-zen.img
Driver: nvidia-open-dkms 595.71.05
Log: /media/mochafast/MochaArch/ativo/logs/20260529-205047-reparo-zen-nvidia-sem-carregar.log
Script salvo: /media/mochafast/MochaArch/ativo/scripts/20260529-205047-reparar-zen-nvidia-sem-carregar.sh
Agora reinicie manualmente e escolha a primeira entrada Zen. Se falhar, use a entrada antiga fallback.
