
[11:55:03] MOCHA — pré-flight
Timestamp: 20260602-115503
Usuário: hal
Sessão: wayland
Desktop: KDE
Kernel: 7.0.10-2-cachyos
Log: /media/mochafast/MochaArch/ativo/logs/mocha-steam-proton-input-alt-tab-fix-20260602-115503.log
Relatório: /media/mochafast/MochaArch/ativo/reports/mocha-steam-proton-input-alt-tab-fix-20260602-115503.md

[11:55:03] MOCHA — sudo uma vez e keepalive
[1] 14375

[11:55:07] MOCHA — instalar ferramentas necessárias, se existirem no repositório
Instalando: protontricks gamescope winetricks
resolvendo dependências...
procurando pacotes conflitantes...

Pacotes (8) cabextract-1.11-2  python-vdf-4.0-5  seatd-0.9.3-1  wine-11.10-1  xcb-util-errors-1.0.1-2  gamescope-3.16.24-1  protontricks-1.14.1-1  winetricks-20260125-2

Tamanho total download:    76,93 MiB
Tamanho total instalado:  595,97 MiB

:: Continuar a instalação? [S/n] 
:: Obtendo pacotes...
 wine-11.10-1-x86_64 sendo baixado...
 gamescope-3.16.24-1-x86_64 sendo baixado...
 winetricks-20260125-2-any sendo baixado...
 protontricks-1.14.1-1-any sendo baixado...
 seatd-0.9.3-1-x86_64 sendo baixado...
 cabextract-1.11-2-x86_64 sendo baixado...
 python-vdf-4.0-5-any sendo baixado...
 xcb-util-errors-1.0.1-2-x86_64 sendo baixado...
verificando chaveiro...
verificando integridade de pacotes...
carregando arquivos do pacote...
verificando conflitos de arquivos...
verificando espaço em disco disponível...
:: Processando alterações do pacote...
instalando python-vdf...
instalando cabextract...
instalando wine...
Run 'systemctl restart systemd-binfmt' in order to make the wine binfmt available on your system.
Dependências opcionais para wine
    alsa-lib [instalado]
    alsa-plugins [instalado]
    cups
    dosbox
    ffmpeg [instalado]
    gnutls [instalado]
    gst-plugins-bad [instalado]
    gst-plugins-base [instalado]
    gst-plugins-base-libs [instalado]
    gst-plugins-good [instalado]
    gst-plugins-ugly [instalado]
    gstreamer [instalado]
    libgphoto2 [instalado]
    libpulse [instalado]
    libusb [instalado]
    libxcomposite [instalado]
    libxinerama [instalado]
    opencl-icd-loader [instalado]
    pcsclite [instalado]
    perl [instalado]
    samba [instalado]
    sane [instalado]
    sdl2 [instalado]
    unixodbc
    v4l-utils [instalado]
    wine-gecko
    wine-mono
instalando winetricks...
Dependências opcionais para winetricks
    zenity: GUI for GNOME desktop [instalado]
    kdialog: GUI for KDE desktop [instalado]
instalando protontricks...
Dependências opcionais para protontricks
    yad: GUI for game selection
    zenity: GUI for winetricks [instalado]
instalando seatd...
instalando xcb-util-errors...
instalando gamescope...
:: Executando hooks pós-transação...
( 1/10) Creating system user accounts...
Creating group 'seat' with GID 950.
( 2/10) Registering binary formats...
( 3/10) Reloading system manager configuration...
( 4/10) Arming ConditionNeedsUpdate...
( 5/10) Updating fontconfig configuration...
( 6/10) Refreshing PackageKit...
( 7/10) Updating fontconfig cache...
( 8/10) Updating 32-bit fontconfig cache...
( 9/10) Updating icon theme caches...
(10/10) Updating the desktop file MIME type cache...

[11:55:11] MOCHA — encerrar Steam para evitar prefixo Proton aberto durante correção
Steam já estava fechada.

[11:55:11] MOCHA — tirar Steam Client Beta, se estiver ativo
Sem arquivo beta em: /home/hal/.steam/steam/package/beta
Sem arquivo beta em: /home/hal/.local/share/Steam/package/beta

[11:55:11] MOCHA — descobrir bibliotecas Steam e prefixos Proton
Bibliotecas Steam encontradas:
/home/hal/.local/share/Steam
Prefixos Proton encontrados: 5

[11:55:11] MOCHA — aplicar correções de registro nos prefixos Proton

Prefixo 1/5 — AppID 1029690
PFX: /home/hal/.local/share/Steam/steamapps/compatdata/1029690/pfx
Backup: /home/hal/.local/share/Steam/steamapps/compatdata/1029690/pfx/user.reg -> /home/hal/.local/share/Steam/steamapps/compatdata/1029690/pfx/user.reg.bak-20260602-115503
usage: protontricks [-h] [--verbose] [--no-term] [--no-runtime] [--no-bwrap]
                    [--background-wineserver] [--no-background-wineserver]
                    [--cwd-app] [-s SEARCH [SEARCH ...]]
                    [-S SEARCH_ALL [SEARCH_ALL ...]] [-l] [-L] [-c COMMAND]
                    [--gui] [-V]
                    [appid] ...

Wrapper for running Winetricks commands for Steam Play/Proton games.

Usage:

Run winetricks for game with APPID. COMMAND is passed directly to winetricks as-is. Any options specific to Protontricks need to be provided *before* APPID.
$ protontricks APPID COMMAND

Search installed games to find the APPID
$ protontricks -s GAME_NAME

List all installed games
$ protontricks -l

Use Protontricks GUI to select the game
$ protontricks --gui

Environment variables:

PROTON_VERSION: name of the preferred Proton installation
STEAM_DIR: path to custom Steam installation
WINETRICKS: path to a custom 'winetricks' executable
WINE: path to a custom 'wine' executable
WINESERVER: path to a custom 'wineserver' executable
STEAM_RUNTIME: 1 = enable Steam Runtime, 0 = disable Steam Runtime, valid path = custom Steam Runtime path, empty = enable automatically (default)
PROTONTRICKS_GUI: GUI provider to use, accepts either 'yad' or 'zenity'

Environment variables set automatically by Protontricks:
STEAM_APP_PATH: path to the current game's installation directory
STEAM_APPID: app ID of the current game
PROTON_PATH: path to the currently used Proton installation

positional arguments:
  appid
  winetricks_command

options:
  -h, --help            show this help message and exit
  --verbose, -v         Increase log verbosity. Can be supplied twice for maximum verbosity.
  --no-term             Program was launched from desktop. This is used automatically when lauching Protontricks from desktop and no user-visible terminal is available.
  --no-runtime          Disable Steam Runtime
  --no-bwrap            Disable bwrap containerization when using Steam Runtime
  --background-wineserver
                        Launch a background wineserver process to improve Wine command startup time. Disabled by default, as it can cause problems with some graphical applications.
  --no-background-wineserver
                        Do not launch a background wineserver process to improve Wine command startup time.
  --cwd-app             Set the working directory of launched command to the Steam app's installation directory.
  -s, --search SEARCH [SEARCH ...]
                        Search for game(s) with the given name for a single Steam installation
  -S, --search-all SEARCH_ALL [SEARCH_ALL ...]
                        Search for game(s) with the given name among all Steam installations
  -l, --list            List games for a single Steam installation
  -L, --list-all        List all games for all Steam installations
  -c, --command COMMAND
                        Run a command with Wine-related environment variables set. The command is passed to the shell as-is without being escaped.
  --gui                 Launch the Protontricks GUI.
  -V, --version         show program's version number and exit
protontricks: error: unrecognized arguments: -q
Aviso: protontricks falhou para UseTakeFocus no AppID 1029690; tentarei edição direta segura.
usage: protontricks [-h] [--verbose] [--no-term] [--no-runtime] [--no-bwrap]
                    [--background-wineserver] [--no-background-wineserver]
                    [--cwd-app] [-s SEARCH [SEARCH ...]]
                    [-S SEARCH_ALL [SEARCH_ALL ...]] [-l] [-L] [-c COMMAND]
                    [--gui] [-V]
                    [appid] ...

Wrapper for running Winetricks commands for Steam Play/Proton games.

Usage:

Run winetricks for game with APPID. COMMAND is passed directly to winetricks as-is. Any options specific to Protontricks need to be provided *before* APPID.
$ protontricks APPID COMMAND

Search installed games to find the APPID
$ protontricks -s GAME_NAME

List all installed games
$ protontricks -l

Use Protontricks GUI to select the game
$ protontricks --gui

Environment variables:

PROTON_VERSION: name of the preferred Proton installation
STEAM_DIR: path to custom Steam installation
WINETRICKS: path to a custom 'winetricks' executable
WINE: path to a custom 'wine' executable
WINESERVER: path to a custom 'wineserver' executable
STEAM_RUNTIME: 1 = enable Steam Runtime, 0 = disable Steam Runtime, valid path = custom Steam Runtime path, empty = enable automatically (default)
PROTONTRICKS_GUI: GUI provider to use, accepts either 'yad' or 'zenity'

Environment variables set automatically by Protontricks:
STEAM_APP_PATH: path to the current game's installation directory
STEAM_APPID: app ID of the current game
PROTON_PATH: path to the currently used Proton installation

positional arguments:
  appid
  winetricks_command

options:
  -h, --help            show this help message and exit
  --verbose, -v         Increase log verbosity. Can be supplied twice for maximum verbosity.
  --no-term             Program was launched from desktop. This is used automatically when lauching Protontricks from desktop and no user-visible terminal is available.
  --no-runtime          Disable Steam Runtime
  --no-bwrap            Disable bwrap containerization when using Steam Runtime
  --background-wineserver
                        Launch a background wineserver process to improve Wine command startup time. Disabled by default, as it can cause problems with some graphical applications.
  --no-background-wineserver
                        Do not launch a background wineserver process to improve Wine command startup time.
  --cwd-app             Set the working directory of launched command to the Steam app's installation directory.
  -s, --search SEARCH [SEARCH ...]
                        Search for game(s) with the given name for a single Steam installation
  -S, --search-all SEARCH_ALL [SEARCH_ALL ...]
                        Search for game(s) with the given name among all Steam installations
  -l, --list            List games for a single Steam installation
  -L, --list-all        List all games for all Steam installations
  -c, --command COMMAND
                        Run a command with Wine-related environment variables set. The command is passed to the shell as-is without being escaped.
  --gui                 Launch the Protontricks GUI.
  -V, --version         show program's version number and exit
protontricks: error: unrecognized arguments: -q
Aviso: protontricks falhou para MouseWarpOverride no AppID 1029690; tentarei edição direta segura.
Registro editado diretamente com backup: /home/hal/.local/share/Steam/steamapps/compatdata/1029690/pfx/user.reg

Prefixo 2/5 — AppID 1493710
PFX: /home/hal/.local/share/Steam/steamapps/compatdata/1493710/pfx
Backup: /home/hal/.local/share/Steam/steamapps/compatdata/1493710/pfx/user.reg -> /home/hal/.local/share/Steam/steamapps/compatdata/1493710/pfx/user.reg.bak-20260602-115503
usage: protontricks [-h] [--verbose] [--no-term] [--no-runtime] [--no-bwrap]
                    [--background-wineserver] [--no-background-wineserver]
                    [--cwd-app] [-s SEARCH [SEARCH ...]]
                    [-S SEARCH_ALL [SEARCH_ALL ...]] [-l] [-L] [-c COMMAND]
                    [--gui] [-V]
                    [appid] ...

Wrapper for running Winetricks commands for Steam Play/Proton games.

Usage:

Run winetricks for game with APPID. COMMAND is passed directly to winetricks as-is. Any options specific to Protontricks need to be provided *before* APPID.
$ protontricks APPID COMMAND

Search installed games to find the APPID
$ protontricks -s GAME_NAME

List all installed games
$ protontricks -l

Use Protontricks GUI to select the game
$ protontricks --gui

Environment variables:

PROTON_VERSION: name of the preferred Proton installation
STEAM_DIR: path to custom Steam installation
WINETRICKS: path to a custom 'winetricks' executable
WINE: path to a custom 'wine' executable
WINESERVER: path to a custom 'wineserver' executable
STEAM_RUNTIME: 1 = enable Steam Runtime, 0 = disable Steam Runtime, valid path = custom Steam Runtime path, empty = enable automatically (default)
PROTONTRICKS_GUI: GUI provider to use, accepts either 'yad' or 'zenity'

Environment variables set automatically by Protontricks:
STEAM_APP_PATH: path to the current game's installation directory
STEAM_APPID: app ID of the current game
PROTON_PATH: path to the currently used Proton installation

positional arguments:
  appid
  winetricks_command

options:
  -h, --help            show this help message and exit
  --verbose, -v         Increase log verbosity. Can be supplied twice for maximum verbosity.
  --no-term             Program was launched from desktop. This is used automatically when lauching Protontricks from desktop and no user-visible terminal is available.
  --no-runtime          Disable Steam Runtime
  --no-bwrap            Disable bwrap containerization when using Steam Runtime
  --background-wineserver
                        Launch a background wineserver process to improve Wine command startup time. Disabled by default, as it can cause problems with some graphical applications.
  --no-background-wineserver
                        Do not launch a background wineserver process to improve Wine command startup time.
  --cwd-app             Set the working directory of launched command to the Steam app's installation directory.
  -s, --search SEARCH [SEARCH ...]
                        Search for game(s) with the given name for a single Steam installation
  -S, --search-all SEARCH_ALL [SEARCH_ALL ...]
                        Search for game(s) with the given name among all Steam installations
  -l, --list            List games for a single Steam installation
  -L, --list-all        List all games for all Steam installations
  -c, --command COMMAND
                        Run a command with Wine-related environment variables set. The command is passed to the shell as-is without being escaped.
  --gui                 Launch the Protontricks GUI.
  -V, --version         show program's version number and exit
protontricks: error: unrecognized arguments: -q
Aviso: protontricks falhou para UseTakeFocus no AppID 1493710; tentarei edição direta segura.
usage: protontricks [-h] [--verbose] [--no-term] [--no-runtime] [--no-bwrap]
                    [--background-wineserver] [--no-background-wineserver]
                    [--cwd-app] [-s SEARCH [SEARCH ...]]
                    [-S SEARCH_ALL [SEARCH_ALL ...]] [-l] [-L] [-c COMMAND]
                    [--gui] [-V]
                    [appid] ...

Wrapper for running Winetricks commands for Steam Play/Proton games.

Usage:

Run winetricks for game with APPID. COMMAND is passed directly to winetricks as-is. Any options specific to Protontricks need to be provided *before* APPID.
$ protontricks APPID COMMAND

Search installed games to find the APPID
$ protontricks -s GAME_NAME

List all installed games
$ protontricks -l

Use Protontricks GUI to select the game
$ protontricks --gui

Environment variables:

PROTON_VERSION: name of the preferred Proton installation
STEAM_DIR: path to custom Steam installation
WINETRICKS: path to a custom 'winetricks' executable
WINE: path to a custom 'wine' executable
WINESERVER: path to a custom 'wineserver' executable
STEAM_RUNTIME: 1 = enable Steam Runtime, 0 = disable Steam Runtime, valid path = custom Steam Runtime path, empty = enable automatically (default)
PROTONTRICKS_GUI: GUI provider to use, accepts either 'yad' or 'zenity'

Environment variables set automatically by Protontricks:
STEAM_APP_PATH: path to the current game's installation directory
STEAM_APPID: app ID of the current game
PROTON_PATH: path to the currently used Proton installation

positional arguments:
  appid
  winetricks_command

options:
  -h, --help            show this help message and exit
  --verbose, -v         Increase log verbosity. Can be supplied twice for maximum verbosity.
  --no-term             Program was launched from desktop. This is used automatically when lauching Protontricks from desktop and no user-visible terminal is available.
  --no-runtime          Disable Steam Runtime
  --no-bwrap            Disable bwrap containerization when using Steam Runtime
  --background-wineserver
                        Launch a background wineserver process to improve Wine command startup time. Disabled by default, as it can cause problems with some graphical applications.
  --no-background-wineserver
                        Do not launch a background wineserver process to improve Wine command startup time.
  --cwd-app             Set the working directory of launched command to the Steam app's installation directory.
  -s, --search SEARCH [SEARCH ...]
                        Search for game(s) with the given name for a single Steam installation
  -S, --search-all SEARCH_ALL [SEARCH_ALL ...]
                        Search for game(s) with the given name among all Steam installations
  -l, --list            List games for a single Steam installation
  -L, --list-all        List all games for all Steam installations
  -c, --command COMMAND
                        Run a command with Wine-related environment variables set. The command is passed to the shell as-is without being escaped.
  --gui                 Launch the Protontricks GUI.
  -V, --version         show program's version number and exit
protontricks: error: unrecognized arguments: -q
Aviso: protontricks falhou para MouseWarpOverride no AppID 1493710; tentarei edição direta segura.
Registro editado diretamente com backup: /home/hal/.local/share/Steam/steamapps/compatdata/1493710/pfx/user.reg

Prefixo 3/5 — AppID 2169200
PFX: /home/hal/.local/share/Steam/steamapps/compatdata/2169200/pfx
Backup: /home/hal/.local/share/Steam/steamapps/compatdata/2169200/pfx/user.reg -> /home/hal/.local/share/Steam/steamapps/compatdata/2169200/pfx/user.reg.bak-20260602-115503
usage: protontricks [-h] [--verbose] [--no-term] [--no-runtime] [--no-bwrap]
                    [--background-wineserver] [--no-background-wineserver]
                    [--cwd-app] [-s SEARCH [SEARCH ...]]
                    [-S SEARCH_ALL [SEARCH_ALL ...]] [-l] [-L] [-c COMMAND]
                    [--gui] [-V]
                    [appid] ...

Wrapper for running Winetricks commands for Steam Play/Proton games.

Usage:

Run winetricks for game with APPID. COMMAND is passed directly to winetricks as-is. Any options specific to Protontricks need to be provided *before* APPID.
$ protontricks APPID COMMAND

Search installed games to find the APPID
$ protontricks -s GAME_NAME

List all installed games
$ protontricks -l

Use Protontricks GUI to select the game
$ protontricks --gui

Environment variables:

PROTON_VERSION: name of the preferred Proton installation
STEAM_DIR: path to custom Steam installation
WINETRICKS: path to a custom 'winetricks' executable
WINE: path to a custom 'wine' executable
WINESERVER: path to a custom 'wineserver' executable
STEAM_RUNTIME: 1 = enable Steam Runtime, 0 = disable Steam Runtime, valid path = custom Steam Runtime path, empty = enable automatically (default)
PROTONTRICKS_GUI: GUI provider to use, accepts either 'yad' or 'zenity'

Environment variables set automatically by Protontricks:
STEAM_APP_PATH: path to the current game's installation directory
STEAM_APPID: app ID of the current game
PROTON_PATH: path to the currently used Proton installation

positional arguments:
  appid
  winetricks_command

options:
  -h, --help            show this help message and exit
  --verbose, -v         Increase log verbosity. Can be supplied twice for maximum verbosity.
  --no-term             Program was launched from desktop. This is used automatically when lauching Protontricks from desktop and no user-visible terminal is available.
  --no-runtime          Disable Steam Runtime
  --no-bwrap            Disable bwrap containerization when using Steam Runtime
  --background-wineserver
                        Launch a background wineserver process to improve Wine command startup time. Disabled by default, as it can cause problems with some graphical applications.
  --no-background-wineserver
                        Do not launch a background wineserver process to improve Wine command startup time.
  --cwd-app             Set the working directory of launched command to the Steam app's installation directory.
  -s, --search SEARCH [SEARCH ...]
                        Search for game(s) with the given name for a single Steam installation
  -S, --search-all SEARCH_ALL [SEARCH_ALL ...]
                        Search for game(s) with the given name among all Steam installations
  -l, --list            List games for a single Steam installation
  -L, --list-all        List all games for all Steam installations
  -c, --command COMMAND
                        Run a command with Wine-related environment variables set. The command is passed to the shell as-is without being escaped.
  --gui                 Launch the Protontricks GUI.
  -V, --version         show program's version number and exit
protontricks: error: unrecognized arguments: -q
Aviso: protontricks falhou para UseTakeFocus no AppID 2169200; tentarei edição direta segura.
usage: protontricks [-h] [--verbose] [--no-term] [--no-runtime] [--no-bwrap]
                    [--background-wineserver] [--no-background-wineserver]
                    [--cwd-app] [-s SEARCH [SEARCH ...]]
                    [-S SEARCH_ALL [SEARCH_ALL ...]] [-l] [-L] [-c COMMAND]
                    [--gui] [-V]
                    [appid] ...

Wrapper for running Winetricks commands for Steam Play/Proton games.

Usage:

Run winetricks for game with APPID. COMMAND is passed directly to winetricks as-is. Any options specific to Protontricks need to be provided *before* APPID.
$ protontricks APPID COMMAND

Search installed games to find the APPID
$ protontricks -s GAME_NAME

List all installed games
$ protontricks -l

Use Protontricks GUI to select the game
$ protontricks --gui

Environment variables:

PROTON_VERSION: name of the preferred Proton installation
STEAM_DIR: path to custom Steam installation
WINETRICKS: path to a custom 'winetricks' executable
WINE: path to a custom 'wine' executable
WINESERVER: path to a custom 'wineserver' executable
STEAM_RUNTIME: 1 = enable Steam Runtime, 0 = disable Steam Runtime, valid path = custom Steam Runtime path, empty = enable automatically (default)
PROTONTRICKS_GUI: GUI provider to use, accepts either 'yad' or 'zenity'

Environment variables set automatically by Protontricks:
STEAM_APP_PATH: path to the current game's installation directory
STEAM_APPID: app ID of the current game
PROTON_PATH: path to the currently used Proton installation

positional arguments:
  appid
  winetricks_command

options:
  -h, --help            show this help message and exit
  --verbose, -v         Increase log verbosity. Can be supplied twice for maximum verbosity.
  --no-term             Program was launched from desktop. This is used automatically when lauching Protontricks from desktop and no user-visible terminal is available.
  --no-runtime          Disable Steam Runtime
  --no-bwrap            Disable bwrap containerization when using Steam Runtime
  --background-wineserver
                        Launch a background wineserver process to improve Wine command startup time. Disabled by default, as it can cause problems with some graphical applications.
  --no-background-wineserver
                        Do not launch a background wineserver process to improve Wine command startup time.
  --cwd-app             Set the working directory of launched command to the Steam app's installation directory.
  -s, --search SEARCH [SEARCH ...]
                        Search for game(s) with the given name for a single Steam installation
  -S, --search-all SEARCH_ALL [SEARCH_ALL ...]
                        Search for game(s) with the given name among all Steam installations
  -l, --list            List games for a single Steam installation
  -L, --list-all        List all games for all Steam installations
  -c, --command COMMAND
                        Run a command with Wine-related environment variables set. The command is passed to the shell as-is without being escaped.
  --gui                 Launch the Protontricks GUI.
  -V, --version         show program's version number and exit
protontricks: error: unrecognized arguments: -q
Aviso: protontricks falhou para MouseWarpOverride no AppID 2169200; tentarei edição direta segura.
Registro editado diretamente com backup: /home/hal/.local/share/Steam/steamapps/compatdata/2169200/pfx/user.reg

Prefixo 4/5 — AppID 63380
PFX: /home/hal/.local/share/Steam/steamapps/compatdata/63380/pfx
Backup: /home/hal/.local/share/Steam/steamapps/compatdata/63380/pfx/user.reg -> /home/hal/.local/share/Steam/steamapps/compatdata/63380/pfx/user.reg.bak-20260602-115503
usage: protontricks [-h] [--verbose] [--no-term] [--no-runtime] [--no-bwrap]
                    [--background-wineserver] [--no-background-wineserver]
                    [--cwd-app] [-s SEARCH [SEARCH ...]]
                    [-S SEARCH_ALL [SEARCH_ALL ...]] [-l] [-L] [-c COMMAND]
                    [--gui] [-V]
                    [appid] ...

Wrapper for running Winetricks commands for Steam Play/Proton games.

Usage:

Run winetricks for game with APPID. COMMAND is passed directly to winetricks as-is. Any options specific to Protontricks need to be provided *before* APPID.
$ protontricks APPID COMMAND

Search installed games to find the APPID
$ protontricks -s GAME_NAME

List all installed games
$ protontricks -l

Use Protontricks GUI to select the game
$ protontricks --gui

Environment variables:

PROTON_VERSION: name of the preferred Proton installation
STEAM_DIR: path to custom Steam installation
WINETRICKS: path to a custom 'winetricks' executable
WINE: path to a custom 'wine' executable
WINESERVER: path to a custom 'wineserver' executable
STEAM_RUNTIME: 1 = enable Steam Runtime, 0 = disable Steam Runtime, valid path = custom Steam Runtime path, empty = enable automatically (default)
PROTONTRICKS_GUI: GUI provider to use, accepts either 'yad' or 'zenity'

Environment variables set automatically by Protontricks:
STEAM_APP_PATH: path to the current game's installation directory
STEAM_APPID: app ID of the current game
PROTON_PATH: path to the currently used Proton installation

positional arguments:
  appid
  winetricks_command

options:
  -h, --help            show this help message and exit
  --verbose, -v         Increase log verbosity. Can be supplied twice for maximum verbosity.
  --no-term             Program was launched from desktop. This is used automatically when lauching Protontricks from desktop and no user-visible terminal is available.
  --no-runtime          Disable Steam Runtime
  --no-bwrap            Disable bwrap containerization when using Steam Runtime
  --background-wineserver
                        Launch a background wineserver process to improve Wine command startup time. Disabled by default, as it can cause problems with some graphical applications.
  --no-background-wineserver
                        Do not launch a background wineserver process to improve Wine command startup time.
  --cwd-app             Set the working directory of launched command to the Steam app's installation directory.
  -s, --search SEARCH [SEARCH ...]
                        Search for game(s) with the given name for a single Steam installation
  -S, --search-all SEARCH_ALL [SEARCH_ALL ...]
                        Search for game(s) with the given name among all Steam installations
  -l, --list            List games for a single Steam installation
  -L, --list-all        List all games for all Steam installations
  -c, --command COMMAND
                        Run a command with Wine-related environment variables set. The command is passed to the shell as-is without being escaped.
  --gui                 Launch the Protontricks GUI.
  -V, --version         show program's version number and exit
protontricks: error: unrecognized arguments: -q
Aviso: protontricks falhou para UseTakeFocus no AppID 63380; tentarei edição direta segura.
usage: protontricks [-h] [--verbose] [--no-term] [--no-runtime] [--no-bwrap]
                    [--background-wineserver] [--no-background-wineserver]
                    [--cwd-app] [-s SEARCH [SEARCH ...]]
                    [-S SEARCH_ALL [SEARCH_ALL ...]] [-l] [-L] [-c COMMAND]
                    [--gui] [-V]
                    [appid] ...

Wrapper for running Winetricks commands for Steam Play/Proton games.

Usage:

Run winetricks for game with APPID. COMMAND is passed directly to winetricks as-is. Any options specific to Protontricks need to be provided *before* APPID.
$ protontricks APPID COMMAND

Search installed games to find the APPID
$ protontricks -s GAME_NAME

List all installed games
$ protontricks -l

Use Protontricks GUI to select the game
$ protontricks --gui

Environment variables:

PROTON_VERSION: name of the preferred Proton installation
STEAM_DIR: path to custom Steam installation
WINETRICKS: path to a custom 'winetricks' executable
WINE: path to a custom 'wine' executable
WINESERVER: path to a custom 'wineserver' executable
STEAM_RUNTIME: 1 = enable Steam Runtime, 0 = disable Steam Runtime, valid path = custom Steam Runtime path, empty = enable automatically (default)
PROTONTRICKS_GUI: GUI provider to use, accepts either 'yad' or 'zenity'

Environment variables set automatically by Protontricks:
STEAM_APP_PATH: path to the current game's installation directory
STEAM_APPID: app ID of the current game
PROTON_PATH: path to the currently used Proton installation

positional arguments:
  appid
  winetricks_command

options:
  -h, --help            show this help message and exit
  --verbose, -v         Increase log verbosity. Can be supplied twice for maximum verbosity.
  --no-term             Program was launched from desktop. This is used automatically when lauching Protontricks from desktop and no user-visible terminal is available.
  --no-runtime          Disable Steam Runtime
  --no-bwrap            Disable bwrap containerization when using Steam Runtime
  --background-wineserver
                        Launch a background wineserver process to improve Wine command startup time. Disabled by default, as it can cause problems with some graphical applications.
  --no-background-wineserver
                        Do not launch a background wineserver process to improve Wine command startup time.
  --cwd-app             Set the working directory of launched command to the Steam app's installation directory.
  -s, --search SEARCH [SEARCH ...]
                        Search for game(s) with the given name for a single Steam installation
  -S, --search-all SEARCH_ALL [SEARCH_ALL ...]
                        Search for game(s) with the given name among all Steam installations
  -l, --list            List games for a single Steam installation
  -L, --list-all        List all games for all Steam installations
  -c, --command COMMAND
                        Run a command with Wine-related environment variables set. The command is passed to the shell as-is without being escaped.
  --gui                 Launch the Protontricks GUI.
  -V, --version         show program's version number and exit
protontricks: error: unrecognized arguments: -q
Aviso: protontricks falhou para MouseWarpOverride no AppID 63380; tentarei edição direta segura.
Registro editado diretamente com backup: /home/hal/.local/share/Steam/steamapps/compatdata/63380/pfx/user.reg

Prefixo 5/5 — AppID 690790
PFX: /home/hal/.local/share/Steam/steamapps/compatdata/690790/pfx
Backup: /home/hal/.local/share/Steam/steamapps/compatdata/690790/pfx/user.reg -> /home/hal/.local/share/Steam/steamapps/compatdata/690790/pfx/user.reg.bak-20260602-115503
usage: protontricks [-h] [--verbose] [--no-term] [--no-runtime] [--no-bwrap]
                    [--background-wineserver] [--no-background-wineserver]
                    [--cwd-app] [-s SEARCH [SEARCH ...]]
                    [-S SEARCH_ALL [SEARCH_ALL ...]] [-l] [-L] [-c COMMAND]
                    [--gui] [-V]
                    [appid] ...

Wrapper for running Winetricks commands for Steam Play/Proton games.

Usage:

Run winetricks for game with APPID. COMMAND is passed directly to winetricks as-is. Any options specific to Protontricks need to be provided *before* APPID.
$ protontricks APPID COMMAND

Search installed games to find the APPID
$ protontricks -s GAME_NAME

List all installed games
$ protontricks -l

Use Protontricks GUI to select the game
$ protontricks --gui

Environment variables:

PROTON_VERSION: name of the preferred Proton installation
STEAM_DIR: path to custom Steam installation
WINETRICKS: path to a custom 'winetricks' executable
WINE: path to a custom 'wine' executable
WINESERVER: path to a custom 'wineserver' executable
STEAM_RUNTIME: 1 = enable Steam Runtime, 0 = disable Steam Runtime, valid path = custom Steam Runtime path, empty = enable automatically (default)
PROTONTRICKS_GUI: GUI provider to use, accepts either 'yad' or 'zenity'

Environment variables set automatically by Protontricks:
STEAM_APP_PATH: path to the current game's installation directory
STEAM_APPID: app ID of the current game
PROTON_PATH: path to the currently used Proton installation

positional arguments:
  appid
  winetricks_command

options:
  -h, --help            show this help message and exit
  --verbose, -v         Increase log verbosity. Can be supplied twice for maximum verbosity.
  --no-term             Program was launched from desktop. This is used automatically when lauching Protontricks from desktop and no user-visible terminal is available.
  --no-runtime          Disable Steam Runtime
  --no-bwrap            Disable bwrap containerization when using Steam Runtime
  --background-wineserver
                        Launch a background wineserver process to improve Wine command startup time. Disabled by default, as it can cause problems with some graphical applications.
  --no-background-wineserver
                        Do not launch a background wineserver process to improve Wine command startup time.
  --cwd-app             Set the working directory of launched command to the Steam app's installation directory.
  -s, --search SEARCH [SEARCH ...]
                        Search for game(s) with the given name for a single Steam installation
  -S, --search-all SEARCH_ALL [SEARCH_ALL ...]
                        Search for game(s) with the given name among all Steam installations
  -l, --list            List games for a single Steam installation
  -L, --list-all        List all games for all Steam installations
  -c, --command COMMAND
                        Run a command with Wine-related environment variables set. The command is passed to the shell as-is without being escaped.
  --gui                 Launch the Protontricks GUI.
  -V, --version         show program's version number and exit
protontricks: error: unrecognized arguments: -q
Aviso: protontricks falhou para UseTakeFocus no AppID 690790; tentarei edição direta segura.
usage: protontricks [-h] [--verbose] [--no-term] [--no-runtime] [--no-bwrap]
                    [--background-wineserver] [--no-background-wineserver]
                    [--cwd-app] [-s SEARCH [SEARCH ...]]
                    [-S SEARCH_ALL [SEARCH_ALL ...]] [-l] [-L] [-c COMMAND]
                    [--gui] [-V]
                    [appid] ...

Wrapper for running Winetricks commands for Steam Play/Proton games.

Usage:

Run winetricks for game with APPID. COMMAND is passed directly to winetricks as-is. Any options specific to Protontricks need to be provided *before* APPID.
$ protontricks APPID COMMAND

Search installed games to find the APPID
$ protontricks -s GAME_NAME

List all installed games
$ protontricks -l

Use Protontricks GUI to select the game
$ protontricks --gui

Environment variables:

PROTON_VERSION: name of the preferred Proton installation
STEAM_DIR: path to custom Steam installation
WINETRICKS: path to a custom 'winetricks' executable
WINE: path to a custom 'wine' executable
WINESERVER: path to a custom 'wineserver' executable
STEAM_RUNTIME: 1 = enable Steam Runtime, 0 = disable Steam Runtime, valid path = custom Steam Runtime path, empty = enable automatically (default)
PROTONTRICKS_GUI: GUI provider to use, accepts either 'yad' or 'zenity'

Environment variables set automatically by Protontricks:
STEAM_APP_PATH: path to the current game's installation directory
STEAM_APPID: app ID of the current game
PROTON_PATH: path to the currently used Proton installation

positional arguments:
  appid
  winetricks_command

options:
  -h, --help            show this help message and exit
  --verbose, -v         Increase log verbosity. Can be supplied twice for maximum verbosity.
  --no-term             Program was launched from desktop. This is used automatically when lauching Protontricks from desktop and no user-visible terminal is available.
  --no-runtime          Disable Steam Runtime
  --no-bwrap            Disable bwrap containerization when using Steam Runtime
  --background-wineserver
                        Launch a background wineserver process to improve Wine command startup time. Disabled by default, as it can cause problems with some graphical applications.
  --no-background-wineserver
                        Do not launch a background wineserver process to improve Wine command startup time.
  --cwd-app             Set the working directory of launched command to the Steam app's installation directory.
  -s, --search SEARCH [SEARCH ...]
                        Search for game(s) with the given name for a single Steam installation
  -S, --search-all SEARCH_ALL [SEARCH_ALL ...]
                        Search for game(s) with the given name among all Steam installations
  -l, --list            List games for a single Steam installation
  -L, --list-all        List all games for all Steam installations
  -c, --command COMMAND
                        Run a command with Wine-related environment variables set. The command is passed to the shell as-is without being escaped.
  --gui                 Launch the Protontricks GUI.
  -V, --version         show program's version number and exit
protontricks: error: unrecognized arguments: -q
Aviso: protontricks falhou para MouseWarpOverride no AppID 690790; tentarei edição direta segura.
Registro editado diretamente com backup: /home/hal/.local/share/Steam/steamapps/compatdata/690790/pfx/user.reg

[11:55:12] MOCHA — corrigir wrapper canônico sem gamescope/vkbasalt/MANGOHUD_DLSYM
Backup: /home/hal/.local/bin/mocha-steam-game-run -> /home/hal/.local/bin/mocha-steam-game-run.bak-20260602-115503

[11:55:12] MOCHA — criar wrapper de resgate NÃO canônico com gamescope

[11:55:12] MOCHA — criar script de auditoria rápida para o próximo teste
bash: $'\n  pgrep -a -f steam': comando não encontrado
bash: proton: comando não encontrado
bash: $'gamescope || true\n  echo ': comando não encontrado
Usage: wine PROGRAM [ARGUMENTS...]   Run the specified program
       wine --help                   Display this help and exit
       wine --version                Output version information and exit
wineserver: chdir to /home/hal/.wine: No such file or directory
bash: 
  if command -v qdbus6 >/dev/null 2>&1; then
    qdbus6 org.kde.KWin /KWin supportInformation 2>/dev/null | sed -n 1,220p || true
  elif command -v qdbus >/dev/null 2>&1; then
    qdbus org.kde.KWin /KWin supportInformation 2>/dev/null | sed -n 1,220p || true
  else
    echo "qdbus/qdbus6 indisponível"
  fi
  echo : Arquivo ou diretório inexistente
bash: 
  journalctl --user -b --no-pager -n 220 2>/dev/null | grep -Ei steam: Arquivo ou diretório inexistente
bash: proton: comando não encontrado
bash: kwin: comando não encontrado
bash: xwayland: comando não encontrado
bash: input: comando não encontrado
bash: focus: comando não encontrado
Usage: wine PROGRAM [ARGUMENTS...]   Run the specified program
       wine --help                   Display this help and exit
       wine --version                Output version information and exit
bash: cursor: comando não encontrado
bash: $'gamescope || true\n  echo ': comando não encontrado

[11:55:12] MOCHA — escrever relatório

[11:55:12] MOCHA — validação final
Wrappers:
-rwxr-xr-x 1 hal hal 702 jun  2 11:55 /home/hal/.local/bin/mocha-steam-game-input-rescue
-rwxr-xr-x 1 hal hal 781 jun  2 11:55 /home/hal/.local/bin/mocha-steam-game-run

Resumo:
Prefixos encontrados: 5
Prefixos corrigidos/gravados: 5
Prefixos com falha: 0
Relatório: /media/mochafast/MochaArch/ativo/reports/mocha-steam-proton-input-alt-tab-fix-20260602-115503.md
Auditoria pós-teste: /media/mochafast/MochaArch/ativo/scripts/mocha-auditar-input-steam-pos-teste-20260602-115503.sh

[11:55:12] MOCHA — concluído

Abra a Steam novamente.

Teste primeiro esta Launch Option:
/home/hal/.local/bin/mocha-steam-game-run %command%

Se ainda perder input, teste esta linha de resgate NÃO canônica:
/home/hal/.local/bin/mocha-steam-game-input-rescue %command%

Se falhar de novo, rode depois do teste:
/media/mochafast/MochaArch/ativo/scripts/mocha-auditar-input-steam-pos-teste-20260602-115503.sh
]0;hal@Mocha:~[?2004h[hal@Mocha ~]$ [?2004l[?2004h[?2004l
